2026-09-19 16:54:41.697 | INFO     | stock_bot.live.runner:_start_env_watcher:1821 - env watcher started (1s poll, scope=대장주봇)
2026-09-19 16:54:42.866 | INFO     | stock_bot.live.leader_runner:run_leader:94 - leader runner started (trade_enabled=True, budget=50,000,000)
2026-09-19 16:54:42.868 | INFO     | stock_bot.live.leader_runner:run_leader:138 - leader market_flow prefetch scheduled: mon-fri 08:30 (pykrx KRX × 어제 r, 20d top-N)
2026-09-19 16:54:42.871 | INFO     | stock_bot.live.leader_runner:run_leader:208 - leader avgval prefetch scheduled: mon-fri 02:00 (시총≥1000억 전수(매경캐시, 다움교집합없음) → KIS KRX 순차 + 업종 캐시 이어서)
2026-09-19 16:54:42.873 | INFO     | stock_bot.live.leader_runner:run_leader:268 - leader theme prefetch scheduled: mon-fri 09:05 (네이버 테마 263개 구성종목 → 디스크 캐시)
2026-09-19 16:54:42.875 | INFO     | stock_bot.live.leader_runner:run_leader:328 - leader 캐시 부팅 백필 예약: 기동 +20초 (장중이면 자동 스킵)
2026-09-19 16:54:42.876 | INFO     | stock_bot.live.leader_runner:run_leader:335 - leader market_flow 부팅 직후 백필 1회 실행 (최근 5영업일 강제 덮어쓰기)
2026-09-19 16:54:42.878 | INFO     | stock_bot.live.leader_runner:run_leader:450 - leader pick scheduled: mon-fri 9:30:00 → 10min retry until 13:00 (theme mode)
2026-09-19 16:54:42.886 | INFO     | stock_bot.live.leader_runner:run_leader:618 - leader reval scheduled: mon-fri 9-13 every minute (gated by switch toggle+interval)
2026-09-19 16:54:42.888 | INFO     | stock_bot.live.leader_runner:run_leader:642 - leader trade scheduled: mon-fri 9-15 every minute (enabled=True)
2026-09-19 16:54:42.890 | INFO     | stock_bot.live.leader_runner:run_leader:669 - leader exit-fast scheduled: mon-fri 9-15 every 5s (holding 시 stop/tp 체크, priority gate)
2026-09-19 16:54:42.892 | INFO     | stock_bot.live.leader_runner:run_leader:698 - leader review scheduled: mon-fri 15:40 (enabled=True, llm_min_trades=5)
2026-09-19 16:55:02.911 | INFO     | stock_bot.live.leader_runner:_leader_boot_cache_backfill:307 - leader 캐시 부팅 백필 스킵: avgval(오늘자) 0건 · 업종 1339건
2026-09-19 17:00:45.403 | INFO     | stock_bot.live.runner:_start_env_watcher:1821 - env watcher started (1s poll, scope=대장주봇)
2026-09-19 17:00:46.657 | INFO     | stock_bot.live.leader_runner:run_leader:94 - leader runner started (trade_enabled=True, budget=50,000,000)
2026-09-19 17:00:46.660 | INFO     | stock_bot.live.leader_runner:run_leader:138 - leader market_flow prefetch scheduled: mon-fri 08:30 (pykrx KRX × 어제 r, 20d top-N)
2026-09-19 17:00:46.663 | INFO     | stock_bot.live.leader_runner:run_leader:208 - leader avgval prefetch scheduled: mon-fri 02:00 (시총≥1000억 전수(매경캐시, 다움교집합없음) → KIS KRX 순차 + 업종 캐시 이어서)
2026-09-19 17:00:46.665 | INFO     | stock_bot.live.leader_runner:run_leader:268 - leader theme prefetch scheduled: mon-fri 09:05 (네이버 테마 263개 구성종목 → 디스크 캐시)
2026-09-19 17:00:46.667 | INFO     | stock_bot.live.leader_runner:run_leader:328 - leader 캐시 부팅 백필 예약: 기동 +20초 (장중이면 자동 스킵)
2026-09-19 17:00:46.668 | INFO     | stock_bot.live.leader_runner:run_leader:335 - leader market_flow 부팅 직후 백필 1회 실행 (최근 5영업일 강제 덮어쓰기)
2026-09-19 17:00:46.670 | INFO     | stock_bot.live.leader_runner:run_leader:450 - leader pick scheduled: mon-fri 9:30:00 → 10min retry until 13:00 (theme mode)
2026-09-19 17:00:46.684 | INFO     | stock_bot.live.leader_runner:run_leader:618 - leader reval scheduled: mon-fri 9-13 every minute (gated by switch toggle+interval)
2026-09-19 17:00:46.686 | INFO     | stock_bot.live.leader_runner:run_leader:642 - leader trade scheduled: mon-fri 9-15 every minute (enabled=True)
2026-09-19 17:00:46.688 | INFO     | stock_bot.live.leader_runner:run_leader:669 - leader exit-fast scheduled: mon-fri 9-15 every 5s (holding 시 stop/tp 체크, priority gate)
2026-09-19 17:00:46.690 | INFO     | stock_bot.live.leader_runner:run_leader:698 - leader review scheduled: mon-fri 15:40 (enabled=True, llm_min_trades=5)
2026-09-19 17:01:06.727 | INFO     | stock_bot.live.leader_runner:_leader_boot_cache_backfill:307 - leader 캐시 부팅 백필 스킵: avgval(오늘자) 0건 · 업종 1339건
2026-09-19 17:17:33.966 | INFO     | stock_bot.live.runner:_start_env_watcher:1821 - env watcher started (1s poll, scope=대장주봇)
2026-09-19 17:17:35.426 | INFO     | stock_bot.live.leader_runner:run_leader:94 - leader runner started (trade_enabled=True, budget=50,000,000)
2026-09-19 17:17:35.430 | INFO     | stock_bot.live.leader_runner:run_leader:138 - leader market_flow prefetch scheduled: mon-fri 08:30 (pykrx KRX × 어제 r, 20d top-N)
2026-09-19 17:17:35.433 | INFO     | stock_bot.live.leader_runner:run_leader:208 - leader avgval prefetch scheduled: mon-fri 02:00 (시총≥1000억 전수(매경캐시, 다움교집합없음) → KIS KRX 순차 + 업종 캐시 이어서)
2026-09-19 17:17:35.435 | INFO     | stock_bot.live.leader_runner:run_leader:268 - leader theme prefetch scheduled: mon-fri 09:05 (네이버 테마 263개 구성종목 → 디스크 캐시)
2026-09-19 17:17:35.437 | INFO     | stock_bot.live.leader_runner:run_leader:328 - leader 캐시 부팅 백필 예약: 기동 +20초 (장중이면 자동 스킵)
2026-09-19 17:17:35.438 | INFO     | stock_bot.live.leader_runner:run_leader:335 - leader market_flow 부팅 직후 백필 1회 실행 (최근 5영업일 강제 덮어쓰기)
2026-09-19 17:17:35.441 | INFO     | stock_bot.live.leader_runner:run_leader:450 - leader pick scheduled: mon-fri 9:30:00 → 10min retry until 13:00 (theme mode)
2026-09-19 17:17:35.451 | INFO     | stock_bot.live.leader_runner:run_leader:618 - leader reval scheduled: mon-fri 9-13 every minute (gated by switch toggle+interval)
2026-09-19 17:17:35.454 | INFO     | stock_bot.live.leader_runner:run_leader:642 - leader trade scheduled: mon-fri 9-15 every minute (enabled=True)
2026-09-19 17:17:35.457 | INFO     | stock_bot.live.leader_runner:run_leader:669 - leader exit-fast scheduled: mon-fri 9-15 every 5s (holding 시 stop/tp 체크, priority gate)
2026-09-19 17:17:35.459 | INFO     | stock_bot.live.leader_runner:run_leader:698 - leader review scheduled: mon-fri 15:40 (enabled=True, llm_min_trades=5)
2026-09-19 17:17:55.493 | INFO     | stock_bot.live.leader_runner:_leader_boot_cache_backfill:307 - leader 캐시 부팅 백필 스킵: avgval(오늘자) 0건 · 업종 1339건
2026-09-19 17:20:43.366 | INFO     | stock_bot.live.runner:_start_env_watcher:1821 - env watcher started (1s poll, scope=대장주봇)
2026-09-19 17:20:44.510 | INFO     | stock_bot.live.leader_runner:run_leader:94 - leader runner started (trade_enabled=True, budget=50,000,000)
2026-09-19 17:20:44.514 | INFO     | stock_bot.live.leader_runner:run_leader:138 - leader market_flow prefetch scheduled: mon-fri 08:30 (pykrx KRX × 어제 r, 20d top-N)
2026-09-19 17:20:44.516 | INFO     | stock_bot.live.leader_runner:run_leader:208 - leader avgval prefetch scheduled: mon-fri 02:00 (시총≥1000억 전수(매경캐시, 다움교집합없음) → KIS KRX 순차 + 업종 캐시 이어서)
2026-09-19 17:20:44.519 | INFO     | stock_bot.live.leader_runner:run_leader:268 - leader theme prefetch scheduled: mon-fri 09:05 (네이버 테마 263개 구성종목 → 디스크 캐시)
2026-09-19 17:20:44.521 | INFO     | stock_bot.live.leader_runner:run_leader:328 - leader 캐시 부팅 백필 예약: 기동 +20초 (장중이면 자동 스킵)
2026-09-19 17:20:44.522 | INFO     | stock_bot.live.leader_runner:run_leader:335 - leader market_flow 부팅 직후 백필 1회 실행 (최근 5영업일 강제 덮어쓰기)
2026-09-19 17:20:44.524 | INFO     | stock_bot.live.leader_runner:run_leader:450 - leader pick scheduled: mon-fri 9:30:00 → 10min retry until 13:00 (theme mode)
2026-09-19 17:20:44.535 | INFO     | stock_bot.live.leader_runner:run_leader:618 - leader reval scheduled: mon-fri 9-13 every minute (gated by switch toggle+interval)
2026-09-19 17:20:44.537 | INFO     | stock_bot.live.leader_runner:run_leader:642 - leader trade scheduled: mon-fri 9-15 every minute (enabled=True)
2026-09-19 17:20:44.540 | INFO     | stock_bot.live.leader_runner:run_leader:669 - leader exit-fast scheduled: mon-fri 9-15 every 5s (holding 시 stop/tp 체크, priority gate)
2026-09-19 17:20:44.542 | INFO     | stock_bot.live.leader_runner:run_leader:698 - leader review scheduled: mon-fri 15:40 (enabled=True, llm_min_trades=5)
2026-09-19 17:21:04.561 | INFO     | stock_bot.live.leader_runner:_leader_boot_cache_backfill:307 - leader 캐시 부팅 백필 스킵: avgval(오늘자) 0건 · 업종 1339건
2026-09-19 17:25:54.655 | INFO     | stock_bot.live.runner:_start_env_watcher:1821 - env watcher started (1s poll, scope=대장주봇)
2026-09-19 17:25:55.812 | INFO     | stock_bot.live.leader_runner:run_leader:94 - leader runner started (trade_enabled=True, budget=50,000,000)
2026-09-19 17:25:55.815 | INFO     | stock_bot.live.leader_runner:run_leader:138 - leader market_flow prefetch scheduled: mon-fri 08:30 (pykrx KRX × 어제 r, 20d top-N)
2026-09-19 17:25:55.817 | INFO     | stock_bot.live.leader_runner:run_leader:208 - leader avgval prefetch scheduled: mon-fri 02:00 (시총≥1000억 전수(매경캐시, 다움교집합없음) → KIS KRX 순차 + 업종 캐시 이어서)
2026-09-19 17:25:55.819 | INFO     | stock_bot.live.leader_runner:run_leader:268 - leader theme prefetch scheduled: mon-fri 09:05 (네이버 테마 263개 구성종목 → 디스크 캐시)
2026-09-19 17:25:55.821 | INFO     | stock_bot.live.leader_runner:run_leader:328 - leader 캐시 부팅 백필 예약: 기동 +20초 (장중이면 자동 스킵)
2026-09-19 17:25:55.822 | INFO     | stock_bot.live.leader_runner:run_leader:335 - leader market_flow 부팅 직후 백필 1회 실행 (최근 5영업일 강제 덮어쓰기)
2026-09-19 17:25:55.824 | INFO     | stock_bot.live.leader_runner:run_leader:450 - leader pick scheduled: mon-fri 9:30:00 → 10min retry until 13:00 (theme mode)
2026-09-19 17:25:55.833 | INFO     | stock_bot.live.leader_runner:run_leader:618 - leader reval scheduled: mon-fri 9-13 every minute (gated by switch toggle+interval)
2026-09-19 17:25:55.835 | INFO     | stock_bot.live.leader_runner:run_leader:642 - leader trade scheduled: mon-fri 9-15 every minute (enabled=True)
2026-09-19 17:25:55.837 | INFO     | stock_bot.live.leader_runner:run_leader:669 - leader exit-fast scheduled: mon-fri 9-15 every 5s (holding 시 stop/tp 체크, priority gate)
2026-09-19 17:25:55.838 | INFO     | stock_bot.live.leader_runner:run_leader:698 - leader review scheduled: mon-fri 15:40 (enabled=True, llm_min_trades=5)
2026-09-19 17:26:15.890 | INFO     | stock_bot.live.leader_runner:_leader_boot_cache_backfill:307 - leader 캐시 부팅 백필 스킵: avgval(오늘자) 0건 · 업종 1339건
2026-09-19 17:29:55.209 | INFO     | stock_bot.live.runner:_start_env_watcher:1821 - env watcher started (1s poll, scope=대장주봇)
2026-09-19 17:29:56.486 | INFO     | stock_bot.live.leader_runner:run_leader:94 - leader runner started (trade_enabled=True, budget=50,000,000)
2026-09-19 17:29:56.490 | INFO     | stock_bot.live.leader_runner:run_leader:138 - leader market_flow prefetch scheduled: mon-fri 08:30 (pykrx KRX × 어제 r, 20d top-N)
2026-09-19 17:29:56.492 | INFO     | stock_bot.live.leader_runner:run_leader:208 - leader avgval prefetch scheduled: mon-fri 02:00 (시총≥1000억 전수(매경캐시, 다움교집합없음) → KIS KRX 순차 + 업종 캐시 이어서)
2026-09-19 17:29:56.495 | INFO     | stock_bot.live.leader_runner:run_leader:268 - leader theme prefetch scheduled: mon-fri 09:05 (네이버 테마 263개 구성종목 → 디스크 캐시)
2026-09-19 17:29:56.497 | INFO     | stock_bot.live.leader_runner:run_leader:328 - leader 캐시 부팅 백필 예약: 기동 +20초 (장중이면 자동 스킵)
2026-09-19 17:29:56.498 | INFO     | stock_bot.live.leader_runner:run_leader:335 - leader market_flow 부팅 직후 백필 1회 실행 (최근 5영업일 강제 덮어쓰기)
2026-09-19 17:29:56.500 | INFO     | stock_bot.live.leader_runner:run_leader:450 - leader pick scheduled: mon-fri 9:30:00 → 10min retry until 13:00 (theme mode)
2026-09-19 17:29:56.510 | INFO     | stock_bot.live.leader_runner:run_leader:618 - leader reval scheduled: mon-fri 9-13 every minute (gated by switch toggle+interval)
2026-09-19 17:29:56.512 | INFO     | stock_bot.live.leader_runner:run_leader:642 - leader trade scheduled: mon-fri 9-15 every minute (enabled=True)
2026-09-19 17:29:56.514 | INFO     | stock_bot.live.leader_runner:run_leader:669 - leader exit-fast scheduled: mon-fri 9-15 every 5s (holding 시 stop/tp 체크, priority gate)
2026-09-19 17:29:56.516 | INFO     | stock_bot.live.leader_runner:run_leader:698 - leader review scheduled: mon-fri 15:40 (enabled=True, llm_min_trades=5)
2026-09-19 17:30:16.529 | INFO     | stock_bot.live.leader_runner:_leader_boot_cache_backfill:307 - leader 캐시 부팅 백필 스킵: avgval(오늘자) 0건 · 업종 1339건
2026-09-19 17:43:46.579 | INFO     | stock_bot.live.runner:_start_env_watcher:1821 - env watcher started (1s poll, scope=대장주봇)
2026-09-19 17:43:48.371 | INFO     | stock_bot.live.leader_runner:run_leader:94 - leader runner started (trade_enabled=True, budget=50,000,000)
2026-09-19 17:43:48.374 | INFO     | stock_bot.live.leader_runner:run_leader:138 - leader market_flow prefetch scheduled: mon-fri 08:30 (pykrx KRX × 어제 r, 20d top-N)
2026-09-19 17:43:48.376 | INFO     | stock_bot.live.leader_runner:run_leader:208 - leader avgval prefetch scheduled: mon-fri 02:00 (시총≥1000억 전수(매경캐시, 다움교집합없음) → KIS KRX 순차 + 업종 캐시 이어서)
2026-09-19 17:43:48.378 | INFO     | stock_bot.live.leader_runner:run_leader:268 - leader theme prefetch scheduled: mon-fri 09:05 (네이버 테마 263개 구성종목 → 디스크 캐시)
2026-09-19 17:43:48.379 | INFO     | stock_bot.live.leader_runner:run_leader:328 - leader 캐시 부팅 백필 예약: 기동 +20초 (장중이면 자동 스킵)
2026-09-19 17:43:48.381 | INFO     | stock_bot.live.leader_runner:run_leader:335 - leader market_flow 부팅 직후 백필 1회 실행 (최근 5영업일 강제 덮어쓰기)
2026-09-19 17:43:48.383 | INFO     | stock_bot.live.leader_runner:run_leader:450 - leader pick scheduled: mon-fri 9:30:00 → 10min retry until 13:00 (theme mode)
2026-09-19 17:43:48.396 | INFO     | stock_bot.live.leader_runner:run_leader:618 - leader reval scheduled: mon-fri 9-13 every minute (gated by switch toggle+interval)
2026-09-19 17:43:48.398 | INFO     | stock_bot.live.leader_runner:run_leader:642 - leader trade scheduled: mon-fri 9-15 every minute (enabled=True)
2026-09-19 17:43:48.400 | INFO     | stock_bot.live.leader_runner:run_leader:669 - leader exit-fast scheduled: mon-fri 9-15 every 5s (holding 시 stop/tp 체크, priority gate)
2026-09-19 17:43:48.402 | INFO     | stock_bot.live.leader_runner:run_leader:698 - leader review scheduled: mon-fri 15:40 (enabled=True, llm_min_trades=5)
2026-09-19 17:44:08.431 | INFO     | stock_bot.live.leader_runner:_leader_boot_cache_backfill:307 - leader 캐시 부팅 백필 스킵: avgval(오늘자) 0건 · 업종 1339건
2026-09-19 17:49:01.586 | INFO     | stock_bot.live.runner:_start_env_watcher:1826 - env watcher started (1s poll, scope=대장주봇)
2026-09-19 17:49:02.845 | INFO     | stock_bot.live.leader_runner:run_leader:94 - leader runner started (trade_enabled=True, budget=50,000,000)
2026-09-19 17:49:02.854 | INFO     | stock_bot.live.leader_runner:run_leader:138 - leader market_flow prefetch scheduled: mon-fri 08:30 (pykrx KRX × 어제 r, 20d top-N)
2026-09-19 17:49:02.859 | INFO     | stock_bot.live.leader_runner:run_leader:208 - leader avgval prefetch scheduled: mon-fri 02:00 (시총≥1000억 전수(매경캐시, 다움교집합없음) → KIS KRX 순차 + 업종 캐시 이어서)
2026-09-19 17:49:02.863 | INFO     | stock_bot.live.leader_runner:run_leader:268 - leader theme prefetch scheduled: mon-fri 09:05 (네이버 테마 263개 구성종목 → 디스크 캐시)
2026-09-19 17:49:02.867 | INFO     | stock_bot.live.leader_runner:run_leader:328 - leader 캐시 부팅 백필 예약: 기동 +20초 (장중이면 자동 스킵)
2026-09-19 17:49:02.868 | INFO     | stock_bot.live.leader_runner:run_leader:335 - leader market_flow 부팅 직후 백필 1회 실행 (최근 5영업일 강제 덮어쓰기)
2026-09-19 17:49:02.876 | INFO     | stock_bot.live.leader_runner:run_leader:450 - leader pick scheduled: mon-fri 9:30:00 → 10min retry until 13:00 (theme mode)
2026-09-19 17:49:02.893 | INFO     | stock_bot.live.leader_runner:run_leader:618 - leader reval scheduled: mon-fri 9-13 every minute (gated by switch toggle+interval)
2026-09-19 17:49:02.978 | INFO     | stock_bot.live.leader_runner:run_leader:642 - leader trade scheduled: mon-fri 9-15 every minute (enabled=True)
2026-09-19 17:49:02.981 | INFO     | stock_bot.live.leader_runner:run_leader:669 - leader exit-fast scheduled: mon-fri 9-15 every 5s (holding 시 stop/tp 체크, priority gate)
2026-09-19 17:49:02.983 | INFO     | stock_bot.live.leader_runner:run_leader:698 - leader review scheduled: mon-fri 15:40 (enabled=True, llm_min_trades=5)
2026-09-19 17:49:22.926 | INFO     | stock_bot.live.leader_runner:_leader_boot_cache_backfill:307 - leader 캐시 부팅 백필 스킵: avgval(오늘자) 0건 · 업종 1339건
2026-09-19 17:51:01.150 | INFO     | stock_bot.live.runner:_start_env_watcher:1826 - env watcher started (1s poll, scope=대장주봇)
2026-09-19 17:51:02.404 | INFO     | stock_bot.live.leader_runner:run_leader:94 - leader runner started (trade_enabled=True, budget=50,000,000)
2026-09-19 17:51:02.407 | INFO     | stock_bot.live.leader_runner:run_leader:138 - leader market_flow prefetch scheduled: mon-fri 08:30 (pykrx KRX × 어제 r, 20d top-N)
2026-09-19 17:51:02.409 | INFO     | stock_bot.live.leader_runner:run_leader:208 - leader avgval prefetch scheduled: mon-fri 02:00 (시총≥1000억 전수(매경캐시, 다움교집합없음) → KIS KRX 순차 + 업종 캐시 이어서)
2026-09-19 17:51:02.412 | INFO     | stock_bot.live.leader_runner:run_leader:268 - leader theme prefetch scheduled: mon-fri 09:05 (네이버 테마 263개 구성종목 → 디스크 캐시)
2026-09-19 17:51:02.414 | INFO     | stock_bot.live.leader_runner:run_leader:328 - leader 캐시 부팅 백필 예약: 기동 +20초 (장중이면 자동 스킵)
2026-09-19 17:51:02.415 | INFO     | stock_bot.live.leader_runner:run_leader:335 - leader market_flow 부팅 직후 백필 1회 실행 (최근 5영업일 강제 덮어쓰기)
2026-09-19 17:51:02.417 | INFO     | stock_bot.live.leader_runner:run_leader:450 - leader pick scheduled: mon-fri 9:30:00 → 10min retry until 13:00 (theme mode)
2026-09-19 17:51:02.431 | INFO     | stock_bot.live.leader_runner:run_leader:618 - leader reval scheduled: mon-fri 9-13 every minute (gated by switch toggle+interval)
2026-09-19 17:51:02.434 | INFO     | stock_bot.live.leader_runner:run_leader:642 - leader trade scheduled: mon-fri 9-15 every minute (enabled=True)
2026-09-19 17:51:02.436 | INFO     | stock_bot.live.leader_runner:run_leader:669 - leader exit-fast scheduled: mon-fri 9-15 every 5s (holding 시 stop/tp 체크, priority gate)
2026-09-19 17:51:02.438 | INFO     | stock_bot.live.leader_runner:run_leader:698 - leader review scheduled: mon-fri 15:40 (enabled=True, llm_min_trades=5)
2026-09-19 17:51:22.466 | INFO     | stock_bot.live.leader_runner:_leader_boot_cache_backfill:307 - leader 캐시 부팅 백필 스킵: avgval(오늘자) 0건 · 업종 1339건
2026-09-19 17:59:35.065 | INFO     | stock_bot.live.runner:_start_env_watcher:1826 - env watcher started (1s poll, scope=대장주봇)
2026-09-19 17:59:36.153 | INFO     | stock_bot.live.leader_runner:run_leader:94 - leader runner started (trade_enabled=True, budget=50,000,000)
2026-09-19 17:59:36.156 | INFO     | stock_bot.live.leader_runner:run_leader:138 - leader market_flow prefetch scheduled: mon-fri 08:30 (pykrx KRX × 어제 r, 20d top-N)
2026-09-19 17:59:36.158 | INFO     | stock_bot.live.leader_runner:run_leader:208 - leader avgval prefetch scheduled: mon-fri 02:00 (시총≥1000억 전수(매경캐시, 다움교집합없음) → KIS KRX 순차 + 업종 캐시 이어서)
2026-09-19 17:59:36.160 | INFO     | stock_bot.live.leader_runner:run_leader:268 - leader theme prefetch scheduled: mon-fri 09:05 (네이버 테마 263개 구성종목 → 디스크 캐시)
2026-09-19 17:59:36.161 | INFO     | stock_bot.live.leader_runner:run_leader:328 - leader 캐시 부팅 백필 예약: 기동 +20초 (장중이면 자동 스킵)
2026-09-19 17:59:36.162 | INFO     | stock_bot.live.leader_runner:run_leader:335 - leader market_flow 부팅 직후 백필 1회 실행 (최근 5영업일 강제 덮어쓰기)
2026-09-19 17:59:36.164 | INFO     | stock_bot.live.leader_runner:run_leader:450 - leader pick scheduled: mon-fri 9:30:00 → 10min retry until 13:00 (theme mode)
2026-09-19 17:59:36.173 | INFO     | stock_bot.live.leader_runner:run_leader:618 - leader reval scheduled: mon-fri 9-13 every minute (gated by switch toggle+interval)
2026-09-19 17:59:36.175 | INFO     | stock_bot.live.leader_runner:run_leader:642 - leader trade scheduled: mon-fri 9-15 every minute (enabled=True)
2026-09-19 17:59:36.176 | INFO     | stock_bot.live.leader_runner:run_leader:669 - leader exit-fast scheduled: mon-fri 9-15 every 5s (holding 시 stop/tp 체크, priority gate)
2026-09-19 17:59:36.178 | INFO     | stock_bot.live.leader_runner:run_leader:698 - leader review scheduled: mon-fri 15:40 (enabled=True, llm_min_trades=5)
2026-09-19 17:59:56.217 | INFO     | stock_bot.live.leader_runner:_leader_boot_cache_backfill:307 - leader 캐시 부팅 백필 스킵: avgval(오늘자) 0건 · 업종 1339건
2026-09-19 19:14:34.678 | INFO     | stock_bot.live.runner:_start_env_watcher:1826 - env watcher started (1s poll, scope=대장주봇)
2026-09-19 19:14:35.772 | INFO     | stock_bot.live.leader_runner:run_leader:94 - leader runner started (trade_enabled=True, budget=50,000,000)
2026-09-19 19:14:35.775 | INFO     | stock_bot.live.leader_runner:run_leader:138 - leader market_flow prefetch scheduled: mon-fri 08:30 (pykrx KRX × 어제 r, 20d top-N)
2026-09-19 19:14:35.777 | INFO     | stock_bot.live.leader_runner:run_leader:208 - leader avgval prefetch scheduled: mon-fri 02:00 (시총≥1000억 전수(매경캐시, 다움교집합없음) → KIS KRX 순차 + 업종 캐시 이어서)
2026-09-19 19:14:35.779 | INFO     | stock_bot.live.leader_runner:run_leader:268 - leader theme prefetch scheduled: mon-fri 09:05 (네이버 테마 263개 구성종목 → 디스크 캐시)
2026-09-19 19:14:35.780 | INFO     | stock_bot.live.leader_runner:run_leader:328 - leader 캐시 부팅 백필 예약: 기동 +20초 (장중이면 자동 스킵)
2026-09-19 19:14:35.781 | INFO     | stock_bot.live.leader_runner:run_leader:335 - leader market_flow 부팅 직후 백필 1회 실행 (최근 5영업일 강제 덮어쓰기)
2026-09-19 19:14:35.783 | INFO     | stock_bot.live.leader_runner:run_leader:450 - leader pick scheduled: mon-fri 9:30:00 → 10min retry until 13:00 (theme mode)
2026-09-19 19:14:35.791 | INFO     | stock_bot.live.leader_runner:run_leader:618 - leader reval scheduled: mon-fri 9-13 every minute (gated by switch toggle+interval)
2026-09-19 19:14:35.793 | INFO     | stock_bot.live.leader_runner:run_leader:642 - leader trade scheduled: mon-fri 9-15 every minute (enabled=True)
2026-09-19 19:14:35.795 | INFO     | stock_bot.live.leader_runner:run_leader:669 - leader exit-fast scheduled: mon-fri 9-15 every 5s (holding 시 stop/tp 체크, priority gate)
2026-09-19 19:14:35.797 | INFO     | stock_bot.live.leader_runner:run_leader:698 - leader review scheduled: mon-fri 15:40 (enabled=True, llm_min_trades=5)
2026-09-19 19:14:55.824 | INFO     | stock_bot.live.leader_runner:_leader_boot_cache_backfill:307 - leader 캐시 부팅 백필 스킵: avgval(오늘자) 0건 · 업종 1339건
