2026-07-06 00:26:47.552 | INFO     | stock_bot.live.runner:_start_env_watcher:1516 - env watcher started (1s poll, scope=대장주봇)
2026-07-06 00:26:48.654 | INFO     | stock_bot.live.leader_runner:run_leader:49 - leader runner started (trade_enabled=False, budget=5,000,000)
2026-07-06 00:26:48.658 | INFO     | stock_bot.live.leader_runner:run_leader:100 - leader pick scheduled: mon-fri 9:28:30 → 10min retry until 13:00 (theme mode)
2026-07-06 00:26:48.660 | INFO     | stock_bot.live.leader_runner:run_leader:123 - leader trade scheduled: mon-fri 9-15 every minute (enabled=False)
2026-07-06 02:19:01.853 | INFO     | stock_bot.live.runner:_start_env_watcher:1516 - env watcher started (1s poll, scope=대장주봇)
2026-07-06 02:19:02.986 | INFO     | stock_bot.live.leader_runner:run_leader:49 - leader runner started (trade_enabled=False, budget=5,000,000)
2026-07-06 02:19:02.990 | INFO     | stock_bot.live.leader_runner:run_leader:100 - leader pick scheduled: mon-fri 9:28:30 → 10min retry until 13:00 (theme mode)
2026-07-06 02:19:02.994 | INFO     | stock_bot.live.leader_runner:run_leader:123 - leader trade scheduled: mon-fri 9-15 every minute (enabled=False)
2026-07-06 08:48:47.540 | INFO     | stock_bot.live.runner:_start_env_watcher:1516 - env watcher started (1s poll, scope=대장주봇)
2026-07-06 08:48:48.567 | INFO     | stock_bot.live.leader_runner:run_leader:49 - leader runner started (trade_enabled=False, budget=5,000,000)
2026-07-06 08:48:48.570 | INFO     | stock_bot.live.leader_runner:run_leader:100 - leader pick scheduled: mon-fri 9:28:30 → 10min retry until 13:00 (theme mode)
2026-07-06 08:48:48.572 | INFO     | stock_bot.live.leader_runner:run_leader:123 - leader trade scheduled: mon-fri 9-15 every minute (enabled=False)
2026-07-06 09:09:09.290 | INFO     | stock_bot.live.runner:_is_trading_day:498 - 거래일 판정 2026-07-06 → 거래일 (출처: exchange_calendars)
2026-07-06 09:30:18.241 | INFO     | stock_bot.live.leader_runner:_leader_pick_tick:79 - leader pick [09:28] 미선별 — 10분 후 재시도 (exit=0) ⚠️ 조건 충족 대장주 없음
2026-07-06 09:40:13.178 | INFO     | stock_bot.live.leader_runner:_leader_pick_tick:79 - leader pick [09:38] 미선별 — 10분 후 재시도 (exit=0) ⚠️ 조건 충족 대장주 없음
2026-07-06 09:50:12.873 | INFO     | stock_bot.live.leader_runner:_leader_pick_tick:79 - leader pick [09:48] 미선별 — 10분 후 재시도 (exit=0) ⚠️ 조건 충족 대장주 없음
2026-07-06 10:00:14.554 | INFO     | stock_bot.live.leader_runner:_leader_pick_tick:79 - leader pick [09:58] 미선별 — 10분 후 재시도 (exit=0) ⚠️ 조건 충족 대장주 없음
2026-07-06 10:10:13.801 | INFO     | stock_bot.live.leader_runner:_leader_pick_tick:79 - leader pick [10:08] 미선별 — 10분 후 재시도 (exit=0) ⚠️ 조건 충족 대장주 없음
2026-07-06 10:20:15.707 | INFO     | stock_bot.live.leader_runner:_leader_pick_tick:79 - leader pick [10:18] 미선별 — 10분 후 재시도 (exit=0) ⚠️ 조건 충족 대장주 없음
2026-07-06 10:30:13.793 | INFO     | stock_bot.live.leader_runner:_leader_pick_tick:79 - leader pick [10:28] 미선별 — 10분 후 재시도 (exit=0) ⚠️ 조건 충족 대장주 없음
2026-07-06 10:40:14.196 | INFO     | stock_bot.live.leader_runner:_leader_pick_tick:79 - leader pick [10:38] 미선별 — 10분 후 재시도 (exit=0) ⚠️ 조건 충족 대장주 없음
2026-07-06 10:50:13.072 | INFO     | stock_bot.live.leader_runner:_leader_pick_tick:79 - leader pick [10:48] 미선별 — 10분 후 재시도 (exit=0) ⚠️ 조건 충족 대장주 없음
2026-07-06 11:00:16.757 | INFO     | stock_bot.live.leader_runner:_leader_pick_tick:79 - leader pick [10:58] 미선별 — 10분 후 재시도 (exit=0) ⚠️ 조건 충족 대장주 없음
2026-07-06 11:10:12.432 | INFO     | stock_bot.live.leader_runner:_leader_pick_tick:79 - leader pick [11:08] 미선별 — 10분 후 재시도 (exit=0) ⚠️ 조건 충족 대장주 없음
2026-07-06 11:20:11.949 | INFO     | stock_bot.live.leader_runner:_leader_pick_tick:79 - leader pick [11:18] 미선별 — 10분 후 재시도 (exit=0) ⚠️ 조건 충족 대장주 없음
2026-07-06 11:30:10.482 | INFO     | stock_bot.live.leader_runner:_leader_pick_tick:79 - leader pick [11:28] 미선별 — 10분 후 재시도 (exit=0) ⚠️ 조건 충족 대장주 없음
2026-07-06 11:40:08.884 | INFO     | stock_bot.live.leader_runner:_leader_pick_tick:79 - leader pick [11:38] 미선별 — 10분 후 재시도 (exit=0) ⚠️ 조건 충족 대장주 없음
2026-07-06 11:50:08.211 | INFO     | stock_bot.live.leader_runner:_leader_pick_tick:79 - leader pick [11:48] 미선별 — 10분 후 재시도 (exit=0) ⚠️ 조건 충족 대장주 없음
2026-07-06 12:00:07.989 | INFO     | stock_bot.live.leader_runner:_leader_pick_tick:79 - leader pick [11:58] 미선별 — 10분 후 재시도 (exit=0) ⚠️ 조건 충족 대장주 없음
2026-07-06 12:10:05.910 | INFO     | stock_bot.live.leader_runner:_leader_pick_tick:79 - leader pick [12:08] 미선별 — 10분 후 재시도 (exit=0) ⚠️ 조건 충족 대장주 없음
2026-07-06 12:20:04.930 | INFO     | stock_bot.live.leader_runner:_leader_pick_tick:79 - leader pick [12:18] 미선별 — 10분 후 재시도 (exit=0) ⚠️ 조건 충족 대장주 없음
2026-07-06 12:30:04.829 | INFO     | stock_bot.live.leader_runner:_leader_pick_tick:79 - leader pick [12:28] 미선별 — 10분 후 재시도 (exit=0) ⚠️ 조건 충족 대장주 없음
2026-07-06 12:40:04.765 | INFO     | stock_bot.live.leader_runner:_leader_pick_tick:79 - leader pick [12:38] 미선별 — 10분 후 재시도 (exit=0) ⚠️ 조건 충족 대장주 없음
2026-07-06 12:50:05.090 | INFO     | stock_bot.live.leader_runner:_leader_pick_tick:79 - leader pick [12:48] 미선별 — 10분 후 재시도 (exit=0) ⚠️ 조건 충족 대장주 없음
2026-07-06 13:00:05.214 | INFO     | stock_bot.live.leader_runner:_leader_pick_tick:79 - leader pick [12:58] 미선별 — 10분 후 재시도 (exit=0) ⚠️ 조건 충족 대장주 없음
2026-07-06 16:26:35.278 | INFO     | stock_bot.live.runner:_start_env_watcher:1516 - env watcher started (1s poll, scope=대장주봇)
2026-07-06 16:26:36.305 | INFO     | stock_bot.live.leader_runner:run_leader:49 - leader runner started (trade_enabled=False, budget=5,000,000)
2026-07-06 16:26:36.309 | INFO     | stock_bot.live.leader_runner:run_leader:100 - leader pick scheduled: mon-fri 9:28:30 → 10min retry until 13:00 (theme mode)
2026-07-06 16:26:36.312 | INFO     | stock_bot.live.leader_runner:run_leader:123 - leader trade scheduled: mon-fri 9-15 every minute (enabled=False)
2026-07-06 16:34:27.258 | INFO     | stock_bot.live.runner:_start_env_watcher:1516 - env watcher started (1s poll, scope=대장주봇)
2026-07-06 16:34:28.181 | INFO     | stock_bot.live.leader_runner:run_leader:49 - leader runner started (trade_enabled=False, budget=5,000,000)
2026-07-06 16:34:28.188 | INFO     | stock_bot.live.leader_runner:run_leader:100 - leader pick scheduled: mon-fri 9:28:30 → 10min retry until 13:00 (theme mode)
2026-07-06 16:34:28.190 | INFO     | stock_bot.live.leader_runner:run_leader:123 - leader trade scheduled: mon-fri 9-15 every minute (enabled=False)
2026-07-06 16:35:29.434 | INFO     | stock_bot.live.runner:_start_env_watcher:1516 - env watcher started (1s poll, scope=대장주봇)
2026-07-06 16:35:30.394 | INFO     | stock_bot.live.leader_runner:run_leader:49 - leader runner started (trade_enabled=False, budget=5,000,000)
2026-07-06 16:35:30.397 | INFO     | stock_bot.live.leader_runner:run_leader:100 - leader pick scheduled: mon-fri 9:28:30 → 10min retry until 13:00 (theme mode)
2026-07-06 16:35:30.399 | INFO     | stock_bot.live.leader_runner:run_leader:123 - leader trade scheduled: mon-fri 9-15 every minute (enabled=False)
2026-07-06 16:47:27.440 | INFO     | stock_bot.live.runner:_start_env_watcher:1516 - env watcher started (1s poll, scope=대장주봇)
2026-07-06 16:47:28.401 | INFO     | stock_bot.live.leader_runner:run_leader:49 - leader runner started (trade_enabled=False, budget=5,000,000)
2026-07-06 16:47:28.404 | INFO     | stock_bot.live.leader_runner:run_leader:100 - leader pick scheduled: mon-fri 9:28:30 → 10min retry until 13:00 (theme mode)
2026-07-06 16:47:28.406 | INFO     | stock_bot.live.leader_runner:run_leader:123 - leader trade scheduled: mon-fri 9-15 every minute (enabled=False)
2026-07-06 16:48:28.537 | INFO     | stock_bot.live.runner:_start_env_watcher:1516 - env watcher started (1s poll, scope=대장주봇)
2026-07-06 16:48:29.557 | INFO     | stock_bot.live.leader_runner:run_leader:49 - leader runner started (trade_enabled=False, budget=5,000,000)
2026-07-06 16:48:29.560 | INFO     | stock_bot.live.leader_runner:run_leader:100 - leader pick scheduled: mon-fri 9:28:30 → 10min retry until 13:00 (theme mode)
2026-07-06 16:48:29.562 | INFO     | stock_bot.live.leader_runner:run_leader:123 - leader trade scheduled: mon-fri 9-15 every minute (enabled=False)
2026-07-06 19:31:03.000 | INFO     | stock_bot.live.runner:_start_env_watcher:1516 - env watcher started (1s poll, scope=대장주봇)
2026-07-06 19:31:04.087 | INFO     | stock_bot.live.leader_runner:run_leader:49 - leader runner started (trade_enabled=False, budget=5,000,000)
2026-07-06 19:31:04.090 | INFO     | stock_bot.live.leader_runner:run_leader:100 - leader pick scheduled: mon-fri 9:28:30 → 10min retry until 13:00 (theme mode)
2026-07-06 19:31:04.092 | INFO     | stock_bot.live.leader_runner:run_leader:123 - leader trade scheduled: mon-fri 9-15 every minute (enabled=False)
2026-07-06 19:40:58.045 | INFO     | stock_bot.live.runner:_start_env_watcher:1516 - env watcher started (1s poll, scope=대장주봇)
2026-07-06 19:40:58.979 | INFO     | stock_bot.live.leader_runner:run_leader:49 - leader runner started (trade_enabled=False, budget=5,000,000)
2026-07-06 19:40:58.982 | INFO     | stock_bot.live.leader_runner:run_leader:100 - leader pick scheduled: mon-fri 9:28:30 → 10min retry until 13:00 (theme mode)
2026-07-06 19:40:58.984 | INFO     | stock_bot.live.leader_runner:run_leader:123 - leader trade scheduled: mon-fri 9-15 every minute (enabled=False)
2026-07-06 20:08:29.162 | INFO     | stock_bot.live.runner:_start_env_watcher:1516 - env watcher started (1s poll, scope=대장주봇)
2026-07-06 20:08:30.146 | INFO     | stock_bot.live.leader_runner:run_leader:49 - leader runner started (trade_enabled=False, budget=5,000,000)
2026-07-06 20:08:30.149 | INFO     | stock_bot.live.leader_runner:run_leader:100 - leader pick scheduled: mon-fri 9:28:30 → 10min retry until 13:00 (theme mode)
2026-07-06 20:08:30.151 | INFO     | stock_bot.live.leader_runner:run_leader:123 - leader trade scheduled: mon-fri 9-15 every minute (enabled=False)
2026-07-06 20:11:28.837 | INFO     | stock_bot.live.runner:_start_env_watcher:1516 - env watcher started (1s poll, scope=대장주봇)
2026-07-06 20:11:29.714 | INFO     | stock_bot.live.leader_runner:run_leader:49 - leader runner started (trade_enabled=False, budget=5,000,000)
2026-07-06 20:11:29.717 | INFO     | stock_bot.live.leader_runner:run_leader:100 - leader pick scheduled: mon-fri 9:28:30 → 10min retry until 13:00 (theme mode)
2026-07-06 20:11:29.720 | INFO     | stock_bot.live.leader_runner:run_leader:123 - leader trade scheduled: mon-fri 9-15 every minute (enabled=False)
2026-07-06 20:16:34.790 | INFO     | stock_bot.live.runner:_start_env_watcher:1516 - env watcher started (1s poll, scope=대장주봇)
2026-07-06 20:16:35.834 | INFO     | stock_bot.live.leader_runner:run_leader:49 - leader runner started (trade_enabled=False, budget=5,000,000)
2026-07-06 20:16:35.837 | INFO     | stock_bot.live.leader_runner:run_leader:100 - leader pick scheduled: mon-fri 9:28:30 → 10min retry until 13:00 (theme mode)
2026-07-06 20:16:35.839 | INFO     | stock_bot.live.leader_runner:run_leader:123 - leader trade scheduled: mon-fri 9-15 every minute (enabled=False)
2026-07-06 20:22:27.760 | INFO     | stock_bot.live.runner:_start_env_watcher:1516 - env watcher started (1s poll, scope=대장주봇)
2026-07-06 20:22:28.684 | INFO     | stock_bot.live.leader_runner:run_leader:49 - leader runner started (trade_enabled=False, budget=5,000,000)
2026-07-06 20:22:28.687 | INFO     | stock_bot.live.leader_runner:run_leader:100 - leader pick scheduled: mon-fri 9:28:30 → 10min retry until 13:00 (theme mode)
2026-07-06 20:22:28.690 | INFO     | stock_bot.live.leader_runner:run_leader:123 - leader trade scheduled: mon-fri 9-15 every minute (enabled=False)
2026-07-06 20:45:37.159 | INFO     | stock_bot.live.runner:_start_env_watcher:1516 - env watcher started (1s poll, scope=대장주봇)
2026-07-06 20:45:38.328 | INFO     | stock_bot.live.leader_runner:run_leader:49 - leader runner started (trade_enabled=False, budget=5,000,000)
2026-07-06 20:45:38.332 | INFO     | stock_bot.live.leader_runner:run_leader:100 - leader pick scheduled: mon-fri 9:28:30 → 10min retry until 13:00 (theme mode)
2026-07-06 20:45:38.335 | INFO     | stock_bot.live.leader_runner:run_leader:123 - leader trade scheduled: mon-fri 9-15 every minute (enabled=False)
2026-07-06 21:09:38.712 | INFO     | stock_bot.live.runner:_start_env_watcher:1516 - env watcher started (1s poll, scope=대장주봇)
2026-07-06 21:09:39.895 | INFO     | stock_bot.live.leader_runner:run_leader:49 - leader runner started (trade_enabled=False, budget=5,000,000)
2026-07-06 21:09:39.898 | INFO     | stock_bot.live.leader_runner:run_leader:100 - leader pick scheduled: mon-fri 9:28:30 → 10min retry until 13:00 (theme mode)
2026-07-06 21:09:39.901 | INFO     | stock_bot.live.leader_runner:run_leader:123 - leader trade scheduled: mon-fri 9-15 every minute (enabled=False)
2026-07-06 21:32:42.442 | INFO     | stock_bot.live.runner:_start_env_watcher:1516 - env watcher started (1s poll, scope=대장주봇)
2026-07-06 21:32:43.488 | INFO     | stock_bot.live.leader_runner:run_leader:49 - leader runner started (trade_enabled=False, budget=5,000,000)
2026-07-06 21:32:43.492 | INFO     | stock_bot.live.leader_runner:run_leader:100 - leader pick scheduled: mon-fri 9:28:30 → 10min retry until 13:00 (theme mode)
2026-07-06 21:32:43.494 | INFO     | stock_bot.live.leader_runner:run_leader:123 - leader trade scheduled: mon-fri 9-15 every minute (enabled=False)
2026-07-06 21:38:51.344 | INFO     | stock_bot.live.runner:_start_env_watcher:1516 - env watcher started (1s poll, scope=대장주봇)
2026-07-06 21:38:52.354 | INFO     | stock_bot.live.leader_runner:run_leader:49 - leader runner started (trade_enabled=False, budget=5,000,000)
2026-07-06 21:38:52.362 | INFO     | stock_bot.live.leader_runner:run_leader:100 - leader pick scheduled: mon-fri 9:28:30 → 10min retry until 13:00 (theme mode)
2026-07-06 21:38:52.364 | INFO     | stock_bot.live.leader_runner:run_leader:123 - leader trade scheduled: mon-fri 9-15 every minute (enabled=False)
2026-07-06 23:41:35.118 | INFO     | stock_bot.live.runner:_start_env_watcher:1516 - env watcher started (1s poll, scope=대장주봇)
2026-07-06 23:41:36.142 | INFO     | stock_bot.live.leader_runner:run_leader:49 - leader runner started (trade_enabled=False, budget=5,000,000)
2026-07-06 23:41:36.145 | INFO     | stock_bot.live.leader_runner:run_leader:100 - leader pick scheduled: mon-fri 9:28:30 → 10min retry until 13:00 (theme mode)
2026-07-06 23:41:36.148 | INFO     | stock_bot.live.leader_runner:run_leader:123 - leader trade scheduled: mon-fri 9-15 every minute (enabled=False)
