2026-07-16 08:01:31.027 | INFO     | stock_bot.live.runner:_reload_env_if_changed:430 - .env 변경 감지, 핫리로드[대장주봇]: trade_symbols: 006360,013580 → 010950,078930
2026-07-16 09:09:06.372 | INFO     | stock_bot.live.runner:_is_trading_day:506 - 거래일 판정 2026-07-16 → 거래일 (출처: exchange_calendars)
2026-07-16 09:30:11.706 | INFO     | stock_bot.live.leader_runner:_leader_pick_tick:83 - leader pick [09:28] 미선별 — 10분 후 재시도 (exit=0) ⚠️ 조건 충족 대장주 없음
2026-07-16 09:40:05.880 | INFO     | stock_bot.live.leader_runner:_leader_pick_tick:83 - leader pick [09:38] 미선별 — 10분 후 재시도 (exit=0) ⚠️ 조건 충족 대장주 없음
2026-07-16 09:50:06.782 | INFO     | stock_bot.live.leader_runner:_leader_pick_tick:83 - leader pick [09:48] 미선별 — 10분 후 재시도 (exit=0) ⚠️ 조건 충족 대장주 없음
2026-07-16 10:00:06.791 | INFO     | stock_bot.live.leader_runner:_leader_pick_tick:83 - leader pick [09:58] 미선별 — 10분 후 재시도 (exit=0) ⚠️ 조건 충족 대장주 없음
2026-07-16 10:10:07.173 | INFO     | stock_bot.live.leader_runner:_leader_pick_tick:83 - leader pick [10:08] 미선별 — 10분 후 재시도 (exit=0) ⚠️ 조건 충족 대장주 없음
2026-07-16 10:20:02.669 | INFO     | stock_bot.live.leader_runner:_leader_pick_tick:83 - leader pick [10:18] 미선별 — 10분 후 재시도 (exit=0) ⚠️ 조건 충족 대장주 없음
2026-07-16 10:30:08.201 | INFO     | stock_bot.live.leader_runner:_leader_pick_tick:83 - leader pick [10:28] 미선별 — 10분 후 재시도 (exit=0) ⚠️ 조건 충족 대장주 없음
2026-07-16 10:40:03.015 | INFO     | stock_bot.live.leader_runner:_leader_pick_tick:83 - leader pick [10:38] 미선별 — 10분 후 재시도 (exit=0) ⚠️ 조건 충족 대장주 없음
2026-07-16 10:50:08.932 | INFO     | stock_bot.live.leader_runner:_leader_pick_tick:83 - leader pick [10:48] 미선별 — 10분 후 재시도 (exit=0) ⚠️ 조건 충족 대장주 없음
2026-07-16 11:00:04.505 | INFO     | stock_bot.live.leader_runner:_leader_pick_tick:83 - leader pick [10:58] 미선별 — 10분 후 재시도 (exit=0) ⚠️ 조건 충족 대장주 없음
2026-07-16 11:10:05.796 | INFO     | stock_bot.live.leader_runner:_leader_pick_tick:83 - leader pick [11:08] 미선별 — 10분 후 재시도 (exit=0) ⚠️ 조건 충족 대장주 없음
2026-07-16 11:20:11.296 | INFO     | stock_bot.live.leader_runner:_leader_pick_tick:83 - leader pick [11:18] 선별 완료 — 오늘 스케줄 종료 (exit=0) 　　현대약품(+23.7%), JW신약(+16.8%), 동화약품(+15.3%)
2026-07-16 14:03:45.418 | INFO     | stock_bot.live.runner:_start_env_watcher:1529 - env watcher started (1s poll, scope=대장주봇)
2026-07-16 14:03:46.477 | INFO     | stock_bot.live.leader_runner:run_leader:49 - leader runner started (trade_enabled=False, budget=5,000,000)
2026-07-16 14:03:46.480 | INFO     | stock_bot.live.leader_runner:run_leader:104 - leader pick scheduled: mon-fri 9:28:30 → 10min retry until 13:00 (theme mode)
2026-07-16 14:03:46.484 | INFO     | stock_bot.live.leader_runner:run_leader:127 - leader trade scheduled: mon-fri 9-15 every minute (enabled=False)
2026-07-16 14:06:57.482 | INFO     | stock_bot.live.runner:_start_env_watcher:1529 - env watcher started (1s poll, scope=대장주봇)
2026-07-16 14:06:58.477 | INFO     | stock_bot.live.leader_runner:run_leader:49 - leader runner started (trade_enabled=False, budget=5,000,000)
2026-07-16 14:06:58.480 | INFO     | stock_bot.live.leader_runner:run_leader:104 - leader pick scheduled: mon-fri 9:28:30 → 10min retry until 13:00 (theme mode)
2026-07-16 14:06:58.482 | INFO     | stock_bot.live.leader_runner:run_leader:127 - leader trade scheduled: mon-fri 9-15 every minute (enabled=False)
2026-07-16 14:50:37.304 | INFO     | stock_bot.live.runner:_start_env_watcher:1529 - env watcher started (1s poll, scope=대장주봇)
2026-07-16 14:50:38.593 | INFO     | stock_bot.live.leader_runner:run_leader:49 - leader runner started (trade_enabled=False, budget=5,000,000)
2026-07-16 14:50:38.597 | INFO     | stock_bot.live.leader_runner:run_leader:104 - leader pick scheduled: mon-fri 9:28:30 → 10min retry until 13:00 (theme mode)
2026-07-16 14:50:38.599 | INFO     | stock_bot.live.leader_runner:run_leader:127 - leader trade scheduled: mon-fri 9-15 every minute (enabled=False)
2026-07-16 14:56:56.207 | INFO     | stock_bot.live.runner:_start_env_watcher:1529 - env watcher started (1s poll, scope=대장주봇)
2026-07-16 14:56:57.200 | INFO     | stock_bot.live.leader_runner:run_leader:49 - leader runner started (trade_enabled=False, budget=5,000,000)
2026-07-16 14:56:57.204 | INFO     | stock_bot.live.leader_runner:run_leader:104 - leader pick scheduled: mon-fri 9:28:30 → 10min retry until 13:00 (theme mode)
2026-07-16 14:56:57.207 | INFO     | stock_bot.live.leader_runner:run_leader:127 - leader trade scheduled: mon-fri 9-15 every minute (enabled=False)
2026-07-16 15:14:01.998 | INFO     | stock_bot.live.runner:_start_env_watcher:1529 - env watcher started (1s poll, scope=대장주봇)
2026-07-16 15:14:03.073 | INFO     | stock_bot.live.leader_runner:run_leader:49 - leader runner started (trade_enabled=False, budget=5,000,000)
2026-07-16 15:14:03.077 | INFO     | stock_bot.live.leader_runner:run_leader:104 - leader pick scheduled: mon-fri 9:28:30 → 10min retry until 13:00 (theme mode)
2026-07-16 15:14:03.079 | INFO     | stock_bot.live.leader_runner:run_leader:127 - leader trade scheduled: mon-fri 9-15 every minute (enabled=False)
2026-07-16 17:17:48.390 | INFO     | stock_bot.live.runner:_start_env_watcher:1529 - env watcher started (1s poll, scope=대장주봇)
2026-07-16 17:17:49.509 | INFO     | stock_bot.live.leader_runner:run_leader:49 - leader runner started (trade_enabled=False, budget=5,000,000)
2026-07-16 17:17:49.513 | INFO     | stock_bot.live.leader_runner:run_leader:104 - leader pick scheduled: mon-fri 9:28:30 → 10min retry until 13:00 (theme mode)
2026-07-16 17:17:49.516 | INFO     | stock_bot.live.leader_runner:run_leader:127 - leader trade scheduled: mon-fri 9-15 every minute (enabled=False)
2026-07-16 17:25:45.731 | INFO     | stock_bot.live.runner:_start_env_watcher:1529 - env watcher started (1s poll, scope=대장주봇)
2026-07-16 17:25:46.922 | INFO     | stock_bot.live.leader_runner:run_leader:49 - leader runner started (trade_enabled=False, budget=5,000,000)
2026-07-16 17:25:46.925 | INFO     | stock_bot.live.leader_runner:run_leader:104 - leader pick scheduled: mon-fri 9:28:30 → 10min retry until 13:00 (theme mode)
2026-07-16 17:25:46.928 | INFO     | stock_bot.live.leader_runner:run_leader:127 - leader trade scheduled: mon-fri 9-15 every minute (enabled=False)
2026-07-16 18:32:33.312 | INFO     | stock_bot.live.runner:_start_env_watcher:1529 - env watcher started (1s poll, scope=대장주봇)
2026-07-16 18:32:34.306 | INFO     | stock_bot.live.leader_runner:run_leader:49 - leader runner started (trade_enabled=False, budget=5,000,000)
2026-07-16 18:32:34.309 | INFO     | stock_bot.live.leader_runner:run_leader:104 - leader pick scheduled: mon-fri 9:28:30 → 10min retry until 13:00 (theme mode)
2026-07-16 18:32:34.312 | INFO     | stock_bot.live.leader_runner:run_leader:127 - leader trade scheduled: mon-fri 9-15 every minute (enabled=False)
2026-07-16 18:44:30.054 | INFO     | stock_bot.live.runner:_start_env_watcher:1529 - env watcher started (1s poll, scope=대장주봇)
2026-07-16 18:44:31.020 | INFO     | stock_bot.live.leader_runner:run_leader:49 - leader runner started (trade_enabled=False, budget=5,000,000)
2026-07-16 18:44:31.024 | INFO     | stock_bot.live.leader_runner:run_leader:104 - leader pick scheduled: mon-fri 9:28:30 → 10min retry until 13:00 (theme mode)
2026-07-16 18:44:31.026 | INFO     | stock_bot.live.leader_runner:run_leader:127 - leader trade scheduled: mon-fri 9-15 every minute (enabled=False)
2026-07-16 19:19:29.405 | INFO     | stock_bot.live.runner:_start_env_watcher:1529 - env watcher started (1s poll, scope=대장주봇)
2026-07-16 19:19:30.441 | INFO     | stock_bot.live.leader_runner:run_leader:49 - leader runner started (trade_enabled=False, budget=5,000,000)
2026-07-16 19:19:30.445 | INFO     | stock_bot.live.leader_runner:run_leader:104 - leader pick scheduled: mon-fri 9:28:30 → 10min retry until 13:00 (theme mode)
2026-07-16 19:19:30.448 | INFO     | stock_bot.live.leader_runner:run_leader:127 - leader trade scheduled: mon-fri 9-15 every minute (enabled=False)
2026-07-16 19:23:29.256 | INFO     | stock_bot.live.runner:_start_env_watcher:1529 - env watcher started (1s poll, scope=대장주봇)
2026-07-16 19:23:30.257 | INFO     | stock_bot.live.leader_runner:run_leader:49 - leader runner started (trade_enabled=False, budget=5,000,000)
2026-07-16 19:23:30.260 | INFO     | stock_bot.live.leader_runner:run_leader:104 - leader pick scheduled: mon-fri 9:28:30 → 10min retry until 13:00 (theme mode)
2026-07-16 19:23:30.263 | INFO     | stock_bot.live.leader_runner:run_leader:127 - leader trade scheduled: mon-fri 9-15 every minute (enabled=False)
2026-07-16 20:35:51.480 | INFO     | stock_bot.live.runner:_start_env_watcher:1529 - env watcher started (1s poll, scope=대장주봇)
2026-07-16 20:35:52.460 | INFO     | stock_bot.live.leader_runner:run_leader:49 - leader runner started (trade_enabled=False, budget=5,000,000)
2026-07-16 20:35:52.463 | INFO     | stock_bot.live.leader_runner:run_leader:104 - leader pick scheduled: mon-fri 9:28:30 → 10min retry until 13:00 (theme mode)
2026-07-16 20:35:52.465 | INFO     | stock_bot.live.leader_runner:run_leader:127 - leader trade scheduled: mon-fri 9-15 every minute (enabled=False)
2026-07-16 20:59:30.099 | INFO     | stock_bot.live.runner:_start_env_watcher:1529 - env watcher started (1s poll, scope=대장주봇)
2026-07-16 20:59:31.251 | INFO     | stock_bot.live.leader_runner:run_leader:49 - leader runner started (trade_enabled=False, budget=5,000,000)
2026-07-16 20:59:31.256 | INFO     | stock_bot.live.leader_runner:run_leader:104 - leader pick scheduled: mon-fri 9:28:30 → 10min retry until 13:00 (theme mode)
2026-07-16 20:59:31.260 | INFO     | stock_bot.live.leader_runner:run_leader:127 - leader trade scheduled: mon-fri 9-15 every minute (enabled=False)
2026-07-16 21:14:32.801 | INFO     | stock_bot.live.runner:_start_env_watcher:1529 - env watcher started (1s poll, scope=대장주봇)
2026-07-16 21:14:33.811 | INFO     | stock_bot.live.leader_runner:run_leader:49 - leader runner started (trade_enabled=False, budget=5,000,000)
2026-07-16 21:14:33.814 | INFO     | stock_bot.live.leader_runner:run_leader:104 - leader pick scheduled: mon-fri 9:28:30 → 10min retry until 13:00 (theme mode)
2026-07-16 21:14:33.816 | INFO     | stock_bot.live.leader_runner:run_leader:128 - leader trade scheduled: mon-fri 9-15 every minute (enabled=False)
