2026-08-06 07:58:39.652 | INFO     | stock_bot.live.runner:_reload_env_if_changed:459 - .env 변경 감지, 핫리로드[대장주봇]: trade_symbols: 006360,013580 → 052460,181710
2026-08-06 09:00:39.763 | INFO     | stock_bot.live.runner:_is_trading_day:535 - 거래일 판정 2026-08-06 → 거래일 (출처: exchange_calendars)
2026-08-06 09:30:39.612 | INFO     | stock_bot.live.leader_runner:_leader_pick_tick:103 - leader pick [09:28] 미선별 — 10분 후 재시도 (exit=0) ⚠️ 조건 충족 대장주 없음
2026-08-06 09:37:55.629 | INFO     | stock_bot.live.runner:_reload_env_if_changed:459 - .env 변경 감지, 핫리로드[대장주봇]: leader_sel_rise_min: 3.0 → 7.0
2026-08-06 09:38:37.660 | INFO     | stock_bot.live.runner:_reload_env_if_changed:459 - .env 변경 감지, 핫리로드[대장주봇]: leader_anchor: off → vwap; leader_anchor_tol: 0.0 → 0.3
2026-08-06 09:40:00.009 | INFO     | stock_bot.live.leader_trader:tick:391 - leader_trader: 2026-08-06 picks 미생성 — 선별 대기
2026-08-06 09:40:30.039 | INFO     | stock_bot.live.leader_runner:_leader_pick_tick:103 - leader pick [09:38] 미선별 — 10분 후 재시도 (exit=0) ⚠️ 조건 충족 대장주 없음
2026-08-06 09:50:33.397 | INFO     | stock_bot.live.leader_runner:_leader_pick_tick:103 - leader pick [09:48] 미선별 — 10분 후 재시도 (exit=0) ⚠️ 조건 충족 대장주 없음
2026-08-06 10:01:00.257 | INFO     | stock_bot.live.leader_runner:_leader_pick_tick:103 - leader pick [09:58] 미선별 — 10분 후 재시도 (exit=0) ⚠️ 조건 충족 대장주 없음
2026-08-06 10:10:28.992 | INFO     | stock_bot.live.leader_runner:_leader_pick_tick:103 - leader pick [10:08] 미선별 — 10분 후 재시도 (exit=0) ⚠️ 조건 충족 대장주 없음
2026-08-06 10:20:45.331 | INFO     | stock_bot.live.leader_runner:_leader_pick_tick:103 - leader pick [10:18] 미선별 — 10분 후 재시도 (exit=0) ⚠️ 조건 충족 대장주 없음
2026-08-06 10:30:39.740 | INFO     | stock_bot.live.leader_runner:_leader_pick_tick:103 - leader pick [10:28] 미선별 — 10분 후 재시도 (exit=0) ⚠️ 조건 충족 대장주 없음
2026-08-06 10:40:57.304 | INFO     | stock_bot.live.leader_runner:_leader_pick_tick:103 - leader pick [10:38] 미선별 — 10분 후 재시도 (exit=0) ⚠️ 조건 충족 대장주 없음
2026-08-06 10:51:38.036 | INFO     | stock_bot.live.leader_runner:_leader_pick_tick:103 - leader pick [10:48] 미선별 — 10분 후 재시도 (exit=0) ⚠️ 조건 충족 대장주 없음
2026-08-06 11:00:40.872 | INFO     | stock_bot.live.leader_runner:_leader_pick_tick:103 - leader pick [10:58] 미선별 — 10분 후 재시도 (exit=0) ⚠️ 조건 충족 대장주 없음
2026-08-06 11:10:44.557 | INFO     | stock_bot.live.leader_runner:_leader_pick_tick:103 - leader pick [11:08] 미선별 — 10분 후 재시도 (exit=0) ⚠️ 조건 충족 대장주 없음
2026-08-06 11:20:39.401 | INFO     | stock_bot.live.leader_runner:_leader_pick_tick:103 - leader pick [11:18] 미선별 — 10분 후 재시도 (exit=0) ⚠️ 조건 충족 대장주 없음
2026-08-06 11:31:14.518 | INFO     | stock_bot.live.leader_runner:_leader_pick_tick:103 - leader pick [11:28] 미선별 — 10분 후 재시도 (exit=0) ⚠️ 조건 충족 대장주 없음
2026-08-06 11:41:51.998 | INFO     | stock_bot.live.leader_runner:_leader_pick_tick:103 - leader pick [11:38] 선별 완료 — 오늘 스케줄 종료 (exit=0) 　　클로봇(+14.4%), 로보스타(+7.8%), 마키나락스(+7.0%)
2026-08-06 11:42:00.020 | INFO     | stock_bot.live.leader_trader:_load_day:243 - leader_trader: 2026-08-06 바스켓 클로봇(466100) [섹터 지능형로봇/인공지능(AI)] (선별 11:39, 60%룰 기준 +8.7%)
2026-08-06 11:42:06.604 | INFO     | stock_bot.live.leader_trader:_enter:839 - leader_trader: [관전] 가상 진입 466100 클로봇 x1529 @ 32,700 (확정봉 1139 / stop 31,963 / tp 34,008)
2026-08-06 11:44:13.086 | INFO     | stock_bot.live.leader_runner:_leader_reval_tick:179 - leader reval [11:42] 재선별 완료(exit=0) | (결과 파일 읽기 실패)
2026-08-06 12:15:02.157 | INFO     | stock_bot.live.leader_runner:_leader_reval_tick:179 - leader reval [12:12] 재선별 완료(exit=0) | (결과 파일 읽기 실패)
2026-08-06 12:18:02.590 | INFO     | stock_bot.live.leader_trader:_manage_position:933 - leader_trader: [관전] 가상 청산 466100 클로봇 [손절] @ 31,850 net -2.80%
2026-08-06 12:46:10.202 | INFO     | stock_bot.live.leader_runner:_leader_reval_tick:179 - leader reval [12:43] 재선별 완료(exit=0) | (결과 파일 읽기 실패)
