2026-07-03 01:01:38.668 | INFO     | stock_bot.live.runner:_start_env_watcher:1485 - env watcher started (1s poll, scope=대장주봇)
2026-07-03 01:01:39.908 | INFO     | stock_bot.live.leader_runner:run_leader:49 - leader runner started (trade_enabled=False, budget=5,000,000)
2026-07-03 01:01:39.911 | INFO     | stock_bot.live.leader_runner:run_leader:100 - leader pick scheduled: mon-fri 9:28:30 → 10min retry until 13:00 (theme mode)
2026-07-03 01:01:39.913 | INFO     | stock_bot.live.leader_runner:run_leader:123 - leader trade scheduled: mon-fri 9-15 every minute (enabled=False)
2026-07-03 01:15:39.079 | INFO     | stock_bot.live.runner:_start_env_watcher:1487 - env watcher started (1s poll, scope=대장주봇)
2026-07-03 01:15:40.692 | INFO     | stock_bot.live.leader_runner:run_leader:49 - leader runner started (trade_enabled=False, budget=5,000,000)
2026-07-03 01:15:40.696 | INFO     | stock_bot.live.leader_runner:run_leader:100 - leader pick scheduled: mon-fri 9:28:30 → 10min retry until 13:00 (theme mode)
2026-07-03 01:15:40.699 | INFO     | stock_bot.live.leader_runner:run_leader:123 - leader trade scheduled: mon-fri 9-15 every minute (enabled=False)
2026-07-03 01:17:46.443 | INFO     | stock_bot.live.runner:_start_env_watcher:1487 - env watcher started (1s poll, scope=대장주봇)
2026-07-03 01:17:47.659 | INFO     | stock_bot.live.leader_runner:run_leader:49 - leader runner started (trade_enabled=False, budget=5,000,000)
2026-07-03 01:17:47.663 | INFO     | stock_bot.live.leader_runner:run_leader:100 - leader pick scheduled: mon-fri 9:28:30 → 10min retry until 13:00 (theme mode)
2026-07-03 01:17:47.665 | INFO     | stock_bot.live.leader_runner:run_leader:123 - leader trade scheduled: mon-fri 9-15 every minute (enabled=False)
2026-07-03 01:25:38.852 | INFO     | stock_bot.live.runner:_start_env_watcher:1489 - env watcher started (1s poll, scope=대장주봇)
2026-07-03 01:25:40.083 | INFO     | stock_bot.live.leader_runner:run_leader:49 - leader runner started (trade_enabled=False, budget=5,000,000)
2026-07-03 01:25:40.087 | INFO     | stock_bot.live.leader_runner:run_leader:100 - leader pick scheduled: mon-fri 9:28:30 → 10min retry until 13:00 (theme mode)
2026-07-03 01:25:40.089 | INFO     | stock_bot.live.leader_runner:run_leader:123 - leader trade scheduled: mon-fri 9-15 every minute (enabled=False)
2026-07-03 09:08:38.800 | INFO     | stock_bot.live.runner:_start_env_watcher:1489 - env watcher started (1s poll, scope=대장주봇)
2026-07-03 09:08:40.148 | INFO     | stock_bot.live.leader_runner:run_leader:49 - leader runner started (trade_enabled=False, budget=5,000,000)
2026-07-03 09:08:40.152 | INFO     | stock_bot.live.leader_runner:run_leader:100 - leader pick scheduled: mon-fri 9:28:30 → 10min retry until 13:00 (theme mode)
2026-07-03 09:08:40.154 | INFO     | stock_bot.live.leader_runner:run_leader:123 - leader trade scheduled: mon-fri 9-15 every minute (enabled=False)
2026-07-03 09:12:41.728 | INFO     | stock_bot.live.runner:_start_env_watcher:1489 - env watcher started (1s poll, scope=대장주봇)
2026-07-03 09:12:42.855 | INFO     | stock_bot.live.leader_runner:run_leader:49 - leader runner started (trade_enabled=False, budget=5,000,000)
2026-07-03 09:12:42.858 | INFO     | stock_bot.live.leader_runner:run_leader:100 - leader pick scheduled: mon-fri 9:28:30 → 10min retry until 13:00 (theme mode)
2026-07-03 09:12:42.861 | INFO     | stock_bot.live.leader_runner:run_leader:123 - leader trade scheduled: mon-fri 9-15 every minute (enabled=False)
2026-07-03 09:16:42.539 | INFO     | stock_bot.live.runner:_start_env_watcher:1489 - env watcher started (1s poll, scope=대장주봇)
2026-07-03 09:16:43.847 | INFO     | stock_bot.live.leader_runner:run_leader:49 - leader runner started (trade_enabled=False, budget=5,000,000)
2026-07-03 09:16:43.852 | INFO     | stock_bot.live.leader_runner:run_leader:100 - leader pick scheduled: mon-fri 9:28:30 → 10min retry until 13:00 (theme mode)
2026-07-03 09:16:43.855 | INFO     | stock_bot.live.leader_runner:run_leader:123 - leader trade scheduled: mon-fri 9-15 every minute (enabled=False)
2026-07-03 09:19:09.096 | INFO     | stock_bot.live.runner:_is_trading_day:482 - 거래일 판정 2026-07-03 → 거래일 (출처: exchange_calendars)
2026-07-03 09:22:57.154 | INFO     | stock_bot.live.runner:_start_env_watcher:1489 - env watcher started (1s poll, scope=대장주봇)
2026-07-03 09:22:58.466 | INFO     | stock_bot.live.leader_runner:run_leader:49 - leader runner started (trade_enabled=False, budget=5,000,000)
2026-07-03 09:22:58.469 | INFO     | stock_bot.live.leader_runner:run_leader:100 - leader pick scheduled: mon-fri 9:28:30 → 10min retry until 13:00 (theme mode)
2026-07-03 09:22:58.473 | INFO     | stock_bot.live.leader_runner:run_leader:123 - leader trade scheduled: mon-fri 9-15 every minute (enabled=False)
2026-07-03 09:23:46.367 | INFO     | stock_bot.live.runner:_start_env_watcher:1489 - env watcher started (1s poll, scope=대장주봇)
2026-07-03 09:23:48.187 | INFO     | stock_bot.live.leader_runner:run_leader:49 - leader runner started (trade_enabled=False, budget=5,000,000)
2026-07-03 09:23:48.195 | INFO     | stock_bot.live.leader_runner:run_leader:100 - leader pick scheduled: mon-fri 9:28:30 → 10min retry until 13:00 (theme mode)
2026-07-03 09:23:48.198 | INFO     | stock_bot.live.leader_runner:run_leader:123 - leader trade scheduled: mon-fri 9-15 every minute (enabled=False)
2026-07-03 09:29:07.922 | INFO     | stock_bot.live.runner:_is_trading_day:482 - 거래일 판정 2026-07-03 → 거래일 (출처: exchange_calendars)
2026-07-03 09:31:06.939 | INFO     | stock_bot.live.leader_runner:_leader_pick_tick:79 - leader pick [09:28] 미선별 — 10분 후 재시도 (exit=0) ⚠️ 조건 충족 대장주 없음
2026-07-03 09:36:16.240 | INFO     | stock_bot.live.runner:_start_env_watcher:1489 - env watcher started (1s poll, scope=대장주봇)
2026-07-03 09:36:17.561 | INFO     | stock_bot.live.leader_runner:run_leader:49 - leader runner started (trade_enabled=False, budget=5,000,000)
2026-07-03 09:36:17.565 | INFO     | stock_bot.live.leader_runner:run_leader:100 - leader pick scheduled: mon-fri 9:28:30 → 10min retry until 13:00 (theme mode)
2026-07-03 09:36:17.567 | INFO     | stock_bot.live.leader_runner:run_leader:123 - leader trade scheduled: mon-fri 9-15 every minute (enabled=False)
2026-07-03 09:39:09.234 | INFO     | stock_bot.live.runner:_is_trading_day:482 - 거래일 판정 2026-07-03 → 거래일 (출처: exchange_calendars)
2026-07-03 09:41:10.672 | INFO     | stock_bot.live.leader_runner:_leader_pick_tick:79 - leader pick [09:38] 미선별 — 10분 후 재시도 (exit=0) ⚠️ 조건 충족 대장주 없음
2026-07-03 09:50:22.994 | INFO     | stock_bot.live.leader_runner:_leader_pick_tick:79 - leader pick [09:48] 미선별 — 10분 후 재시도 (exit=0) ⚠️ 조건 충족 대장주 없음
2026-07-03 10:00:13.295 | INFO     | stock_bot.live.leader_runner:_leader_pick_tick:79 - leader pick [09:58] 미선별 — 10분 후 재시도 (exit=0) ⚠️ 조건 충족 대장주 없음
2026-07-03 10:10:18.640 | INFO     | stock_bot.live.leader_runner:_leader_pick_tick:79 - leader pick [10:08] 미선별 — 10분 후 재시도 (exit=0) ⚠️ 조건 충족 대장주 없음
2026-07-03 10:20:22.790 | INFO     | stock_bot.live.leader_runner:_leader_pick_tick:79 - leader pick [10:18] 미선별 — 10분 후 재시도 (exit=0) ⚠️ 조건 충족 대장주 없음
2026-07-03 10:30:15.580 | INFO     | stock_bot.live.leader_runner:_leader_pick_tick:79 - leader pick [10:28] 미선별 — 10분 후 재시도 (exit=0) ⚠️ 조건 충족 대장주 없음
2026-07-03 10:40:22.029 | INFO     | stock_bot.live.leader_runner:_leader_pick_tick:79 - leader pick [10:38] 미선별 — 10분 후 재시도 (exit=0) ⚠️ 조건 충족 대장주 없음
2026-07-03 10:50:30.090 | INFO     | stock_bot.live.leader_runner:_leader_pick_tick:79 - leader pick [10:48] 미선별 — 10분 후 재시도 (exit=0) ⚠️ 조건 충족 대장주 없음
2026-07-03 11:00:20.202 | INFO     | stock_bot.live.leader_runner:_leader_pick_tick:79 - leader pick [10:58] 미선별 — 10분 후 재시도 (exit=0) ⚠️ 조건 충족 대장주 없음
2026-07-03 11:10:15.555 | INFO     | stock_bot.live.leader_runner:_leader_pick_tick:79 - leader pick [11:08] 미선별 — 10분 후 재시도 (exit=0) ⚠️ 조건 충족 대장주 없음
2026-07-03 11:20:15.659 | INFO     | stock_bot.live.leader_runner:_leader_pick_tick:79 - leader pick [11:18] 미선별 — 10분 후 재시도 (exit=0) ⚠️ 조건 충족 대장주 없음
2026-07-03 11:30:14.413 | INFO     | stock_bot.live.leader_runner:_leader_pick_tick:79 - leader pick [11:28] 미선별 — 10분 후 재시도 (exit=0) ⚠️ 조건 충족 대장주 없음
2026-07-03 11:40:13.633 | INFO     | stock_bot.live.leader_runner:_leader_pick_tick:79 - leader pick [11:38] 미선별 — 10분 후 재시도 (exit=0) ⚠️ 조건 충족 대장주 없음
2026-07-03 11:50:13.953 | INFO     | stock_bot.live.leader_runner:_leader_pick_tick:79 - leader pick [11:48] 미선별 — 10분 후 재시도 (exit=0) ⚠️ 조건 충족 대장주 없음
2026-07-03 12:00:10.571 | INFO     | stock_bot.live.leader_runner:_leader_pick_tick:79 - leader pick [11:58] 미선별 — 10분 후 재시도 (exit=0) ⚠️ 조건 충족 대장주 없음
2026-07-03 12:10:08.956 | INFO     | stock_bot.live.leader_runner:_leader_pick_tick:79 - leader pick [12:08] 미선별 — 10분 후 재시도 (exit=0) ⚠️ 조건 충족 대장주 없음
2026-07-03 12:20:11.813 | INFO     | stock_bot.live.leader_runner:_leader_pick_tick:79 - leader pick [12:18] 미선별 — 10분 후 재시도 (exit=0) ⚠️ 조건 충족 대장주 없음
2026-07-03 12:30:15.572 | INFO     | stock_bot.live.leader_runner:_leader_pick_tick:79 - leader pick [12:28] 미선별 — 10분 후 재시도 (exit=0) ⚠️ 조건 충족 대장주 없음
2026-07-03 12:40:03.860 | INFO     | stock_bot.live.leader_runner:_leader_pick_tick:79 - leader pick [12:38] 미선별 — 10분 후 재시도 (exit=0) ⚠️ 조건 충족 대장주 없음
2026-07-03 12:50:02.410 | INFO     | stock_bot.live.leader_runner:_leader_pick_tick:79 - leader pick [12:48] 미선별 — 10분 후 재시도 (exit=0) ⚠️ 조건 충족 대장주 없음
2026-07-03 13:00:00.592 | INFO     | stock_bot.live.leader_runner:_leader_pick_tick:79 - leader pick [12:58] 미선별 — 10분 후 재시도 (exit=0) ⚠️ 조건 충족 대장주 없음
2026-07-03 14:37:45.865 | INFO     | stock_bot.live.runner:_start_env_watcher:1494 - env watcher started (1s poll, scope=대장주봇)
2026-07-03 14:37:47.190 | INFO     | stock_bot.live.leader_runner:run_leader:49 - leader runner started (trade_enabled=False, budget=5,000,000)
2026-07-03 14:37:47.194 | INFO     | stock_bot.live.leader_runner:run_leader:100 - leader pick scheduled: mon-fri 9:28:30 → 10min retry until 13:00 (theme mode)
2026-07-03 14:37:47.197 | INFO     | stock_bot.live.leader_runner:run_leader:123 - leader trade scheduled: mon-fri 9-15 every minute (enabled=False)
2026-07-03 14:44:10.389 | INFO     | stock_bot.live.runner:_start_env_watcher:1494 - env watcher started (1s poll, scope=대장주봇)
2026-07-03 14:44:11.858 | INFO     | stock_bot.live.leader_runner:run_leader:49 - leader runner started (trade_enabled=False, budget=5,000,000)
2026-07-03 14:44:11.861 | INFO     | stock_bot.live.leader_runner:run_leader:100 - leader pick scheduled: mon-fri 9:28:30 → 10min retry until 13:00 (theme mode)
2026-07-03 14:44:11.864 | INFO     | stock_bot.live.leader_runner:run_leader:123 - leader trade scheduled: mon-fri 9-15 every minute (enabled=False)
2026-07-03 16:44:11.969 | INFO     | stock_bot.live.runner:_start_env_watcher:1494 - env watcher started (1s poll, scope=대장주봇)
2026-07-03 16:44:13.474 | INFO     | stock_bot.live.leader_runner:run_leader:49 - leader runner started (trade_enabled=False, budget=5,000,000)
2026-07-03 16:44:13.477 | INFO     | stock_bot.live.leader_runner:run_leader:100 - leader pick scheduled: mon-fri 9:28:30 → 10min retry until 13:00 (theme mode)
2026-07-03 16:44:13.480 | INFO     | stock_bot.live.leader_runner:run_leader:123 - leader trade scheduled: mon-fri 9-15 every minute (enabled=False)
2026-07-03 18:22:39.701 | INFO     | stock_bot.live.runner:_start_env_watcher:1502 - env watcher started (1s poll, scope=대장주봇)
2026-07-03 18:22:40.987 | INFO     | stock_bot.live.leader_runner:run_leader:49 - leader runner started (trade_enabled=False, budget=5,000,000)
2026-07-03 18:22:40.991 | INFO     | stock_bot.live.leader_runner:run_leader:100 - leader pick scheduled: mon-fri 9:28:30 → 10min retry until 13:00 (theme mode)
2026-07-03 18:22:40.994 | INFO     | stock_bot.live.leader_runner:run_leader:123 - leader trade scheduled: mon-fri 9-15 every minute (enabled=False)
2026-07-03 18:31:12.892 | INFO     | stock_bot.live.runner:_start_env_watcher:1502 - env watcher started (1s poll, scope=대장주봇)
2026-07-03 18:31:14.233 | INFO     | stock_bot.live.leader_runner:run_leader:49 - leader runner started (trade_enabled=False, budget=5,000,000)
2026-07-03 18:31:14.239 | INFO     | stock_bot.live.leader_runner:run_leader:100 - leader pick scheduled: mon-fri 9:28:30 → 10min retry until 13:00 (theme mode)
2026-07-03 18:31:14.243 | INFO     | stock_bot.live.leader_runner:run_leader:123 - leader trade scheduled: mon-fri 9-15 every minute (enabled=False)
