2026-08-13 02:00:00.338 | INFO     | stock_bot.live.runner:_is_trading_day:542 - 거래일 판정 2026-08-13 → 거래일 (출처: exchange_calendars)
2026-08-13 02:13:33.424 | INFO     | stock_bot.live.leader_runner:_leader_prefetch_avgval:148 - leader avgval prefetch [02:00] (exit=0)
  [prefetch_avgval] 시총 ≥ 1000억 유니버스 1294종목 (전체 시총 캐시 2493)
  [prefetch_avgval] 다움 top 882 수집
  [prefetch_avgval] 유니버스 ∩ 다움 거래대금 → 743종목 프리페치 대상
  [prefetch_avgval] 완료: 대상 743 · 성공 743 · 실패 0 · 소요 802초
2026-08-13 08:01:46.482 | INFO     | stock_bot.live.runner:_reload_env_if_changed:466 - .env 변경 감지, 핫리로드[대장주봇]: trade_symbols: 006360,013580 → 123330,483650
2026-08-13 08:30:25.672 | INFO     | stock_bot.live.leader_runner:_leader_prefetch_market_flow:105 - leader market_flow prefetch [08:30] (exit=0)
  [prefetch_market_flow] 신규 0일 · 덮어씀 1일 / 캐시 총 7일 · KRX-only (요청 5일 · top 100)
    · 20260812 덮어씀: 코스피 13.66→25.16조 · 코스닥 3.09→4.88조
    · 20260812: 코스피 25.16조 · 코스닥 4.88조
    · 20260811: 코스피 20.18조 · 코스닥 5.02조
    · 20260810: 코스피 17.32조 · 코스닥 5.32조
    · 20260807: 코스피 23.12조 · 코스닥 3.93조
    · 20260806: 코스피 24.90조 · 코스닥 4.79조
    · 20260805: 코스피 23.89조 · 코스닥 4.90조
    · 20260804: 코스피 26.58조 · 코스닥 4.42조
2026-08-13 09:31:35.145 | INFO     | stock_bot.live.leader_runner:_leader_pick_tick:204 - leader pick [09:28] 선별 완료 — 오늘 스케줄 종료 (exit=0) 　　삼성전기(+12.2%), 대덕전자(+7.2%), LG이노텍(+5.3%)
2026-08-13 09:32:00.030 | INFO     | stock_bot.live.leader_trader:_load_day:300 - leader_trader: 2026-08-13 바스켓 미래에셋벤처투자(100790), 삼성전기(009150), SK하이닉스(000660), SK스퀘어(402340) [섹터 스페이스X(SpaceX)] (선별 09:29, 60%룰 stock_score 기준 0.357)
2026-08-13 09:33:01.107 | INFO     | stock_bot.live.leader_trader:_signal_vwap_touch:882 - leader_trader: 100790 미래에셋벤처투자 관망(vwap) — 확정봉 0930 · VWAP 19,068 · 저가 19,180 — 아직 VWAP 미터치
2026-08-13 09:33:01.110 | INFO     | stock_bot.live.leader_trader:_check_signal:743 - leader_trader: 100790 미래에셋벤처투자 관망 — 확정봉 0930 · 전고 20,300 / floor 19,285 — 스윙저점 미형성 (확정봉 저가 19,180)
2026-08-13 09:33:05.265 | INFO     | stock_bot.broker.kis:place_order:672 - order: buy 009150 33 -> 모의투자 매수주문이 완료 되었습니다.
2026-08-13 09:33:05.999 | INFO     | stock_bot.live.leader_trader:_enter:1024 - leader_trader: 진입 009150 삼성전기 x33 @ 1,490,000 (stop 1,464,695 / tp 1,549,600)
2026-08-13 10:18:27.742 | INFO     | stock_bot.live.runner:_reload_env_if_changed:466 - .env 변경 감지, 핫리로드[대장주봇]: leader_tp_pct: 4.0 → 2.0
2026-08-13 10:19:43.795 | INFO     | stock_bot.live.runner:_reload_env_if_changed:466 - .env 변경 감지, 핫리로드[대장주봇]: leader_tp_pct: 2.0 → 4.0
2026-08-13 10:22:17.942 | INFO     | stock_bot.live.runner:_reload_env_if_changed:466 - .env 변경 감지, 핫리로드[대장주봇]: leader_tp_pct: 4.0 → 2.0
2026-08-13 13:45:47.449 | INFO     | stock_bot.live.runner:_reload_env_if_changed:466 - .env 변경 감지, 핫리로드[대장주봇]: leader_tp_pct: 2.0 → 4.0
2026-08-13 14:55:04.880 | INFO     | stock_bot.broker.kis:place_order:672 - order: sell 009150 33 -> 모의투자 매도주문이 완료 되었습니다.
2026-08-13 14:55:05.843 | INFO     | stock_bot.live.leader_trader:_manage_position:1102 - leader_trader: 청산 009150 삼성전기 [마감청산] @ 1,511,000 net +1.20%
