2026-08-11 00:36:41.646 | INFO     | stock_bot.live.runner:_start_env_watcher:1575 - env watcher started (1s poll, scope=대장주봇)
2026-08-11 00:36:43.056 | INFO     | stock_bot.live.leader_runner:run_leader:75 - leader runner started (trade_enabled=False, budget=50,000,000)
2026-08-11 00:36:43.063 | INFO     | stock_bot.live.leader_runner:run_leader:114 - leader market_flow prefetch scheduled: mon-fri 08:30 (pykrx KRX × 어제 r, 20d top-N)
2026-08-11 00:36:43.067 | INFO     | stock_bot.live.leader_runner:run_leader:128 - leader market_flow 캐시 0/20일 → 부팅 직후 백필 1회 실행
2026-08-11 00:37:37.614 | INFO     | stock_bot.live.runner:_is_trading_day:539 - 거래일 판정 2026-08-11 → 거래일 (출처: exchange_calendars)
2026-08-11 00:38:28.855 | INFO     | stock_bot.live.leader_runner:_leader_prefetch_market_flow:98 - leader market_flow prefetch [00:36] (exit=0) [prefetch_market_flow] 백필 21일 추가 / 캐시 총 21일 · KRX-only (요청 20일 · top 100) · 오늘 매경 seed 22.04조
2026-08-11 00:38:28.895 | INFO     | stock_bot.live.leader_runner:run_leader:199 - leader pick scheduled: mon-fri 9:28:30 → 10min retry until 13:00 (theme mode)
2026-08-11 00:38:28.899 | INFO     | stock_bot.live.leader_runner:run_leader:270 - leader reval scheduled: mon-fri 9-13 every minute (gated by switch toggle+interval)
2026-08-11 00:38:28.903 | INFO     | stock_bot.live.leader_runner:run_leader:294 - leader trade scheduled: mon-fri 9-15 every minute (enabled=False)
2026-08-11 00:38:28.906 | INFO     | stock_bot.live.leader_runner:run_leader:328 - leader cache snapshot scheduled: mon-fri 15:35
2026-08-11 02:34:00.262 | INFO     | stock_bot.live.runner:_reload_env_if_changed:463 - .env 변경 감지, 핫리로드[대장주봇]: leader_trade_enabled: False → True
2026-08-11 02:34:29.369 | INFO     | stock_bot.live.runner:_reload_env_if_changed:463 - .env 변경 감지, 핫리로드[대장주봇]: leader_sel_rise_min: 7.0 → 5.0
2026-08-11 07:37:50.754 | INFO     | stock_bot.live.runner:_start_env_watcher:1575 - env watcher started (1s poll, scope=대장주봇)
2026-08-11 07:37:52.406 | INFO     | stock_bot.live.leader_runner:run_leader:75 - leader runner started (trade_enabled=False, budget=50,000,000)
2026-08-11 07:37:52.411 | INFO     | stock_bot.live.leader_runner:run_leader:114 - leader market_flow prefetch scheduled: mon-fri 08:30 (pykrx KRX × 어제 r, 20d top-N)
2026-08-11 07:37:52.415 | INFO     | stock_bot.live.leader_runner:run_leader:128 - leader market_flow 캐시 0/20일 → 부팅 직후 백필 1회 실행
2026-08-11 07:38:45.170 | INFO     | stock_bot.live.runner:_is_trading_day:539 - 거래일 판정 2026-08-11 → 거래일 (출처: exchange_calendars)
2026-08-11 07:39:42.903 | INFO     | stock_bot.live.leader_runner:_leader_prefetch_market_flow:98 - leader market_flow prefetch [07:37] (exit=0) [prefetch_market_flow] 백필 21일 추가 / 캐시 총 21일 · KRX-only (요청 20일 · top 100) · 오늘 매경 seed 22.04조
2026-08-11 07:39:42.915 | INFO     | stock_bot.live.leader_runner:run_leader:199 - leader pick scheduled: mon-fri 9:28:30 → 10min retry until 13:00 (theme mode)
2026-08-11 07:39:42.917 | INFO     | stock_bot.live.leader_runner:run_leader:270 - leader reval scheduled: mon-fri 9-13 every minute (gated by switch toggle+interval)
2026-08-11 07:39:42.919 | INFO     | stock_bot.live.leader_runner:run_leader:294 - leader trade scheduled: mon-fri 9-15 every minute (enabled=False)
2026-08-11 07:39:42.920 | INFO     | stock_bot.live.leader_runner:run_leader:328 - leader cache snapshot scheduled: mon-fri 15:35
2026-08-11 08:30:39.116 | INFO     | stock_bot.live.leader_runner:_leader_prefetch_market_flow:98 - leader market_flow prefetch [08:30] (exit=0) [prefetch_market_flow] 백필 20일 추가 / 캐시 총 41일 · KRX-only (요청 20일 · top 100)
2026-08-11 08:41:37.606 | INFO     | stock_bot.live.runner:_start_env_watcher:1575 - env watcher started (1s poll, scope=대장주봇)
2026-08-11 08:41:39.252 | INFO     | stock_bot.live.leader_runner:run_leader:75 - leader runner started (trade_enabled=False, budget=50,000,000)
2026-08-11 08:41:39.260 | INFO     | stock_bot.live.leader_runner:run_leader:114 - leader market_flow prefetch scheduled: mon-fri 08:30 (pykrx KRX × 어제 r, 20d top-N)
2026-08-11 08:41:39.264 | INFO     | stock_bot.live.leader_runner:run_leader:199 - leader pick scheduled: mon-fri 9:28:30 → 10min retry until 13:00 (theme mode)
2026-08-11 08:41:39.267 | INFO     | stock_bot.live.leader_runner:run_leader:270 - leader reval scheduled: mon-fri 9-13 every minute (gated by switch toggle+interval)
2026-08-11 08:41:39.270 | INFO     | stock_bot.live.leader_runner:run_leader:294 - leader trade scheduled: mon-fri 9-15 every minute (enabled=False)
2026-08-11 08:41:39.272 | INFO     | stock_bot.live.leader_runner:run_leader:328 - leader cache snapshot scheduled: mon-fri 15:35
2026-08-11 08:43:47.546 | INFO     | stock_bot.live.runner:_start_env_watcher:1575 - env watcher started (1s poll, scope=대장주봇)
2026-08-11 08:43:48.968 | INFO     | stock_bot.live.leader_runner:run_leader:75 - leader runner started (trade_enabled=False, budget=50,000,000)
2026-08-11 08:43:48.977 | INFO     | stock_bot.live.leader_runner:run_leader:114 - leader market_flow prefetch scheduled: mon-fri 08:30 (pykrx KRX × 어제 r, 20d top-N)
2026-08-11 08:43:48.988 | INFO     | stock_bot.live.leader_runner:run_leader:199 - leader pick scheduled: mon-fri 9:28:30 → 10min retry until 13:00 (theme mode)
2026-08-11 08:43:48.991 | INFO     | stock_bot.live.leader_runner:run_leader:270 - leader reval scheduled: mon-fri 9-13 every minute (gated by switch toggle+interval)
2026-08-11 08:43:48.994 | INFO     | stock_bot.live.leader_runner:run_leader:294 - leader trade scheduled: mon-fri 9-15 every minute (enabled=False)
2026-08-11 08:43:48.997 | INFO     | stock_bot.live.leader_runner:run_leader:328 - leader cache snapshot scheduled: mon-fri 15:35
2026-08-11 08:50:22.817 | INFO     | stock_bot.live.runner:_reload_env_if_changed:463 - .env 변경 감지, 핫리로드[대장주봇]: leader_trade_enabled: False → True; leader_sel_rise_min: 7.0 → 5.0
2026-08-11 08:56:52.819 | INFO     | stock_bot.live.runner:_start_env_watcher:1575 - env watcher started (1s poll, scope=대장주봇)
2026-08-11 08:56:54.277 | INFO     | stock_bot.live.leader_runner:run_leader:75 - leader runner started (trade_enabled=False, budget=50,000,000)
2026-08-11 08:56:54.281 | INFO     | stock_bot.live.leader_runner:run_leader:114 - leader market_flow prefetch scheduled: mon-fri 08:30 (pykrx KRX × 어제 r, 20d top-N)
2026-08-11 08:56:54.285 | INFO     | stock_bot.live.leader_runner:run_leader:199 - leader pick scheduled: mon-fri 9:28:30 → 10min retry until 13:00 (theme mode)
2026-08-11 08:56:54.288 | INFO     | stock_bot.live.leader_runner:run_leader:270 - leader reval scheduled: mon-fri 9-13 every minute (gated by switch toggle+interval)
2026-08-11 08:56:54.291 | INFO     | stock_bot.live.leader_runner:run_leader:294 - leader trade scheduled: mon-fri 9-15 every minute (enabled=False)
2026-08-11 09:01:04.695 | INFO     | stock_bot.live.runner:_start_env_watcher:1575 - env watcher started (1s poll, scope=대장주봇)
2026-08-11 09:01:06.072 | INFO     | stock_bot.live.leader_runner:run_leader:75 - leader runner started (trade_enabled=False, budget=50,000,000)
2026-08-11 09:01:06.078 | INFO     | stock_bot.live.leader_runner:run_leader:114 - leader market_flow prefetch scheduled: mon-fri 08:30 (pykrx KRX × 어제 r, 20d top-N)
2026-08-11 09:01:06.079 | INFO     | stock_bot.live.leader_runner:run_leader:128 - leader market_flow 캐시 0/5일 → 부팅 직후 백필 1회 실행
2026-08-11 09:01:42.678 | INFO     | stock_bot.live.runner:_is_trading_day:539 - 거래일 판정 2026-08-11 → 거래일 (출처: exchange_calendars)
2026-08-11 09:02:07.999 | INFO     | stock_bot.live.leader_runner:_leader_prefetch_market_flow:98 - leader market_flow prefetch [09:01] (exit=0) [prefetch_market_flow] 백필 4일 추가 / 캐시 총 4일 · KRX-only (요청 5일 · top 100)
2026-08-11 09:02:08.008 | INFO     | stock_bot.live.leader_runner:run_leader:199 - leader pick scheduled: mon-fri 9:28:30 → 10min retry until 13:00 (theme mode)
2026-08-11 09:02:08.010 | INFO     | stock_bot.live.leader_runner:run_leader:270 - leader reval scheduled: mon-fri 9-13 every minute (gated by switch toggle+interval)
2026-08-11 09:02:08.012 | INFO     | stock_bot.live.leader_runner:run_leader:294 - leader trade scheduled: mon-fri 9-15 every minute (enabled=False)
2026-08-11 09:03:44.777 | INFO     | stock_bot.live.runner:_reload_env_if_changed:463 - .env 변경 감지, 핫리로드[대장주봇]: leader_sel_rise_min: 7.0 → 5.0
2026-08-11 09:03:45.784 | INFO     | stock_bot.live.runner:_reload_env_if_changed:463 - .env 변경 감지, 핫리로드[대장주봇]: leader_trade_enabled: False → True
2026-08-11 09:03:50.791 | INFO     | stock_bot.live.runner:_reload_env_if_changed:463 - .env 변경 감지, 핫리로드[대장주봇]: leader_sel_rise_min: 5.0 → 5.5
2026-08-11 09:03:51.795 | INFO     | stock_bot.live.runner:_reload_env_if_changed:463 - .env 변경 감지, 핫리로드[대장주봇]: leader_sel_rise_min: 5.5 → 5.0
2026-08-11 09:33:47.925 | INFO     | stock_bot.live.runner:_start_env_watcher:1575 - env watcher started (1s poll, scope=대장주봇)
2026-08-11 09:33:49.448 | INFO     | stock_bot.live.leader_runner:run_leader:75 - leader runner started (trade_enabled=False, budget=50,000,000)
2026-08-11 09:33:49.457 | INFO     | stock_bot.live.leader_runner:run_leader:114 - leader market_flow prefetch scheduled: mon-fri 08:30 (pykrx KRX × 어제 r, 20d top-N)
2026-08-11 09:33:49.461 | INFO     | stock_bot.live.leader_runner:run_leader:199 - leader pick scheduled: mon-fri 9:28:30 → 10min retry until 13:00 (theme mode)
2026-08-11 09:33:49.463 | INFO     | stock_bot.live.leader_runner:run_leader:270 - leader reval scheduled: mon-fri 9-13 every minute (gated by switch toggle+interval)
2026-08-11 09:33:49.465 | INFO     | stock_bot.live.leader_runner:run_leader:294 - leader trade scheduled: mon-fri 9-15 every minute (enabled=False)
2026-08-11 09:34:46.907 | INFO     | stock_bot.live.runner:_is_trading_day:539 - 거래일 판정 2026-08-11 → 거래일 (출처: exchange_calendars)
2026-08-11 09:39:43.480 | INFO     | stock_bot.live.runner:_reload_env_if_changed:463 - .env 변경 감지, 핫리로드[대장주봇]: leader_trade_enabled: False → True; leader_sel_rise_min: 7.0 → 5.0
2026-08-11 09:40:00.007 | INFO     | stock_bot.live.leader_trader:tick:467 - leader_trader: 2026-08-11 picks 미생성 — 선별 대기
2026-08-11 09:47:30.104 | WARNING  | stock_bot.live.leader_runner:_leader_pick_tick:186 - leader pick 타임아웃 (540초) — 다음 회차에 재시도
2026-08-11 09:55:50.066 | INFO     | stock_bot.live.leader_runner:_leader_pick_tick:181 - leader pick [09:48] 미선별 — 10분 후 재시도 (exit=0)
⚠️ 조건 충족 대장주 없음
```
유니버스 200 → 자격통과 4
기준: 등락≥5% · 거래대금≥400억 · 시총≥1,000억 · 평소×2 · 회전율≥2.89%
거래대금 소스: 고정 400억 (배수 1.0 — [유량] 완결 표본 0일 부족(≥3일 필요) → 배수 1.0)
funnel 탈락(첫 관문에서만 카운트): 시총10 → 거래대금174 → 등락9 → 평소대비1 → 회전율2```
**자격통과 종목(점수순 상위)**
　• [금호건설] +28.39% · 1,097억(평소×20.5) · 회전32.27% · 시총3,692억 · 점수 0.732 [건설]
　• [에스피지] +11.55% · 906억(평소×8.7) · 회전3.77% · 시총2.5조 · 점수 0.427 [전기제품]
　• [대한광통신] +5.56% · 992억(평소×2.6) · 회전5.18% · 시총2.0조 · 점수 0.341 [통신장비]
　• [제주반도체] +5.02% · 979억(평소×4.3) · 회전3.34% · 시총3.0조 · 점수 0.339 [반도체와반도체장비]
**아깝게 탈락 (2~3개 통과, 최대 10개)**
　• [금호전기] 통과 3/5 · +29.94% · 80억 [디스플레이장비및부품] ← 거래대금 80<400억, 회전율 0.00<2.89%
　• [LK삼양] 통과 3/5 · +29.93% · 87억 [전자장비와기기] ← 시총 708<1,000억, 거래대금 87<400억
　• [위메이드맥스] 통과 3/5 · +28.11% · 58억 [게임엔터테인먼트] ← 거래대금 58<400억, 회전율 1.59<2.89%
　• [에스에너지] 통과 3/5 · +24.38% · 46억 [에너지장비및서비스] ← 거래대금 46<400억, 회전율 0.00<2.89%
　• [에이비온] 통과 3/5 · +21.28% · 54억 [제약] ← 시총 960<1,000억, 거래대금 54<400억
　• [서산] 통과 3/5 · +21.19% · 192억 [건축자재] ← 시총 898<1,000억, 거래대금 192<400억
　• [남화토건] 통과 3/5 · +19.45% · 60억 [건설] ← 시총 552<1,000억, 거래대금 60<400억
　• [혜인] 통과 3/5 · +17.20% · 305억 [기계] ← 시총 892<1,000억, 거래대금 305<400억
　• [코스메카코리아] 통과 3/5 · +16.21% · 308억 [(미상)] ← 거래대금 308<400억, 회전율 2.73<2.89%
　• [NHN] 통과 3/5 · +14.85% · 168억 [IT서비스] ← 거래대금 168<400억, 회전율 1.09<2.89%
_사유: 자격 4종목 통과, 후보 테마 0개 → 중복 병합 후 hot_min(3)↑ 잔존 테마 0_
2026-08-11 10:01:26.216 | INFO     | stock_bot.live.leader_runner:_leader_pick_tick:181 - leader pick [09:58] 미선별 — 10분 후 재시도 (exit=0)
⚠️ 조건 충족 대장주 없음
```
유니버스 200 → 자격통과 3
기준: 등락≥5% · 거래대금≥400억 · 시총≥1,000억 · 평소×2 · 회전율≥3.28%
거래대금 소스: 고정 400억 (배수 1.0 — [유량] 완결 표본 0일 부족(≥3일 필요) → 배수 1.0)
funnel 탈락(첫 관문에서만 카운트): 시총9 → 거래대금173 → 등락13 → 평소대비0 → 회전율2```
**자격통과 종목(점수순 상위)**
　• [금호건설] +26.13% · 1,227억(평소×19.1) · 회전35.22% · 시총3,692억 · 점수 0.712 [건설]
　• [에스피지] +12.66% · 1,082억(평소×8.6) · 회전4.52% · 시총2.5조 · 점수 0.456 [전기제품]
　• [제주반도체] +7.75% · 1,292억(평소×4.8) · 회전4.48% · 시총3.0조 · 점수 0.398 [반도체와반도체장비]
**아깝게 탈락 (2~3개 통과, 최대 10개)**
　• [금호전기] 통과 3/5 · +29.94% · 80억 [디스플레이장비및부품] ← 거래대금 80<400억, 회전율 0.00<3.28%
　• [LK삼양] 통과 3/5 · +29.93% · 87억 [전자장비와기기] ← 시총 708<1,000억, 거래대금 87<400억
　• [위메이드맥스] 통과 3/5 · +28.70% · 70억 [게임엔터테인먼트] ← 거래대금 70<400억, 회전율 1.93<3.28%
　• [에스에너지] 통과 3/5 · +26.12% · 48억 [에너지장비및서비스] ← 거래대금 48<400억, 회전율 0.00<3.28%
　• [에이비온] 통과 3/5 · +23.66% · 57억 [제약] ← 시총 960<1,000억, 거래대금 57<400억
　• [혜인] 통과 3/5 · +17.20% · 324억 [기계] ← 시총 892<1,000억, 거래대금 324<400억
　• [서산] 통과 3/5 · +16.98% · 224억 [건축자재] ← 시총 898<1,000억, 거래대금 224<400억
　• [남화토건] 통과 3/5 · +16.48% · 68억 [건설] ← 시총 552<1,000억, 거래대금 68<400억
　• [코스메카코리아] 통과 3/5 · +15.47% · 329억 [화장품] ← 거래대금 329<400억, 회전율 2.90<3.28%
　• [예스티] 통과 3/5 · +15.45% · 78억 [반도체와반도체장비] ← 거래대금 78<400억, 회전율 1.72<3.28%
_사유: 자격 3종목 통과, 후보 테마 0개 → 중복 병합 후 hot_min(3)↑ 잔존 테마 0_
2026-08-11 10:02:45.103 | INFO     | stock_bot.live.runner:_start_env_watcher:1575 - env watcher started (1s poll, scope=대장주봇)
2026-08-11 10:02:46.495 | INFO     | stock_bot.live.leader_runner:run_leader:75 - leader runner started (trade_enabled=False, budget=50,000,000)
2026-08-11 10:02:46.499 | INFO     | stock_bot.live.leader_runner:run_leader:114 - leader market_flow prefetch scheduled: mon-fri 08:30 (pykrx KRX × 어제 r, 20d top-N)
2026-08-11 10:02:46.502 | INFO     | stock_bot.live.leader_runner:run_leader:153 - leader avgval prefetch scheduled: mon-fri 02:00 (daum top300 × 시총≥1000억 → KIS UN 순차)
2026-08-11 10:02:46.505 | INFO     | stock_bot.live.leader_runner:run_leader:167 - leader market_flow 캐시 1/5일 → 부팅 직후 백필 1회 실행
2026-08-11 10:03:40.033 | INFO     | stock_bot.live.runner:_is_trading_day:539 - 거래일 판정 2026-08-11 → 거래일 (출처: exchange_calendars)
2026-08-11 10:04:03.961 | INFO     | stock_bot.live.leader_runner:_leader_prefetch_market_flow:98 - leader market_flow prefetch [10:02] (exit=0) [prefetch_market_flow] 백필 4일 추가 / 캐시 총 5일 · KRX-only (요청 5일 · top 100)
2026-08-11 10:04:03.967 | INFO     | stock_bot.live.leader_runner:run_leader:238 - leader pick scheduled: mon-fri 9:28:30 → 10min retry until 13:00 (theme mode)
2026-08-11 10:04:03.969 | INFO     | stock_bot.live.leader_runner:run_leader:309 - leader reval scheduled: mon-fri 9-13 every minute (gated by switch toggle+interval)
2026-08-11 10:04:03.971 | INFO     | stock_bot.live.leader_runner:run_leader:333 - leader trade scheduled: mon-fri 9-15 every minute (enabled=False)
2026-08-11 10:04:41.821 | INFO     | stock_bot.live.runner:_start_env_watcher:1575 - env watcher started (1s poll, scope=대장주봇)
2026-08-11 10:04:43.201 | INFO     | stock_bot.live.leader_runner:run_leader:75 - leader runner started (trade_enabled=False, budget=50,000,000)
2026-08-11 10:04:43.205 | INFO     | stock_bot.live.leader_runner:run_leader:114 - leader market_flow prefetch scheduled: mon-fri 08:30 (pykrx KRX × 어제 r, 20d top-N)
2026-08-11 10:04:43.209 | INFO     | stock_bot.live.leader_runner:run_leader:153 - leader avgval prefetch scheduled: mon-fri 02:00 (daum top300 × 시총≥1000억 → KIS UN 순차)
2026-08-11 10:04:43.215 | INFO     | stock_bot.live.leader_runner:run_leader:238 - leader pick scheduled: mon-fri 9:28:30 → 10min retry until 13:00 (theme mode)
2026-08-11 10:04:43.218 | INFO     | stock_bot.live.leader_runner:run_leader:309 - leader reval scheduled: mon-fri 9-13 every minute (gated by switch toggle+interval)
2026-08-11 10:04:43.220 | INFO     | stock_bot.live.leader_runner:run_leader:333 - leader trade scheduled: mon-fri 9-15 every minute (enabled=False)
2026-08-11 10:05:40.462 | INFO     | stock_bot.live.runner:_start_env_watcher:1575 - env watcher started (1s poll, scope=대장주봇)
2026-08-11 10:05:41.714 | INFO     | stock_bot.live.leader_runner:run_leader:75 - leader runner started (trade_enabled=False, budget=50,000,000)
2026-08-11 10:05:41.718 | INFO     | stock_bot.live.leader_runner:run_leader:114 - leader market_flow prefetch scheduled: mon-fri 08:30 (pykrx KRX × 어제 r, 20d top-N)
2026-08-11 10:05:41.720 | INFO     | stock_bot.live.leader_runner:run_leader:153 - leader avgval prefetch scheduled: mon-fri 02:00 (daum top300 × 시총≥1000억 → KIS UN 순차)
2026-08-11 10:05:41.725 | INFO     | stock_bot.live.leader_runner:run_leader:238 - leader pick scheduled: mon-fri 9:28:30 → 10min retry until 13:00 (theme mode)
2026-08-11 10:05:41.727 | INFO     | stock_bot.live.leader_runner:run_leader:309 - leader reval scheduled: mon-fri 9-13 every minute (gated by switch toggle+interval)
2026-08-11 10:05:41.729 | INFO     | stock_bot.live.leader_runner:run_leader:333 - leader trade scheduled: mon-fri 9-15 every minute (enabled=False)
2026-08-11 10:06:45.311 | INFO     | stock_bot.live.runner:_is_trading_day:539 - 거래일 판정 2026-08-11 → 거래일 (출처: exchange_calendars)
2026-08-11 10:07:06.654 | INFO     | stock_bot.live.leader_trader:tick:467 - leader_trader: 2026-08-11 picks 미생성 — 선별 대기
2026-08-11 10:11:45.480 | INFO     | stock_bot.live.leader_runner:_leader_pick_tick:220 - leader pick [10:08] 미선별 — 10분 후 재시도 (exit=0)
⚠️ 조건 충족 대장주 없음
```
유니버스 200 → 자격통과 3
기준: 등락≥7% · 거래대금≥680억 · 시총≥1,000억 · 평소×2 · 회전율≥3.66%
거래대금 소스: intraday_flow×1.701: 400억 → 680억 ([유량] 오늘 10:00 73,847억 / 근사(완결4일avg 244,562억×frac0.18=43,417억) = 원배수 1.701 → 적용 1.701)
funnel 탈락(첫 관문에서만 카운트): 시총9 → 거래대금176 → 등락12 → 평소대비0 → 회전율0```
**자격통과 종목(점수순 상위)**
　• [금호건설] +29.98% · 1,388억(평소×18.5) · 회전40.66% · 시총3,692억 · 점수 0.766 [건설]
　• [주성엔지니어링] +11.33% · 2,440억(평소×8.9) · 회전3.84% · 시총6.5조 · 점수 0.501 [반도체와반도체장비]
　• [에스피지] +9.22% · 1,269억(평소×8.7) · 회전5.12% · 시총2.5조 · 점수 0.429 [전기제품]
**아깝게 탈락 (2~3개 통과, 최대 10개)**
　• [금호전기] 통과 3/5 · +29.94% · 81억 [디스플레이장비및부품] ← 거래대금 81<680억, 회전율 0.00<3.66%
　• [LK삼양] 통과 3/5 · +29.93% · 87억 [전자장비와기기] ← 시총 708<1,000억, 거래대금 87<680억
　• [남화토건] 통과 3/5 · +28.15% · 93억 [건설] ← 시총 552<1,000억, 거래대금 93<680억
　• [위메이드맥스] 통과 3/5 · +27.22% · 75억 [게임엔터테인먼트] ← 거래대금 75<680억, 회전율 2.05<3.66%
　• [서산] 통과 3/5 · +26.89% · 281억 [건축자재] ← 시총 898<1,000억, 거래대금 281<680억
　• [에이비온] 통과 3/5 · +22.83% · 58억 [제약] ← 시총 960<1,000억, 거래대금 58<680억
　• [코스메카코리아] 통과 3/5 · +16.84% · 358억 [화장품] ← 거래대금 358<680억, 회전율 3.18<3.66%
　• [혜인] 통과 3/5 · +16.53% · 377억 [기계] ← 시총 892<1,000억, 거래대금 377<680억
　• [다스코] 통과 3/5 · +16.01% · 108억 [건축자재] ← 시총 693<1,000억, 거래대금 108<680억
　• [NHN] 통과 3/5 · +15.93% · 184억 [IT서비스] ← 거래대금 184<680억, 회전율 1.21<3.66%
_사유: 자격 3종목 통과, 후보 테마 0개 → 중복 병합 후 hot_min(3)↑ 잔존 테마 0_
2026-08-11 10:21:19.174 | INFO     | stock_bot.live.leader_runner:_leader_pick_tick:220 - leader pick [10:18] 미선별 — 10분 후 재시도 (exit=0)
⚠️ 조건 충족 대장주 없음
```
유니버스 200 → 자격통과 3
기준: 등락≥7% · 거래대금≥682억 · 시총≥1,000억 · 평소×2 · 회전율≥4.05%
거래대금 소스: intraday_flow×1.706: 400억 → 682억 ([유량] 오늘 10:10 84,784억 / 근사(완결4일avg 244,562억×frac0.20=49,695억) = 원배수 1.706 → 적용 1.706)
funnel 탈락(첫 관문에서만 카운트): 시총9 → 거래대금176 → 등락12 → 평소대비0 → 회전율0```
**자격통과 종목(점수순 상위)**
　• [금호건설] +29.98% · 1,395억(평소×16.2) · 회전40.87% · 시총3,692억 · 점수 0.764 [건설]
　• [주성엔지니어링] +12.57% · 2,873억(평소×9.1) · 회전4.54% · 시총6.5조 · 점수 0.531 [반도체와반도체장비]
　• [에스피지] +8.29% · 1,376억(평소×8.2) · 회전5.50% · 시총2.5조 · 점수 0.423 [전기제품]
**아깝게 탈락 (2~3개 통과, 최대 10개)**
　• [남화토건] 통과 3/5 · +29.98% · 106억 [건설] ← 시총 552<1,000억, 거래대금 106<682억
　• [금호전기] 통과 3/5 · +29.94% · 81억 [디스플레이장비및부품] ← 거래대금 81<682억, 회전율 0.00<4.05%
　• [LK삼양] 통과 3/5 · +29.93% · 87억 [전자장비와기기] ← 시총 708<1,000억, 거래대금 87<682억
　• [서산] 통과 3/5 · +27.14% · 309억 [건축자재] ← 시총 898<1,000억, 거래대금 309<682억
　• [위메이드맥스] 통과 3/5 · +27.07% · 77억 [게임엔터테인먼트] ← 거래대금 77<682억, 회전율 2.08<4.05%
　• [혜인] 통과 3/5 · +22.93% · 415억 [기계] ← 시총 892<1,000억, 거래대금 415<682억
　• [에이비온] 통과 3/5 · +21.05% · 59억 [제약] ← 시총 960<1,000억, 거래대금 59<682억
　• [코스메카코리아] 통과 3/5 · +18.00% · 374억 [화장품] ← 거래대금 374<682억, 회전율 3.35<4.05%
　• [예스티] 통과 3/5 · +16.82% · 105억 [반도체와반도체장비] ← 거래대금 105<682억, 회전율 2.31<4.05%
　• [NHN] 통과 3/5 · +14.61% · 192억 [IT서비스] ← 거래대금 192<682억, 회전율 1.24<4.05%
_사유: 자격 3종목 통과, 후보 테마 0개 → 중복 병합 후 hot_min(3)↑ 잔존 테마 0_
2026-08-11 10:24:38.266 | INFO     | stock_bot.live.runner:_start_env_watcher:1575 - env watcher started (1s poll, scope=대장주봇)
2026-08-11 10:24:39.758 | INFO     | stock_bot.live.leader_runner:run_leader:75 - leader runner started (trade_enabled=False, budget=50,000,000)
2026-08-11 10:24:39.761 | INFO     | stock_bot.live.leader_runner:run_leader:114 - leader market_flow prefetch scheduled: mon-fri 08:30 (pykrx KRX × 어제 r, 20d top-N)
2026-08-11 10:24:39.764 | INFO     | stock_bot.live.leader_runner:run_leader:153 - leader avgval prefetch scheduled: mon-fri 02:00 (daum top300 × 시총≥1000억 → KIS UN 순차)
2026-08-11 10:24:39.768 | INFO     | stock_bot.live.leader_runner:run_leader:238 - leader pick scheduled: mon-fri 9:28:30 → 10min retry until 13:00 (theme mode)
2026-08-11 10:24:39.770 | INFO     | stock_bot.live.leader_runner:run_leader:309 - leader reval scheduled: mon-fri 9-13 every minute (gated by switch toggle+interval)
2026-08-11 10:24:39.773 | INFO     | stock_bot.live.leader_runner:run_leader:333 - leader trade scheduled: mon-fri 9-15 every minute (enabled=False)
2026-08-11 10:25:49.817 | INFO     | stock_bot.live.runner:_is_trading_day:539 - 거래일 판정 2026-08-11 → 거래일 (출처: exchange_calendars)
2026-08-11 10:26:15.369 | INFO     | stock_bot.live.leader_trader:tick:467 - leader_trader: 2026-08-11 picks 미생성 — 선별 대기
2026-08-11 10:29:06.612 | INFO     | stock_bot.live.runner:_reload_env_if_changed:463 - .env 변경 감지, 핫리로드[대장주봇]: leader_trade_enabled: False → True; leader_sel_rise_min: 7.0 → 5.0
2026-08-11 10:31:14.936 | INFO     | stock_bot.live.leader_runner:_leader_pick_tick:220 - leader pick [10:28] 미선별 — 10분 후 재시도 (exit=0)
⚠️ 조건 충족 대장주 없음
```
유니버스 200 → 자격통과 3
기준: 등락≥7% · 거래대금≥400억 · 시총≥1,000억 · 평소×2 · 회전율≥4.43%
거래대금 소스: 고정 400억 (배수 1.0 — [유량] 완결 표본 0일 부족(≥3일 필요) → 배수 1.0)
funnel 탈락(첫 관문에서만 카운트): 시총10 → 거래대금157 → 등락30 → 평소대비0 → 회전율0```
**자격통과 종목(점수순 상위)**
　• [금호건설] +29.98% · 1,400억(평소×14.5) · 회전41.01% · 시총3,692억 · 점수 0.762 [건설 중소형]
　• [주성엔지니어링] +9.67% · 3,295억(평소×9.3) · 회전5.07% · 시총6.5조 · 점수 0.508 [LED장비]
　• [에스피지] +7.17% · 1,480억(평소×7.8) · 회전5.86% · 시총2.5조 · 점수 0.416 [제습기]
**아깝게 탈락 (2~3개 통과, 최대 10개)**
　• [남화토건] 통과 3/5 · +29.98% · 107억 [건설 중소형] ← 시총 552<1,000억, 거래대금 107<400억
　• [금호전기] 통과 3/5 · +29.94% · 82억 [LED] ← 거래대금 82<400억, 회전율 0.00<4.43%
　• [LK삼양] 통과 3/5 · +29.93% · 87억 [전기차 화재 방지(배터리 열폭주 등)] ← 시총 708<1,000억, 거래대금 87<400억
　• [위메이드맥스] 통과 3/5 · +26.48% · 79억 [게임] ← 거래대금 79<400억, 회전율 2.14<4.43%
　• [서산] 통과 3/5 · +24.41% · 327억 [시멘트/레미콘] ← 시총 898<1,000억, 거래대금 327<400억
　• [에이비온] 통과 3/5 · +21.28% · 60억 [코로나19(진단/치료제/백신 개발 등)] ← 시총 960<1,000억, 거래대금 60<400억
　• [코스메카코리아] 통과 3/5 · +16.53% · 394억 [화장품] ← 거래대금 394<400억, 회전율 3.49<4.43%
　• [예스티] 통과 3/5 · +15.91% · 115억 [LED장비] ← 거래대금 115<400억, 회전율 2.51<4.43%
　• [다스코] 통과 3/5 · +13.90% · 175억 [남북경협] ← 시총 693<1,000억, 거래대금 175<400억
　• [NHN] 통과 3/5 · +13.77% · 207억 [게임] ← 거래대금 207<400억, 회전율 1.33<4.43%
_사유: 자격 3종목 통과, 후보 테마 0개 → 중복 병합 후 hot_min(3)↑ 잔존 테마 0_
2026-08-11 10:40:58.461 | INFO     | stock_bot.live.leader_runner:_leader_pick_tick:220 - leader pick [10:38] 미선별 — 10분 후 재시도 (exit=0)
⚠️ 조건 충족 대장주 없음
```
유니버스 200 → 자격통과 4
기준: 등락≥5% · 거래대금≥400억 · 시총≥1,000억 · 평소×2 · 회전율≥4.82%
거래대금 소스: 고정 400억 (배수 1.0 — [유량] 완결 표본 0일 부족(≥3일 필요) → 배수 1.0)
funnel 탈락(첫 관문에서만 카운트): 시총9 → 거래대금153 → 등락32 → 평소대비1 → 회전율1```
**자격통과 종목(점수순 상위)**
　• [금호건설] +29.98% · 1,405억(평소×13.0) · 회전41.12% · 시총3,692억 · 점수 0.760 [건설 중소형]
　• [주성엔지니어링] +10.29% · 3,498억(평소×8.9) · 회전5.41% · 시총6.5조 · 점수 0.520 [LED장비]
　• [비에이치] +15.41% · 427억(평소×16.5) · 회전7.80% · 시총5,660억 · 점수 0.440 [무선충전기술]
　• [에스피지] +7.64% · 1,517억(평소×7.2) · 회전6.03% · 시총2.5조 · 점수 0.422 [제습기]
**아깝게 탈락 (2~3개 통과, 최대 10개)**
　• [남화토건] 통과 3/5 · +29.98% · 108억 [건설 중소형] ← 시총 552<1,000억, 거래대금 108<400억
　• [LK삼양] 통과 3/5 · +29.93% · 88억 [카메라모듈/부품] ← 시총 708<1,000억, 거래대금 88<400억
　• [서산] 통과 3/5 · +27.14% · 348억 [시멘트/레미콘] ← 시총 898<1,000억, 거래대금 348<400억
　• [위메이드맥스] 통과 3/5 · +26.18% · 80억 [게임] ← 거래대금 80<400억, 회전율 2.16<4.82%
　• [예스티] 통과 3/5 · +16.59% · 123억 [LED장비] ← 거래대금 123<400억, 회전율 2.69<4.82%
　• [SFA반도체] 통과 3/5 · +14.08% · 286억 [반도체 장비] ← 거래대금 286<400억, 회전율 3.02<4.82%
　• [다스코] 통과 3/5 · +13.90% · 188억 [남북경협] ← 시총 693<1,000억, 거래대금 188<400억
　• [NHN] 통과 3/5 · +13.17% · 212억 [게임] ← 거래대금 212<400억, 회전율 1.35<4.82%
　• [티에스이] 통과 3/5 · +12.33% · 274억 [LED장비] ← 거래대금 274<400억, 회전율 1.07<4.82%
　• [시노펙스] 통과 3/5 · +12.06% · 141억 [수자원(양적/질적 개선)] ← 거래대금 141<400억, 회전율 3.54<4.82%
_사유: 자격 4종목 통과, 후보 테마 0개 → 중복 병합 후 hot_min(3)↑ 잔존 테마 0_
2026-08-11 10:51:23.757 | INFO     | stock_bot.live.leader_runner:_leader_pick_tick:220 - leader pick [10:48] 미선별 — 10분 후 재시도 (exit=0)
⚠️ 조건 충족 대장주 없음
```
유니버스 200 → 자격통과 4
기준: 등락≥5% · 거래대금≥400억 · 시총≥1,000억 · 평소×2 · 회전율≥5.20%
거래대금 소스: 고정 400억 (배수 1.0 — [유량] 완결 표본 0일 부족(≥3일 필요) → 배수 1.0)
funnel 탈락(첫 관문에서만 카운트): 시총9 → 거래대금148 → 등락34 → 평소대비4 → 회전율1```
**자격통과 종목(점수순 상위)**
　• [금호건설] +29.98% · 1,407억(평소×11.9) · 회전41.19% · 시총3,692억 · 점수 0.758 [건설 중소형]
　• [주성엔지니어링] +8.70% · 3,639억(평소×8.4) · 회전5.55% · 시총6.5조 · 점수 0.504 [LED장비]
　• [비에이치] +15.80% · 464억(평소×16.3) · 회전8.48% · 시총5,660억 · 점수 0.452 [무선충전기술]
　• [에스피지] +6.52% · 1,549억(평소×6.7) · 회전6.10% · 시총2.5조 · 점수 0.409 [제습기]
**아깝게 탈락 (2~3개 통과, 최대 10개)**
　• [남화토건] 통과 3/5 · +29.98% · 108억 [건설 중소형] ← 시총 552<1,000억, 거래대금 108<400억
　• [LK삼양] 통과 3/5 · +29.93% · 88억 [전기차 화재 방지(배터리 열폭주 등)] ← 시총 708<1,000억, 거래대금 88<400억
　• [서산] 통과 3/5 · +28.13% · 362억 [시멘트/레미콘] ← 시총 898<1,000억, 거래대금 362<400억
　• [위메이드맥스] 통과 3/5 · +27.51% · 81억 [게임] ← 거래대금 81<400억, 회전율 2.22<5.20%
　• [다스코] 통과 3/5 · +17.37% · 214억 [태양광에너지] ← 시총 693<1,000억, 거래대금 214<400억
　• [예스티] 통과 3/5 · +16.14% · 127억 [LED장비] ← 거래대금 127<400억, 회전율 2.76<5.20%
　• [NHN] 통과 3/5 · +13.77% · 216억 [게임] ← 거래대금 216<400억, 회전율 1.39<5.20%
　• [SFA반도체] 통과 3/5 · +12.82% · 297억 [반도체 장비] ← 거래대금 297<400억, 회전율 3.09<5.20%
　• [시노펙스] 통과 3/5 · +10.96% · 144억 [수자원(양적/질적 개선)] ← 거래대금 144<400억, 회전율 3.58<5.20%
　• [티에스이] 통과 3/5 · +10.79% · 282억 [LED장비] ← 거래대금 282<400억, 회전율 1.08<5.20%
_사유: 자격 4종목 통과, 후보 테마 0개 → 중복 병합 후 hot_min(3)↑ 잔존 테마 0_
2026-08-11 10:55:36.223 | INFO     | stock_bot.live.runner:_start_env_watcher:1575 - env watcher started (1s poll, scope=대장주봇)
2026-08-11 10:55:37.489 | INFO     | stock_bot.live.leader_runner:run_leader:75 - leader runner started (trade_enabled=False, budget=50,000,000)
2026-08-11 10:55:37.493 | INFO     | stock_bot.live.leader_runner:run_leader:114 - leader market_flow prefetch scheduled: mon-fri 08:30 (pykrx KRX × 어제 r, 20d top-N)
2026-08-11 10:55:37.496 | INFO     | stock_bot.live.leader_runner:run_leader:153 - leader avgval prefetch scheduled: mon-fri 02:00 (daum top300 × 시총≥1000억 → KIS UN 순차)
2026-08-11 10:55:37.499 | INFO     | stock_bot.live.leader_runner:run_leader:167 - leader market_flow 캐시 0/5일 → 부팅 직후 백필 1회 실행
2026-08-11 10:56:31.948 | INFO     | stock_bot.live.runner:_is_trading_day:539 - 거래일 판정 2026-08-11 → 거래일 (출처: exchange_calendars)
2026-08-11 10:56:57.149 | INFO     | stock_bot.live.leader_runner:_leader_prefetch_market_flow:98 - leader market_flow prefetch [10:55] (exit=0) [prefetch_market_flow] 백필 5일 추가 / 캐시 총 5일 · KRX-only (요청 5일 · top 100)
2026-08-11 10:56:57.161 | INFO     | stock_bot.live.leader_runner:run_leader:238 - leader pick scheduled: mon-fri 9:28:30 → 10min retry until 13:00 (theme mode)
2026-08-11 10:56:57.163 | INFO     | stock_bot.live.leader_runner:run_leader:309 - leader reval scheduled: mon-fri 9-13 every minute (gated by switch toggle+interval)
2026-08-11 10:56:57.166 | INFO     | stock_bot.live.leader_runner:run_leader:333 - leader trade scheduled: mon-fri 9-15 every minute (enabled=False)
2026-08-11 10:57:00.020 | INFO     | stock_bot.live.leader_trader:tick:467 - leader_trader: 2026-08-11 picks 미생성 — 선별 대기
2026-08-11 10:59:51.420 | INFO     | stock_bot.live.runner:_reload_env_if_changed:463 - .env 변경 감지, 핫리로드[대장주봇]: leader_trade_enabled: False → True; leader_sel_rise_min: 7.0 → 5.0
2026-08-11 11:01:17.608 | INFO     | stock_bot.live.leader_runner:_leader_pick_tick:220 - leader pick [10:58] 미선별 — 10분 후 재시도 (exit=0)
⚠️ 조건 충족 대장주 없음
```
유니버스 200 → 자격통과 2
기준: 등락≥7% · 거래대금≥501억 · 시총≥1,000억 · 평소×2 · 회전율≥5.59%
거래대금 소스: intraday_flow 시장별: KOSPI×1.253=501억 · KOSDAQ×2.000=800억 ([유량 10:50] KOSPI kospi 오늘 88,733억 / 완결5일avg231,626억×frac0.31=70,808억 = raw1.253→1.253 | KOSDAQ kosdaq 오늘 30,254억 / 완결5일avg46,716억×frac0.31=14,281억 = raw2.118→2.000)
funnel 탈락(첫 관문에서만 카운트): 시총9 → 거래대금166 → 등락23 → 평소대비0 → 회전율0```
**자격통과 종목(점수순 상위)**
　• [금호건설] +29.98% · 1,410억(평소×10.9) · 회전41.27% · 시총3,692억 · 점수 0.757 [건설 중소형]
　• [주성엔지니어링] +7.94% · 3,768억(평소×7.9) · 회전5.71% · 시총6.5조 · 점수 0.496 [LED장비]
**아깝게 탈락 (2~3개 통과, 최대 10개)**
　• [남화토건] 통과 3/5 · +29.98% · 108억 [건설 중소형] ← 시총 552<1,000억, 거래대금 108<800억
　• [LK삼양] 통과 3/5 · +29.93% · 88억 [전기차 화재 방지(배터리 열폭주 등)] ← 시총 708<1,000억, 거래대금 88<800억
　• [서산] 통과 3/5 · +26.15% · 371억 [시멘트/레미콘] ← 시총 898<1,000억, 거래대금 371<800억
　• [위메이드맥스] 통과 3/5 · +25.30% · 83억 [게임] ← 거래대금 83<800억, 회전율 2.22<5.59%
　• [윙입푸드] 통과 3/5 · +18.81% · 72억 [국내 상장 중국기업] ← 거래대금 72<800억, 회전율 0.00<5.59%
　• [코스메카코리아] 통과 3/5 · +17.26% · 447억 [화장품] ← 거래대금 447<800억, 회전율 3.96<5.59%
　• [다스코] 통과 3/5 · +16.01% · 232억 [남북경협] ← 시총 693<1,000억, 거래대금 232<501억
　• [예스티] 통과 3/5 · +14.32% · 131억 [LED장비] ← 거래대금 131<800억, 회전율 2.82<5.59%
　• [본느] 통과 3/5 · +12.74% · 411억 [화장품] ← 시총 545<1,000억, 거래대금 411<800억
　• [NHN] 통과 3/5 · +12.46% · 231억 [게임] ← 거래대금 231<501억, 회전율 1.47<5.59%
_사유: 자격 2종목 통과, 후보 테마 0개 → 중복 병합 후 hot_min(3)↑ 잔존 테마 0_
2026-08-11 11:11:01.818 | INFO     | stock_bot.live.leader_runner:_leader_pick_tick:220 - leader pick [11:08] 미선별 — 10분 후 재시도 (exit=0)
⚠️ 조건 충족 대장주 없음
```
유니버스 200 → 자격통과 3
기준: 등락≥5% · 거래대금≥484억 · 시총≥1,000억 · 평소×2 · 회전율≥5.97%
거래대금 소스: intraday_flow 시장별: KOSPI×1.211=484억 · KOSDAQ×2.000=800억 ([유량 11:00] KOSPI kospi 오늘 92,901억 / 완결5일avg231,626억×frac0.33=76,741억 = raw1.211→1.211 | KOSDAQ kosdaq 오늘 31,254억 / 완결5일avg46,716억×frac0.33=15,478억 = raw2.019→2.000)
funnel 탈락(첫 관문에서만 카운트): 시총10 → 거래대금160 → 등락23 → 평소대비3 → 회전율1```
**자격통과 종목(점수순 상위)**
　• [금호건설] +29.98% · 1,412억(평소×10.1) · 회전41.31% · 시총3,692억 · 점수 0.755 [건설 중소형]
　• [비에이치] +13.22% · 487억(평소×14.5) · 회전8.69% · 시총5,660억 · 점수 0.423 [무선충전기술]
　• [에스피지] +6.15% · 1,621억(평소×5.9) · 회전6.37% · 시총2.5조 · 점수 0.406 [제습기]
**아깝게 탈락 (2~3개 통과, 최대 10개)**
　• [남화토건] 통과 3/5 · +29.98% · 109억 [건설 중소형] ← 시총 552<1,000억, 거래대금 109<800억
　• [LK삼양] 통과 3/5 · +29.93% · 88억 [전기차 화재 방지(배터리 열폭주 등)] ← 시총 708<1,000억, 거래대금 88<800억
　• [서산] 통과 3/5 · +26.89% · 376억 [시멘트/레미콘] ← 시총 898<1,000억, 거래대금 376<800억
　• [위메이드맥스] 통과 3/5 · +26.33% · 84억 [게임] ← 거래대금 84<800억, 회전율 2.27<5.97%
　• [코스메카코리아] 통과 3/5 · +18.42% · 457억 [화장품] ← 거래대금 457<800억, 회전율 4.09<5.97%
　• [다스코] 통과 3/5 · +18.13% · 250억 [태양광에너지] ← 시총 693<1,000억, 거래대금 250<484억
　• [윙입푸드] 통과 3/5 · +15.59% · 78억 [국내 상장 중국기업] ← 거래대금 78<800억, 회전율 0.00<5.97%
　• [예스티] 통과 3/5 · +14.09% · 133억 [LED장비] ← 거래대금 133<800억, 회전율 2.85<5.97%
　• [피제이메탈] 통과 3/5 · +13.93% · 75억 [비철금속] ← 시총 694<1,000억, 거래대금 75<800억
　• [NHN] 통과 3/5 · +11.98% · 234억 [게임] ← 거래대금 234<484억, 회전율 1.48<5.97%
_사유: 자격 3종목 통과, 후보 테마 0개 → 중복 병합 후 hot_min(3)↑ 잔존 테마 0_
2026-08-11 11:21:19.438 | INFO     | stock_bot.live.leader_runner:_leader_pick_tick:220 - leader pick [11:18] 미선별 — 10분 후 재시도 (exit=0)
⚠️ 조건 충족 대장주 없음
```
유니버스 200 → 자격통과 3
기준: 등락≥5% · 거래대금≥466억 · 시총≥1,000억 · 평소×2 · 회전율≥6.35%
거래대금 소스: intraday_flow 시장별: KOSPI×1.164=466억 · KOSDAQ×1.915=766억 ([유량 11:10] KOSPI kospi 오늘 96,264억 / 완결5일avg231,626억×frac0.36=82,683억 = raw1.164→1.164 | KOSDAQ kosdaq 오늘 31,933억 / 완결5일avg46,716억×frac0.36=16,676억 = raw1.915→1.915)
funnel 탈락(첫 관문에서만 카운트): 시총10 → 거래대금155 → 등락28 → 평소대비3 → 회전율1```
**자격통과 종목(점수순 상위)**
　• [금호건설] +29.98% · 1,412억(평소×9.3) · 회전41.33% · 시총3,692억 · 점수 0.754 [건설 중소형]
　• [비에이치] +13.67% · 503억(평소×13.9) · 회전9.01% · 시총5,660억 · 점수 0.431 [무선충전기술]
　• [에스피지] +6.80% · 1,633억(평소×5.5) · 회전6.45% · 시총2.5조 · 점수 0.413 [제습기]
**아깝게 탈락 (2~3개 통과, 최대 10개)**
　• [남화토건] 통과 3/5 · +29.98% · 109억 [건설 중소형] ← 시총 552<1,000억, 거래대금 109<766억
　• [LK삼양] 통과 3/5 · +29.93% · 88억 [카메라모듈/부품] ← 시총 708<1,000억, 거래대금 88<766억
　• [서산] 통과 3/5 · +27.88% · 387억 [시멘트/레미콘] ← 시총 898<1,000억, 거래대금 387<766억
　• [위메이드맥스] 통과 3/5 · +26.33% · 84억 [게임] ← 거래대금 84<766억, 회전율 2.27<6.35%
　• [코스메카코리아] 통과 3/5 · +19.68% · 480억 [화장품] ← 거래대금 480<766억, 회전율 4.33<6.35%
　• [다스코] 통과 3/5 · +16.47% · 262억 [남북경협] ← 시총 693<1,000억, 거래대금 262<466억
　• [윙입푸드] 통과 3/5 · +14.36% · 79억 [국내 상장 중국기업] ← 거래대금 79<766억, 회전율 0.00<6.35%
　• [예스티] 통과 3/5 · +14.09% · 134억 [LED장비] ← 거래대금 134<766억, 회전율 2.88<6.35%
　• [NHN] 통과 3/5 · +12.69% · 238억 [게임] ← 거래대금 238<466억, 회전율 1.52<6.35%
　• [위메이드] 통과 3/5 · +10.02% · 123억 [게임] ← 거래대금 123<766억, 회전율 1.77<6.35%
_사유: 자격 3종목 통과, 후보 테마 0개 → 중복 병합 후 hot_min(3)↑ 잔존 테마 0_
2026-08-11 11:31:03.296 | INFO     | stock_bot.live.leader_runner:_leader_pick_tick:220 - leader pick [11:28] 미선별 — 10분 후 재시도 (exit=0)
⚠️ 조건 충족 대장주 없음
```
유니버스 200 → 자격통과 2
기준: 등락≥5% · 거래대금≥445억 · 시총≥1,000억 · 평소×2 · 회전율≥6.74%
거래대금 소스: intraday_flow 시장별: KOSPI×1.114=445억 · KOSDAQ×1.828=731억 ([유량 11:20] KOSPI kospi 오늘 98,698억 / 완결5일avg231,626억×frac0.38=88,625억 = raw1.114→1.114 | KOSDAQ kosdaq 오늘 32,669억 / 완결5일avg46,716억×frac0.38=17,874억 = raw1.828→1.828)
funnel 탈락(첫 관문에서만 카운트): 시총10 → 거래대금151 → 등락32 → 평소대비3 → 회전율2```
**자격통과 종목(점수순 상위)**
　• [금호건설] +29.98% · 1,414억(평소×8.7) · 회전41.36% · 시총3,692억 · 점수 0.752 [건설 중소형]
　• [비에이치] +13.22% · 511억(평소×13.1) · 회전9.12% · 시총5,660억 · 점수 0.426 [무선충전기술]
**아깝게 탈락 (2~3개 통과, 최대 10개)**
　• [남화토건] 통과 3/5 · +29.98% · 109억 [건설 중소형] ← 시총 552<1,000억, 거래대금 109<731억
　• [LK삼양] 통과 3/5 · +29.93% · 88억 [카메라모듈/부품] ← 시총 708<1,000억, 거래대금 88<731억
　• [위메이드맥스] 통과 3/5 · +27.81% · 85억 [게임] ← 거래대금 85<731억, 회전율 2.32<6.74%
　• [서산] 통과 3/5 · +27.39% · 432억 [시멘트/레미콘] ← 시총 898<1,000억, 거래대금 432<731억
　• [코스메카코리아] 통과 3/5 · +21.79% · 506억 [화장품] ← 거래대금 506<731억, 회전율 4.64<6.74%
　• [다스코] 통과 3/5 · +17.67% · 277억 [태양광에너지] ← 시총 693<1,000억, 거래대금 277<445억
　• [예스티] 통과 3/5 · +14.09% · 136억 [LED장비] ← 거래대금 136<731억, 회전율 2.91<6.74%
　• [윙입푸드] 통과 3/5 · +13.37% · 80억 [국내 상장 중국기업] ← 거래대금 80<731억, 회전율 0.00<6.74%
　• [NHN] 통과 3/5 · +12.57% · 241억 [게임] ← 거래대금 241<445억, 회전율 1.54<6.74%
　• [위메이드] 통과 3/5 · +10.74% · 124억 [게임] ← 거래대금 124<731억, 회전율 1.80<6.74%
_사유: 자격 2종목 통과, 후보 테마 0개 → 중복 병합 후 hot_min(3)↑ 잔존 테마 0_
2026-08-11 11:40:58.335 | INFO     | stock_bot.live.leader_runner:_leader_pick_tick:220 - leader pick [11:38] 미선별 — 10분 후 재시도 (exit=0)
⚠️ 조건 충족 대장주 없음
```
유니버스 200 → 자격통과 2
기준: 등락≥5% · 거래대금≥426억 · 시총≥1,000억 · 평소×2 · 회전율≥7.12%
거래대금 소스: intraday_flow 시장별: KOSPI×1.064=426억 · KOSDAQ×1.744=698억 ([유량 11:30] KOSPI kospi 오늘 100,612억 / 완결5일avg231,626억×frac0.41=94,549억 = raw1.064→1.064 | KOSDAQ kosdaq 오늘 33,259억 / 완결5일avg46,716억×frac0.41=19,069억 = raw1.744→1.744)
funnel 탈락(첫 관문에서만 카운트): 시총10 → 거래대금149 → 등락31 → 평소대비5 → 회전율3```
**자격통과 종목(점수순 상위)**
　• [금호건설] +29.98% · 1,414억(평소×8.2) · 회전41.38% · 시총3,692억 · 점수 0.751 [건설 중소형]
　• [비에이치] +14.38% · 536억(평소×12.9) · 회전9.65% · 시총5,660억 · 점수 0.445 [무선충전기술]
**아깝게 탈락 (2~3개 통과, 최대 10개)**
　• [남화토건] 통과 3/5 · +29.98% · 109억 [건설 중소형] ← 시총 552<1,000억, 거래대금 109<698억
　• [LK삼양] 통과 3/5 · +29.93% · 88억 [전기차 화재 방지(배터리 열폭주 등)] ← 시총 708<1,000억, 거래대금 88<698억
　• [서산] 통과 3/5 · +29.86% · 449억 [시멘트/레미콘] ← 시총 898<1,000억, 거래대금 449<698억
　• [위메이드맥스] 통과 3/5 · +28.85% · 86억 [게임] ← 거래대금 86<698억, 회전율 2.38<7.12%
　• [코스메카코리아] 통과 3/5 · +20.63% · 539억 [화장품] ← 거래대금 539<698억, 회전율 4.88<7.12%
　• [다스코] 통과 3/5 · +17.98% · 285억 [태양광에너지] ← 시총 693<1,000억, 거래대금 285<426억
　• [NHN] 통과 3/5 · +13.65% · 246억 [게임] ← 거래대금 246<426억, 회전율 1.59<7.12%
　• [예스티] 통과 3/5 · +13.41% · 137억 [LED장비] ← 거래대금 137<698억, 회전율 2.91<7.12%
　• [위메이드] 통과 3/5 · +11.40% · 126억 [게임] ← 거래대금 126<698억, 회전율 1.84<7.12%
　• [피제이메탈] 통과 3/5 · +9.29% · 86억 [비철금속] ← 시총 694<1,000억, 거래대금 86<698억
_사유: 자격 2종목 통과, 후보 테마 0개 → 중복 병합 후 hot_min(3)↑ 잔존 테마 0_
2026-08-11 11:51:19.150 | INFO     | stock_bot.live.leader_runner:_leader_pick_tick:220 - leader pick [11:48] 미선별 — 10분 후 재시도 (exit=0)
⚠️ 조건 충족 대장주 없음
```
유니버스 200 → 자격통과 2
기준: 등락≥5% · 거래대금≥411억 · 시총≥1,000억 · 평소×2 · 회전율≥7.51%
거래대금 소스: intraday_flow 시장별: KOSPI×1.026=411억 · KOSDAQ×1.673=669억 ([유량 11:40] KOSPI kospi 오늘 103,177억 / 완결5일avg231,626억×frac0.43=100,523억 = raw1.026→1.026 | KOSDAQ kosdaq 오늘 33,911억 / 완결5일avg46,716억×frac0.43=20,274억 = raw1.673→1.673)
funnel 탈락(첫 관문에서만 카운트): 시총10 → 거래대금144 → 등락36 → 평소대비5 → 회전율3```
**자격통과 종목(점수순 상위)**
　• [금호건설] +29.98% · 1,415억(평소×7.7) · 회전41.40% · 시총3,692억 · 점수 0.750 [건설 중소형]
　• [비에이치] +13.35% · 548억(평소×12.4) · 회전9.79% · 시총5,660억 · 점수 0.434 [무선충전기술]
**아깝게 탈락 (2~3개 통과, 최대 10개)**
　• [남화토건] 통과 3/5 · +29.98% · 109억 [건설 중소형] ← 시총 552<1,000억, 거래대금 109<669억
　• [LK삼양] 통과 3/5 · +29.93% · 88억 [전기차 화재 방지(배터리 열폭주 등)] ← 시총 708<1,000억, 거래대금 88<669억
　• [서산] 통과 3/5 · +29.86% · 452억 [시멘트/레미콘] ← 시총 898<1,000억, 거래대금 452<669억
　• [위메이드맥스] 통과 3/5 · +28.55% · 91억 [게임] ← 거래대금 91<669억, 회전율 2.49<7.51%
　• [코스메카코리아] 통과 3/5 · +20.42% · 558억 [화장품] ← 거래대금 558<669억, 회전율 5.03<7.51%
　• [다스코] 통과 3/5 · +15.86% · 296억 [태양광에너지] ← 시총 693<1,000억, 거래대금 296<411억
　• [NHN] 통과 3/5 · +14.49% · 250억 [게임] ← 거래대금 250<411억, 회전율 1.62<7.51%
　• [예스티] 통과 3/5 · +13.41% · 138억 [LED장비] ← 거래대금 138<669억, 회전율 2.93<7.51%
　• [위메이드] 통과 3/5 · +11.04% · 132억 [게임] ← 거래대금 132<669억, 회전율 1.92<7.51%
　• [티에스이] 통과 3/5 · +9.91% · 326억 [LED장비] ← 거래대금 326<669억, 회전율 1.24<7.51%
_사유: 자격 2종목 통과, 후보 테마 0개 → 중복 병합 후 hot_min(3)↑ 잔존 테마 0_
2026-08-11 12:01:11.811 | INFO     | stock_bot.live.leader_runner:_leader_pick_tick:220 - leader pick [11:58] 미선별 — 10분 후 재시도 (exit=0)
⚠️ 조건 충족 대장주 없음
```
유니버스 200 → 자격통과 2
기준: 등락≥5% · 거래대금≥397억 · 시총≥1,000억 · 평소×2 · 회전율≥7.89%
거래대금 소스: intraday_flow 시장별: KOSPI×0.992=397억 · KOSDAQ×1.610=644억 ([유량 11:50] KOSPI kospi 오늘 105,541억 / 완결5일avg231,626억×frac0.46=106,433억 = raw0.992→0.992 | KOSDAQ kosdaq 오늘 34,554억 / 완결5일avg46,716억×frac0.46=21,466억 = raw1.610→1.610)
funnel 탈락(첫 관문에서만 카운트): 시총10 → 거래대금141 → 등락40 → 평소대비5 → 회전율2```
**자격통과 종목(점수순 상위)**
　• [금호건설] +29.98% · 1,416억(평소×7.3) · 회전41.42% · 시총3,692억 · 점수 0.749 [건설 중소형]
　• [비에이치] +12.83% · 560억(평소×12.0) · 회전9.94% · 시총5,660억 · 점수 0.429 [무선충전기술]
**아깝게 탈락 (2~3개 통과, 최대 10개)**
　• [남화토건] 통과 3/5 · +29.98% · 109억 [건설 중소형] ← 시총 552<1,000억, 거래대금 109<644억
　• [LK삼양] 통과 3/5 · +29.93% · 88억 [카메라모듈/부품] ← 시총 708<1,000억, 거래대금 88<644억
　• [서산] 통과 3/5 · +29.62% · 456억 [시멘트/레미콘] ← 시총 898<1,000억, 거래대금 456<644억
　• [위메이드맥스] 통과 3/5 · +29.44% · 94억 [게임] ← 거래대금 94<644억, 회전율 2.60<7.89%
　• [코스메카코리아] 통과 3/5 · +20.00% · 571억 [화장품] ← 거래대금 571<644억, 회전율 5.12<7.89%
　• [다스코] 통과 3/5 · +14.80% · 302억 [태양광에너지] ← 시총 693<1,000억, 거래대금 302<397억
　• [NHN] 통과 3/5 · +13.29% · 253억 [게임] ← 거래대금 253<397억, 회전율 1.63<7.89%
　• [예스티] 통과 3/5 · +12.73% · 140억 [LED장비] ← 거래대금 140<644억, 회전율 2.96<7.89%
　• [위메이드] 통과 3/5 · +11.99% · 133억 [게임] ← 거래대금 133<644억, 회전율 1.96<7.89%
　• [티에스이] 통과 3/5 · +9.03% · 331억 [LED장비] ← 거래대금 331<644억, 회전율 1.25<7.89%
_사유: 자격 2종목 통과, 후보 테마 0개 → 중복 병합 후 hot_min(3)↑ 잔존 테마 0_
2026-08-11 12:08:02.518 | INFO     | stock_bot.live.runner:_start_env_watcher:1575 - env watcher started (1s poll, scope=대장주봇)
2026-08-11 12:08:04.235 | INFO     | stock_bot.live.leader_runner:run_leader:75 - leader runner started (trade_enabled=False, budget=50,000,000)
2026-08-11 12:08:04.239 | INFO     | stock_bot.live.leader_runner:run_leader:114 - leader market_flow prefetch scheduled: mon-fri 08:30 (pykrx KRX × 어제 r, 20d top-N)
2026-08-11 12:08:04.242 | INFO     | stock_bot.live.leader_runner:run_leader:153 - leader avgval prefetch scheduled: mon-fri 02:00 (daum top300 × 시총≥1000억 → KIS UN 순차)
2026-08-11 12:08:04.244 | INFO     | stock_bot.live.leader_runner:run_leader:167 - leader market_flow 캐시 0/5일 → 부팅 직후 백필 1회 실행
2026-08-11 12:08:57.608 | INFO     | stock_bot.live.runner:_is_trading_day:539 - 거래일 판정 2026-08-11 → 거래일 (출처: exchange_calendars)
2026-08-11 12:09:21.189 | INFO     | stock_bot.live.leader_runner:_leader_prefetch_market_flow:98 - leader market_flow prefetch [12:08] (exit=0) [prefetch_market_flow] 백필 0일 추가 / 캐시 총 6일 · KRX-only (요청 5일 · top 100)
2026-08-11 12:09:21.193 | INFO     | stock_bot.live.leader_runner:run_leader:238 - leader pick scheduled: mon-fri 9:28:30 → 10min retry until 13:00 (theme mode)
2026-08-11 12:09:21.195 | INFO     | stock_bot.live.leader_runner:run_leader:309 - leader reval scheduled: mon-fri 9-13 every minute (gated by switch toggle+interval)
2026-08-11 12:09:21.197 | INFO     | stock_bot.live.leader_runner:run_leader:333 - leader trade scheduled: mon-fri 9-15 every minute (enabled=False)
2026-08-11 12:10:00.041 | INFO     | stock_bot.live.leader_trader:tick:467 - leader_trader: 2026-08-11 picks 미생성 — 선별 대기
2026-08-11 12:13:05.656 | INFO     | stock_bot.live.runner:_start_env_watcher:1575 - env watcher started (1s poll, scope=대장주봇)
2026-08-11 12:13:07.281 | INFO     | stock_bot.live.leader_runner:run_leader:75 - leader runner started (trade_enabled=False, budget=50,000,000)
2026-08-11 12:13:07.288 | INFO     | stock_bot.live.leader_runner:run_leader:114 - leader market_flow prefetch scheduled: mon-fri 08:30 (pykrx KRX × 어제 r, 20d top-N)
2026-08-11 12:13:07.291 | INFO     | stock_bot.live.leader_runner:run_leader:153 - leader avgval prefetch scheduled: mon-fri 02:00 (daum top300 × 시총≥1000억 → KIS UN 순차)
2026-08-11 12:13:07.293 | INFO     | stock_bot.live.leader_runner:run_leader:167 - leader market_flow 캐시 0/5일 → 부팅 직후 백필 1회 실행
2026-08-11 12:13:59.258 | INFO     | stock_bot.live.runner:_is_trading_day:539 - 거래일 판정 2026-08-11 → 거래일 (출처: exchange_calendars)
2026-08-11 12:14:17.713 | INFO     | stock_bot.live.leader_runner:_leader_prefetch_market_flow:98 - leader market_flow prefetch [12:13] (exit=0) [prefetch_market_flow] 백필 0일 추가 / 캐시 총 6일 · KRX-only (요청 5일 · top 100)
2026-08-11 12:14:17.717 | INFO     | stock_bot.live.leader_runner:run_leader:238 - leader pick scheduled: mon-fri 9:28:30 → 10min retry until 13:00 (theme mode)
2026-08-11 12:14:17.719 | INFO     | stock_bot.live.leader_runner:run_leader:309 - leader reval scheduled: mon-fri 9-13 every minute (gated by switch toggle+interval)
2026-08-11 12:14:17.721 | INFO     | stock_bot.live.leader_runner:run_leader:333 - leader trade scheduled: mon-fri 9-15 every minute (enabled=False)
2026-08-11 12:15:00.027 | INFO     | stock_bot.live.leader_trader:tick:467 - leader_trader: 2026-08-11 picks 미생성 — 선별 대기
2026-08-11 12:15:54.365 | INFO     | stock_bot.live.runner:_reload_env_if_changed:463 - .env 변경 감지, 핫리로드[대장주봇]: leader_trade_enabled: False → True; leader_sel_rise_min: 7.0 → 5.0
2026-08-11 12:20:52.780 | INFO     | stock_bot.live.leader_runner:_leader_pick_tick:220 - leader pick [12:18] 미선별 — 10분 후 재시도 (exit=0)
⚠️ 조건 충족 대장주 없음
```
유니버스 200 → 자격통과 2
기준: 등락≥5% · 거래대금≥378억 · 시총≥1,000억 · 평소×2 · 회전율≥8.66%
거래대금 소스: intraday_flow 시장별: KOSPI×0.945=378억 · KOSDAQ×1.499=599억 ([유량 12:10] KOSPI kospi 오늘 111,839억 / 완결5일avg231,626억×frac0.51=118,331억 = raw0.945→0.945 | KOSDAQ kosdaq 오늘 35,769억 / 완결5일avg46,716억×frac0.51=23,866억 = raw1.499→1.499)
funnel 탈락(첫 관문에서만 카운트): 시총9 → 거래대금135 → 등락42 → 평소대비9 → 회전율3```
**자격통과 종목(점수순 상위)**
　• [금호건설] +29.98% · 1,419억(평소×6.6) · 회전41.50% · 시총3,692억 · 점수 0.829 [건설 중소형]
　• [비에이치] +13.09% · 581억(평소×11.2) · 회전10.34% · 시총5,660억 · 점수 0.412 [무선충전기술]
**아깝게 탈락 (2~3개 통과, 최대 10개)**
　• [남화토건] 통과 3/5 · +29.98% · 109억 [건설 중소형] ← 시총 552<1,000억, 거래대금 109<599억
　• [위메이드맥스] 통과 3/5 · +28.99% · 96억 [게임] ← 거래대금 96<599억, 회전율 2.64<8.66%
　• [서산] 통과 3/5 · +28.38% · 473억 [시멘트/레미콘] ← 시총 898<1,000억, 거래대금 473<599억
　• [다스코] 통과 3/5 · +13.90% · 313억 [태양광에너지] ← 시총 693<1,000억, 거래대금 313<378억
　• [져스텍] 통과 3/5 · +13.58% · 196억 [2026 상반기 신규상장] ← 거래대금 196<599억, 평소대비 1.71<2배
　• [예스티] 통과 3/5 · +12.95% · 142억 [LED장비] ← 거래대금 142<599억, 회전율 3.01<8.66%
　• [NHN] 통과 3/5 · +12.34% · 259억 [게임] ← 거래대금 259<378억, 회전율 1.65<8.66%
　• [위메이드] 통과 3/5 · +11.40% · 136억 [게임] ← 거래대금 136<599억, 회전율 1.99<8.66%
　• [한국항공우주] 통과 3/5 · +10.38% · 441억 [방위산업/전쟁 및 테러] ← 평소대비 1.34<2배, 회전율 0.30<8.66%
　• [마녀공장] 통과 3/5 · +9.58% · 231억 [화장품] ← 거래대금 231<599억, 회전율 7.75<8.66%
_사유: 자격 2종목 통과, 후보 테마 0개 → 중복 병합 후 hot_min(3)↑ 잔존 테마 0_
2026-08-11 12:30:53.994 | INFO     | stock_bot.live.leader_runner:_leader_pick_tick:220 - leader pick [12:28] 미선별 — 10분 후 재시도 (exit=0)
⚠️ 조건 충족 대장주 없음
```
유니버스 200 → 자격통과 2
기준: 등락≥5% · 거래대금≥374억 · 시총≥1,000억 · 평소×2 · 회전율≥9.05%
거래대금 소스: intraday_flow 시장별: KOSPI×0.935=374억 · KOSDAQ×1.450=580억 ([유량 12:20] KOSPI kospi 오늘 116,231억 / 완결5일avg231,626억×frac0.54=124,257억 = raw0.935→0.935 | KOSDAQ kosdaq 오늘 36,344억 / 완결5일avg46,716억×frac0.54=25,061억 = raw1.450→1.450)
funnel 탈락(첫 관문에서만 카운트): 시총9 → 거래대금135 → 등락43 → 평소대비8 → 회전율3```
**자격통과 종목(점수순 상위)**
　• [금호건설] +29.98% · 1,419억(평소×6.3) · 회전41.51% · 시총3,692억 · 점수 0.828 [건설 중소형]
　• [비에이치] +13.15% · 588억(평소×10.8) · 회전10.48% · 시총5,660억 · 점수 0.414 [무선충전기술]
**아깝게 탈락 (2~3개 통과, 최대 10개)**
　• [남화토건] 통과 3/5 · +29.98% · 109억 [건설 중소형] ← 시총 552<1,000억, 거래대금 109<580억
　• [위메이드맥스] 통과 3/5 · +29.29% · 96억 [게임] ← 거래대금 96<580억, 회전율 2.66<9.05%
　• [서산] 통과 3/5 · +27.88% · 477억 [시멘트/레미콘] ← 시총 898<1,000억, 거래대금 477<580억
　• [져스텍] 통과 3/5 · +17.58% · 235억 [2026 상반기 신규상장] ← 거래대금 235<580억, 평소대비 1.95<2배
　• [다스코] 통과 3/5 · +14.05% · 315억 [태양광에너지] ← 시총 693<1,000억, 거래대금 315<374억
　• [NHN] 통과 3/5 · +13.29% · 261억 [게임] ← 거래대금 261<374억, 회전율 1.68<9.05%
　• [예스티] 통과 3/5 · +12.73% · 143억 [LED장비] ← 거래대금 143<580억, 회전율 3.03<9.05%
　• [위메이드] 통과 3/5 · +11.63% · 137억 [게임] ← 거래대금 137<580억, 회전율 2.00<9.05%
　• [한국항공우주] 통과 3/5 · +10.32% · 453억 [방위산업/전쟁 및 테러] ← 평소대비 1.31<2배, 회전율 0.31<9.05%
　• [티에스이] 통과 3/5 · +9.47% · 346억 [LED장비] ← 거래대금 346<580억, 회전율 1.32<9.05%
_사유: 자격 2종목 통과, 후보 테마 0개 → 중복 병합 후 hot_min(3)↑ 잔존 테마 0_
2026-08-11 12:41:04.636 | INFO     | stock_bot.live.leader_runner:_leader_pick_tick:220 - leader pick [12:38] 미선별 — 10분 후 재시도 (exit=0)
⚠️ 조건 충족 대장주 없음
```
유니버스 200 → 자격통과 3
기준: 등락≥5% · 거래대금≥367억 · 시총≥1,000억 · 평소×2 · 회전율≥9.43%
거래대금 소스: intraday_flow 시장별: KOSPI×0.917=367억 · KOSDAQ×1.416=566억 ([유량 12:30] KOSPI kospi 오늘 119,342억 / 완결5일avg231,626억×frac0.56=130,188억 = raw0.917→0.917 | KOSDAQ kosdaq 오늘 37,185억 / 완결5일avg46,716억×frac0.56=26,257억 = raw1.416→1.416)
funnel 탈락(첫 관문에서만 카운트): 시총9 → 거래대금129 → 등락45 → 평소대비10 → 회전율4```
**자격통과 종목(점수순 상위)**
　• [금호건설] +29.98% · 1,420억(평소×6.0) · 회전41.54% · 시총3,692억 · 점수 0.827 [건설 중소형]
　• [한국화장품제조] +19.29% · 394억(평소×41.6) · 회전18.77% · 시총2,139억 · 점수 0.529 [화장품]
　• [비에이치] +13.73% · 596억(평소×10.4) · 회전10.66% · 시총5,660억 · 점수 0.424 [무선충전기술]
**아깝게 탈락 (2~3개 통과, 최대 10개)**
　• [남화토건] 통과 3/5 · +29.98% · 109억 [건설 중소형] ← 시총 552<1,000억, 거래대금 109<566억
　• [위메이드맥스] 통과 3/5 · +29.88% · 97억 [게임] ← 거래대금 97<566억, 회전율 2.70<9.43%
　• [서산] 통과 3/5 · +27.63% · 481억 [시멘트/레미콘] ← 시총 898<1,000억, 거래대금 481<566억
　• [NHN] 통과 3/5 · +15.21% · 273억 [게임] ← 거래대금 273<367억, 회전율 1.78<9.43%
　• [다스코] 통과 3/5 · +13.75% · 321억 [태양광에너지] ← 시총 693<1,000억, 거래대금 321<367억
　• [예스티] 통과 3/5 · +12.61% · 145억 [LED장비] ← 거래대금 145<566억, 회전율 3.05<9.43%
　• [위메이드] 통과 3/5 · +12.59% · 141억 [게임] ← 거래대금 141<566억, 회전율 2.08<9.43%
　• [한국항공우주] 통과 3/5 · +11.16% · 502억 [방위산업/전쟁 및 테러] ← 평소대비 1.39<2배, 회전율 0.34<9.43%
　• [디앤디파마텍] 통과 3/5 · +9.59% · 893억 [비만치료제] ← 평소대비 0.95<2배, 회전율 2.88<9.43%
　• [SFA반도체] 통과 3/5 · +9.03% · 354억 [반도체 장비] ← 거래대금 354<566억, 회전율 3.57<9.43%
_사유: 자격 3종목 통과, 후보 테마 0개 → 중복 병합 후 hot_min(3)↑ 잔존 테마 0_
2026-08-11 12:50:50.904 | INFO     | stock_bot.live.leader_runner:_leader_pick_tick:220 - leader pick [12:48] 미선별 — 10분 후 재시도 (exit=0)
⚠️ 조건 충족 대장주 없음
```
유니버스 200 → 자격통과 3
기준: 등락≥5% · 거래대금≥363억 · 시총≥1,000억 · 평소×2 · 회전율≥9.82%
거래대금 소스: intraday_flow 시장별: KOSPI×0.908=363억 · KOSDAQ×1.382=553억 ([유량 12:40] KOSPI kospi 오늘 123,615억 / 완결5일avg231,626억×frac0.59=136,125억 = raw0.908→0.908 | KOSDAQ kosdaq 오늘 37,946억 / 완결5일avg46,716억×frac0.59=27,455억 = raw1.382→1.382)
funnel 탈락(첫 관문에서만 카운트): 시총9 → 거래대금126 → 등락49 → 평소대비9 → 회전율4```
**자격통과 종목(점수순 상위)**
　• [금호건설] +29.98% · 1,421억(평소×5.7) · 회전41.57% · 시총3,692억 · 점수 0.826 [건설 중소형]
　• [한국화장품제조] +18.85% · 404억(평소×40.8) · 회전19.17% · 시총2,139억 · 점수 0.526 [화장품]
　• [비에이치] +12.44% · 600억(평소×10.0) · 회전10.61% · 시총5,660억 · 점수 0.403 [무선충전기술]
**아깝게 탈락 (2~3개 통과, 최대 10개)**
　• [남화토건] 통과 3/5 · +29.98% · 109억 [건설 중소형] ← 시총 552<1,000억, 거래대금 109<553억
　• [위메이드맥스] 통과 3/5 · +29.88% · 97억 [게임] ← 거래대금 97<553억, 회전율 2.70<9.82%
　• [서산] 통과 3/5 · +28.13% · 484억 [시멘트/레미콘] ← 시총 898<1,000억, 거래대금 484<553억
　• [NHN] 통과 3/5 · +13.65% · 278억 [게임] ← 거래대금 278<363억, 회전율 1.79<9.82%
　• [다스코] 통과 3/5 · +12.84% · 325억 [태양광에너지] ← 시총 693<1,000억, 거래대금 325<363억
　• [위메이드] 통과 3/5 · +12.53% · 144억 [게임] ← 거래대금 144<553억, 회전율 2.12<9.82%
　• [예스티] 통과 3/5 · +12.05% · 146억 [LED장비] ← 거래대금 146<553억, 회전율 3.06<9.82%
　• [한국항공우주] 통과 3/5 · +11.42% · 524억 [드론(Drone)] ← 평소대비 1.38<2배, 회전율 0.36<9.82%
　• [디앤디파마텍] 통과 3/5 · +9.59% · 916억 [비만치료제] ← 평소대비 0.93<2배, 회전율 2.96<9.82%
　• [SFA반도체] 통과 3/5 · +8.66% · 356억 [시스템반도체] ← 거래대금 356<553억, 회전율 3.59<9.82%
_사유: 자격 3종목 통과, 후보 테마 0개 → 중복 병합 후 hot_min(3)↑ 잔존 테마 0_
2026-08-11 13:00:59.768 | INFO     | stock_bot.live.leader_runner:_leader_pick_tick:220 - leader pick [12:58] 미선별 — 10분 후 재시도 (exit=0)
⚠️ 조건 충족 대장주 없음
```
유니버스 200 → 자격통과 3
기준: 등락≥5% · 거래대금≥358억 · 시총≥1,000억 · 평소×2 · 회전율≥10.20%
거래대금 소스: intraday_flow 시장별: KOSPI×0.895=358억 · KOSDAQ×1.349=539억 ([유량 12:50] KOSPI kospi 오늘 127,130억 / 완결5일avg231,626억×frac0.61=142,066억 = raw0.895→0.895 | KOSDAQ kosdaq 오늘 38,643억 / 완결5일avg46,716억×frac0.61=28,653억 = raw1.349→1.349)
funnel 탈락(첫 관문에서만 카운트): 시총9 → 거래대금124 → 등락51 → 평소대비9 → 회전율4```
**자격통과 종목(점수순 상위)**
　• [금호건설] +29.98% · 1,421억(평소×5.5) · 회전41.58% · 시총3,692억 · 점수 0.824 [건설 중소형]
　• [한국화장품제조] +19.18% · 412억(평소×39.9) · 회전19.61% · 시총2,139억 · 점수 0.535 [화장품]
　• [비에이치] +12.70% · 605억(평소×9.7) · 회전10.73% · 시총5,660억 · 점수 0.408 [무선충전기술]
**아깝게 탈락 (2~3개 통과, 최대 10개)**
　• [남화토건] 통과 3/5 · +29.98% · 109억 [건설 중소형] ← 시총 552<1,000억, 거래대금 109<539억
　• [위메이드맥스] 통과 3/5 · +29.88% · 97억 [게임] ← 거래대금 97<539억, 회전율 2.70<10.20%
　• [서산] 통과 3/5 · +27.88% · 487억 [시멘트/레미콘] ← 시총 898<1,000억, 거래대금 487<539억
　• [NHN] 통과 3/5 · +14.01% · 283억 [게임] ← 거래대금 283<358억, 회전율 1.83<10.20%
　• [다스코] 통과 3/5 · +13.29% · 328억 [태양광에너지] ← 시총 693<1,000억, 거래대금 328<358억
　• [위메이드] 통과 3/5 · +12.59% · 145억 [게임] ← 거래대금 145<539억, 회전율 2.14<10.20%
　• [예스티] 통과 3/5 · +12.27% · 146억 [LED장비] ← 거래대금 146<539억, 회전율 3.08<10.20%
　• [한국항공우주] 통과 3/5 · +11.16% · 549억 [드론(Drone)] ← 평소대비 1.39<2배, 회전율 0.37<10.20%
　• [디앤디파마텍] 통과 3/5 · +9.59% · 952억 [비만치료제] ← 평소대비 0.92<2배, 회전율 3.08<10.20%
　• [티에스이] 통과 3/5 · +9.03% · 363억 [LED장비] ← 거래대금 363<539억, 회전율 1.38<10.20%
_사유: 자격 3종목 통과, 후보 테마 0개 → 중복 병합 후 hot_min(3)↑ 잔존 테마 0_
2026-08-11 16:22:58.751 | INFO     | stock_bot.live.runner:_start_env_watcher:1575 - env watcher started (1s poll, scope=대장주봇)
2026-08-11 16:23:00.103 | INFO     | stock_bot.live.leader_runner:run_leader:75 - leader runner started (trade_enabled=True, budget=50,000,000)
2026-08-11 16:23:00.107 | INFO     | stock_bot.live.leader_runner:run_leader:114 - leader market_flow prefetch scheduled: mon-fri 08:30 (pykrx KRX × 어제 r, 20d top-N)
2026-08-11 16:23:00.111 | INFO     | stock_bot.live.leader_runner:run_leader:153 - leader avgval prefetch scheduled: mon-fri 02:00 (daum top300 × 시총≥1000억 → KIS UN 순차)
2026-08-11 16:23:00.115 | INFO     | stock_bot.live.leader_runner:run_leader:167 - leader market_flow 캐시 0/5일 → 부팅 직후 백필 1회 실행
2026-08-11 16:23:50.183 | INFO     | stock_bot.live.runner:_is_trading_day:539 - 거래일 판정 2026-08-11 → 거래일 (출처: exchange_calendars)
2026-08-11 16:24:08.851 | INFO     | stock_bot.live.leader_runner:_leader_prefetch_market_flow:98 - leader market_flow prefetch [16:23] (exit=0) [prefetch_market_flow] 백필 0일 추가 / 캐시 총 6일 · KRX-only (요청 5일 · top 100)
2026-08-11 16:24:08.862 | INFO     | stock_bot.live.leader_runner:run_leader:238 - leader pick scheduled: mon-fri 9:28:30 → 10min retry until 13:00 (theme mode)
2026-08-11 16:24:08.865 | INFO     | stock_bot.live.leader_runner:run_leader:309 - leader reval scheduled: mon-fri 9-13 every minute (gated by switch toggle+interval)
2026-08-11 16:24:08.867 | INFO     | stock_bot.live.leader_runner:run_leader:333 - leader trade scheduled: mon-fri 9-15 every minute (enabled=True)
2026-08-11 16:32:39.126 | INFO     | stock_bot.live.runner:_start_env_watcher:1575 - env watcher started (1s poll, scope=대장주봇)
2026-08-11 16:32:40.834 | INFO     | stock_bot.live.leader_runner:run_leader:75 - leader runner started (trade_enabled=True, budget=50,000,000)
2026-08-11 16:32:40.842 | INFO     | stock_bot.live.leader_runner:run_leader:114 - leader market_flow prefetch scheduled: mon-fri 08:30 (pykrx KRX × 어제 r, 20d top-N)
2026-08-11 16:32:40.845 | INFO     | stock_bot.live.leader_runner:run_leader:153 - leader avgval prefetch scheduled: mon-fri 02:00 (daum top300 × 시총≥1000억 → KIS UN 순차)
2026-08-11 16:32:40.850 | INFO     | stock_bot.live.leader_runner:run_leader:167 - leader market_flow 캐시 0/5일 → 부팅 직후 백필 1회 실행
2026-08-11 16:33:33.632 | INFO     | stock_bot.live.runner:_is_trading_day:539 - 거래일 판정 2026-08-11 → 거래일 (출처: exchange_calendars)
2026-08-11 16:33:52.445 | INFO     | stock_bot.live.leader_runner:_leader_prefetch_market_flow:98 - leader market_flow prefetch [16:32] (exit=0) [prefetch_market_flow] 백필 0일 추가 / 캐시 총 6일 · KRX-only (요청 5일 · top 100)
2026-08-11 16:33:52.450 | INFO     | stock_bot.live.leader_runner:run_leader:238 - leader pick scheduled: mon-fri 9:28:30 → 10min retry until 13:00 (theme mode)
2026-08-11 16:33:52.452 | INFO     | stock_bot.live.leader_runner:run_leader:309 - leader reval scheduled: mon-fri 9-13 every minute (gated by switch toggle+interval)
2026-08-11 16:33:52.454 | INFO     | stock_bot.live.leader_runner:run_leader:333 - leader trade scheduled: mon-fri 9-15 every minute (enabled=True)
2026-08-11 16:45:54.730 | INFO     | stock_bot.live.runner:_start_env_watcher:1575 - env watcher started (1s poll, scope=대장주봇)
2026-08-11 16:45:56.209 | INFO     | stock_bot.live.leader_runner:run_leader:75 - leader runner started (trade_enabled=True, budget=50,000,000)
2026-08-11 16:45:56.212 | INFO     | stock_bot.live.leader_runner:run_leader:114 - leader market_flow prefetch scheduled: mon-fri 08:30 (pykrx KRX × 어제 r, 20d top-N)
2026-08-11 16:45:56.214 | INFO     | stock_bot.live.leader_runner:run_leader:156 - leader avgval prefetch scheduled: mon-fri 02:00 (daum top300 × 시총≥1000억 → KIS UN 순차)
2026-08-11 16:45:56.219 | INFO     | stock_bot.live.leader_runner:run_leader:170 - leader market_flow 캐시 0/5일 → 부팅 직후 백필 1회 실행
2026-08-11 16:46:50.548 | INFO     | stock_bot.live.runner:_is_trading_day:539 - 거래일 판정 2026-08-11 → 거래일 (출처: exchange_calendars)
2026-08-11 16:47:21.616 | INFO     | stock_bot.live.leader_runner:_leader_prefetch_market_flow:98 - leader market_flow prefetch [16:45] (exit=0) [prefetch_market_flow] 백필 0일 추가 / 캐시 총 6일 · KRX-only (요청 5일 · top 100)
2026-08-11 16:47:21.628 | INFO     | stock_bot.live.leader_runner:run_leader:241 - leader pick scheduled: mon-fri 9:28:30 → 10min retry until 13:00 (theme mode)
2026-08-11 16:47:21.630 | INFO     | stock_bot.live.leader_runner:run_leader:312 - leader reval scheduled: mon-fri 9-13 every minute (gated by switch toggle+interval)
2026-08-11 16:47:21.632 | INFO     | stock_bot.live.leader_runner:run_leader:336 - leader trade scheduled: mon-fri 9-15 every minute (enabled=True)
2026-08-11 16:57:21.596 | INFO     | stock_bot.live.runner:_start_env_watcher:1575 - env watcher started (1s poll, scope=대장주봇)
2026-08-11 16:57:22.969 | INFO     | stock_bot.live.leader_runner:run_leader:75 - leader runner started (trade_enabled=True, budget=50,000,000)
2026-08-11 16:57:22.973 | INFO     | stock_bot.live.leader_runner:run_leader:119 - leader market_flow prefetch scheduled: mon-fri 08:30 (pykrx KRX × 어제 r, 20d top-N)
2026-08-11 16:57:22.975 | INFO     | stock_bot.live.leader_runner:run_leader:161 - leader avgval prefetch scheduled: mon-fri 02:00 (daum top300 × 시총≥1000억 → KIS UN 순차)
2026-08-11 16:57:22.980 | INFO     | stock_bot.live.leader_runner:run_leader:175 - leader market_flow 캐시 0/5일 → 부팅 직후 백필 1회 실행
2026-08-11 16:58:16.158 | INFO     | stock_bot.live.runner:_is_trading_day:539 - 거래일 판정 2026-08-11 → 거래일 (출처: exchange_calendars)
2026-08-11 16:58:39.522 | INFO     | stock_bot.live.leader_runner:_leader_prefetch_market_flow:103 - leader market_flow prefetch [16:57] (exit=0)
  [prefetch_market_flow] 백필 0일 추가 / 캐시 총 6일 · KRX-only (요청 5일 · top 100)
    · 20260811: 코스피 12.71조 · 코스닥 3.86조
    · 20260810: 코스피 17.32조 · 코스닥 5.32조
    · 20260807: 코스피 23.12조 · 코스닥 3.93조
    · 20260806: 코스피 24.90조 · 코스닥 4.79조
    · 20260805: 코스피 23.89조 · 코스닥 4.90조
    · 20260804: 코스피 26.58조 · 코스닥 4.42조
2026-08-11 16:58:39.528 | INFO     | stock_bot.live.leader_runner:run_leader:246 - leader pick scheduled: mon-fri 9:28:30 → 10min retry until 13:00 (theme mode)
2026-08-11 16:58:39.530 | INFO     | stock_bot.live.leader_runner:run_leader:317 - leader reval scheduled: mon-fri 9-13 every minute (gated by switch toggle+interval)
2026-08-11 16:58:39.532 | INFO     | stock_bot.live.leader_runner:run_leader:341 - leader trade scheduled: mon-fri 9-15 every minute (enabled=True)
2026-08-11 18:24:44.057 | INFO     | stock_bot.live.runner:_start_env_watcher:1580 - env watcher started (1s poll, scope=대장주봇)
2026-08-11 18:24:46.008 | INFO     | stock_bot.live.leader_runner:run_leader:79 - leader runner started (trade_enabled=True, budget=50,000,000)
2026-08-11 18:24:46.013 | INFO     | stock_bot.live.leader_runner:run_leader:123 - leader market_flow prefetch scheduled: mon-fri 08:30 (pykrx KRX × 어제 r, 20d top-N)
2026-08-11 18:24:46.016 | INFO     | stock_bot.live.leader_runner:run_leader:165 - leader avgval prefetch scheduled: mon-fri 02:00 (daum top300 × 시총≥1000억 → KIS UN 순차)
2026-08-11 18:24:46.019 | INFO     | stock_bot.live.leader_runner:run_leader:179 - leader market_flow 캐시 0/5일 → 부팅 직후 백필 1회 실행
2026-08-11 18:25:37.894 | INFO     | stock_bot.live.runner:_is_trading_day:544 - 거래일 판정 2026-08-11 → 거래일 (출처: exchange_calendars)
2026-08-11 18:25:56.429 | INFO     | stock_bot.live.leader_runner:_leader_prefetch_market_flow:107 - leader market_flow prefetch [18:24] (exit=0)
  [prefetch_market_flow] 백필 0일 추가 / 캐시 총 6일 · KRX-only (요청 5일 · top 100)
    · 20260811: 코스피 12.71조 · 코스닥 3.86조
    · 20260810: 코스피 17.32조 · 코스닥 5.32조
    · 20260807: 코스피 23.12조 · 코스닥 3.93조
    · 20260806: 코스피 24.90조 · 코스닥 4.79조
    · 20260805: 코스피 23.89조 · 코스닥 4.90조
    · 20260804: 코스피 26.58조 · 코스닥 4.42조
2026-08-11 18:25:56.434 | INFO     | stock_bot.live.leader_runner:run_leader:250 - leader pick scheduled: mon-fri 9:28:30 → 10min retry until 13:00 (theme mode)
2026-08-11 18:25:56.436 | INFO     | stock_bot.live.leader_runner:run_leader:321 - leader reval scheduled: mon-fri 9-13 every minute (gated by switch toggle+interval)
2026-08-11 18:25:56.438 | INFO     | stock_bot.live.leader_runner:run_leader:345 - leader trade scheduled: mon-fri 9-15 every minute (enabled=True)
2026-08-11 18:33:46.567 | INFO     | stock_bot.live.runner:_start_env_watcher:1580 - env watcher started (1s poll, scope=대장주봇)
2026-08-11 18:33:48.029 | INFO     | stock_bot.live.leader_runner:run_leader:79 - leader runner started (trade_enabled=True, budget=50,000,000)
2026-08-11 18:33:48.033 | INFO     | stock_bot.live.leader_runner:run_leader:123 - leader market_flow prefetch scheduled: mon-fri 08:30 (pykrx KRX × 어제 r, 20d top-N)
2026-08-11 18:33:48.035 | INFO     | stock_bot.live.leader_runner:run_leader:165 - leader avgval prefetch scheduled: mon-fri 02:00 (daum top300 × 시총≥1000억 → KIS UN 순차)
2026-08-11 18:33:48.038 | INFO     | stock_bot.live.leader_runner:run_leader:179 - leader market_flow 캐시 0/5일 → 부팅 직후 백필 1회 실행
2026-08-11 18:34:40.398 | INFO     | stock_bot.live.runner:_is_trading_day:544 - 거래일 판정 2026-08-11 → 거래일 (출처: exchange_calendars)
2026-08-11 18:34:58.467 | INFO     | stock_bot.live.leader_runner:_leader_prefetch_market_flow:107 - leader market_flow prefetch [18:33] (exit=0)
  [prefetch_market_flow] 백필 0일 추가 / 캐시 총 6일 · KRX-only (요청 5일 · top 100)
    · 20260811: 코스피 12.71조 · 코스닥 3.86조
    · 20260810: 코스피 17.32조 · 코스닥 5.32조
    · 20260807: 코스피 23.12조 · 코스닥 3.93조
    · 20260806: 코스피 24.90조 · 코스닥 4.79조
    · 20260805: 코스피 23.89조 · 코스닥 4.90조
    · 20260804: 코스피 26.58조 · 코스닥 4.42조
2026-08-11 18:34:58.488 | INFO     | stock_bot.live.leader_runner:run_leader:250 - leader pick scheduled: mon-fri 9:28:30 → 10min retry until 13:00 (theme mode)
2026-08-11 18:34:58.490 | INFO     | stock_bot.live.leader_runner:run_leader:321 - leader reval scheduled: mon-fri 9-13 every minute (gated by switch toggle+interval)
2026-08-11 18:34:58.491 | INFO     | stock_bot.live.leader_runner:run_leader:345 - leader trade scheduled: mon-fri 9-15 every minute (enabled=True)
2026-08-11 18:38:37.619 | INFO     | stock_bot.live.runner:_start_env_watcher:1580 - env watcher started (1s poll, scope=대장주봇)
2026-08-11 18:38:39.038 | INFO     | stock_bot.live.leader_runner:run_leader:79 - leader runner started (trade_enabled=True, budget=50,000,000)
2026-08-11 18:38:39.042 | INFO     | stock_bot.live.leader_runner:run_leader:123 - leader market_flow prefetch scheduled: mon-fri 08:30 (pykrx KRX × 어제 r, 20d top-N)
2026-08-11 18:38:39.044 | INFO     | stock_bot.live.leader_runner:run_leader:165 - leader avgval prefetch scheduled: mon-fri 02:00 (daum top300 × 시총≥1000억 → KIS UN 순차)
2026-08-11 18:38:39.047 | INFO     | stock_bot.live.leader_runner:run_leader:179 - leader market_flow 캐시 0/5일 → 부팅 직후 백필 1회 실행
2026-08-11 18:39:31.882 | INFO     | stock_bot.live.runner:_is_trading_day:544 - 거래일 판정 2026-08-11 → 거래일 (출처: exchange_calendars)
2026-08-11 18:39:51.264 | INFO     | stock_bot.live.leader_runner:_leader_prefetch_market_flow:107 - leader market_flow prefetch [18:38] (exit=0)
  [prefetch_market_flow] 백필 0일 추가 / 캐시 총 6일 · KRX-only (요청 5일 · top 100)
    · 20260811: 코스피 12.71조 · 코스닥 3.86조
    · 20260810: 코스피 17.32조 · 코스닥 5.32조
    · 20260807: 코스피 23.12조 · 코스닥 3.93조
    · 20260806: 코스피 24.90조 · 코스닥 4.79조
    · 20260805: 코스피 23.89조 · 코스닥 4.90조
    · 20260804: 코스피 26.58조 · 코스닥 4.42조
2026-08-11 18:39:51.278 | INFO     | stock_bot.live.leader_runner:run_leader:250 - leader pick scheduled: mon-fri 9:28:30 → 10min retry until 13:00 (theme mode)
2026-08-11 18:39:51.280 | INFO     | stock_bot.live.leader_runner:run_leader:321 - leader reval scheduled: mon-fri 9-13 every minute (gated by switch toggle+interval)
2026-08-11 18:39:51.281 | INFO     | stock_bot.live.leader_runner:run_leader:345 - leader trade scheduled: mon-fri 9-15 every minute (enabled=True)
2026-08-11 18:52:05.483 | INFO     | stock_bot.live.runner:_start_env_watcher:1580 - env watcher started (1s poll, scope=대장주봇)
2026-08-11 18:52:07.067 | INFO     | stock_bot.live.leader_runner:run_leader:79 - leader runner started (trade_enabled=True, budget=50,000,000)
2026-08-11 18:52:07.072 | INFO     | stock_bot.live.leader_runner:run_leader:123 - leader market_flow prefetch scheduled: mon-fri 08:30 (pykrx KRX × 어제 r, 20d top-N)
2026-08-11 18:52:07.075 | INFO     | stock_bot.live.leader_runner:run_leader:165 - leader avgval prefetch scheduled: mon-fri 02:00 (daum top300 × 시총≥1000억 → KIS UN 순차)
2026-08-11 18:52:07.076 | INFO     | stock_bot.live.leader_runner:run_leader:172 - leader market_flow 부팅 직후 백필 1회 실행 (최근 5영업일 강제 덮어쓰기)
2026-08-11 18:52:58.441 | INFO     | stock_bot.live.runner:_is_trading_day:544 - 거래일 판정 2026-08-11 → 거래일 (출처: exchange_calendars)
2026-08-11 18:53:26.139 | INFO     | stock_bot.live.leader_runner:_leader_prefetch_market_flow:107 - leader market_flow prefetch [18:52] (exit=0)
  [prefetch_market_flow] 백필 0일 추가 / 캐시 총 6일 · KRX-only (요청 5일 · top 100)
    · 20260811: 코스피 12.71조 · 코스닥 3.86조
    · 20260810: 코스피 17.32조 · 코스닥 5.32조
    · 20260807: 코스피 23.12조 · 코스닥 3.93조
    · 20260806: 코스피 24.90조 · 코스닥 4.79조
    · 20260805: 코스피 23.89조 · 코스닥 4.90조
    · 20260804: 코스피 26.58조 · 코스닥 4.42조
2026-08-11 18:53:26.145 | INFO     | stock_bot.live.leader_runner:run_leader:240 - leader pick scheduled: mon-fri 9:28:30 → 10min retry until 13:00 (theme mode)
2026-08-11 18:53:26.147 | INFO     | stock_bot.live.leader_runner:run_leader:311 - leader reval scheduled: mon-fri 9-13 every minute (gated by switch toggle+interval)
2026-08-11 18:53:26.150 | INFO     | stock_bot.live.leader_runner:run_leader:335 - leader trade scheduled: mon-fri 9-15 every minute (enabled=True)
2026-08-11 19:06:15.078 | INFO     | stock_bot.live.runner:_start_env_watcher:1580 - env watcher started (1s poll, scope=대장주봇)
2026-08-11 19:06:16.460 | INFO     | stock_bot.live.leader_runner:run_leader:79 - leader runner started (trade_enabled=True, budget=50,000,000)
2026-08-11 19:06:16.463 | INFO     | stock_bot.live.leader_runner:run_leader:123 - leader market_flow prefetch scheduled: mon-fri 08:30 (pykrx KRX × 어제 r, 20d top-N)
2026-08-11 19:06:16.466 | INFO     | stock_bot.live.leader_runner:run_leader:165 - leader avgval prefetch scheduled: mon-fri 02:00 (daum top300 × 시총≥1000억 → KIS UN 순차)
2026-08-11 19:06:16.467 | INFO     | stock_bot.live.leader_runner:run_leader:172 - leader market_flow 부팅 직후 백필 1회 실행 (최근 5영업일 강제 덮어쓰기)
2026-08-11 19:07:08.491 | INFO     | stock_bot.live.runner:_is_trading_day:544 - 거래일 판정 2026-08-11 → 거래일 (출처: exchange_calendars)
2026-08-11 19:07:33.537 | INFO     | stock_bot.live.leader_runner:_leader_prefetch_market_flow:107 - leader market_flow prefetch [19:06] (exit=0)
  [prefetch_market_flow] 신규 0일 · 덮어씀 0일 / 캐시 총 6일 · KRX-only (요청 5일 · top 100)
    · 20260811: 코스피 12.71조 · 코스닥 3.86조
    · 20260810: 코스피 17.32조 · 코스닥 5.32조
    · 20260807: 코스피 23.12조 · 코스닥 3.93조
    · 20260806: 코스피 24.90조 · 코스닥 4.79조
    · 20260805: 코스피 23.89조 · 코스닥 4.90조
    · 20260804: 코스피 26.58조 · 코스닥 4.42조
2026-08-11 19:07:33.553 | INFO     | stock_bot.live.leader_runner:run_leader:240 - leader pick scheduled: mon-fri 9:28:30 → 10min retry until 13:00 (theme mode)
2026-08-11 19:07:33.555 | INFO     | stock_bot.live.leader_runner:run_leader:311 - leader reval scheduled: mon-fri 9-13 every minute (gated by switch toggle+interval)
2026-08-11 19:07:33.558 | INFO     | stock_bot.live.leader_runner:run_leader:335 - leader trade scheduled: mon-fri 9-15 every minute (enabled=True)
