2026-08-02 03:40:02.278 | INFO     | stock_bot.live.runner:_start_env_watcher:1542 - env watcher started (1s poll, scope=대장주봇)
2026-08-02 03:40:03.976 | INFO     | stock_bot.live.leader_runner:run_leader:49 - leader runner started (trade_enabled=False, budget=5,000,000)
2026-08-02 03:40:03.978 | INFO     | stock_bot.live.leader_runner:run_leader:104 - leader pick scheduled: mon-fri 9:28:30 → 10min retry until 13:00 (theme mode)
2026-08-02 03:40:03.980 | INFO     | stock_bot.live.leader_runner:run_leader:128 - leader trade scheduled: mon-fri 9-15 every minute (enabled=False)
2026-08-02 04:09:39.703 | INFO     | stock_bot.live.runner:_start_env_watcher:1543 - env watcher started (1s poll, scope=대장주봇)
2026-08-02 04:09:40.834 | INFO     | stock_bot.live.leader_runner:run_leader:49 - leader runner started (trade_enabled=False, budget=5,000,000)
2026-08-02 04:09:40.837 | INFO     | stock_bot.live.leader_runner:run_leader:104 - leader pick scheduled: mon-fri 9:28:30 → 10min retry until 13:00 (theme mode)
2026-08-02 04:09:40.839 | INFO     | stock_bot.live.leader_runner:run_leader:128 - leader trade scheduled: mon-fri 9-15 every minute (enabled=False)
2026-08-02 04:18:36.330 | INFO     | stock_bot.live.runner:_start_env_watcher:1547 - env watcher started (1s poll, scope=대장주봇)
2026-08-02 04:18:37.585 | INFO     | stock_bot.live.leader_runner:run_leader:49 - leader runner started (trade_enabled=False, budget=5,000,000)
2026-08-02 04:18:37.587 | INFO     | stock_bot.live.leader_runner:run_leader:104 - leader pick scheduled: mon-fri 9:28:30 → 10min retry until 13:00 (theme mode)
2026-08-02 04:18:37.589 | INFO     | stock_bot.live.leader_runner:run_leader:128 - leader trade scheduled: mon-fri 9-15 every minute (enabled=False)
2026-08-02 04:28:36.977 | INFO     | stock_bot.live.runner:_start_env_watcher:1558 - env watcher started (1s poll, scope=대장주봇)
2026-08-02 04:28:38.174 | INFO     | stock_bot.live.leader_runner:run_leader:49 - leader runner started (trade_enabled=False, budget=5,000,000)
2026-08-02 04:28:38.181 | INFO     | stock_bot.live.leader_runner:run_leader:104 - leader pick scheduled: mon-fri 9:28:30 → 10min retry until 13:00 (theme mode)
2026-08-02 04:28:38.183 | INFO     | stock_bot.live.leader_runner:run_leader:152 - leader reval scheduled: mon-fri 9-13 every minute (gated by switch toggle+interval)
2026-08-02 04:28:38.185 | INFO     | stock_bot.live.leader_runner:run_leader:176 - leader trade scheduled: mon-fri 9-15 every minute (enabled=False)
2026-08-02 04:39:02.152 | INFO     | stock_bot.live.runner:_start_env_watcher:1558 - env watcher started (1s poll, scope=대장주봇)
2026-08-02 04:39:03.604 | INFO     | stock_bot.live.leader_runner:run_leader:49 - leader runner started (trade_enabled=False, budget=5,000,000)
2026-08-02 04:39:03.618 | INFO     | stock_bot.live.leader_runner:run_leader:104 - leader pick scheduled: mon-fri 9:28:30 → 10min retry until 13:00 (theme mode)
2026-08-02 04:39:03.621 | INFO     | stock_bot.live.leader_runner:run_leader:152 - leader reval scheduled: mon-fri 9-13 every minute (gated by switch toggle+interval)
2026-08-02 04:39:03.623 | INFO     | stock_bot.live.leader_runner:run_leader:176 - leader trade scheduled: mon-fri 9-15 every minute (enabled=False)
2026-08-02 04:45:55.207 | INFO     | stock_bot.live.runner:_start_env_watcher:1558 - env watcher started (1s poll, scope=대장주봇)
2026-08-02 04:45:56.304 | INFO     | stock_bot.live.leader_runner:run_leader:49 - leader runner started (trade_enabled=False, budget=5,000,000)
2026-08-02 04:45:56.306 | INFO     | stock_bot.live.leader_runner:run_leader:104 - leader pick scheduled: mon-fri 9:28:30 → 10min retry until 13:00 (theme mode)
2026-08-02 04:45:56.308 | INFO     | stock_bot.live.leader_runner:run_leader:152 - leader reval scheduled: mon-fri 9-13 every minute (gated by switch toggle+interval)
2026-08-02 04:45:56.310 | INFO     | stock_bot.live.leader_runner:run_leader:176 - leader trade scheduled: mon-fri 9-15 every minute (enabled=False)
2026-08-02 04:52:16.442 | INFO     | stock_bot.live.runner:_start_env_watcher:1558 - env watcher started (1s poll, scope=대장주봇)
2026-08-02 04:52:17.575 | INFO     | stock_bot.live.leader_runner:run_leader:49 - leader runner started (trade_enabled=False, budget=5,000,000)
2026-08-02 04:52:17.578 | INFO     | stock_bot.live.leader_runner:run_leader:104 - leader pick scheduled: mon-fri 9:28:30 → 10min retry until 13:00 (theme mode)
2026-08-02 04:52:17.580 | INFO     | stock_bot.live.leader_runner:run_leader:152 - leader reval scheduled: mon-fri 9-13 every minute (gated by switch toggle+interval)
2026-08-02 04:52:17.583 | INFO     | stock_bot.live.leader_runner:run_leader:176 - leader trade scheduled: mon-fri 9-15 every minute (enabled=False)
2026-08-02 13:18:15.489 | INFO     | stock_bot.live.runner:_start_env_watcher:1558 - env watcher started (1s poll, scope=대장주봇)
2026-08-02 13:18:16.712 | INFO     | stock_bot.live.leader_runner:run_leader:49 - leader runner started (trade_enabled=False, budget=5,000,000)
2026-08-02 13:18:16.715 | INFO     | stock_bot.live.leader_runner:run_leader:104 - leader pick scheduled: mon-fri 9:28:30 → 10min retry until 13:00 (theme mode)
2026-08-02 13:18:16.717 | INFO     | stock_bot.live.leader_runner:run_leader:152 - leader reval scheduled: mon-fri 9-13 every minute (gated by switch toggle+interval)
2026-08-02 13:18:16.720 | INFO     | stock_bot.live.leader_runner:run_leader:176 - leader trade scheduled: mon-fri 9-15 every minute (enabled=False)
2026-08-02 13:51:59.441 | INFO     | stock_bot.live.runner:_start_env_watcher:1558 - env watcher started (1s poll, scope=대장주봇)
2026-08-02 13:52:00.676 | INFO     | stock_bot.live.leader_runner:run_leader:49 - leader runner started (trade_enabled=False, budget=5,000,000)
2026-08-02 13:52:00.678 | INFO     | stock_bot.live.leader_runner:run_leader:104 - leader pick scheduled: mon-fri 9:28:30 → 10min retry until 13:00 (theme mode)
2026-08-02 13:52:00.680 | INFO     | stock_bot.live.leader_runner:run_leader:152 - leader reval scheduled: mon-fri 9-13 every minute (gated by switch toggle+interval)
2026-08-02 13:52:00.681 | INFO     | stock_bot.live.leader_runner:run_leader:176 - leader trade scheduled: mon-fri 9-15 every minute (enabled=False)
2026-08-02 17:01:26.767 | INFO     | stock_bot.live.runner:_start_env_watcher:1560 - env watcher started (1s poll, scope=대장주봇)
2026-08-02 17:01:28.719 | INFO     | stock_bot.live.leader_runner:run_leader:49 - leader runner started (trade_enabled=False, budget=5,000,000)
2026-08-02 17:01:28.721 | INFO     | stock_bot.live.leader_runner:run_leader:104 - leader pick scheduled: mon-fri 9:28:30 → 10min retry until 13:00 (theme mode)
2026-08-02 17:01:28.723 | INFO     | stock_bot.live.leader_runner:run_leader:152 - leader reval scheduled: mon-fri 9-13 every minute (gated by switch toggle+interval)
2026-08-02 17:01:28.726 | INFO     | stock_bot.live.leader_runner:run_leader:176 - leader trade scheduled: mon-fri 9-15 every minute (enabled=False)
2026-08-02 20:24:45.870 | INFO     | stock_bot.live.runner:_start_env_watcher:1560 - env watcher started (1s poll, scope=대장주봇)
2026-08-02 20:24:46.958 | INFO     | stock_bot.live.leader_runner:run_leader:49 - leader runner started (trade_enabled=False, budget=5,000,000)
2026-08-02 20:24:46.961 | INFO     | stock_bot.live.leader_runner:run_leader:104 - leader pick scheduled: mon-fri 9:28:30 → 10min retry until 13:00 (theme mode)
2026-08-02 20:24:46.963 | INFO     | stock_bot.live.leader_runner:run_leader:152 - leader reval scheduled: mon-fri 9-13 every minute (gated by switch toggle+interval)
2026-08-02 20:24:46.965 | INFO     | stock_bot.live.leader_runner:run_leader:176 - leader trade scheduled: mon-fri 9-15 every minute (enabled=False)
2026-08-02 20:48:05.525 | INFO     | stock_bot.live.runner:_start_env_watcher:1560 - env watcher started (1s poll, scope=대장주봇)
2026-08-02 20:48:09.048 | INFO     | stock_bot.live.leader_runner:run_leader:49 - leader runner started (trade_enabled=False, budget=5,000,000)
2026-08-02 20:48:09.053 | INFO     | stock_bot.live.leader_runner:run_leader:104 - leader pick scheduled: mon-fri 9:28:30 → 10min retry until 13:00 (theme mode)
2026-08-02 20:48:09.055 | INFO     | stock_bot.live.leader_runner:run_leader:152 - leader reval scheduled: mon-fri 9-13 every minute (gated by switch toggle+interval)
2026-08-02 20:48:09.057 | INFO     | stock_bot.live.leader_runner:run_leader:176 - leader trade scheduled: mon-fri 9-15 every minute (enabled=False)
2026-08-02 21:22:14.841 | INFO     | stock_bot.live.runner:_start_env_watcher:1560 - env watcher started (1s poll, scope=대장주봇)
2026-08-02 21:22:15.833 | INFO     | stock_bot.live.leader_runner:run_leader:49 - leader runner started (trade_enabled=False, budget=5,000,000)
2026-08-02 21:22:15.836 | INFO     | stock_bot.live.leader_runner:run_leader:104 - leader pick scheduled: mon-fri 9:28:30 → 10min retry until 13:00 (theme mode)
2026-08-02 21:22:15.839 | INFO     | stock_bot.live.leader_runner:run_leader:152 - leader reval scheduled: mon-fri 9-13 every minute (gated by switch toggle+interval)
2026-08-02 21:22:15.841 | INFO     | stock_bot.live.leader_runner:run_leader:176 - leader trade scheduled: mon-fri 9-15 every minute (enabled=False)
2026-08-02 21:27:49.054 | INFO     | stock_bot.live.runner:_reload_env_if_changed:448 - .env 변경 감지, 핫리로드[대장주봇]: leader_anchor: off → vwap; leader_switch_enabled: False → True
