2026-08-10 03:12:19.147 | INFO     | stock_bot.live.runner:_start_env_watcher:1575 - env watcher started (1s poll, scope=대장주봇)
2026-08-10 03:12:20.725 | INFO     | stock_bot.live.leader_runner:run_leader:77 - leader runner started (trade_enabled=False, budget=5,000,000)
2026-08-10 03:12:20.729 | INFO     | stock_bot.live.leader_runner:run_leader:132 - leader pick scheduled: mon-fri 9:28:30 → 10min retry until 13:00 (theme mode)
2026-08-10 03:12:20.732 | INFO     | stock_bot.live.leader_runner:run_leader:203 - leader reval scheduled: mon-fri 9-13 every minute (gated by switch toggle+interval)
2026-08-10 03:12:20.735 | INFO     | stock_bot.live.leader_runner:run_leader:227 - leader trade scheduled: mon-fri 9-15 every minute (enabled=False)
2026-08-10 03:15:03.470 | INFO     | stock_bot.live.runner:_reload_env_if_changed:463 - .env 변경 감지, 핫리로드[대장주봇]: leader_budget_krw: 5000000.0 → 50000000.0; leader_anchor: off → vwap; leader_anchor_tol: 0.0 → 0.3; leader_switch_interval_min: 30 → 5; leader_sel_rise_min: 3.0 → 7.0
2026-08-10 03:18:47.837 | INFO     | stock_bot.live.runner:_start_env_watcher:1575 - env watcher started (1s poll, scope=대장주봇)
2026-08-10 03:18:49.692 | INFO     | stock_bot.live.leader_runner:run_leader:77 - leader runner started (trade_enabled=False, budget=50,000,000)
2026-08-10 03:18:49.706 | INFO     | stock_bot.live.leader_runner:run_leader:132 - leader pick scheduled: mon-fri 9:28:30 → 10min retry until 13:00 (theme mode)
2026-08-10 03:18:49.710 | INFO     | stock_bot.live.leader_runner:run_leader:203 - leader reval scheduled: mon-fri 9-13 every minute (gated by switch toggle+interval)
2026-08-10 03:18:49.719 | INFO     | stock_bot.live.leader_runner:run_leader:227 - leader trade scheduled: mon-fri 9-15 every minute (enabled=False)
2026-08-10 03:31:59.822 | INFO     | stock_bot.live.runner:_start_env_watcher:1575 - env watcher started (1s poll, scope=대장주봇)
2026-08-10 03:32:01.255 | INFO     | stock_bot.live.leader_runner:run_leader:77 - leader runner started (trade_enabled=False, budget=50,000,000)
2026-08-10 03:32:01.260 | INFO     | stock_bot.live.leader_runner:run_leader:132 - leader pick scheduled: mon-fri 9:28:30 → 10min retry until 13:00 (theme mode)
2026-08-10 03:32:01.264 | INFO     | stock_bot.live.leader_runner:run_leader:203 - leader reval scheduled: mon-fri 9-13 every minute (gated by switch toggle+interval)
2026-08-10 03:32:01.268 | INFO     | stock_bot.live.leader_runner:run_leader:227 - leader trade scheduled: mon-fri 9-15 every minute (enabled=False)
2026-08-10 09:00:40.572 | INFO     | stock_bot.live.runner:_is_trading_day:539 - 거래일 판정 2026-08-10 → 거래일 (출처: exchange_calendars)
2026-08-10 09:14:00.067 | INFO     | stock_bot.live.runner:_start_env_watcher:1575 - env watcher started (1s poll, scope=대장주봇)
2026-08-10 09:14:01.915 | INFO     | stock_bot.live.leader_runner:run_leader:77 - leader runner started (trade_enabled=False, budget=50,000,000)
2026-08-10 09:14:01.922 | INFO     | stock_bot.live.leader_runner:run_leader:132 - leader pick scheduled: mon-fri 9:28:30 → 10min retry until 13:00 (theme mode)
2026-08-10 09:14:01.927 | INFO     | stock_bot.live.leader_runner:run_leader:203 - leader reval scheduled: mon-fri 9-13 every minute (gated by switch toggle+interval)
2026-08-10 09:14:01.932 | INFO     | stock_bot.live.leader_runner:run_leader:227 - leader trade scheduled: mon-fri 9-15 every minute (enabled=False)
2026-08-10 09:15:44.492 | INFO     | stock_bot.live.runner:_is_trading_day:539 - 거래일 판정 2026-08-10 → 거래일 (출처: exchange_calendars)
2026-08-10 09:30:41.014 | INFO     | stock_bot.live.leader_runner:_leader_pick_tick:111 - leader pick [09:28] 미선별 — 10분 후 재시도 (exit=0) ⚠️ 조건 충족 대장주 없음
2026-08-10 09:40:00.013 | INFO     | stock_bot.live.leader_trader:tick:467 - leader_trader: 2026-08-10 picks 미생성 — 선별 대기
2026-08-10 09:40:20.754 | INFO     | stock_bot.live.leader_runner:_leader_pick_tick:111 - leader pick [09:38] 미선별 — 10분 후 재시도 (exit=0) ⚠️ 조건 충족 대장주 없음
2026-08-10 09:47:50.661 | INFO     | stock_bot.live.runner:_reload_env_if_changed:463 - .env 변경 감지, 핫리로드[대장주봇]: leader_sel_rise_min: 7.0 → 5.0
2026-08-10 09:50:31.790 | INFO     | stock_bot.live.leader_runner:_leader_pick_tick:111 - leader pick [09:48] 미선별 — 10분 후 재시도 (exit=0) ⚠️ 조건 충족 대장주 없음
2026-08-10 10:00:49.921 | INFO     | stock_bot.live.leader_runner:_leader_pick_tick:111 - leader pick [09:58] 미선별 — 10분 후 재시도 (exit=0) ⚠️ 조건 충족 대장주 없음
2026-08-10 10:07:19.167 | INFO     | stock_bot.live.runner:_start_env_watcher:1575 - env watcher started (1s poll, scope=대장주봇)
2026-08-10 10:07:20.867 | INFO     | stock_bot.live.leader_runner:run_leader:77 - leader runner started (trade_enabled=False, budget=50,000,000)
2026-08-10 10:07:20.871 | INFO     | stock_bot.live.leader_runner:run_leader:147 - leader pick scheduled: mon-fri 9:28:30 → 10min retry until 13:00 (theme mode)
2026-08-10 10:07:20.875 | INFO     | stock_bot.live.leader_runner:run_leader:218 - leader reval scheduled: mon-fri 9-13 every minute (gated by switch toggle+interval)
2026-08-10 10:07:20.878 | INFO     | stock_bot.live.leader_runner:run_leader:242 - leader trade scheduled: mon-fri 9-15 every minute (enabled=False)
2026-08-10 10:08:21.264 | INFO     | stock_bot.live.runner:_reload_env_if_changed:463 - .env 변경 감지, 핫리로드[대장주봇]: leader_sel_rise_min: 7.0 → 5.0
2026-08-10 10:08:47.165 | INFO     | stock_bot.live.runner:_is_trading_day:539 - 거래일 판정 2026-08-10 → 거래일 (출처: exchange_calendars)
2026-08-10 10:09:11.866 | INFO     | stock_bot.live.leader_trader:tick:467 - leader_trader: 2026-08-10 picks 미생성 — 선별 대기
2026-08-10 10:12:21.313 | INFO     | stock_bot.live.leader_runner:_leader_pick_tick:129 - leader pick [10:08] 미선별 — 10분 후 재시도 (exit=0)
⚠️ 조건 충족 대장주 없음
```
유니버스 200 → 자격통과 3
기준: 등락≥5% · 거래대금≥400억 · 시총≥1,000억 · 평소×2 · 회전율≥3.71%
탈락: 등락109 · 거래대금76 · 시총0 · 평소대비4 · 회전율8```
**자격통과 종목(점수순 상위)**
　• [대한광통신] +18.67% · 2,592억 · 회전12.90% · 점수 0.612 [통신장비]
　• [광전자] +17.16% · 1,016억 · 회전19.25% · 점수 0.545 [전자장비와기기]
　• [마키나락스] +17.04% · 800억 · 회전13.84% · 점수 0.494 [소프트웨어]
_사유: 자격 3종목 통과, 후보 테마 0개 → 중복 병합 후 hot_min(3)↑ 잔존 테마 0_
2026-08-10 10:21:39.044 | INFO     | stock_bot.live.runner:_start_env_watcher:1575 - env watcher started (1s poll, scope=대장주봇)
2026-08-10 10:21:40.946 | INFO     | stock_bot.live.leader_runner:run_leader:77 - leader runner started (trade_enabled=False, budget=50,000,000)
2026-08-10 10:21:40.957 | INFO     | stock_bot.live.leader_runner:run_leader:147 - leader pick scheduled: mon-fri 9:28:30 → 10min retry until 13:00 (theme mode)
2026-08-10 10:21:40.961 | INFO     | stock_bot.live.leader_runner:run_leader:218 - leader reval scheduled: mon-fri 9-13 every minute (gated by switch toggle+interval)
2026-08-10 10:21:40.963 | INFO     | stock_bot.live.leader_runner:run_leader:242 - leader trade scheduled: mon-fri 9-15 every minute (enabled=False)
2026-08-10 10:22:53.960 | INFO     | stock_bot.live.runner:_is_trading_day:539 - 거래일 판정 2026-08-10 → 거래일 (출처: exchange_calendars)
2026-08-10 10:23:17.760 | INFO     | stock_bot.live.leader_trader:tick:467 - leader_trader: 2026-08-10 picks 미생성 — 선별 대기
2026-08-10 10:28:12.121 | INFO     | stock_bot.live.runner:_start_env_watcher:1575 - env watcher started (1s poll, scope=대장주봇)
2026-08-10 10:28:13.950 | INFO     | stock_bot.live.leader_runner:run_leader:77 - leader runner started (trade_enabled=False, budget=50,000,000)
2026-08-10 10:28:13.955 | INFO     | stock_bot.live.leader_runner:run_leader:147 - leader pick scheduled: mon-fri 9:28:30 → 10min retry until 13:00 (theme mode)
2026-08-10 10:28:13.959 | INFO     | stock_bot.live.leader_runner:run_leader:218 - leader reval scheduled: mon-fri 9-13 every minute (gated by switch toggle+interval)
2026-08-10 10:28:13.962 | INFO     | stock_bot.live.leader_runner:run_leader:242 - leader trade scheduled: mon-fri 9-15 every minute (enabled=False)
2026-08-10 10:29:21.729 | INFO     | stock_bot.live.runner:_is_trading_day:539 - 거래일 판정 2026-08-10 → 거래일 (출처: exchange_calendars)
2026-08-10 10:30:13.464 | INFO     | stock_bot.live.leader_trader:tick:467 - leader_trader: 2026-08-10 picks 미생성 — 선별 대기
2026-08-10 10:32:19.207 | INFO     | stock_bot.live.leader_runner:_leader_pick_tick:129 - leader pick [10:28] 미선별 — 10분 후 재시도 (exit=0)
⚠️ 조건 충족 대장주 없음
```
유니버스 200 → 자격통과 3
기준: 등락≥7% · 거래대금≥400억 · 시총≥1,000억 · 평소×2 · 회전율≥4.47%
거래대금 소스: 고정 400억 (배수 1.0 — 표본 0/20일 부족 → 배수 1.0)
탈락: 등락130 · 거래대금54 · 시총0 · 평소대비2 · 회전율11```
**자격통과 종목(점수순 상위)**
　• [대한광통신] +22.16% · 3,090억(평소×6.2) · 회전15.22% · 시총2.2조 · 점수 0.672 [통신장비]
　• [광전자] +18.18% · 1,078억(평소×7.5) · 회전20.41% · 시총5,348억 · 점수 0.561 [전자장비와기기]
　• [마키나락스] +16.70% · 894억(평소×3.4) · 회전15.42% · 시총6,019억 · 점수 0.500 [소프트웨어]
_사유: 자격 3종목 통과, 후보 테마 0개 → 중복 병합 후 hot_min(3)↑ 잔존 테마 0_
2026-08-10 10:41:24.899 | INFO     | stock_bot.live.leader_runner:_leader_pick_tick:129 - leader pick [10:38] 미선별 — 10분 후 재시도 (exit=0)
⚠️ 조건 충족 대장주 없음
```
유니버스 200 → 자격통과 3
기준: 등락≥7% · 거래대금≥400억 · 시총≥1,000억 · 평소×2 · 회전율≥4.82%
거래대금 소스: 고정 400억 (배수 1.0 — 표본 0/20일 부족 → 배수 1.0)
탈락: 등락129 · 거래대금55 · 시총0 · 평소대비4 · 회전율9```
**자격통과 종목(점수순 상위)**
　• [대한광통신] +22.86% · 3,378억(평소×6.2) · 회전16.54% · 시총2.2조 · 점수 0.691 [통신장비]
　• [광전자] +17.67% · 1,098억(평소×6.9) · 회전20.79% · 시총5,325억 · 점수 0.556 [전자장비와기기]
　• [마키나락스] +13.43% · 938억(평소×3.2) · 회전16.16% · 시총5,850억 · 점수 0.465 [소프트웨어]
_사유: 자격 3종목 통과, 후보 테마 0개 → 중복 병합 후 hot_min(3)↑ 잔존 테마 0_
2026-08-10 10:50:55.742 | INFO     | stock_bot.live.leader_runner:_leader_pick_tick:129 - leader pick [10:48] 미선별 — 10분 후 재시도 (exit=0)
⚠️ 조건 충족 대장주 없음
```
유니버스 200 → 자격통과 3
기준: 등락≥7% · 거래대금≥400억 · 시총≥1,000억 · 평소×2 · 회전율≥5.20%
거래대금 소스: 고정 400억 (배수 1.0 — 표본 0/20일 부족 → 배수 1.0)
탈락: 등락125 · 거래대금59 · 시총0 · 평소대비4 · 회전율9```
**자격통과 종목(점수순 상위)**
　• [대한광통신] +24.00% · 3,631억(평소×6.0) · 회전17.69% · 시총2.2조 · 점수 0.713 [통신장비]
　• [광전자] +19.33% · 1,159억(평소×6.6) · 회전21.92% · 시총5,400억 · 점수 0.582 [전자장비와기기]
　• [마키나락스] +12.91% · 969억(평소×3.0) · 회전16.69% · 시총5,824억 · 점수 0.461 [소프트웨어]
_사유: 자격 3종목 통과, 후보 테마 0개 → 중복 병합 후 hot_min(3)↑ 잔존 테마 0_
2026-08-10 11:01:20.278 | INFO     | stock_bot.live.leader_runner:_leader_pick_tick:129 - leader pick [10:58] 미선별 — 10분 후 재시도 (exit=0)
⚠️ 조건 충족 대장주 없음
```
유니버스 200 → 자격통과 3
기준: 등락≥7% · 거래대금≥400억 · 시총≥1,000억 · 평소×2 · 회전율≥5.59%
거래대금 소스: 고정 400억 (배수 1.0 — 표본 0/20일 부족 → 배수 1.0)
탈락: 등락132 · 거래대금53 · 시총0 · 평소대비4 · 회전율8```
**자격통과 종목(점수순 상위)**
　• [대한광통신] +22.51% · 3,831억(평소×5.8) · 회전18.61% · 시총2.2조 · 점수 0.701 [통신장비]
　• [광전자] +17.67% · 1,213억(평소×6.4) · 회전22.92% · 시총5,325억 · 점수 0.568 [전자장비와기기]
　• [마키나락스] +16.44% · 1,004억(평소×2.9) · 회전17.28% · 시총6,006억 · 점수 0.507 [소프트웨어]
_사유: 자격 3종목 통과, 후보 테마 0개 → 중복 병합 후 hot_min(3)↑ 잔존 테마 0_
2026-08-10 11:11:16.364 | INFO     | stock_bot.live.leader_runner:_leader_pick_tick:129 - leader pick [11:08] 미선별 — 10분 후 재시도 (exit=0)
⚠️ 조건 충족 대장주 없음
```
유니버스 200 → 자격통과 3
기준: 등락≥7% · 거래대금≥400억 · 시총≥1,000억 · 평소×2 · 회전율≥5.97%
거래대금 소스: 고정 400억 (배수 1.0 — 표본 0/20일 부족 → 배수 1.0)
탈락: 등락129 · 거래대금54 · 시총0 · 평소대비5 · 회전율9```
**자격통과 종목(점수순 상위)**
　• [대한광통신] +22.43% · 3,956억(평소×5.6) · 회전19.18% · 시총2.2조 · 점수 0.703 [통신장비]
　• [광전자] +17.29% · 1,232억(평소×6.0) · 회전23.28% · 시총5,308억 · 점수 0.564 [전자장비와기기]
　• [마키나락스] +13.25% · 1,030억(평소×2.7) · 회전17.73% · 시총5,841억 · 점수 0.471 [소프트웨어]
_사유: 자격 3종목 통과, 후보 테마 0개 → 중복 병합 후 hot_min(3)↑ 잔존 테마 0_
2026-08-10 11:21:20.642 | INFO     | stock_bot.live.leader_runner:_leader_pick_tick:129 - leader pick [11:18] 미선별 — 10분 후 재시도 (exit=0)
⚠️ 조건 충족 대장주 없음
```
유니버스 200 → 자격통과 3
기준: 등락≥7% · 거래대금≥400억 · 시총≥1,000억 · 평소×2 · 회전율≥6.36%
거래대금 소스: 고정 400억 (배수 1.0 — 표본 0/20일 부족 → 배수 1.0)
탈락: 등락126 · 거래대금57 · 시총0 · 평소대비5 · 회전율9```
**자격통과 종목(점수순 상위)**
　• [대한광통신] +20.59% · 4,069억(평소×5.3) · 회전19.70% · 시총2.1조 · 점수 0.683 [통신장비]
　• [광전자] +16.01% · 1,249억(평소×5.6) · 회전23.60% · 시총5,250억 · 점수 0.549 [전자장비와기기]
　• [마키나락스] +12.22% · 1,061억(평소×2.6) · 회전18.25% · 시총5,788억 · 점수 0.461 [소프트웨어]
_사유: 자격 3종목 통과, 후보 테마 0개 → 중복 병합 후 hot_min(3)↑ 잔존 테마 0_
2026-08-10 11:31:14.343 | INFO     | stock_bot.live.leader_runner:_leader_pick_tick:129 - leader pick [11:28] 미선별 — 10분 후 재시도 (exit=0)
⚠️ 조건 충족 대장주 없음
```
유니버스 200 → 자격통과 3
기준: 등락≥7% · 거래대금≥400억 · 시총≥1,000억 · 평소×2 · 회전율≥6.74%
거래대금 소스: 고정 400억 (배수 1.0 — 표본 0/20일 부족 → 배수 1.0)
탈락: 등락128 · 거래대금56 · 시총0 · 평소대비4 · 회전율9```
**자격통과 종목(점수순 상위)**
　• [대한광통신] +20.77% · 4,152억(평소×5.1) · 회전20.09% · 시총2.2조 · 점수 0.687 [통신장비]
　• [광전자] +15.75% · 1,271억(평소×5.3) · 회전24.02% · 시총5,238억 · 점수 0.547 [전자장비와기기]
　• [마키나락스] +11.19% · 1,090억(평소×2.5) · 회전18.76% · 시총5,735억 · 점수 0.451 [소프트웨어]
_사유: 자격 3종목 통과, 후보 테마 0개 → 중복 병합 후 hot_min(3)↑ 잔존 테마 0_
2026-08-10 11:41:14.036 | INFO     | stock_bot.live.leader_runner:_leader_pick_tick:129 - leader pick [11:38] 미선별 — 10분 후 재시도 (exit=0)
⚠️ 조건 충족 대장주 없음
```
유니버스 200 → 자격통과 3
기준: 등락≥7% · 거래대금≥400억 · 시총≥1,000억 · 평소×2 · 회전율≥7.13%
거래대금 소스: 고정 400억 (배수 1.0 — 표본 0/20일 부족 → 배수 1.0)
탈락: 등락127 · 거래대금57 · 시총0 · 평소대비5 · 회전율8```
**자격통과 종목(점수순 상위)**
　• [대한광통신] +19.46% · 4,262억(평소×4.9) · 회전20.61% · 시총2.1조 · 점수 0.674 [통신장비]
　• [광전자] +14.98% · 1,293억(평소×5.1) · 회전24.43% · 시총5,203억 · 점수 0.540 [전자장비와기기]
　• [마키나락스] +11.70% · 1,098억(평소×2.4) · 회전18.90% · 시총5,761억 · 점수 0.457 [소프트웨어]
_사유: 자격 3종목 통과, 후보 테마 0개 → 중복 병합 후 hot_min(3)↑ 잔존 테마 0_
2026-08-10 11:44:11.048 | INFO     | stock_bot.live.runner:_start_env_watcher:1575 - env watcher started (1s poll, scope=대장주봇)
2026-08-10 11:44:12.214 | INFO     | stock_bot.live.leader_runner:run_leader:77 - leader runner started (trade_enabled=False, budget=50,000,000)
2026-08-10 11:44:12.218 | INFO     | stock_bot.live.leader_runner:run_leader:117 - leader market_flow prefetch scheduled: mon-fri 08:30 (pykrx KRX-only, 20d top-N)
2026-08-10 11:44:12.221 | INFO     | stock_bot.live.leader_runner:run_leader:182 - leader pick scheduled: mon-fri 9:28:30 → 10min retry until 13:00 (theme mode)
2026-08-10 11:44:12.225 | INFO     | stock_bot.live.leader_runner:run_leader:253 - leader reval scheduled: mon-fri 9-13 every minute (gated by switch toggle+interval)
2026-08-10 11:44:12.234 | INFO     | stock_bot.live.leader_runner:run_leader:277 - leader trade scheduled: mon-fri 9-15 every minute (enabled=False)
2026-08-10 11:45:40.477 | INFO     | stock_bot.live.runner:_is_trading_day:539 - 거래일 판정 2026-08-10 → 거래일 (출처: exchange_calendars)
2026-08-10 11:45:40.573 | INFO     | stock_bot.live.leader_trader:tick:467 - leader_trader: 2026-08-10 picks 미생성 — 선별 대기
2026-08-10 11:45:51.437 | INFO     | stock_bot.live.runner:_reload_env_if_changed:463 - .env 변경 감지, 핫리로드[대장주봇]: leader_sel_rise_min: 7.0 → 5.0
2026-08-10 11:51:18.446 | INFO     | stock_bot.live.leader_runner:_leader_pick_tick:164 - leader pick [11:48] 미선별 — 10분 후 재시도 (exit=0)
⚠️ 조건 충족 대장주 없음
```
유니버스 200 → 자격통과 3
기준: 등락≥5% · 거래대금≥400억 · 시총≥1,000억 · 평소×2 · 회전율≥7.51%
거래대금 소스: 고정 400억 (배수 1.0 — 표본 0/20일 부족 → 배수 1.0)
탈락: 등락93 · 거래대금84 · 시총0 · 평소대비13 · 회전율7```
**자격통과 종목(점수순 상위)**
　• [대한광통신] +20.42% · 4,325억(평소×4.6) · 회전20.90% · 시총2.1조 · 점수 0.686 [통신장비]
　• [광전자] +15.49% · 1,300억(평소×4.8) · 회전24.57% · 시총5,227억 · 점수 0.545 [전자장비와기기]
　• [마키나락스] +12.22% · 1,107억(평소×2.2) · 회전19.06% · 시총5,788억 · 점수 0.464 [소프트웨어]
_사유: 자격 3종목 통과, 후보 테마 0개 → 중복 병합 후 hot_min(3)↑ 잔존 테마 0_
2026-08-10 11:59:43.091 | INFO     | stock_bot.live.runner:_start_env_watcher:1575 - env watcher started (1s poll, scope=대장주봇)
2026-08-10 11:59:44.371 | INFO     | stock_bot.live.leader_runner:run_leader:77 - leader runner started (trade_enabled=False, budget=50,000,000)
2026-08-10 11:59:44.374 | INFO     | stock_bot.live.leader_runner:run_leader:117 - leader market_flow prefetch scheduled: mon-fri 08:30 (pykrx KRX × 어제 r, 20d top-N)
2026-08-10 11:59:44.378 | INFO     | stock_bot.live.leader_runner:run_leader:128 - leader market_flow 캐시 1/20일 → 부팅 직후 백필 1회 실행
2026-08-10 12:00:39.234 | INFO     | stock_bot.live.runner:_is_trading_day:539 - 거래일 판정 2026-08-10 → 거래일 (출처: exchange_calendars)
2026-08-10 12:01:31.988 | INFO     | stock_bot.live.leader_runner:_leader_prefetch_market_flow:101 - leader market_flow prefetch [11:59] (exit=0) [prefetch_market_flow] 백필 20일 추가 / 캐시 총 21일 · 폴백 r=1.08 (어제 UN 캐시 없음) (요청 20일 · top 100)
2026-08-10 12:01:32.021 | INFO     | stock_bot.live.leader_runner:run_leader:199 - leader pick scheduled: mon-fri 9:28:30 → 10min retry until 13:00 (theme mode)
2026-08-10 12:01:32.023 | INFO     | stock_bot.live.leader_runner:run_leader:270 - leader reval scheduled: mon-fri 9-13 every minute (gated by switch toggle+interval)
2026-08-10 12:01:32.025 | INFO     | stock_bot.live.leader_runner:run_leader:294 - leader trade scheduled: mon-fri 9-15 every minute (enabled=False)
2026-08-10 12:02:00.031 | INFO     | stock_bot.live.leader_trader:tick:467 - leader_trader: 2026-08-10 picks 미생성 — 선별 대기
2026-08-10 12:04:39.091 | INFO     | stock_bot.live.runner:_start_env_watcher:1575 - env watcher started (1s poll, scope=대장주봇)
2026-08-10 12:04:40.548 | INFO     | stock_bot.live.leader_runner:run_leader:77 - leader runner started (trade_enabled=False, budget=50,000,000)
2026-08-10 12:04:40.551 | INFO     | stock_bot.live.leader_runner:run_leader:117 - leader market_flow prefetch scheduled: mon-fri 08:30 (pykrx KRX × 어제 r, 20d top-N)
2026-08-10 12:04:40.556 | INFO     | stock_bot.live.leader_runner:run_leader:199 - leader pick scheduled: mon-fri 9:28:30 → 10min retry until 13:00 (theme mode)
2026-08-10 12:04:40.559 | INFO     | stock_bot.live.leader_runner:run_leader:270 - leader reval scheduled: mon-fri 9-13 every minute (gated by switch toggle+interval)
2026-08-10 12:04:40.562 | INFO     | stock_bot.live.leader_runner:run_leader:294 - leader trade scheduled: mon-fri 9-15 every minute (enabled=False)
2026-08-10 12:05:51.163 | INFO     | stock_bot.live.runner:_is_trading_day:539 - 거래일 판정 2026-08-10 → 거래일 (출처: exchange_calendars)
2026-08-10 12:06:18.726 | INFO     | stock_bot.live.leader_trader:tick:467 - leader_trader: 2026-08-10 picks 미생성 — 선별 대기
2026-08-10 12:14:22.276 | INFO     | stock_bot.live.leader_runner:_leader_pick_tick:181 - leader pick [12:08] 미선별 — 10분 후 재시도 (exit=0)
⚠️ 조건 충족 대장주 없음
```
유니버스 200 → 자격통과 4
기준: 등락≥7% · 거래대금≥326억 · 시총≥1,000억 · 평소×2 · 회전율≥8.28%
거래대금 소스: market_flow×0.814: 400억 → 326억 (최근5일 287,614억 / 기준20일 353,390억 = 원배수 0.814 → 적용 0.814(클램프 0.5~2.0))
탈락: 등락125 · 거래대금52 · 시총0 · 평소대비10 · 회전율9```
**자격통과 종목(점수순 상위)**
　• [대한광통신] +19.20% · 4,437억(평소×4.3) · 회전21.42% · 시총2.1조 · 점수 0.673 [통신장비]
　• [비츠로넥스텍] +26.57% · 350억(평소×40.5) · 회전11.03% · 시총3,271억 · 점수 0.579 [우주항공과국방]
　• [광전자] +14.21% · 1,320억(평소×4.4) · 회전24.96% · 시총5,169억 · 점수 0.530 [전자장비와기기]
　• [마키나락스] +10.33% · 1,135억(평소×2.1) · 회전19.56% · 시총5,690억 · 점수 0.442 [소프트웨어]
_사유: 자격 4종목 통과, 후보 테마 0개 → 중복 병합 후 hot_min(3)↑ 잔존 테마 0_
2026-08-10 12:21:19.917 | INFO     | stock_bot.live.leader_runner:_leader_pick_tick:181 - leader pick [12:18] 미선별 — 10분 후 재시도 (exit=0)
⚠️ 조건 충족 대장주 없음
```
유니버스 200 → 자격통과 3
기준: 등락≥7% · 거래대금≥326억 · 시총≥1,000억 · 평소×2 · 회전율≥8.66%
거래대금 소스: market_flow×0.814: 400억 → 326억 (최근5일 287,614억 / 기준20일 353,390억 = 원배수 0.814 → 적용 0.814(클램프 0.5~2.0))
탈락: 등락126 · 거래대금52 · 시총0 · 평소대비10 · 회전율9```
**자격통과 종목(점수순 상위)**
　• [대한광통신] +18.24% · 4,514억(평소×4.1) · 회전21.79% · 시총2.1조 · 점수 0.663 [통신장비]
　• [비츠로넥스텍] +27.24% · 351억(평소×38.6) · 회전11.05% · 시총3,289억 · 점수 0.588 [우주항공과국방]
　• [광전자] +14.47% · 1,331억(평소×4.2) · 회전25.18% · 시총5,180억 · 점수 0.534 [전자장비와기기]
_사유: 자격 3종목 통과, 후보 테마 0개 → 중복 병합 후 hot_min(3)↑ 잔존 테마 0_
2026-08-10 12:31:33.595 | INFO     | stock_bot.live.leader_runner:_leader_pick_tick:181 - leader pick [12:28] 미선별 — 10분 후 재시도 (exit=0)
⚠️ 조건 충족 대장주 없음
```
유니버스 200 → 자격통과 3
기준: 등락≥7% · 거래대금≥326억 · 시총≥1,000억 · 평소×2 · 회전율≥9.05%
거래대금 소스: market_flow×0.814: 400억 → 326억 (최근5일 287,614억 / 기준20일 353,390억 = 원배수 0.814 → 적용 0.814(클램프 0.5~2.0))
탈락: 등락127 · 거래대금50 · 시총0 · 평소대비13 · 회전율7```
**자격통과 종목(점수순 상위)**
　• [대한광통신] +17.76% · 4,611억(평소×4.0) · 회전22.25% · 시총2.1조 · 점수 0.660 [통신장비]
　• [비츠로넥스텍] +27.35% · 352억(평소×36.9) · 회전11.10% · 시총3,292억 · 점수 0.589 [우주항공과국방]
　• [광전자] +14.72% · 1,338억(평소×4.0) · 회전25.31% · 시총5,192억 · 점수 0.537 [전자장비와기기]
_사유: 자격 3종목 통과, 후보 테마 0개 → 중복 병합 후 hot_min(3)↑ 잔존 테마 0_
2026-08-10 12:41:14.895 | INFO     | stock_bot.live.leader_runner:_leader_pick_tick:181 - leader pick [12:38] 미선별 — 10분 후 재시도 (exit=0)
⚠️ 조건 충족 대장주 없음
```
유니버스 200 → 자격통과 3
기준: 등락≥7% · 거래대금≥326억 · 시총≥1,000억 · 평소×2 · 회전율≥9.43%
거래대금 소스: market_flow×0.814: 400억 → 326억 (최근5일 287,614억 / 기준20일 353,390억 = 원배수 0.814 → 적용 0.814(클램프 0.5~2.0))
탈락: 등락124 · 거래대금53 · 시총0 · 평소대비13 · 회전율7```
**자격통과 종목(점수순 상위)**
　• [대한광통신] +18.67% · 4,659억(평소×3.9) · 회전22.48% · 시총2.1조 · 점수 0.671 [통신장비]
　• [비츠로넥스텍] +27.02% · 353억(평소×35.3) · 회전11.14% · 시총3,283억 · 점수 0.586 [우주항공과국방]
　• [광전자] +14.72% · 1,343억(평소×3.8) · 회전25.41% · 시총5,192억 · 점수 0.536 [전자장비와기기]
_사유: 자격 3종목 통과, 후보 테마 0개 → 중복 병합 후 hot_min(3)↑ 잔존 테마 0_
2026-08-10 12:52:18.416 | INFO     | stock_bot.live.leader_runner:_leader_pick_tick:181 - leader pick [12:48] 미선별 — 10분 후 재시도 (exit=0)
⚠️ 조건 충족 대장주 없음
```
유니버스 199 → 자격통과 2
기준: 등락≥7% · 거래대금≥326억 · 시총≥1,000억 · 평소×2 · 회전율≥9.82%
거래대금 소스: market_flow×0.814: 400억 → 326억 (최근5일 287,614억 / 기준20일 353,390억 = 원배수 0.814 → 적용 0.814(클램프 0.5~2.0))
탈락: 등락127 · 거래대금50 · 시총0 · 평소대비13 · 회전율7```
**자격통과 종목(점수순 상위)**
　• [대한광통신] +17.89% · 4,699억(평소×3.7) · 회전22.67% · 시총2.1조 · 점수 0.662 [통신장비]
　• [비츠로넥스텍] +27.24% · 354억(평소×33.9) · 회전11.17% · 시총3,289억 · 점수 0.589 [우주항공과국방]
_사유: 자격 2종목 통과, 후보 테마 0개 → 중복 병합 후 hot_min(3)↑ 잔존 테마 0_
2026-08-10 13:01:20.319 | INFO     | stock_bot.live.leader_runner:_leader_pick_tick:181 - leader pick [12:58] 미선별 — 10분 후 재시도 (exit=0)
⚠️ 조건 충족 대장주 없음
```
유니버스 200 → 자격통과 3
기준: 등락≥7% · 거래대금≥326억 · 시총≥1,000억 · 평소×2 · 회전율≥10.20%
거래대금 소스: market_flow×0.814: 400억 → 326억 (최근5일 287,614억 / 기준20일 353,390억 = 원배수 0.814 → 적용 0.814(클램프 0.5~2.0))
탈락: 등락126 · 거래대금50 · 시총0 · 평소대비14 · 회전율7```
**자격통과 종목(점수순 상위)**
　• [대한광통신] +18.94% · 4,743억(평소×3.6) · 회전22.87% · 시총2.1조 · 점수 0.676 [통신장비]
　• [비츠로넥스텍] +26.68% · 355억(평소×32.6) · 회전11.20% · 시총3,274억 · 점수 0.582 [우주항공과국방]
　• [광전자] +15.11% · 1,358억(평소×3.6) · 회전25.70% · 시총5,209억 · 점수 0.541 [전자장비와기기]
_사유: 자격 3종목 통과, 후보 테마 0개 → 중복 병합 후 hot_min(3)↑ 잔존 테마 0_
2026-08-10 13:07:06.708 | INFO     | stock_bot.live.runner:_start_env_watcher:1575 - env watcher started (1s poll, scope=대장주봇)
2026-08-10 13:07:08.249 | INFO     | stock_bot.live.leader_runner:run_leader:77 - leader runner started (trade_enabled=False, budget=50,000,000)
2026-08-10 13:07:08.268 | INFO     | stock_bot.live.leader_runner:run_leader:117 - leader market_flow prefetch scheduled: mon-fri 08:30 (pykrx KRX × 어제 r, 20d top-N)
2026-08-10 13:07:08.274 | INFO     | stock_bot.live.leader_runner:run_leader:199 - leader pick scheduled: mon-fri 9:28:30 → 10min retry until 13:00 (theme mode)
2026-08-10 13:07:08.277 | INFO     | stock_bot.live.leader_runner:run_leader:270 - leader reval scheduled: mon-fri 9-13 every minute (gated by switch toggle+interval)
2026-08-10 13:07:08.280 | INFO     | stock_bot.live.leader_runner:run_leader:294 - leader trade scheduled: mon-fri 9-15 every minute (enabled=False)
2026-08-10 13:08:38.787 | INFO     | stock_bot.live.runner:_is_trading_day:539 - 거래일 판정 2026-08-10 → 거래일 (출처: exchange_calendars)
2026-08-10 13:08:38.863 | INFO     | stock_bot.live.leader_trader:tick:467 - leader_trader: 2026-08-10 picks 미생성 — 선별 대기
2026-08-10 13:09:59.086 | INFO     | stock_bot.live.runner:_start_env_watcher:1575 - env watcher started (1s poll, scope=대장주봇)
2026-08-10 13:10:00.538 | INFO     | stock_bot.live.leader_runner:run_leader:77 - leader runner started (trade_enabled=False, budget=50,000,000)
2026-08-10 13:10:00.544 | INFO     | stock_bot.live.leader_runner:run_leader:117 - leader market_flow prefetch scheduled: mon-fri 08:30 (pykrx KRX × 어제 r, 20d top-N)
2026-08-10 13:10:00.550 | INFO     | stock_bot.live.leader_runner:run_leader:199 - leader pick scheduled: mon-fri 9:28:30 → 10min retry until 13:00 (theme mode)
2026-08-10 13:10:00.553 | INFO     | stock_bot.live.leader_runner:run_leader:270 - leader reval scheduled: mon-fri 9-13 every minute (gated by switch toggle+interval)
2026-08-10 13:10:00.556 | INFO     | stock_bot.live.leader_runner:run_leader:294 - leader trade scheduled: mon-fri 9-15 every minute (enabled=False)
2026-08-10 13:11:40.827 | INFO     | stock_bot.live.runner:_is_trading_day:539 - 거래일 판정 2026-08-10 → 거래일 (출처: exchange_calendars)
2026-08-10 13:12:01.464 | INFO     | stock_bot.live.leader_trader:tick:467 - leader_trader: 2026-08-10 picks 미생성 — 선별 대기
2026-08-10 14:09:40.929 | INFO     | stock_bot.live.runner:_start_env_watcher:1575 - env watcher started (1s poll, scope=대장주봇)
2026-08-10 14:09:42.337 | INFO     | stock_bot.live.leader_runner:run_leader:77 - leader runner started (trade_enabled=False, budget=50,000,000)
2026-08-10 14:09:42.344 | INFO     | stock_bot.live.leader_runner:run_leader:117 - leader market_flow prefetch scheduled: mon-fri 08:30 (pykrx KRX × 어제 r, 20d top-N)
2026-08-10 14:09:42.349 | INFO     | stock_bot.live.leader_runner:run_leader:199 - leader pick scheduled: mon-fri 9:28:30 → 10min retry until 13:00 (theme mode)
2026-08-10 14:09:42.352 | INFO     | stock_bot.live.leader_runner:run_leader:270 - leader reval scheduled: mon-fri 9-13 every minute (gated by switch toggle+interval)
2026-08-10 14:09:42.356 | INFO     | stock_bot.live.leader_runner:run_leader:294 - leader trade scheduled: mon-fri 9-15 every minute (enabled=False)
2026-08-10 14:10:49.003 | INFO     | stock_bot.live.runner:_is_trading_day:539 - 거래일 판정 2026-08-10 → 거래일 (출처: exchange_calendars)
2026-08-10 14:10:49.019 | INFO     | stock_bot.live.leader_trader:tick:467 - leader_trader: 2026-08-10 picks 미생성 — 선별 대기
2026-08-10 15:36:46.206 | INFO     | stock_bot.live.runner:_start_env_watcher:1575 - env watcher started (1s poll, scope=대장주봇)
2026-08-10 15:36:47.683 | INFO     | stock_bot.live.leader_runner:run_leader:75 - leader runner started (trade_enabled=False, budget=50,000,000)
2026-08-10 15:36:47.687 | INFO     | stock_bot.live.leader_runner:run_leader:114 - leader market_flow prefetch scheduled: mon-fri 08:30 (pykrx KRX × 어제 r, 20d top-N)
2026-08-10 15:36:47.693 | INFO     | stock_bot.live.leader_runner:run_leader:196 - leader pick scheduled: mon-fri 9:28:30 → 10min retry until 13:00 (theme mode)
2026-08-10 15:36:47.696 | INFO     | stock_bot.live.leader_runner:run_leader:267 - leader reval scheduled: mon-fri 9-13 every minute (gated by switch toggle+interval)
2026-08-10 15:36:47.700 | INFO     | stock_bot.live.leader_runner:run_leader:291 - leader trade scheduled: mon-fri 9-15 every minute (enabled=False)
2026-08-10 15:37:42.900 | INFO     | stock_bot.live.runner:_is_trading_day:539 - 거래일 판정 2026-08-10 → 거래일 (출처: exchange_calendars)
2026-08-10 15:41:04.369 | INFO     | stock_bot.live.runner:_start_env_watcher:1575 - env watcher started (1s poll, scope=대장주봇)
2026-08-10 15:41:05.972 | INFO     | stock_bot.live.leader_runner:run_leader:75 - leader runner started (trade_enabled=False, budget=50,000,000)
2026-08-10 15:41:05.977 | INFO     | stock_bot.live.leader_runner:run_leader:114 - leader market_flow prefetch scheduled: mon-fri 08:30 (pykrx KRX × 어제 r, 20d top-N)
2026-08-10 15:41:05.982 | INFO     | stock_bot.live.leader_runner:run_leader:196 - leader pick scheduled: mon-fri 9:28:30 → 10min retry until 13:00 (theme mode)
2026-08-10 15:41:05.985 | INFO     | stock_bot.live.leader_runner:run_leader:267 - leader reval scheduled: mon-fri 9-13 every minute (gated by switch toggle+interval)
2026-08-10 15:41:05.988 | INFO     | stock_bot.live.leader_runner:run_leader:291 - leader trade scheduled: mon-fri 9-15 every minute (enabled=False)
2026-08-10 15:42:37.336 | INFO     | stock_bot.live.runner:_is_trading_day:539 - 거래일 판정 2026-08-10 → 거래일 (출처: exchange_calendars)
2026-08-10 15:53:38.729 | INFO     | stock_bot.live.runner:_start_env_watcher:1575 - env watcher started (1s poll, scope=대장주봇)
2026-08-10 15:53:40.158 | INFO     | stock_bot.live.leader_runner:run_leader:75 - leader runner started (trade_enabled=False, budget=50,000,000)
2026-08-10 15:53:40.162 | INFO     | stock_bot.live.leader_runner:run_leader:114 - leader market_flow prefetch scheduled: mon-fri 08:30 (pykrx KRX × 어제 r, 20d top-N)
2026-08-10 15:53:40.176 | INFO     | stock_bot.live.leader_runner:run_leader:196 - leader pick scheduled: mon-fri 9:28:30 → 10min retry until 13:00 (theme mode)
2026-08-10 15:53:40.179 | INFO     | stock_bot.live.leader_runner:run_leader:267 - leader reval scheduled: mon-fri 9-13 every minute (gated by switch toggle+interval)
2026-08-10 15:53:40.182 | INFO     | stock_bot.live.leader_runner:run_leader:291 - leader trade scheduled: mon-fri 9-15 every minute (enabled=False)
2026-08-10 15:54:43.803 | INFO     | stock_bot.live.runner:_is_trading_day:539 - 거래일 판정 2026-08-10 → 거래일 (출처: exchange_calendars)
2026-08-10 15:56:01.834 | INFO     | stock_bot.live.runner:_reload_env_if_changed:463 - .env 변경 감지, 핫리로드[대장주봇]: leader_sel_rise_min: 7.0 → 5.0
2026-08-10 16:05:43.477 | INFO     | stock_bot.live.runner:_start_env_watcher:1575 - env watcher started (1s poll, scope=대장주봇)
2026-08-10 16:05:45.090 | INFO     | stock_bot.live.leader_runner:run_leader:75 - leader runner started (trade_enabled=False, budget=50,000,000)
2026-08-10 16:05:45.095 | INFO     | stock_bot.live.leader_runner:run_leader:114 - leader market_flow prefetch scheduled: mon-fri 08:30 (pykrx KRX × 어제 r, 20d top-N)
2026-08-10 16:05:45.101 | INFO     | stock_bot.live.leader_runner:run_leader:196 - leader pick scheduled: mon-fri 9:28:30 → 10min retry until 13:00 (theme mode)
2026-08-10 16:05:45.105 | INFO     | stock_bot.live.leader_runner:run_leader:267 - leader reval scheduled: mon-fri 9-13 every minute (gated by switch toggle+interval)
2026-08-10 16:05:45.108 | INFO     | stock_bot.live.leader_runner:run_leader:291 - leader trade scheduled: mon-fri 9-15 every minute (enabled=False)
2026-08-10 16:07:09.540 | INFO     | stock_bot.live.runner:_reload_env_if_changed:463 - .env 변경 감지, 핫리로드[대장주봇]: leader_sel_rise_min: 7.0 → 5.0
2026-08-10 16:31:42.216 | INFO     | stock_bot.live.runner:_start_env_watcher:1575 - env watcher started (1s poll, scope=대장주봇)
2026-08-10 16:31:43.914 | INFO     | stock_bot.live.leader_runner:run_leader:75 - leader runner started (trade_enabled=False, budget=50,000,000)
2026-08-10 16:31:43.918 | INFO     | stock_bot.live.leader_runner:run_leader:114 - leader market_flow prefetch scheduled: mon-fri 08:30 (pykrx KRX × 어제 r, 20d top-N)
2026-08-10 16:31:43.924 | INFO     | stock_bot.live.leader_runner:run_leader:196 - leader pick scheduled: mon-fri 9:28:30 → 10min retry until 13:00 (theme mode)
2026-08-10 16:31:43.926 | INFO     | stock_bot.live.leader_runner:run_leader:267 - leader reval scheduled: mon-fri 9-13 every minute (gated by switch toggle+interval)
2026-08-10 16:31:43.929 | INFO     | stock_bot.live.leader_runner:run_leader:291 - leader trade scheduled: mon-fri 9-15 every minute (enabled=False)
2026-08-10 16:33:04.036 | INFO     | stock_bot.live.runner:_start_env_watcher:1575 - env watcher started (1s poll, scope=대장주봇)
2026-08-10 16:33:05.787 | INFO     | stock_bot.live.leader_runner:run_leader:75 - leader runner started (trade_enabled=False, budget=50,000,000)
2026-08-10 16:33:05.796 | INFO     | stock_bot.live.leader_runner:run_leader:114 - leader market_flow prefetch scheduled: mon-fri 08:30 (pykrx KRX × 어제 r, 20d top-N)
2026-08-10 16:33:05.802 | INFO     | stock_bot.live.leader_runner:run_leader:196 - leader pick scheduled: mon-fri 9:28:30 → 10min retry until 13:00 (theme mode)
2026-08-10 16:33:05.805 | INFO     | stock_bot.live.leader_runner:run_leader:267 - leader reval scheduled: mon-fri 9-13 every minute (gated by switch toggle+interval)
2026-08-10 16:33:05.807 | INFO     | stock_bot.live.leader_runner:run_leader:291 - leader trade scheduled: mon-fri 9-15 every minute (enabled=False)
2026-08-10 16:35:57.566 | INFO     | stock_bot.live.runner:_start_env_watcher:1575 - env watcher started (1s poll, scope=대장주봇)
2026-08-10 16:36:02.231 | DEBUG    | stock_bot.notify.discord:_post_with_retry:56 - discord send error (attempt 1/3): [Errno -5] No address associated with hostname
2026-08-10 16:36:04.625 | INFO     | stock_bot.notify.discord:_post_with_retry:50 - discord send recovered on attempt 2/3
2026-08-10 16:36:04.627 | INFO     | stock_bot.live.leader_runner:run_leader:75 - leader runner started (trade_enabled=False, budget=50,000,000)
2026-08-10 16:36:04.635 | INFO     | stock_bot.live.leader_runner:run_leader:114 - leader market_flow prefetch scheduled: mon-fri 08:30 (pykrx KRX × 어제 r, 20d top-N)
2026-08-10 16:36:04.643 | INFO     | stock_bot.live.leader_runner:run_leader:196 - leader pick scheduled: mon-fri 9:28:30 → 10min retry until 13:00 (theme mode)
2026-08-10 16:36:04.646 | INFO     | stock_bot.live.leader_runner:run_leader:267 - leader reval scheduled: mon-fri 9-13 every minute (gated by switch toggle+interval)
2026-08-10 16:36:04.649 | INFO     | stock_bot.live.leader_runner:run_leader:291 - leader trade scheduled: mon-fri 9-15 every minute (enabled=False)
2026-08-10 18:11:38.872 | INFO     | stock_bot.live.runner:_start_env_watcher:1575 - env watcher started (1s poll, scope=대장주봇)
2026-08-10 18:11:40.524 | INFO     | stock_bot.live.leader_runner:run_leader:75 - leader runner started (trade_enabled=False, budget=50,000,000)
2026-08-10 18:11:40.528 | INFO     | stock_bot.live.leader_runner:run_leader:114 - leader market_flow prefetch scheduled: mon-fri 08:30 (pykrx KRX × 어제 r, 20d top-N)
2026-08-10 18:11:40.533 | INFO     | stock_bot.live.leader_runner:run_leader:196 - leader pick scheduled: mon-fri 9:28:30 → 10min retry until 13:00 (theme mode)
2026-08-10 18:11:40.536 | INFO     | stock_bot.live.leader_runner:run_leader:267 - leader reval scheduled: mon-fri 9-13 every minute (gated by switch toggle+interval)
2026-08-10 18:11:40.539 | INFO     | stock_bot.live.leader_runner:run_leader:291 - leader trade scheduled: mon-fri 9-15 every minute (enabled=False)
2026-08-10 18:14:36.187 | INFO     | stock_bot.live.runner:_start_env_watcher:1575 - env watcher started (1s poll, scope=대장주봇)
2026-08-10 18:14:37.671 | INFO     | stock_bot.live.leader_runner:run_leader:75 - leader runner started (trade_enabled=False, budget=50,000,000)
2026-08-10 18:14:37.675 | INFO     | stock_bot.live.leader_runner:run_leader:114 - leader market_flow prefetch scheduled: mon-fri 08:30 (pykrx KRX × 어제 r, 20d top-N)
2026-08-10 18:14:37.681 | INFO     | stock_bot.live.leader_runner:run_leader:196 - leader pick scheduled: mon-fri 9:28:30 → 10min retry until 13:00 (theme mode)
2026-08-10 18:14:37.684 | INFO     | stock_bot.live.leader_runner:run_leader:267 - leader reval scheduled: mon-fri 9-13 every minute (gated by switch toggle+interval)
2026-08-10 18:14:37.687 | INFO     | stock_bot.live.leader_runner:run_leader:291 - leader trade scheduled: mon-fri 9-15 every minute (enabled=False)
2026-08-10 18:14:37.690 | INFO     | stock_bot.live.leader_runner:run_leader:325 - leader cache snapshot scheduled: mon-fri 15:35
2026-08-10 18:32:35.484 | INFO     | stock_bot.live.runner:_start_env_watcher:1575 - env watcher started (1s poll, scope=대장주봇)
2026-08-10 18:32:36.882 | INFO     | stock_bot.live.leader_runner:run_leader:75 - leader runner started (trade_enabled=False, budget=50,000,000)
2026-08-10 18:32:36.888 | INFO     | stock_bot.live.leader_runner:run_leader:114 - leader market_flow prefetch scheduled: mon-fri 08:30 (pykrx KRX × 어제 r, 20d top-N)
2026-08-10 18:32:36.894 | INFO     | stock_bot.live.leader_runner:run_leader:196 - leader pick scheduled: mon-fri 9:28:30 → 10min retry until 13:00 (theme mode)
2026-08-10 18:32:36.898 | INFO     | stock_bot.live.leader_runner:run_leader:267 - leader reval scheduled: mon-fri 9-13 every minute (gated by switch toggle+interval)
2026-08-10 18:32:36.901 | INFO     | stock_bot.live.leader_runner:run_leader:291 - leader trade scheduled: mon-fri 9-15 every minute (enabled=False)
2026-08-10 18:32:36.904 | INFO     | stock_bot.live.leader_runner:run_leader:325 - leader cache snapshot scheduled: mon-fri 15:35
2026-08-10 20:49:39.138 | INFO     | stock_bot.live.runner:_start_env_watcher:1575 - env watcher started (1s poll, scope=대장주봇)
2026-08-10 20:49:40.529 | INFO     | stock_bot.live.leader_runner:run_leader:75 - leader runner started (trade_enabled=False, budget=50,000,000)
2026-08-10 20:49:40.533 | INFO     | stock_bot.live.leader_runner:run_leader:114 - leader market_flow prefetch scheduled: mon-fri 08:30 (pykrx KRX × 어제 r, 20d top-N)
2026-08-10 20:49:40.539 | INFO     | stock_bot.live.leader_runner:run_leader:196 - leader pick scheduled: mon-fri 9:28:30 → 10min retry until 13:00 (theme mode)
2026-08-10 20:49:40.541 | INFO     | stock_bot.live.leader_runner:run_leader:267 - leader reval scheduled: mon-fri 9-13 every minute (gated by switch toggle+interval)
2026-08-10 20:49:40.544 | INFO     | stock_bot.live.leader_runner:run_leader:291 - leader trade scheduled: mon-fri 9-15 every minute (enabled=False)
2026-08-10 20:49:40.546 | INFO     | stock_bot.live.leader_runner:run_leader:325 - leader cache snapshot scheduled: mon-fri 15:35
2026-08-10 21:05:58.709 | INFO     | stock_bot.live.runner:_start_env_watcher:1575 - env watcher started (1s poll, scope=대장주봇)
2026-08-10 21:06:00.239 | INFO     | stock_bot.live.leader_runner:run_leader:75 - leader runner started (trade_enabled=False, budget=50,000,000)
2026-08-10 21:06:00.245 | INFO     | stock_bot.live.leader_runner:run_leader:114 - leader market_flow prefetch scheduled: mon-fri 08:30 (pykrx KRX × 어제 r, 20d top-N)
2026-08-10 21:06:00.250 | INFO     | stock_bot.live.leader_runner:run_leader:128 - leader market_flow 캐시 0/20일 → 부팅 직후 백필 1회 실행
2026-08-10 21:06:53.476 | INFO     | stock_bot.live.runner:_is_trading_day:539 - 거래일 판정 2026-08-10 → 거래일 (출처: exchange_calendars)
2026-08-10 21:07:09.270 | INFO     | stock_bot.live.leader_runner:_leader_prefetch_market_flow:98 - leader market_flow prefetch [21:06] (exit=1) ModuleNotFoundError: No module named 'mk_quant'
2026-08-10 21:07:09.274 | INFO     | stock_bot.live.leader_runner:run_leader:199 - leader pick scheduled: mon-fri 9:28:30 → 10min retry until 13:00 (theme mode)
2026-08-10 21:07:09.276 | INFO     | stock_bot.live.leader_runner:run_leader:270 - leader reval scheduled: mon-fri 9-13 every minute (gated by switch toggle+interval)
2026-08-10 21:07:09.278 | INFO     | stock_bot.live.leader_runner:run_leader:294 - leader trade scheduled: mon-fri 9-15 every minute (enabled=False)
2026-08-10 21:07:09.280 | INFO     | stock_bot.live.leader_runner:run_leader:328 - leader cache snapshot scheduled: mon-fri 15:35
2026-08-10 21:08:35.489 | INFO     | stock_bot.live.runner:_reload_env_if_changed:463 - .env 변경 감지, 핫리로드[대장주봇]: leader_trade_enabled: False → True
2026-08-10 23:03:44.303 | INFO     | stock_bot.live.runner:_start_env_watcher:1575 - env watcher started (1s poll, scope=대장주봇)
2026-08-10 23:03:45.740 | INFO     | stock_bot.live.leader_runner:run_leader:75 - leader runner started (trade_enabled=False, budget=50,000,000)
2026-08-10 23:03:45.744 | INFO     | stock_bot.live.leader_runner:run_leader:114 - leader market_flow prefetch scheduled: mon-fri 08:30 (pykrx KRX × 어제 r, 20d top-N)
2026-08-10 23:03:45.758 | INFO     | stock_bot.live.leader_runner:run_leader:128 - leader market_flow 캐시 0/20일 → 부팅 직후 백필 1회 실행
2026-08-10 23:04:39.105 | INFO     | stock_bot.live.runner:_is_trading_day:539 - 거래일 판정 2026-08-10 → 거래일 (출처: exchange_calendars)
2026-08-10 23:04:48.545 | INFO     | stock_bot.live.leader_runner:_leader_prefetch_market_flow:98 - leader market_flow prefetch [23:03] (exit=1) ModuleNotFoundError: No module named 'mk_quant'
2026-08-10 23:04:48.549 | INFO     | stock_bot.live.leader_runner:run_leader:199 - leader pick scheduled: mon-fri 9:28:30 → 10min retry until 13:00 (theme mode)
2026-08-10 23:04:48.551 | INFO     | stock_bot.live.leader_runner:run_leader:270 - leader reval scheduled: mon-fri 9-13 every minute (gated by switch toggle+interval)
2026-08-10 23:04:48.554 | INFO     | stock_bot.live.leader_runner:run_leader:294 - leader trade scheduled: mon-fri 9-15 every minute (enabled=False)
2026-08-10 23:04:48.556 | INFO     | stock_bot.live.leader_runner:run_leader:328 - leader cache snapshot scheduled: mon-fri 15:35
2026-08-10 23:09:17.236 | INFO     | stock_bot.live.runner:_reload_env_if_changed:463 - .env 변경 감지, 핫리로드[대장주봇]: leader_sel_rise_min: 7.0 → 5.0
2026-08-10 23:21:39.359 | INFO     | stock_bot.live.runner:_start_env_watcher:1575 - env watcher started (1s poll, scope=대장주봇)
2026-08-10 23:21:40.782 | INFO     | stock_bot.live.leader_runner:run_leader:75 - leader runner started (trade_enabled=False, budget=50,000,000)
2026-08-10 23:21:40.786 | INFO     | stock_bot.live.leader_runner:run_leader:114 - leader market_flow prefetch scheduled: mon-fri 08:30 (pykrx KRX × 어제 r, 20d top-N)
2026-08-10 23:21:40.791 | INFO     | stock_bot.live.leader_runner:run_leader:128 - leader market_flow 캐시 0/20일 → 부팅 직후 백필 1회 실행
2026-08-10 23:22:35.035 | INFO     | stock_bot.live.runner:_is_trading_day:539 - 거래일 판정 2026-08-10 → 거래일 (출처: exchange_calendars)
2026-08-10 23:22:45.495 | INFO     | stock_bot.live.leader_runner:_leader_prefetch_market_flow:98 - leader market_flow prefetch [23:21] (exit=1) ModuleNotFoundError: No module named 'mk_quant'
2026-08-10 23:22:45.505 | INFO     | stock_bot.live.leader_runner:run_leader:199 - leader pick scheduled: mon-fri 9:28:30 → 10min retry until 13:00 (theme mode)
2026-08-10 23:22:45.507 | INFO     | stock_bot.live.leader_runner:run_leader:270 - leader reval scheduled: mon-fri 9-13 every minute (gated by switch toggle+interval)
2026-08-10 23:22:45.509 | INFO     | stock_bot.live.leader_runner:run_leader:294 - leader trade scheduled: mon-fri 9-15 every minute (enabled=False)
2026-08-10 23:22:45.511 | INFO     | stock_bot.live.leader_runner:run_leader:328 - leader cache snapshot scheduled: mon-fri 15:35
