2026-07-29 08:00:55.479 | INFO     | stock_bot.live.runner:_reload_env_if_changed:430 - .env 변경 감지, 핫리로드[대장주봇]: trade_symbols: 078930,010950 → 175330,105560
2026-07-29 09:00:00.063 | INFO     | stock_bot.live.runner:_is_trading_day:506 - 거래일 판정 2026-07-29 → 거래일 (출처: exchange_calendars)
2026-07-29 09:30:14.387 | INFO     | stock_bot.live.leader_runner:_leader_pick_tick:83 - leader pick [09:28] 미선별 — 10분 후 재시도 (exit=0) ⚠️ 조건 충족 대장주 없음
2026-07-29 09:40:00.005 | INFO     | stock_bot.live.leader_trader:tick:179 - leader_trader: 2026-07-29 picks 미생성 — 선별 대기
2026-07-29 09:40:11.428 | INFO     | stock_bot.live.leader_runner:_leader_pick_tick:83 - leader pick [09:38] 선별 완료 — 오늘 스케줄 종료 (exit=0) 　　에스피지(+16.0%), 코스모로보틱스(+10.9%), 현대무벡스(+8.2%)
2026-07-29 09:41:00.011 | INFO     | stock_bot.live.leader_trader:_load_day:130 - leader_trader: 2026-07-29 바스켓 에스피지(058610), 코스모로보틱스(439960) (선별 09:39, 60%룰 기준 +9.6%)
2026-07-29 09:42:01.098 | INFO     | stock_bot.live.leader_trader:_check_signal:315 - leader_trader: 058610 관망 — 확정봉 0939 · 전고 82,400 / floor 78,280 — 스윙저점 후보 76,700 < floor 78,280 (눌림 과다)
2026-07-29 09:42:03.068 | INFO     | stock_bot.live.leader_trader:_check_signal:315 - leader_trader: 439960 관망 — 확정봉 0939 · 전고 17,950 / floor 17,052 — 스윙저점 미형성 (확정봉 저가 16,710)
2026-07-29 09:45:02.131 | INFO     | stock_bot.live.leader_trader:_check_signal:315 - leader_trader: 058610 관망 — 확정봉 0942 · 전고 82,400 / floor 78,280 — 스윙저점 미형성 (확정봉 저가 76,000)
2026-07-29 09:45:05.778 | INFO     | stock_bot.live.leader_trader:_check_signal:315 - leader_trader: 439960 관망 — 확정봉 0942 · 전고 17,950 / floor 17,052 — 스윙저점 미형성 (확정봉 저가 16,790)
2026-07-29 09:48:01.108 | INFO     | stock_bot.live.leader_trader:_check_signal:315 - leader_trader: 058610 관망 — 확정봉 0945 · 전고 82,400 / floor 78,280 — 스윙저점 미형성 (확정봉 저가 76,800)
2026-07-29 09:48:03.069 | INFO     | stock_bot.live.leader_trader:_check_signal:315 - leader_trader: 439960 관망 — 확정봉 0945 · 전고 17,950 / floor 17,052 — 스윙저점 미형성 (확정봉 저가 16,850)
2026-07-29 09:51:01.103 | INFO     | stock_bot.live.leader_trader:_check_signal:315 - leader_trader: 058610 관망 — 확정봉 0948 · 전고 82,400 / floor 78,280 — 스윙저점 후보 76,000 < floor 78,280 (눌림 과다)
2026-07-29 09:51:03.094 | INFO     | stock_bot.live.leader_trader:_check_signal:315 - leader_trader: 439960 관망 — 확정봉 0948 · 전고 17,950 / floor 17,052 — 스윙저점 미형성 (확정봉 저가 16,830)
2026-07-29 09:54:01.108 | INFO     | stock_bot.live.leader_trader:_check_signal:315 - leader_trader: 058610 관망 — 확정봉 0951 · 전고 82,400 / floor 78,280 — 스윙저점 미형성 (확정봉 저가 75,100)
2026-07-29 09:54:03.112 | INFO     | stock_bot.live.leader_trader:_check_signal:315 - leader_trader: 439960 관망 — 확정봉 0951 · 전고 17,950 / floor 17,052 — 스윙저점 미형성 (확정봉 저가 16,530)
2026-07-29 09:57:01.136 | INFO     | stock_bot.live.leader_trader:_check_signal:315 - leader_trader: 058610 관망 — 확정봉 0954 · 전고 82,400 / floor 78,280 — 스윙저점 후보 75,100 < floor 78,280 (눌림 과다)
2026-07-29 09:57:03.066 | INFO     | stock_bot.live.leader_trader:_check_signal:315 - leader_trader: 439960 관망 — 확정봉 0954 · 전고 17,950 / floor 17,052 — 스윙저점 미형성 (확정봉 저가 16,500)
2026-07-29 10:00:02.084 | INFO     | stock_bot.live.leader_trader:_check_signal:315 - leader_trader: 058610 관망 — 확정봉 0957 · 전고 82,400 / floor 78,280 — 스윙저점 후보 75,100 < floor 78,280 (눌림 과다)
2026-07-29 10:00:10.372 | INFO     | stock_bot.live.leader_trader:_check_signal:315 - leader_trader: 439960 관망 — 확정봉 0957 · 전고 17,950 / floor 17,052 — 스윙저점 미형성 (확정봉 저가 16,090)
2026-07-29 10:03:01.093 | INFO     | stock_bot.live.leader_trader:_check_signal:315 - leader_trader: 058610 관망 — 확정봉 1000 · 전고 82,400 / floor 78,280 — 스윙저점 미형성 (확정봉 저가 76,400)
2026-07-29 10:03:03.073 | INFO     | stock_bot.live.leader_trader:_check_signal:315 - leader_trader: 439960 관망 — 확정봉 1000 · 전고 17,950 / floor 17,052 — 스윙저점 미형성 (확정봉 저가 16,210)
2026-07-29 10:06:01.097 | INFO     | stock_bot.live.leader_trader:_check_signal:315 - leader_trader: 058610 관망 — 확정봉 1003 · 전고 82,400 / floor 78,280 — 스윙저점 미형성 (확정봉 저가 76,200)
2026-07-29 10:06:03.100 | INFO     | stock_bot.live.leader_trader:_check_signal:315 - leader_trader: 439960 관망 — 확정봉 1003 · 전고 17,950 / floor 17,052 — 스윙저점 후보 16,090 < floor 17,052 (눌림 과다)
2026-07-29 10:09:01.419 | INFO     | stock_bot.live.leader_trader:_check_signal:315 - leader_trader: 058610 관망 — 확정봉 1006 · 전고 82,400 / floor 78,280 — 스윙저점 미형성 (확정봉 저가 75,600)
2026-07-29 10:09:03.717 | INFO     | stock_bot.live.leader_trader:_check_signal:315 - leader_trader: 439960 관망 — 확정봉 1006 · 전고 17,950 / floor 17,052 — 스윙저점 미형성 (확정봉 저가 16,340)
2026-07-29 10:12:01.099 | INFO     | stock_bot.live.leader_trader:_check_signal:315 - leader_trader: 058610 관망 — 확정봉 1009 · 전고 82,400 / floor 78,280 — 스윙저점 미형성 (확정봉 저가 74,400)
2026-07-29 10:12:03.068 | INFO     | stock_bot.live.leader_trader:_check_signal:315 - leader_trader: 439960 관망 — 확정봉 1009 · 전고 17,950 / floor 17,052 — 스윙저점 미형성 (확정봉 저가 15,930)
2026-07-29 10:15:02.087 | INFO     | stock_bot.live.leader_trader:_check_signal:315 - leader_trader: 058610 관망 — 확정봉 1012 · 전고 82,400 / floor 78,280 — 스윙저점 미형성 (확정봉 저가 74,100)
2026-07-29 10:15:05.097 | INFO     | stock_bot.live.leader_trader:_check_signal:315 - leader_trader: 439960 관망 — 확정봉 1012 · 전고 17,950 / floor 17,052 — 스윙저점 미형성 (확정봉 저가 16,030)
2026-07-29 10:18:01.325 | INFO     | stock_bot.live.leader_trader:_check_signal:315 - leader_trader: 058610 관망 — 확정봉 1015 · 전고 82,400 / floor 78,280 — 스윙저점 미형성 (확정봉 저가 73,800)
2026-07-29 10:18:03.693 | INFO     | stock_bot.live.leader_trader:_check_signal:315 - leader_trader: 439960 관망 — 확정봉 1015 · 전고 17,950 / floor 17,052 — 스윙저점 후보 15,930 < floor 17,052 (눌림 과다)
2026-07-29 10:21:03.379 | INFO     | stock_bot.live.leader_trader:_check_signal:315 - leader_trader: 058610 관망 — 확정봉 1018 · 전고 82,400 / floor 78,280 — 스윙저점 미형성 (확정봉 저가 73,400)
2026-07-29 10:21:06.560 | INFO     | stock_bot.live.leader_trader:_check_signal:315 - leader_trader: 439960 관망 — 확정봉 1018 · 전고 17,950 / floor 17,052 — 스윙저점 미형성 (확정봉 저가 16,540)
2026-07-29 10:24:01.097 | INFO     | stock_bot.live.leader_trader:_check_signal:315 - leader_trader: 058610 관망 — 확정봉 1021 · 전고 82,400 / floor 78,280 — 스윙저점 미형성 (확정봉 저가 74,400)
2026-07-29 10:24:03.415 | INFO     | stock_bot.live.leader_trader:_check_signal:315 - leader_trader: 439960 관망 — 확정봉 1021 · 전고 17,950 / floor 17,052 — 스윙저점 미형성 (확정봉 저가 16,750)
2026-07-29 10:27:01.521 | INFO     | stock_bot.live.leader_trader:_check_signal:315 - leader_trader: 058610 관망 — 확정봉 1024 · 전고 82,400 / floor 78,280 — 스윙저점 후보 73,400 < floor 78,280 (눌림 과다)
2026-07-29 10:27:03.600 | INFO     | stock_bot.live.leader_trader:_check_signal:315 - leader_trader: 439960 관망 — 확정봉 1024 · 전고 17,950 / floor 17,052 — 스윙저점 미형성 (확정봉 저가 16,750)
2026-07-29 10:30:02.086 | INFO     | stock_bot.live.leader_trader:_check_signal:315 - leader_trader: 058610 관망 — 확정봉 1027 · 전고 82,400 / floor 78,280 — 스윙저점 미형성 (확정봉 저가 75,100)
2026-07-29 10:30:06.073 | INFO     | stock_bot.live.leader_trader:_check_signal:315 - leader_trader: 439960 관망 — 확정봉 1027 · 전고 17,950 / floor 17,052 — 스윙저점 미형성 (확정봉 저가 16,760)
2026-07-29 10:33:01.117 | INFO     | stock_bot.live.leader_trader:_check_signal:315 - leader_trader: 058610 관망 — 확정봉 1030 · 전고 82,400 / floor 78,280 — 스윙저점 미형성 (확정봉 저가 74,500)
2026-07-29 10:33:03.117 | INFO     | stock_bot.live.leader_trader:_check_signal:315 - leader_trader: 439960 관망 — 확정봉 1030 · 전고 17,950 / floor 17,052 — 스윙저점 미형성 (확정봉 저가 16,750)
2026-07-29 10:36:01.724 | INFO     | stock_bot.live.leader_trader:_check_signal:315 - leader_trader: 058610 관망 — 확정봉 1033 · 전고 82,400 / floor 78,280 — 스윙저점 미형성 (확정봉 저가 74,300)
2026-07-29 10:36:04.012 | INFO     | stock_bot.live.leader_trader:_check_signal:315 - leader_trader: 439960 관망 — 확정봉 1033 · 전고 17,950 / floor 17,052 — 스윙저점 미형성 (확정봉 저가 16,830)
2026-07-29 10:39:01.120 | INFO     | stock_bot.live.leader_trader:_check_signal:315 - leader_trader: 058610 관망 — 확정봉 1036 · 전고 82,400 / floor 78,280 — 스윙저점 미형성 (확정봉 저가 74,100)
2026-07-29 10:39:03.093 | INFO     | stock_bot.live.leader_trader:_check_signal:315 - leader_trader: 439960 관망 — 확정봉 1036 · 전고 17,950 / floor 17,052 — 스윙저점 후보 16,750 < floor 17,052 (눌림 과다)
2026-07-29 10:42:01.105 | INFO     | stock_bot.live.leader_trader:_check_signal:315 - leader_trader: 058610 관망 — 확정봉 1039 · 전고 82,400 / floor 78,280 — 스윙저점 미형성 (확정봉 저가 73,700)
2026-07-29 10:42:03.076 | INFO     | stock_bot.live.leader_trader:_check_signal:315 - leader_trader: 439960 관망 — 확정봉 1039 · 전고 17,950 / floor 17,052 — 스윙저점 미형성 (확정봉 저가 17,090)
2026-07-29 10:45:02.104 | INFO     | stock_bot.live.leader_trader:_check_signal:315 - leader_trader: 058610 관망 — 확정봉 1042 · 전고 82,400 / floor 78,280 — 스윙저점 미형성 (확정봉 저가 73,400)
2026-07-29 10:45:05.079 | INFO     | stock_bot.live.leader_trader:_check_signal:315 - leader_trader: 439960 관망 — 확정봉 1042 · 전고 17,950 / floor 17,052 — 스윙저점 미형성 (확정봉 저가 17,200)
2026-07-29 10:48:01.075 | INFO     | stock_bot.live.leader_trader:_check_signal:315 - leader_trader: 058610 관망 — 확정봉 1045 · 전고 82,400 / floor 78,280 — 스윙저점 미형성 (확정봉 저가 72,700)
2026-07-29 10:48:03.088 | INFO     | stock_bot.live.leader_trader:_check_signal:315 - leader_trader: 439960 관망 — 확정봉 1045 · 전고 17,950 / floor 17,052 — 스윙저점 미형성 (확정봉 저가 16,760)
2026-07-29 10:51:01.126 | INFO     | stock_bot.live.leader_trader:_check_signal:315 - leader_trader: 058610 관망 — 확정봉 1048 · 전고 82,400 / floor 78,280 — 스윙저점 미형성 (확정봉 저가 72,300)
2026-07-29 10:51:03.379 | INFO     | stock_bot.live.leader_trader:_check_signal:315 - leader_trader: 439960 관망 — 확정봉 1048 · 전고 17,950 / floor 17,052 — 스윙저점 미형성 (확정봉 저가 16,830)
2026-07-29 10:54:01.114 | INFO     | stock_bot.live.leader_trader:_check_signal:315 - leader_trader: 058610 관망 — 확정봉 1051 · 전고 82,400 / floor 78,280 — 스윙저점 미형성 (확정봉 저가 72,300)
2026-07-29 10:54:03.414 | INFO     | stock_bot.live.leader_trader:_check_signal:315 - leader_trader: 439960 관망 — 확정봉 1051 · 전고 17,950 / floor 17,052 — 스윙저점 미형성 (확정봉 저가 16,300)
2026-07-29 10:57:01.118 | INFO     | stock_bot.live.leader_trader:_check_signal:315 - leader_trader: 058610 관망 — 확정봉 1054 · 전고 82,400 / floor 78,280 — 스윙저점 미형성 (확정봉 저가 71,600)
2026-07-29 10:57:03.352 | INFO     | stock_bot.live.leader_trader:_check_signal:315 - leader_trader: 439960 관망 — 확정봉 1054 · 전고 17,950 / floor 17,052 — 스윙저점 미형성 (확정봉 저가 15,940)
2026-07-29 11:00:02.084 | INFO     | stock_bot.live.leader_trader:_check_signal:315 - leader_trader: 058610 관망 — 확정봉 1057 · 전고 82,400 / floor 78,280 — 스윙저점 미형성 (확정봉 저가 72,000)
2026-07-29 11:00:05.994 | INFO     | stock_bot.live.leader_trader:_check_signal:315 - leader_trader: 439960 관망 — 확정봉 1057 · 전고 17,950 / floor 17,052 — 스윙저점 미형성 (확정봉 저가 16,040)
2026-07-29 11:03:01.366 | INFO     | stock_bot.live.leader_trader:_check_signal:315 - leader_trader: 058610 관망 — 확정봉 1100 · 전고 82,400 / floor 78,280 — 스윙저점 미형성 (확정봉 저가 71,500)
2026-07-29 11:03:10.277 | INFO     | stock_bot.live.leader_trader:_check_signal:315 - leader_trader: 439960 관망 — 확정봉 1100 · 전고 17,950 / floor 17,052 — 스윙저점 후보 15,940 < floor 17,052 (눌림 과다)
2026-07-29 11:06:01.785 | INFO     | stock_bot.live.leader_trader:_check_signal:315 - leader_trader: 058610 관망 — 확정봉 1103 · 전고 82,400 / floor 78,280 — 스윙저점 미형성 (확정봉 저가 71,800)
2026-07-29 11:06:04.229 | INFO     | stock_bot.live.leader_trader:_check_signal:315 - leader_trader: 439960 관망 — 확정봉 1103 · 전고 17,950 / floor 17,052 — 스윙저점 미형성 (확정봉 저가 16,020)
2026-07-29 11:09:01.119 | INFO     | stock_bot.live.leader_trader:_check_signal:315 - leader_trader: 058610 관망 — 확정봉 1106 · 전고 82,400 / floor 78,280 — 스윙저점 후보 71,500 < floor 78,280 (눌림 과다)
2026-07-29 11:09:03.086 | INFO     | stock_bot.live.leader_trader:_check_signal:315 - leader_trader: 439960 관망 — 확정봉 1106 · 전고 17,950 / floor 17,052 — 스윙저점 미형성 (확정봉 저가 15,960)
2026-07-29 11:12:01.137 | INFO     | stock_bot.live.leader_trader:_check_signal:315 - leader_trader: 058610 관망 — 확정봉 1109 · 전고 82,400 / floor 78,280 — 스윙저점 후보 71,500 < floor 78,280 (눌림 과다)
2026-07-29 11:12:03.091 | INFO     | stock_bot.live.leader_trader:_check_signal:315 - leader_trader: 439960 관망 — 확정봉 1109 · 전고 17,950 / floor 17,052 — 스윙저점 미형성 (확정봉 저가 15,980)
2026-07-29 11:15:02.131 | INFO     | stock_bot.live.leader_trader:_check_signal:315 - leader_trader: 058610 관망 — 확정봉 1112 · 전고 82,400 / floor 78,280 — 스윙저점 미형성 (확정봉 저가 72,000)
2026-07-29 11:15:05.231 | INFO     | stock_bot.live.leader_trader:_check_signal:315 - leader_trader: 439960 관망 — 확정봉 1112 · 전고 17,950 / floor 17,052 — 스윙저점 미형성 (확정봉 저가 15,760)
2026-07-29 11:18:01.272 | INFO     | stock_bot.live.leader_trader:_check_signal:315 - leader_trader: 058610 관망 — 확정봉 1115 · 전고 82,400 / floor 78,280 — 스윙저점 미형성 (확정봉 저가 71,100)
2026-07-29 11:18:04.096 | INFO     | stock_bot.live.leader_trader:_check_signal:315 - leader_trader: 439960 관망 — 확정봉 1115 · 전고 17,950 / floor 17,052 — 스윙저점 미형성 (확정봉 저가 15,620)
2026-07-29 11:21:01.116 | INFO     | stock_bot.live.leader_trader:_check_signal:315 - leader_trader: 058610 관망 — 확정봉 1118 · 전고 82,400 / floor 78,280 — 스윙저점 미형성 (확정봉 저가 70,500)
2026-07-29 11:21:03.101 | INFO     | stock_bot.live.leader_trader:_check_signal:315 - leader_trader: 439960 관망 — 확정봉 1118 · 전고 17,950 / floor 17,052 — 스윙저점 미형성 (확정봉 저가 15,690)
2026-07-29 11:24:01.085 | INFO     | stock_bot.live.leader_trader:_check_signal:315 - leader_trader: 058610 관망 — 확정봉 1121 · 전고 82,400 / floor 78,280 — 스윙저점 미형성 (확정봉 저가 71,400)
2026-07-29 11:24:03.128 | INFO     | stock_bot.live.leader_trader:_check_signal:315 - leader_trader: 439960 관망 — 확정봉 1121 · 전고 17,950 / floor 17,052 — 스윙저점 후보 15,620 < floor 17,052 (눌림 과다)
2026-07-29 11:27:01.130 | INFO     | stock_bot.live.leader_trader:_check_signal:315 - leader_trader: 058610 관망 — 확정봉 1124 · 전고 82,400 / floor 78,280 — 스윙저점 후보 70,500 < floor 78,280 (눌림 과다)
2026-07-29 11:27:03.126 | INFO     | stock_bot.live.leader_trader:_check_signal:315 - leader_trader: 439960 관망 — 확정봉 1124 · 전고 17,950 / floor 17,052 — 스윙저점 미형성 (확정봉 저가 16,040)
2026-07-29 11:30:03.516 | INFO     | stock_bot.live.leader_trader:_check_signal:315 - leader_trader: 058610 관망 — 확정봉 1127 · 전고 82,400 / floor 78,280 — 스윙저점 미형성 (확정봉 저가 71,700)
2026-07-29 11:30:08.364 | INFO     | stock_bot.live.leader_trader:_check_signal:315 - leader_trader: 439960 관망 — 확정봉 1127 · 전고 17,950 / floor 17,052 — 스윙저점 미형성 (확정봉 저가 16,000)
2026-07-29 11:33:01.141 | INFO     | stock_bot.live.leader_trader:_check_signal:315 - leader_trader: 058610 관망 — 확정봉 1130 · 전고 82,400 / floor 78,280 — 스윙저점 미형성 (확정봉 저가 72,400)
2026-07-29 11:33:03.090 | INFO     | stock_bot.live.leader_trader:_check_signal:315 - leader_trader: 439960 관망 — 확정봉 1130 · 전고 17,950 / floor 17,052 — 스윙저점 미형성 (확정봉 저가 15,900)
2026-07-29 11:36:01.146 | INFO     | stock_bot.live.leader_trader:_check_signal:315 - leader_trader: 058610 관망 — 확정봉 1133 · 전고 82,400 / floor 78,280 — 스윙저점 미형성 (확정봉 저가 71,800)
2026-07-29 11:36:03.087 | INFO     | stock_bot.live.leader_trader:_check_signal:315 - leader_trader: 439960 관망 — 확정봉 1133 · 전고 17,950 / floor 17,052 — 스윙저점 미형성 (확정봉 저가 15,960)
2026-07-29 11:39:01.437 | INFO     | stock_bot.live.leader_trader:_check_signal:315 - leader_trader: 058610 관망 — 확정봉 1136 · 전고 82,400 / floor 78,280 — 스윙저점 미형성 (확정봉 저가 71,500)
2026-07-29 11:39:04.101 | INFO     | stock_bot.live.leader_trader:_check_signal:315 - leader_trader: 439960 관망 — 확정봉 1136 · 전고 17,950 / floor 17,052 — 스윙저점 미형성 (확정봉 저가 15,790)
2026-07-29 11:42:01.117 | INFO     | stock_bot.live.leader_trader:_check_signal:315 - leader_trader: 058610 관망 — 확정봉 1139 · 전고 82,400 / floor 78,280 — 스윙저점 미형성 (확정봉 저가 71,400)
2026-07-29 11:42:03.164 | INFO     | stock_bot.live.leader_trader:_check_signal:315 - leader_trader: 439960 관망 — 확정봉 1139 · 전고 17,950 / floor 17,052 — 스윙저점 미형성 (확정봉 저가 15,750)
2026-07-29 11:45:03.218 | INFO     | stock_bot.live.leader_trader:_check_signal:315 - leader_trader: 058610 관망 — 확정봉 1142 · 전고 82,400 / floor 78,280 — 스윙저점 미형성 (확정봉 저가 71,900)
2026-07-29 11:45:09.692 | INFO     | stock_bot.live.leader_trader:_check_signal:315 - leader_trader: 439960 관망 — 확정봉 1142 · 전고 17,950 / floor 17,052 — 스윙저점 미형성 (확정봉 저가 15,820)
2026-07-29 11:48:01.125 | INFO     | stock_bot.live.leader_trader:_check_signal:315 - leader_trader: 058610 관망 — 확정봉 1145 · 전고 82,400 / floor 78,280 — 스윙저점 후보 71,400 < floor 78,280 (눌림 과다)
2026-07-29 11:48:03.135 | INFO     | stock_bot.live.leader_trader:_check_signal:315 - leader_trader: 439960 관망 — 확정봉 1145 · 전고 17,950 / floor 17,052 — 스윙저점 후보 15,750 < floor 17,052 (눌림 과다)
2026-07-29 11:51:01.132 | INFO     | stock_bot.live.leader_trader:_check_signal:315 - leader_trader: 058610 관망 — 확정봉 1148 · 전고 82,400 / floor 78,280 — 스윙저점 미형성 (확정봉 저가 71,600)
2026-07-29 11:51:03.096 | INFO     | stock_bot.live.leader_trader:_check_signal:315 - leader_trader: 439960 관망 — 확정봉 1148 · 전고 17,950 / floor 17,052 — 스윙저점 미형성 (확정봉 저가 15,810)
2026-07-29 11:54:01.132 | INFO     | stock_bot.live.leader_trader:_check_signal:315 - leader_trader: 058610 관망 — 확정봉 1151 · 전고 82,400 / floor 78,280 — 스윙저점 미형성 (확정봉 저가 71,400)
2026-07-29 11:54:03.112 | INFO     | stock_bot.live.leader_trader:_check_signal:315 - leader_trader: 439960 관망 — 확정봉 1151 · 전고 17,950 / floor 17,052 — 스윙저점 미형성 (확정봉 저가 15,910)
2026-07-29 11:57:01.648 | INFO     | stock_bot.live.leader_trader:_check_signal:315 - leader_trader: 058610 관망 — 확정봉 1154 · 전고 82,400 / floor 78,280 — 스윙저점 미형성 (확정봉 저가 71,300)
2026-07-29 11:57:03.862 | INFO     | stock_bot.live.leader_trader:_check_signal:315 - leader_trader: 439960 관망 — 확정봉 1154 · 전고 17,950 / floor 17,052 — 스윙저점 후보 15,810 < floor 17,052 (눌림 과다)
2026-07-29 12:00:02.705 | INFO     | stock_bot.live.leader_trader:_check_signal:315 - leader_trader: 058610 관망 — 확정봉 1157 · 전고 82,400 / floor 78,280 — 스윙저점 미형성 (확정봉 저가 71,600)
2026-07-29 12:00:11.135 | INFO     | stock_bot.live.leader_trader:_check_signal:315 - leader_trader: 439960 관망 — 확정봉 1157 · 전고 17,950 / floor 17,052 — 스윙저점 미형성 (확정봉 저가 15,890)
2026-07-29 12:03:01.129 | INFO     | stock_bot.live.leader_trader:_check_signal:315 - leader_trader: 058610 관망 — 확정봉 1200 · 전고 82,400 / floor 78,280 — 스윙저점 미형성 (확정봉 저가 70,600)
2026-07-29 12:03:03.095 | INFO     | stock_bot.live.leader_trader:_check_signal:315 - leader_trader: 439960 관망 — 확정봉 1200 · 전고 17,950 / floor 17,052 — 스윙저점 미형성 (확정봉 저가 15,690)
2026-07-29 12:06:01.133 | INFO     | stock_bot.live.leader_trader:_check_signal:315 - leader_trader: 058610 관망 — 확정봉 1203 · 전고 82,400 / floor 78,280 — 스윙저점 미형성 (확정봉 저가 70,400)
2026-07-29 12:06:03.098 | INFO     | stock_bot.live.leader_trader:_check_signal:315 - leader_trader: 439960 관망 — 확정봉 1203 · 전고 17,950 / floor 17,052 — 스윙저점 미형성 (확정봉 저가 15,540)
2026-07-29 12:09:01.746 | INFO     | stock_bot.live.leader_trader:_check_signal:315 - leader_trader: 058610 관망 — 확정봉 1206 · 전고 82,400 / floor 78,280 — 스윙저점 미형성 (확정봉 저가 71,400)
2026-07-29 12:09:03.715 | INFO     | stock_bot.live.leader_trader:_check_signal:315 - leader_trader: 439960 관망 — 확정봉 1206 · 전고 17,950 / floor 17,052 — 스윙저점 미형성 (확정봉 저가 15,750)
2026-07-29 12:12:01.139 | INFO     | stock_bot.live.leader_trader:_check_signal:315 - leader_trader: 058610 관망 — 확정봉 1209 · 전고 82,400 / floor 78,280 — 스윙저점 후보 70,400 < floor 78,280 (눌림 과다)
2026-07-29 12:12:03.155 | INFO     | stock_bot.live.leader_trader:_check_signal:315 - leader_trader: 439960 관망 — 확정봉 1209 · 전고 17,950 / floor 17,052 — 스윙저점 후보 15,540 < floor 17,052 (눌림 과다)
2026-07-29 12:15:03.927 | INFO     | stock_bot.live.leader_trader:_check_signal:315 - leader_trader: 058610 관망 — 확정봉 1212 · 전고 82,400 / floor 78,280 — 스윙저점 미형성 (확정봉 저가 71,500)
2026-07-29 12:15:09.969 | INFO     | stock_bot.live.leader_trader:_check_signal:315 - leader_trader: 439960 관망 — 확정봉 1212 · 전고 17,950 / floor 17,052 — 스윙저점 미형성 (확정봉 저가 15,800)
2026-07-29 12:18:01.137 | INFO     | stock_bot.live.leader_trader:_check_signal:315 - leader_trader: 058610 관망 — 확정봉 1215 · 전고 82,400 / floor 78,280 — 스윙저점 미형성 (확정봉 저가 71,000)
2026-07-29 12:18:03.098 | INFO     | stock_bot.live.leader_trader:_check_signal:315 - leader_trader: 439960 관망 — 확정봉 1215 · 전고 17,950 / floor 17,052 — 스윙저점 미형성 (확정봉 저가 15,700)
2026-07-29 12:21:01.182 | INFO     | stock_bot.live.leader_trader:_check_signal:315 - leader_trader: 058610 관망 — 확정봉 1218 · 전고 82,400 / floor 78,280 — 스윙저점 미형성 (확정봉 저가 71,200)
2026-07-29 12:21:03.592 | INFO     | stock_bot.live.leader_trader:_check_signal:315 - leader_trader: 439960 관망 — 확정봉 1218 · 전고 17,950 / floor 17,052 — 스윙저점 미형성 (확정봉 저가 15,640)
2026-07-29 12:24:01.123 | INFO     | stock_bot.live.leader_trader:_check_signal:315 - leader_trader: 058610 관망 — 확정봉 1221 · 전고 82,400 / floor 78,280 — 스윙저점 후보 71,000 < floor 78,280 (눌림 과다)
2026-07-29 12:24:03.141 | INFO     | stock_bot.live.leader_trader:_check_signal:315 - leader_trader: 439960 관망 — 확정봉 1221 · 전고 17,950 / floor 17,052 — 스윙저점 미형성 (확정봉 저가 15,670)
2026-07-29 12:27:01.140 | INFO     | stock_bot.live.leader_trader:_check_signal:315 - leader_trader: 058610 관망 — 확정봉 1224 · 전고 82,400 / floor 78,280 — 스윙저점 미형성 (확정봉 저가 71,300)
2026-07-29 12:27:03.814 | INFO     | stock_bot.live.leader_trader:_check_signal:315 - leader_trader: 439960 관망 — 확정봉 1224 · 전고 17,950 / floor 17,052 — 스윙저점 후보 15,640 < floor 17,052 (눌림 과다)
2026-07-29 12:30:02.594 | INFO     | stock_bot.live.leader_trader:_check_signal:315 - leader_trader: 058610 관망 — 확정봉 1227 · 전고 82,400 / floor 78,280 — 스윙저점 미형성 (확정봉 저가 71,300)
2026-07-29 12:30:08.520 | INFO     | stock_bot.live.leader_trader:_check_signal:315 - leader_trader: 439960 관망 — 확정봉 1227 · 전고 17,950 / floor 17,052 — 스윙저점 미형성 (확정봉 저가 15,670)
2026-07-29 12:33:01.129 | INFO     | stock_bot.live.leader_trader:_check_signal:315 - leader_trader: 058610 관망 — 확정봉 1230 · 전고 82,400 / floor 78,280 — 스윙저점 미형성 (확정봉 저가 71,300)
2026-07-29 12:33:03.900 | INFO     | stock_bot.live.leader_trader:_check_signal:315 - leader_trader: 439960 관망 — 확정봉 1230 · 전고 17,950 / floor 17,052 — 스윙저점 미형성 (확정봉 저가 15,670)
2026-07-29 12:36:01.135 | INFO     | stock_bot.live.leader_trader:_check_signal:315 - leader_trader: 058610 관망 — 확정봉 1233 · 전고 82,400 / floor 78,280 — 스윙저점 후보 71,300 < floor 78,280 (눌림 과다)
2026-07-29 12:36:03.200 | INFO     | stock_bot.live.leader_trader:_check_signal:315 - leader_trader: 439960 관망 — 확정봉 1233 · 전고 17,950 / floor 17,052 — 스윙저점 후보 15,670 < floor 17,052 (눌림 과다)
2026-07-29 12:39:01.141 | INFO     | stock_bot.live.leader_trader:_check_signal:315 - leader_trader: 058610 관망 — 확정봉 1236 · 전고 82,400 / floor 78,280 — 스윙저점 후보 71,300 < floor 78,280 (눌림 과다)
2026-07-29 12:39:03.103 | INFO     | stock_bot.live.leader_trader:_check_signal:315 - leader_trader: 439960 관망 — 확정봉 1236 · 전고 17,950 / floor 17,052 — 스윙저점 후보 15,670 < floor 17,052 (눌림 과다)
2026-07-29 12:42:01.173 | INFO     | stock_bot.live.leader_trader:_check_signal:315 - leader_trader: 058610 관망 — 확정봉 1239 · 전고 82,400 / floor 78,280 — 스윙저점 후보 71,300 < floor 78,280 (눌림 과다)
2026-07-29 12:42:03.107 | INFO     | stock_bot.live.leader_trader:_check_signal:315 - leader_trader: 439960 관망 — 확정봉 1239 · 전고 17,950 / floor 17,052 — 스윙저점 후보 15,670 < floor 17,052 (눌림 과다)
2026-07-29 12:45:02.108 | INFO     | stock_bot.live.leader_trader:_check_signal:315 - leader_trader: 058610 관망 — 확정봉 1242 · 전고 82,400 / floor 78,280 — 스윙저점 후보 71,300 < floor 78,280 (눌림 과다)
2026-07-29 12:45:06.101 | INFO     | stock_bot.live.leader_trader:_check_signal:315 - leader_trader: 439960 관망 — 확정봉 1242 · 전고 17,950 / floor 17,052 — 스윙저점 후보 15,670 < floor 17,052 (눌림 과다)
2026-07-29 12:48:01.136 | INFO     | stock_bot.live.leader_trader:_check_signal:315 - leader_trader: 058610 관망 — 확정봉 1245 · 전고 82,400 / floor 78,280 — 스윙저점 후보 71,300 < floor 78,280 (눌림 과다)
2026-07-29 12:48:03.418 | INFO     | stock_bot.live.leader_trader:_check_signal:315 - leader_trader: 439960 관망 — 확정봉 1245 · 전고 17,950 / floor 17,052 — 스윙저점 후보 15,670 < floor 17,052 (눌림 과다)
2026-07-29 12:51:01.101 | INFO     | stock_bot.live.leader_trader:_check_signal:315 - leader_trader: 058610 관망 — 확정봉 1248 · 전고 82,400 / floor 78,280 — 스윙저점 미형성 (확정봉 저가 69,500)
2026-07-29 12:51:03.160 | INFO     | stock_bot.live.leader_trader:_check_signal:315 - leader_trader: 439960 관망 — 확정봉 1248 · 전고 17,950 / floor 17,052 — 스윙저점 미형성 (확정봉 저가 15,600)
2026-07-29 12:54:01.563 | INFO     | stock_bot.live.leader_trader:_check_signal:315 - leader_trader: 058610 관망 — 확정봉 1251 · 전고 82,400 / floor 78,280 — 스윙저점 미형성 (확정봉 저가 68,700)
2026-07-29 12:54:03.626 | INFO     | stock_bot.live.leader_trader:_check_signal:315 - leader_trader: 439960 관망 — 확정봉 1251 · 전고 17,950 / floor 17,052 — 스윙저점 미형성 (확정봉 저가 15,440)
2026-07-29 12:57:02.195 | INFO     | stock_bot.live.leader_trader:_check_signal:315 - leader_trader: 058610 관망 — 확정봉 1254 · 전고 82,400 / floor 78,280 — 스윙저점 미형성 (확정봉 저가 68,800)
2026-07-29 12:57:06.667 | INFO     | stock_bot.live.leader_trader:_check_signal:315 - leader_trader: 439960 관망 — 확정봉 1254 · 전고 17,950 / floor 17,052 — 스윙저점 미형성 (확정봉 저가 15,290)
2026-07-29 13:00:03.303 | INFO     | stock_bot.live.leader_trader:_check_signal:315 - leader_trader: 058610 관망 — 확정봉 1257 · 전고 82,400 / floor 78,280 — 스윙저점 후보 68,700 < floor 78,280 (눌림 과다)
2026-07-29 13:00:08.905 | INFO     | stock_bot.live.leader_trader:_check_signal:315 - leader_trader: 439960 관망 — 확정봉 1257 · 전고 17,950 / floor 17,052 — 스윙저점 미형성 (확정봉 저가 15,310)
2026-07-29 13:03:02.353 | INFO     | stock_bot.live.leader_trader:_check_signal:315 - leader_trader: 058610 관망 — 확정봉 1300 · 전고 82,400 / floor 78,280 — 스윙저점 미형성 (확정봉 저가 69,700)
2026-07-29 13:03:06.078 | INFO     | stock_bot.live.leader_trader:_check_signal:315 - leader_trader: 439960 관망 — 확정봉 1300 · 전고 17,950 / floor 17,052 — 스윙저점 후보 15,290 < floor 17,052 (눌림 과다)
2026-07-29 13:06:04.724 | INFO     | stock_bot.live.leader_trader:_check_signal:315 - leader_trader: 058610 관망 — 확정봉 1303 · 전고 82,400 / floor 78,280 — 스윙저점 미형성 (확정봉 저가 70,200)
2026-07-29 13:06:10.179 | INFO     | stock_bot.live.leader_trader:_check_signal:315 - leader_trader: 439960 관망 — 확정봉 1303 · 전고 17,950 / floor 17,052 — 스윙저점 미형성 (확정봉 저가 15,350)
2026-07-29 13:09:01.142 | INFO     | stock_bot.live.leader_trader:_check_signal:315 - leader_trader: 058610 관망 — 확정봉 1306 · 전고 82,400 / floor 78,280 — 스윙저점 미형성 (확정봉 저가 70,100)
2026-07-29 13:09:03.110 | INFO     | stock_bot.live.leader_trader:_check_signal:315 - leader_trader: 439960 관망 — 확정봉 1306 · 전고 17,950 / floor 17,052 — 스윙저점 미형성 (확정봉 저가 15,350)
2026-07-29 13:12:02.391 | INFO     | stock_bot.live.leader_trader:_check_signal:315 - leader_trader: 058610 관망 — 확정봉 1309 · 전고 82,400 / floor 78,280 — 스윙저점 미형성 (확정봉 저가 70,600)
2026-07-29 13:12:05.559 | INFO     | stock_bot.live.leader_trader:_check_signal:315 - leader_trader: 439960 관망 — 확정봉 1309 · 전고 17,950 / floor 17,052 — 스윙저점 미형성 (확정봉 저가 15,370)
2026-07-29 13:15:02.188 | INFO     | stock_bot.live.leader_trader:_check_signal:315 - leader_trader: 058610 관망 — 확정봉 1312 · 전고 82,400 / floor 78,280 — 스윙저점 미형성 (확정봉 저가 70,700)
2026-07-29 13:15:05.134 | INFO     | stock_bot.live.leader_trader:_check_signal:315 - leader_trader: 439960 관망 — 확정봉 1312 · 전고 17,950 / floor 17,052 — 스윙저점 미형성 (확정봉 저가 15,370)
2026-07-29 13:18:02.064 | INFO     | stock_bot.live.leader_trader:_check_signal:315 - leader_trader: 058610 관망 — 확정봉 1315 · 전고 82,400 / floor 78,280 — 스윙저점 미형성 (확정봉 저가 70,800)
2026-07-29 13:18:05.050 | INFO     | stock_bot.live.leader_trader:_check_signal:315 - leader_trader: 439960 관망 — 확정봉 1315 · 전고 17,950 / floor 17,052 — 스윙저점 미형성 (확정봉 저가 15,110)
2026-07-29 13:21:01.108 | INFO     | stock_bot.live.leader_trader:_check_signal:315 - leader_trader: 058610 관망 — 확정봉 1318 · 전고 82,400 / floor 78,280 — 스윙저점 미형성 (확정봉 저가 70,300)
2026-07-29 13:21:03.118 | INFO     | stock_bot.live.leader_trader:_check_signal:315 - leader_trader: 439960 관망 — 확정봉 1318 · 전고 17,950 / floor 17,052 — 스윙저점 미형성 (확정봉 저가 15,130)
2026-07-29 13:24:01.675 | INFO     | stock_bot.live.leader_trader:_check_signal:315 - leader_trader: 058610 관망 — 확정봉 1321 · 전고 82,400 / floor 78,280 — 스윙저점 미형성 (확정봉 저가 70,700)
2026-07-29 13:24:04.360 | INFO     | stock_bot.live.leader_trader:_check_signal:315 - leader_trader: 439960 관망 — 확정봉 1321 · 전고 17,950 / floor 17,052 — 스윙저점 후보 15,110 < floor 17,052 (눌림 과다)
2026-07-29 13:27:03.523 | INFO     | stock_bot.live.leader_trader:_check_signal:315 - leader_trader: 058610 관망 — 확정봉 1324 · 전고 82,400 / floor 78,280 — 스윙저점 후보 70,300 < floor 78,280 (눌림 과다)
2026-07-29 13:27:05.320 | INFO     | stock_bot.live.leader_trader:_check_signal:315 - leader_trader: 439960 관망 — 확정봉 1324 · 전고 17,950 / floor 17,052 — 스윙저점 미형성 (확정봉 저가 15,350)
2026-07-29 13:30:04.693 | INFO     | stock_bot.live.leader_trader:_check_signal:315 - leader_trader: 058610 관망 — 확정봉 1327 · 전고 82,400 / floor 78,280 — 스윙저점 미형성 (확정봉 저가 71,200)
2026-07-29 13:30:13.036 | INFO     | stock_bot.live.leader_trader:_check_signal:315 - leader_trader: 439960 관망 — 확정봉 1327 · 전고 17,950 / floor 17,052 — 스윙저점 미형성 (확정봉 저가 15,210)
2026-07-29 13:33:03.083 | INFO     | stock_bot.live.leader_trader:_check_signal:315 - leader_trader: 058610 관망 — 확정봉 1330 · 전고 82,400 / floor 78,280 — 스윙저점 미형성 (확정봉 저가 70,300)
2026-07-29 13:33:07.104 | INFO     | stock_bot.live.leader_trader:_check_signal:315 - leader_trader: 439960 관망 — 확정봉 1330 · 전고 17,950 / floor 17,052 — 스윙저점 미형성 (확정봉 저가 15,120)
2026-07-29 13:36:04.740 | INFO     | stock_bot.live.leader_trader:_check_signal:315 - leader_trader: 058610 관망 — 확정봉 1333 · 전고 82,400 / floor 78,280 — 스윙저점 미형성 (확정봉 저가 70,300)
2026-07-29 13:36:11.050 | INFO     | stock_bot.live.leader_trader:_check_signal:315 - leader_trader: 439960 관망 — 확정봉 1333 · 전고 17,950 / floor 17,052 — 스윙저점 미형성 (확정봉 저가 15,320)
2026-07-29 13:39:01.637 | INFO     | stock_bot.live.leader_trader:_check_signal:315 - leader_trader: 058610 관망 — 확정봉 1336 · 전고 82,400 / floor 78,280 — 스윙저점 후보 70,300 < floor 78,280 (눌림 과다)
2026-07-29 13:39:03.719 | INFO     | stock_bot.live.leader_trader:_check_signal:315 - leader_trader: 439960 관망 — 확정봉 1336 · 전고 17,950 / floor 17,052 — 스윙저점 후보 15,120 < floor 17,052 (눌림 과다)
2026-07-29 13:42:02.786 | INFO     | stock_bot.live.leader_trader:_check_signal:315 - leader_trader: 058610 관망 — 확정봉 1339 · 전고 82,400 / floor 78,280 — 스윙저점 후보 70,300 < floor 78,280 (눌림 과다)
2026-07-29 13:42:07.873 | INFO     | stock_bot.live.leader_trader:_check_signal:315 - leader_trader: 439960 관망 — 확정봉 1339 · 전고 17,950 / floor 17,052 — 스윙저점 미형성 (확정봉 저가 15,130)
2026-07-29 13:45:02.119 | INFO     | stock_bot.live.leader_trader:_check_signal:315 - leader_trader: 058610 관망 — 확정봉 1342 · 전고 82,400 / floor 78,280 — 스윙저점 미형성 (확정봉 저가 72,500)
2026-07-29 13:45:06.117 | INFO     | stock_bot.live.leader_trader:_check_signal:315 - leader_trader: 439960 관망 — 확정봉 1342 · 전고 17,950 / floor 17,052 — 스윙저점 미형성 (확정봉 저가 15,130)
2026-07-29 13:48:02.138 | INFO     | stock_bot.live.leader_trader:_check_signal:315 - leader_trader: 058610 관망 — 확정봉 1345 · 전고 82,400 / floor 78,280 — 스윙저점 미형성 (확정봉 저가 72,600)
2026-07-29 13:48:05.355 | INFO     | stock_bot.live.leader_trader:_check_signal:315 - leader_trader: 439960 관망 — 확정봉 1345 · 전고 17,950 / floor 17,052 — 스윙저점 후보 15,130 < floor 17,052 (눌림 과다)
2026-07-29 13:51:03.959 | INFO     | stock_bot.live.leader_trader:_check_signal:315 - leader_trader: 058610 관망 — 확정봉 1348 · 전고 82,400 / floor 78,280 — 스윙저점 미형성 (확정봉 저가 73,300)
2026-07-29 13:51:07.054 | INFO     | stock_bot.live.leader_trader:_check_signal:315 - leader_trader: 439960 관망 — 확정봉 1348 · 전고 17,950 / floor 17,052 — 스윙저점 후보 15,130 < floor 17,052 (눌림 과다)
2026-07-29 13:54:01.151 | INFO     | stock_bot.live.leader_trader:_check_signal:315 - leader_trader: 058610 관망 — 확정봉 1351 · 전고 82,400 / floor 78,280 — 스윙저점 미형성 (확정봉 저가 73,800)
2026-07-29 13:54:03.185 | INFO     | stock_bot.live.leader_trader:_check_signal:315 - leader_trader: 439960 관망 — 확정봉 1351 · 전고 17,950 / floor 17,052 — 스윙저점 미형성 (확정봉 저가 15,510)
2026-07-29 13:57:01.864 | INFO     | stock_bot.live.leader_trader:_check_signal:315 - leader_trader: 058610 관망 — 확정봉 1354 · 전고 82,400 / floor 78,280 — 스윙저점 미형성 (확정봉 저가 74,800)
2026-07-29 13:57:05.010 | INFO     | stock_bot.live.leader_trader:_check_signal:315 - leader_trader: 439960 관망 — 확정봉 1354 · 전고 17,950 / floor 17,052 — 스윙저점 미형성 (확정봉 저가 15,670)
2026-07-29 14:00:02.121 | INFO     | stock_bot.live.leader_trader:_check_signal:315 - leader_trader: 058610 관망 — 확정봉 1357 · 전고 82,400 / floor 78,280 — 스윙저점 미형성 (확정봉 저가 73,800)
2026-07-29 14:00:06.120 | INFO     | stock_bot.live.leader_trader:_check_signal:315 - leader_trader: 439960 관망 — 확정봉 1357 · 전고 17,950 / floor 17,052 — 스윙저점 미형성 (확정봉 저가 15,690)
2026-07-29 14:03:01.451 | INFO     | stock_bot.live.leader_trader:_check_signal:315 - leader_trader: 058610 관망 — 확정봉 1400 · 전고 82,400 / floor 78,280 — 스윙저점 미형성 (확정봉 저가 74,400)
2026-07-29 14:03:03.573 | INFO     | stock_bot.live.leader_trader:_check_signal:315 - leader_trader: 439960 관망 — 확정봉 1400 · 전고 17,950 / floor 17,052 — 스윙저점 미형성 (확정봉 저가 15,530)
2026-07-29 14:06:01.160 | INFO     | stock_bot.live.leader_trader:_check_signal:315 - leader_trader: 058610 관망 — 확정봉 1403 · 전고 82,400 / floor 78,280 — 스윙저점 미형성 (확정봉 저가 73,700)
2026-07-29 14:06:03.148 | INFO     | stock_bot.live.leader_trader:_check_signal:315 - leader_trader: 439960 관망 — 확정봉 1403 · 전고 17,950 / floor 17,052 — 스윙저점 미형성 (확정봉 저가 15,630)
2026-07-29 14:09:01.158 | INFO     | stock_bot.live.leader_trader:_check_signal:315 - leader_trader: 058610 관망 — 확정봉 1406 · 전고 82,400 / floor 78,280 — 스윙저점 미형성 (확정봉 저가 73,900)
2026-07-29 14:09:03.211 | INFO     | stock_bot.live.leader_trader:_check_signal:315 - leader_trader: 439960 관망 — 확정봉 1406 · 전고 17,950 / floor 17,052 — 스윙저점 후보 15,530 < floor 17,052 (눌림 과다)
2026-07-29 14:12:01.170 | INFO     | stock_bot.live.leader_trader:_check_signal:315 - leader_trader: 058610 관망 — 확정봉 1409 · 전고 82,400 / floor 78,280 — 스윙저점 후보 73,700 < floor 78,280 (눌림 과다)
2026-07-29 14:12:03.195 | INFO     | stock_bot.live.leader_trader:_check_signal:315 - leader_trader: 439960 관망 — 확정봉 1409 · 전고 17,950 / floor 17,052 — 스윙저점 미형성 (확정봉 저가 15,770)
2026-07-29 14:15:03.696 | INFO     | stock_bot.live.leader_trader:_check_signal:315 - leader_trader: 058610 관망 — 확정봉 1412 · 전고 82,400 / floor 78,280 — 스윙저점 미형성 (확정봉 저가 76,500)
2026-07-29 14:15:10.386 | INFO     | stock_bot.live.leader_trader:_check_signal:315 - leader_trader: 439960 관망 — 확정봉 1412 · 전고 17,950 / floor 17,052 — 스윙저점 미형성 (확정봉 저가 15,670)
2026-07-29 14:18:01.794 | INFO     | stock_bot.live.leader_trader:_check_signal:315 - leader_trader: 058610 관망 — 확정봉 1415 · 전고 82,400 / floor 78,280 — 스윙저점 미형성 (확정봉 저가 76,700)
2026-07-29 14:18:04.690 | INFO     | stock_bot.live.leader_trader:_check_signal:315 - leader_trader: 439960 관망 — 확정봉 1415 · 전고 17,950 / floor 17,052 — 스윙저점 미형성 (확정봉 저가 15,630)
2026-07-29 14:21:02.382 | INFO     | stock_bot.live.leader_trader:_check_signal:315 - leader_trader: 058610 관망 — 확정봉 1418 · 전고 82,400 / floor 78,280 — 스윙저점 미형성 (확정봉 저가 76,400)
2026-07-29 14:21:06.116 | INFO     | stock_bot.live.leader_trader:_check_signal:315 - leader_trader: 439960 관망 — 확정봉 1418 · 전고 17,950 / floor 17,052 — 스윙저점 미형성 (확정봉 저가 15,570)
2026-07-29 14:24:01.565 | INFO     | stock_bot.live.leader_trader:_check_signal:315 - leader_trader: 058610 관망 — 확정봉 1421 · 전고 82,400 / floor 78,280 — 스윙저점 미형성 (확정봉 저가 77,900)
2026-07-29 14:24:04.131 | INFO     | stock_bot.live.leader_trader:_check_signal:315 - leader_trader: 439960 관망 — 확정봉 1421 · 전고 17,950 / floor 17,052 — 스윙저점 미형성 (확정봉 저가 15,690)
2026-07-29 14:27:01.207 | INFO     | stock_bot.live.leader_trader:_check_signal:315 - leader_trader: 058610 관망 — 확정봉 1424 · 전고 82,400 / floor 78,280 — 스윙저점 후보 76,400 < floor 78,280 (눌림 과다)
2026-07-29 14:27:03.774 | INFO     | stock_bot.live.leader_trader:_check_signal:315 - leader_trader: 439960 관망 — 확정봉 1424 · 전고 17,950 / floor 17,052 — 스윙저점 후보 15,570 < floor 17,052 (눌림 과다)
2026-07-29 14:30:04.442 | INFO     | stock_bot.live.leader_trader:_check_signal:315 - leader_trader: 058610 관망 — 확정봉 1427 · 전고 82,400 / floor 78,280 — 스윙저점 미형성 (확정봉 저가 78,200)
2026-07-29 14:30:13.828 | INFO     | stock_bot.live.leader_trader:_check_signal:315 - leader_trader: 439960 관망 — 확정봉 1427 · 전고 17,950 / floor 17,052 — 스윙저점 미형성 (확정봉 저가 15,820)
2026-07-29 14:33:02.870 | INFO     | stock_bot.live.leader_trader:_check_signal:315 - leader_trader: 058610 관망 — 확정봉 1430 · 전고 82,400 / floor 78,280 — 스윙저점 미형성 (확정봉 저가 78,300)
2026-07-29 14:33:05.419 | INFO     | stock_bot.live.leader_trader:_check_signal:315 - leader_trader: 439960 관망 — 확정봉 1430 · 전고 17,950 / floor 17,052 — 스윙저점 미형성 (확정봉 저가 15,850)
2026-07-29 14:36:01.174 | INFO     | stock_bot.live.leader_trader:_check_signal:315 - leader_trader: 058610 관망 — 확정봉 1433 · 전고 82,400 / floor 78,280 — 스윙저점 미형성 (확정봉 저가 78,400)
2026-07-29 14:36:03.128 | INFO     | stock_bot.live.leader_trader:_check_signal:315 - leader_trader: 439960 관망 — 확정봉 1433 · 전고 17,950 / floor 17,052 — 스윙저점 미형성 (확정봉 저가 16,060)
2026-07-29 14:39:01.206 | INFO     | stock_bot.live.leader_trader:_check_signal:315 - leader_trader: 058610 관망 — 확정봉 1436 · 전고 82,400 / floor 78,280 — 스윙저점 미형성 (확정봉 저가 77,700)
2026-07-29 14:39:03.180 | INFO     | stock_bot.live.leader_trader:_check_signal:315 - leader_trader: 439960 관망 — 확정봉 1436 · 전고 17,950 / floor 17,052 — 스윙저점 미형성 (확정봉 저가 16,200)
2026-07-29 14:42:04.053 | INFO     | stock_bot.live.leader_trader:_check_signal:315 - leader_trader: 058610 관망 — 확정봉 1439 · 전고 82,400 / floor 78,280 — 스윙저점 후보 77,100 < floor 78,280 (눌림 과다)
2026-07-29 14:42:08.440 | INFO     | stock_bot.live.leader_trader:_check_signal:315 - leader_trader: 439960 관망 — 확정봉 1439 · 전고 17,950 / floor 17,052 — 스윙저점 미형성 (확정봉 저가 16,250)
2026-07-29 14:45:02.139 | INFO     | stock_bot.live.leader_trader:_check_signal:315 - leader_trader: 058610 관망 — 확정봉 1442 · 전고 82,400 / floor 78,280 — 스윙저점 미형성 (확정봉 저가 79,700)
2026-07-29 14:45:05.145 | INFO     | stock_bot.live.leader_trader:_check_signal:315 - leader_trader: 439960 관망 — 확정봉 1442 · 전고 17,950 / floor 17,052 — 스윙저점 미형성 (확정봉 저가 16,160)
2026-07-29 14:48:01.165 | INFO     | stock_bot.live.leader_trader:_check_signal:315 - leader_trader: 058610 관망 — 확정봉 1445 · 전고 82,400 / floor 78,280 — 스윙저점 미형성 (확정봉 저가 79,700)
2026-07-29 14:48:03.128 | INFO     | stock_bot.live.leader_trader:_check_signal:315 - leader_trader: 439960 관망 — 확정봉 1445 · 전고 17,950 / floor 17,052 — 스윙저점 미형성 (확정봉 저가 16,110)
2026-07-29 14:51:01.170 | INFO     | stock_bot.live.leader_trader:_check_signal:315 - leader_trader: 058610 관망 — 확정봉 1448 · 전고 82,400 / floor 78,280 — 스윙저점 미형성 (확정봉 저가 79,300)
2026-07-29 14:51:03.129 | INFO     | stock_bot.live.leader_trader:_check_signal:315 - leader_trader: 439960 관망 — 확정봉 1448 · 전고 17,950 / floor 17,052 — 스윙저점 미형성 (확정봉 저가 16,110)
2026-07-29 14:54:01.162 | INFO     | stock_bot.live.leader_trader:_check_signal:315 - leader_trader: 058610 관망 — 확정봉 1451 · 전고 82,400 / floor 78,280 — 스윙저점 미형성 (확정봉 저가 79,800)
2026-07-29 14:54:03.129 | INFO     | stock_bot.live.leader_trader:_check_signal:315 - leader_trader: 439960 관망 — 확정봉 1451 · 전고 17,950 / floor 17,052 — 스윙저점 후보 16,110 < floor 17,052 (눌림 과다)
