2026-07-27 08:02:34.826 | INFO     | stock_bot.live.runner:_reload_env_if_changed:430 - .env 변경 감지, 핫리로드[대장주봇]: trade_symbols: 078930,010950 → 078930,096770
2026-07-27 09:00:45.007 | INFO     | stock_bot.live.runner:_is_trading_day:506 - 거래일 판정 2026-07-27 → 거래일 (출처: exchange_calendars)
2026-07-27 09:30:16.808 | INFO     | stock_bot.live.leader_runner:_leader_pick_tick:83 - leader pick [09:28] 미선별 — 10분 후 재시도 (exit=0) ⚠️ 조건 충족 대장주 없음
2026-07-27 09:40:00.007 | INFO     | stock_bot.live.leader_trader:tick:179 - leader_trader: 2026-07-27 picks 미생성 — 선별 대기
2026-07-27 09:40:07.648 | INFO     | stock_bot.live.leader_runner:_leader_pick_tick:83 - leader pick [09:38] 미선별 — 10분 후 재시도 (exit=0) ⚠️ 조건 충족 대장주 없음
2026-07-27 09:50:09.060 | INFO     | stock_bot.live.leader_runner:_leader_pick_tick:83 - leader pick [09:48] 미선별 — 10분 후 재시도 (exit=0) ⚠️ 조건 충족 대장주 없음
2026-07-27 10:00:07.655 | INFO     | stock_bot.live.leader_runner:_leader_pick_tick:83 - leader pick [09:58] 미선별 — 10분 후 재시도 (exit=0) ⚠️ 조건 충족 대장주 없음
2026-07-27 10:10:03.556 | INFO     | stock_bot.live.leader_runner:_leader_pick_tick:83 - leader pick [10:08] 미선별 — 10분 후 재시도 (exit=0) ⚠️ 조건 충족 대장주 없음
2026-07-27 10:20:05.841 | INFO     | stock_bot.live.leader_runner:_leader_pick_tick:83 - leader pick [10:18] 미선별 — 10분 후 재시도 (exit=0) ⚠️ 조건 충족 대장주 없음
2026-07-27 10:29:59.950 | INFO     | stock_bot.live.leader_runner:_leader_pick_tick:83 - leader pick [10:28] 미선별 — 10분 후 재시도 (exit=0) ⚠️ 조건 충족 대장주 없음
2026-07-27 10:40:03.212 | INFO     | stock_bot.live.leader_runner:_leader_pick_tick:83 - leader pick [10:38] 미선별 — 10분 후 재시도 (exit=0) ⚠️ 조건 충족 대장주 없음
2026-07-27 10:49:58.489 | INFO     | stock_bot.live.leader_runner:_leader_pick_tick:83 - leader pick [10:48] 미선별 — 10분 후 재시도 (exit=0) ⚠️ 조건 충족 대장주 없음
2026-07-27 11:00:08.441 | INFO     | stock_bot.live.leader_runner:_leader_pick_tick:83 - leader pick [10:58] 미선별 — 10분 후 재시도 (exit=0) ⚠️ 조건 충족 대장주 없음
2026-07-27 11:09:57.828 | INFO     | stock_bot.live.leader_runner:_leader_pick_tick:83 - leader pick [11:08] 미선별 — 10분 후 재시도 (exit=0) ⚠️ 조건 충족 대장주 없음
2026-07-27 11:19:58.857 | INFO     | stock_bot.live.leader_runner:_leader_pick_tick:83 - leader pick [11:18] 미선별 — 10분 후 재시도 (exit=0) ⚠️ 조건 충족 대장주 없음
2026-07-27 11:29:58.696 | INFO     | stock_bot.live.leader_runner:_leader_pick_tick:83 - leader pick [11:28] 미선별 — 10분 후 재시도 (exit=0) ⚠️ 조건 충족 대장주 없음
2026-07-27 11:39:58.664 | INFO     | stock_bot.live.leader_runner:_leader_pick_tick:83 - leader pick [11:38] 미선별 — 10분 후 재시도 (exit=0) ⚠️ 조건 충족 대장주 없음
2026-07-27 11:49:59.194 | INFO     | stock_bot.live.leader_runner:_leader_pick_tick:83 - leader pick [11:48] 미선별 — 10분 후 재시도 (exit=0) ⚠️ 조건 충족 대장주 없음
2026-07-27 11:59:59.505 | INFO     | stock_bot.live.leader_runner:_leader_pick_tick:83 - leader pick [11:58] 미선별 — 10분 후 재시도 (exit=0) ⚠️ 조건 충족 대장주 없음
2026-07-27 12:10:05.149 | INFO     | stock_bot.live.leader_runner:_leader_pick_tick:83 - leader pick [12:08] 미선별 — 10분 후 재시도 (exit=0) ⚠️ 조건 충족 대장주 없음
2026-07-27 12:20:05.572 | INFO     | stock_bot.live.leader_runner:_leader_pick_tick:83 - leader pick [12:18] 미선별 — 10분 후 재시도 (exit=0) ⚠️ 조건 충족 대장주 없음
2026-07-27 12:30:00.377 | INFO     | stock_bot.live.leader_runner:_leader_pick_tick:83 - leader pick [12:28] 미선별 — 10분 후 재시도 (exit=0) ⚠️ 조건 충족 대장주 없음
2026-07-27 12:40:07.724 | INFO     | stock_bot.live.leader_runner:_leader_pick_tick:83 - leader pick [12:38] 미선별 — 10분 후 재시도 (exit=0) ⚠️ 조건 충족 대장주 없음
2026-07-27 12:50:00.901 | INFO     | stock_bot.live.leader_runner:_leader_pick_tick:83 - leader pick [12:48] 미선별 — 10분 후 재시도 (exit=0) ⚠️ 조건 충족 대장주 없음
2026-07-27 13:00:02.152 | INFO     | stock_bot.live.leader_runner:_leader_pick_tick:83 - leader pick [12:58] 미선별 — 10분 후 재시도 (exit=0) ⚠️ 조건 충족 대장주 없음
2026-07-27 18:26:51.699 | INFO     | stock_bot.live.runner:_start_env_watcher:1542 - env watcher started (1s poll, scope=대장주봇)
2026-07-27 18:26:52.897 | INFO     | stock_bot.live.leader_runner:run_leader:49 - leader runner started (trade_enabled=False, budget=5,000,000)
2026-07-27 18:26:52.901 | INFO     | stock_bot.live.leader_runner:run_leader:104 - leader pick scheduled: mon-fri 9:28:30 → 10min retry until 13:00 (theme mode)
2026-07-27 18:26:52.903 | INFO     | stock_bot.live.leader_runner:run_leader:128 - leader trade scheduled: mon-fri 9-15 every minute (enabled=False)
