2026-10-03 02:47:42.811 | INFO     | stock_bot.live.runner:_start_env_watcher:1961 - env watcher started (1s poll, scope=대장주봇)
2026-10-03 02:47:43.858 | INFO     | stock_bot.live.leader_runner:run_leader:94 - leader runner started (trade_enabled=True, budget=50,000,000)
2026-10-03 02:47:43.861 | INFO     | stock_bot.live.leader_runner:run_leader:138 - leader market_flow prefetch scheduled: mon-fri 08:30 (pykrx KRX × 어제 r, 20d top-N)
2026-10-03 02:47:43.864 | INFO     | stock_bot.live.leader_runner:run_leader:208 - leader avgval prefetch scheduled: mon-fri 02:00 (시총≥1000억 전수(매경캐시, 다움교집합없음) → KIS KRX 순차 + 업종 캐시 이어서)
2026-10-03 02:47:43.867 | INFO     | stock_bot.live.leader_runner:run_leader:268 - leader theme prefetch scheduled: mon-fri 09:05 (네이버 테마 263개 구성종목 → 디스크 캐시)
2026-10-03 02:47:43.868 | INFO     | stock_bot.live.leader_runner:run_leader:328 - leader 캐시 부팅 백필 예약: 기동 +20초 (장중이면 자동 스킵)
2026-10-03 02:47:43.870 | INFO     | stock_bot.live.leader_runner:run_leader:335 - leader market_flow 부팅 직후 백필 1회 실행 (최근 5영업일 강제 덮어쓰기)
2026-10-03 02:47:43.873 | INFO     | stock_bot.live.leader_runner:run_leader:450 - leader pick scheduled: mon-fri 9:30:00 → 10min retry until 13:00 (theme mode)
2026-10-03 02:47:43.875 | INFO     | stock_bot.live.leader_runner:run_leader:618 - leader reval scheduled: mon-fri 9-13 every minute (gated by switch toggle+interval)
2026-10-03 02:47:43.883 | INFO     | stock_bot.live.leader_runner:run_leader:642 - leader trade scheduled: mon-fri 9-15 every minute (enabled=True)
2026-10-03 02:47:43.887 | INFO     | stock_bot.live.leader_runner:run_leader:669 - leader exit-fast scheduled: mon-fri 9-15 every 5s (holding 시 stop/tp 체크, priority gate)
2026-10-03 02:47:43.889 | INFO     | stock_bot.live.leader_runner:run_leader:698 - leader review scheduled: mon-fri 15:40 (enabled=True, llm_min_trades=5)
2026-10-03 02:48:03.912 | INFO     | stock_bot.live.leader_runner:_leader_boot_cache_backfill:307 - leader 캐시 부팅 백필 스킵: avgval(오늘자) 0건 · 업종 1360건
2026-10-03 12:57:55.222 | INFO     | stock_bot.live.runner:_start_env_watcher:1961 - env watcher started (1s poll, scope=대장주봇)
2026-10-03 12:57:56.167 | INFO     | stock_bot.live.leader_runner:run_leader:94 - leader runner started (trade_enabled=True, budget=50,000,000)
2026-10-03 12:57:56.169 | INFO     | stock_bot.live.leader_runner:run_leader:138 - leader market_flow prefetch scheduled: mon-fri 08:30 (pykrx KRX × 어제 r, 20d top-N)
2026-10-03 12:57:56.171 | INFO     | stock_bot.live.leader_runner:run_leader:208 - leader avgval prefetch scheduled: mon-fri 02:00 (시총≥1000억 전수(매경캐시, 다움교집합없음) → KIS KRX 순차 + 업종 캐시 이어서)
2026-10-03 12:57:56.173 | INFO     | stock_bot.live.leader_runner:run_leader:268 - leader theme prefetch scheduled: mon-fri 09:05 (네이버 테마 263개 구성종목 → 디스크 캐시)
2026-10-03 12:57:56.174 | INFO     | stock_bot.live.leader_runner:run_leader:328 - leader 캐시 부팅 백필 예약: 기동 +20초 (장중이면 자동 스킵)
2026-10-03 12:57:56.175 | INFO     | stock_bot.live.leader_runner:run_leader:335 - leader market_flow 부팅 직후 백필 1회 실행 (최근 5영업일 강제 덮어쓰기)
2026-10-03 12:57:56.177 | INFO     | stock_bot.live.leader_runner:run_leader:450 - leader pick scheduled: mon-fri 9:30:00 → 10min retry until 13:00 (theme mode)
2026-10-03 12:57:56.178 | INFO     | stock_bot.live.leader_runner:run_leader:618 - leader reval scheduled: mon-fri 9-13 every minute (gated by switch toggle+interval)
2026-10-03 12:57:56.180 | INFO     | stock_bot.live.leader_runner:run_leader:642 - leader trade scheduled: mon-fri 9-15 every minute (enabled=True)
2026-10-03 12:57:56.181 | INFO     | stock_bot.live.leader_runner:run_leader:669 - leader exit-fast scheduled: mon-fri 9-15 every 5s (holding 시 stop/tp 체크, priority gate)
2026-10-03 12:57:56.183 | INFO     | stock_bot.live.leader_runner:run_leader:698 - leader review scheduled: mon-fri 15:40 (enabled=True, llm_min_trades=5)
2026-10-03 12:58:16.214 | INFO     | stock_bot.live.leader_runner:_leader_boot_cache_backfill:307 - leader 캐시 부팅 백필 스킵: avgval(오늘자) 0건 · 업종 1360건
2026-10-03 19:33:37.826 | INFO     | stock_bot.live.runner:_start_env_watcher:1961 - env watcher started (1s poll, scope=대장주봇)
2026-10-03 19:33:39.213 | INFO     | stock_bot.live.leader_runner:run_leader:94 - leader runner started (trade_enabled=True, budget=50,000,000)
2026-10-03 19:33:39.219 | INFO     | stock_bot.live.leader_runner:run_leader:138 - leader market_flow prefetch scheduled: mon-fri 08:30 (pykrx KRX × 어제 r, 20d top-N)
2026-10-03 19:33:39.222 | INFO     | stock_bot.live.leader_runner:run_leader:208 - leader avgval prefetch scheduled: mon-fri 02:00 (시총≥1000억 전수(매경캐시, 다움교집합없음) → KIS KRX 순차 + 업종 캐시 이어서)
2026-10-03 19:33:39.226 | INFO     | stock_bot.live.leader_runner:run_leader:268 - leader theme prefetch scheduled: mon-fri 09:05 (네이버 테마 263개 구성종목 → 디스크 캐시)
2026-10-03 19:33:39.229 | INFO     | stock_bot.live.leader_runner:run_leader:328 - leader 캐시 부팅 백필 예약: 기동 +20초 (장중이면 자동 스킵)
2026-10-03 19:33:39.231 | INFO     | stock_bot.live.leader_runner:run_leader:335 - leader market_flow 부팅 직후 백필 1회 실행 (최근 5영업일 강제 덮어쓰기)
2026-10-03 19:33:39.235 | INFO     | stock_bot.live.leader_runner:run_leader:450 - leader pick scheduled: mon-fri 9:30:00 → 10min retry until 13:00 (theme mode)
2026-10-03 19:33:39.238 | INFO     | stock_bot.live.leader_runner:run_leader:618 - leader reval scheduled: mon-fri 9-13 every minute (gated by switch toggle+interval)
2026-10-03 19:33:39.250 | INFO     | stock_bot.live.leader_runner:run_leader:642 - leader trade scheduled: mon-fri 9-15 every minute (enabled=True)
2026-10-03 19:33:39.257 | INFO     | stock_bot.live.leader_runner:run_leader:669 - leader exit-fast scheduled: mon-fri 9-15 every 5s (holding 시 stop/tp 체크, priority gate)
2026-10-03 19:33:39.261 | INFO     | stock_bot.live.leader_runner:run_leader:698 - leader review scheduled: mon-fri 15:40 (enabled=True, llm_min_trades=5)
2026-10-03 19:34:01.888 | INFO     | stock_bot.live.leader_runner:_leader_boot_cache_backfill:307 - leader 캐시 부팅 백필 스킵: avgval(오늘자) 0건 · 업종 1360건
2026-10-03 19:43:03.236 | INFO     | stock_bot.live.runner:_reload_env_if_changed:593 - .env 변경 감지, 핫리로드[대장주봇]: leader_switch_enabled: True → False; leader_max_sectors: 3 → 1
2026-10-03 19:44:13.219 | INFO     | stock_bot.live.runner:_start_env_watcher:1962 - env watcher started (1s poll, scope=대장주봇)
2026-10-03 19:44:14.503 | INFO     | stock_bot.live.leader_runner:run_leader:94 - leader runner started (trade_enabled=True, budget=50,000,000)
2026-10-03 19:44:14.506 | INFO     | stock_bot.live.leader_runner:run_leader:138 - leader market_flow prefetch scheduled: mon-fri 08:30 (pykrx KRX × 어제 r, 20d top-N)
2026-10-03 19:44:14.509 | INFO     | stock_bot.live.leader_runner:run_leader:208 - leader avgval prefetch scheduled: mon-fri 02:00 (시총≥1000억 전수(매경캐시, 다움교집합없음) → KIS KRX 순차 + 업종 캐시 이어서)
2026-10-03 19:44:14.512 | INFO     | stock_bot.live.leader_runner:run_leader:268 - leader theme prefetch scheduled: mon-fri 09:05 (네이버 테마 263개 구성종목 → 디스크 캐시)
2026-10-03 19:44:14.514 | INFO     | stock_bot.live.leader_runner:run_leader:328 - leader 캐시 부팅 백필 예약: 기동 +20초 (장중이면 자동 스킵)
2026-10-03 19:44:14.515 | INFO     | stock_bot.live.leader_runner:run_leader:335 - leader market_flow 부팅 직후 백필 1회 실행 (최근 5영업일 강제 덮어쓰기)
2026-10-03 19:44:14.517 | INFO     | stock_bot.live.leader_runner:run_leader:450 - leader pick scheduled: mon-fri 9:30:00 → 10min retry until 13:00 (theme mode)
2026-10-03 19:44:14.519 | INFO     | stock_bot.live.leader_runner:run_leader:623 - leader reval scheduled: mon-fri 9-13 every minute (gated by interval; switch OFF = record only)
2026-10-03 19:44:14.521 | INFO     | stock_bot.live.leader_runner:run_leader:647 - leader trade scheduled: mon-fri 9-15 every minute (enabled=True)
2026-10-03 19:44:14.524 | INFO     | stock_bot.live.leader_runner:run_leader:674 - leader exit-fast scheduled: mon-fri 9-15 every 5s (holding 시 stop/tp 체크, priority gate)
2026-10-03 19:44:14.526 | INFO     | stock_bot.live.leader_runner:run_leader:703 - leader review scheduled: mon-fri 15:40 (enabled=True, llm_min_trades=5)
2026-10-03 19:44:34.726 | INFO     | stock_bot.live.leader_runner:_leader_boot_cache_backfill:307 - leader 캐시 부팅 백필 스킵: avgval(오늘자) 0건 · 업종 1360건
2026-10-03 23:54:37.660 | INFO     | stock_bot.live.runner:_start_env_watcher:1962 - env watcher started (1s poll, scope=대장주봇)
2026-10-03 23:54:38.739 | INFO     | stock_bot.live.leader_runner:run_leader:94 - leader runner started (trade_enabled=True, budget=50,000,000)
2026-10-03 23:54:38.742 | INFO     | stock_bot.live.leader_runner:run_leader:138 - leader market_flow prefetch scheduled: mon-fri 08:30 (pykrx KRX × 어제 r, 20d top-N)
2026-10-03 23:54:38.743 | INFO     | stock_bot.live.leader_runner:run_leader:208 - leader avgval prefetch scheduled: mon-fri 02:00 (시총≥1000억 전수(매경캐시, 다움교집합없음) → KIS KRX 순차 + 업종 캐시 이어서)
2026-10-03 23:54:38.745 | INFO     | stock_bot.live.leader_runner:run_leader:268 - leader theme prefetch scheduled: mon-fri 09:05 (네이버 테마 263개 구성종목 → 디스크 캐시)
2026-10-03 23:54:38.746 | INFO     | stock_bot.live.leader_runner:run_leader:328 - leader 캐시 부팅 백필 예약: 기동 +20초 (장중이면 자동 스킵)
2026-10-03 23:54:38.747 | INFO     | stock_bot.live.leader_runner:run_leader:335 - leader market_flow 부팅 직후 백필 1회 실행 (최근 5영업일 강제 덮어쓰기)
2026-10-03 23:54:38.749 | INFO     | stock_bot.live.leader_runner:run_leader:470 - leader pick scheduled: mon-fri 9:30:00 → 10min retry until 13:00 (theme mode)
2026-10-03 23:54:38.751 | INFO     | stock_bot.live.leader_runner:run_leader:643 - leader reval scheduled: mon-fri 9-13 every minute (gated by interval; switch OFF = record only)
2026-10-03 23:54:38.754 | INFO     | stock_bot.live.leader_runner:run_leader:667 - leader trade scheduled: mon-fri 9-15 every minute (enabled=True)
2026-10-03 23:54:38.755 | INFO     | stock_bot.live.leader_runner:run_leader:694 - leader exit-fast scheduled: mon-fri 9-15 every 5s (holding 시 stop/tp 체크, priority gate)
2026-10-03 23:54:38.757 | INFO     | stock_bot.live.leader_runner:run_leader:729 - leader review scheduled: mon-fri 15:40 (enabled=True, llm_min_trades=5)
2026-10-03 23:54:58.804 | INFO     | stock_bot.live.leader_runner:_leader_boot_cache_backfill:307 - leader 캐시 부팅 백필 스킵: avgval(오늘자) 0건 · 업종 1360건
