2026-10-05 00:21:06.239 | INFO     | stock_bot.live.runner:_reload_env_if_changed:595 - .env 변경 감지, 핫리로드[대장주봇]: trade_symbols: 034020,241560,123330 → 425420,098120
2026-10-05 02:00:35.198 | INFO     | stock_bot.live.runner:_is_trading_day:671 - 거래일 판정 2026-10-05 → 휴장 (출처: exchange_calendars)
2026-10-05 15:59:07.923 | INFO     | stock_bot.live.runner:_start_env_watcher:1963 - env watcher started (1s poll, scope=대장주봇)
2026-10-05 15:59:10.756 | INFO     | stock_bot.live.leader_runner:run_leader:94 - leader runner started (trade_enabled=True, budget=50,000,000)
2026-10-05 15:59:10.760 | INFO     | stock_bot.live.leader_runner:run_leader:138 - leader market_flow prefetch scheduled: mon-fri 08:30 (pykrx KRX × 어제 r, 20d top-N)
2026-10-05 15:59:10.764 | INFO     | stock_bot.live.leader_runner:run_leader:208 - leader avgval prefetch scheduled: mon-fri 02:00 (시총≥1000억 전수(매경캐시, 다움교집합없음) → KIS KRX 순차 + 업종 캐시 이어서)
2026-10-05 15:59:10.767 | INFO     | stock_bot.live.leader_runner:run_leader:268 - leader theme prefetch scheduled: mon-fri 09:05 (네이버 테마 263개 구성종목 → 디스크 캐시)
2026-10-05 15:59:10.770 | INFO     | stock_bot.live.leader_runner:run_leader:328 - leader 캐시 부팅 백필 예약: 기동 +20초 (장중이면 자동 스킵)
2026-10-05 15:59:10.772 | INFO     | stock_bot.live.leader_runner:run_leader:335 - leader market_flow 부팅 직후 백필 1회 실행 (최근 5영업일 강제 덮어쓰기)
2026-10-05 16:00:04.635 | INFO     | stock_bot.live.runner:_is_trading_day:671 - 거래일 판정 2026-10-05 → 휴장 (출처: exchange_calendars)
2026-10-05 16:00:04.638 | INFO     | stock_bot.live.leader_runner:run_leader:470 - leader pick scheduled: mon-fri 9:30:00 → 10min retry until 13:00 (theme mode)
2026-10-05 16:00:04.647 | INFO     | stock_bot.live.leader_runner:run_leader:643 - leader reval scheduled: mon-fri 9-13 every minute (gated by interval; switch OFF = record only)
2026-10-05 16:00:04.651 | INFO     | stock_bot.live.leader_runner:run_leader:667 - leader trade scheduled: mon-fri 9-15 every minute (enabled=True)
2026-10-05 16:00:04.657 | INFO     | stock_bot.live.leader_runner:run_leader:694 - leader exit-fast scheduled: mon-fri 9-15 every 5s (holding 시 stop/tp 체크, priority gate)
2026-10-05 16:00:04.664 | INFO     | stock_bot.live.leader_runner:run_leader:729 - leader review scheduled: mon-fri 15:40 (enabled=True, llm_min_trades=5)
2026-10-05 16:00:04.755 | INFO     | stock_bot.live.leader_runner:_leader_boot_cache_backfill:307 - leader 캐시 부팅 백필 스킵: avgval(오늘자) 0건 · 업종 1360건
2026-10-05 16:49:45.225 | INFO     | stock_bot.live.runner:_start_env_watcher:1963 - env watcher started (1s poll, scope=대장주봇)
2026-10-05 16:49:46.682 | INFO     | stock_bot.live.leader_runner:run_leader:94 - leader runner started (trade_enabled=True, budget=50,000,000)
2026-10-05 16:49:46.689 | INFO     | stock_bot.live.leader_runner:run_leader:138 - leader market_flow prefetch scheduled: mon-fri 08:30 (pykrx KRX × 어제 r, 20d top-N)
2026-10-05 16:49:46.693 | INFO     | stock_bot.live.leader_runner:run_leader:208 - leader avgval prefetch scheduled: mon-fri 02:00 (시총≥1000억 전수(매경캐시, 다움교집합없음) → KIS KRX 순차 + 업종 캐시 이어서)
2026-10-05 16:49:46.696 | INFO     | stock_bot.live.leader_runner:run_leader:268 - leader theme prefetch scheduled: mon-fri 09:05 (네이버 테마 263개 구성종목 → 디스크 캐시)
2026-10-05 16:49:46.699 | INFO     | stock_bot.live.leader_runner:run_leader:328 - leader 캐시 부팅 백필 예약: 기동 +20초 (장중이면 자동 스킵)
2026-10-05 16:49:46.700 | INFO     | stock_bot.live.leader_runner:run_leader:335 - leader market_flow 부팅 직후 백필 1회 실행 (최근 5영업일 강제 덮어쓰기)
2026-10-05 16:50:44.290 | INFO     | stock_bot.live.runner:_is_trading_day:671 - 거래일 판정 2026-10-05 → 휴장 (출처: exchange_calendars)
2026-10-05 16:50:44.296 | INFO     | stock_bot.live.leader_runner:run_leader:470 - leader pick scheduled: mon-fri 9:30:00 → 10min retry until 13:00 (theme mode)
2026-10-05 16:50:44.298 | INFO     | stock_bot.live.leader_runner:run_leader:643 - leader reval scheduled: mon-fri 9-13 every minute (gated by interval; switch OFF = record only)
2026-10-05 16:50:44.300 | INFO     | stock_bot.live.leader_runner:run_leader:667 - leader trade scheduled: mon-fri 9-15 every minute (enabled=True)
2026-10-05 16:50:44.301 | INFO     | stock_bot.live.leader_runner:run_leader:694 - leader exit-fast scheduled: mon-fri 9-15 every 5s (holding 시 stop/tp 체크, priority gate)
2026-10-05 16:50:44.303 | INFO     | stock_bot.live.leader_runner:run_leader:729 - leader review scheduled: mon-fri 15:40 (enabled=True, llm_min_trades=5)
2026-10-05 16:50:44.372 | INFO     | stock_bot.live.leader_runner:_leader_boot_cache_backfill:307 - leader 캐시 부팅 백필 스킵: avgval(오늘자) 0건 · 업종 1360건
2026-10-05 17:10:45.260 | INFO     | stock_bot.live.runner:_start_env_watcher:1963 - env watcher started (1s poll, scope=대장주봇)
2026-10-05 17:10:47.113 | INFO     | stock_bot.live.leader_runner:run_leader:94 - leader runner started (trade_enabled=True, budget=50,000,000)
2026-10-05 17:10:47.117 | INFO     | stock_bot.live.leader_runner:run_leader:138 - leader market_flow prefetch scheduled: mon-fri 08:30 (pykrx KRX × 어제 r, 20d top-N)
2026-10-05 17:10:47.120 | INFO     | stock_bot.live.leader_runner:run_leader:208 - leader avgval prefetch scheduled: mon-fri 02:00 (시총≥1000억 전수(매경캐시, 다움교집합없음) → KIS KRX 순차 + 업종 캐시 이어서)
2026-10-05 17:10:47.123 | INFO     | stock_bot.live.leader_runner:run_leader:268 - leader theme prefetch scheduled: mon-fri 09:05 (네이버 테마 263개 구성종목 → 디스크 캐시)
2026-10-05 17:10:47.125 | INFO     | stock_bot.live.leader_runner:run_leader:328 - leader 캐시 부팅 백필 예약: 기동 +20초 (장중이면 자동 스킵)
2026-10-05 17:10:47.126 | INFO     | stock_bot.live.leader_runner:run_leader:335 - leader market_flow 부팅 직후 백필 1회 실행 (최근 5영업일 강제 덮어쓰기)
2026-10-05 17:11:44.299 | INFO     | stock_bot.live.runner:_is_trading_day:671 - 거래일 판정 2026-10-05 → 휴장 (출처: exchange_calendars)
2026-10-05 17:11:44.306 | INFO     | stock_bot.live.leader_runner:run_leader:470 - leader pick scheduled: mon-fri 9:30:00 → 10min retry until 13:00 (theme mode)
2026-10-05 17:11:44.308 | INFO     | stock_bot.live.leader_runner:run_leader:643 - leader reval scheduled: mon-fri 9-13 every minute (gated by interval; switch OFF = record only)
2026-10-05 17:11:44.310 | INFO     | stock_bot.live.leader_runner:run_leader:667 - leader trade scheduled: mon-fri 9-15 every minute (enabled=True)
2026-10-05 17:11:44.312 | INFO     | stock_bot.live.leader_runner:run_leader:694 - leader exit-fast scheduled: mon-fri 9-15 every 5s (holding 시 stop/tp 체크, priority gate)
2026-10-05 17:11:44.314 | INFO     | stock_bot.live.leader_runner:run_leader:729 - leader review scheduled: mon-fri 15:40 (enabled=True, llm_min_trades=5)
2026-10-05 17:11:44.390 | INFO     | stock_bot.live.leader_runner:_leader_boot_cache_backfill:307 - leader 캐시 부팅 백필 스킵: avgval(오늘자) 0건 · 업종 1360건
2026-10-05 18:55:57.393 | INFO     | stock_bot.live.runner:_start_env_watcher:1963 - env watcher started (1s poll, scope=대장주봇)
2026-10-05 18:56:00.261 | INFO     | stock_bot.live.leader_runner:run_leader:94 - leader runner started (trade_enabled=True, budget=50,000,000)
2026-10-05 18:56:00.266 | INFO     | stock_bot.live.leader_runner:run_leader:138 - leader market_flow prefetch scheduled: mon-fri 08:30 (pykrx KRX × 어제 r, 20d top-N)
2026-10-05 18:56:00.269 | INFO     | stock_bot.live.leader_runner:run_leader:208 - leader avgval prefetch scheduled: mon-fri 02:00 (시총≥1000억 전수(매경캐시, 다움교집합없음) → KIS KRX 순차 + 업종 캐시 이어서)
2026-10-05 18:56:00.272 | INFO     | stock_bot.live.leader_runner:run_leader:268 - leader theme prefetch scheduled: mon-fri 09:05 (네이버 테마 263개 구성종목 → 디스크 캐시)
2026-10-05 18:56:00.274 | INFO     | stock_bot.live.leader_runner:run_leader:328 - leader 캐시 부팅 백필 예약: 기동 +20초 (장중이면 자동 스킵)
2026-10-05 18:56:00.275 | INFO     | stock_bot.live.leader_runner:run_leader:335 - leader market_flow 부팅 직후 백필 1회 실행 (최근 5영업일 강제 덮어쓰기)
2026-10-05 18:56:57.919 | INFO     | stock_bot.live.runner:_is_trading_day:671 - 거래일 판정 2026-10-05 → 휴장 (출처: exchange_calendars)
2026-10-05 18:56:57.935 | INFO     | stock_bot.live.leader_runner:run_leader:470 - leader pick scheduled: mon-fri 9:30:00 → 10min retry until 13:00 (theme mode)
2026-10-05 18:56:57.939 | INFO     | stock_bot.live.leader_runner:run_leader:643 - leader reval scheduled: mon-fri 9-13 every minute (gated by interval; switch OFF = record only)
2026-10-05 18:56:57.942 | INFO     | stock_bot.live.leader_runner:run_leader:667 - leader trade scheduled: mon-fri 9-15 every minute (enabled=True)
2026-10-05 18:56:57.946 | INFO     | stock_bot.live.leader_runner:run_leader:694 - leader exit-fast scheduled: mon-fri 9-15 every 5s (holding 시 stop/tp 체크, priority gate)
2026-10-05 18:56:57.950 | INFO     | stock_bot.live.leader_runner:run_leader:729 - leader review scheduled: mon-fri 15:40 (enabled=True, llm_min_trades=5)
2026-10-05 18:56:58.060 | INFO     | stock_bot.live.leader_runner:_leader_boot_cache_backfill:307 - leader 캐시 부팅 백필 스킵: avgval(오늘자) 0건 · 업종 1360건
