2026-09-20 00:12:40.835 | INFO     | stock_bot.live.runner:_start_env_watcher:1826 - env watcher started (1s poll, scope=대장주봇)
2026-09-20 00:12:42.187 | INFO     | stock_bot.live.leader_runner:run_leader:94 - leader runner started (trade_enabled=True, budget=50,000,000)
2026-09-20 00:12:42.190 | INFO     | stock_bot.live.leader_runner:run_leader:138 - leader market_flow prefetch scheduled: mon-fri 08:30 (pykrx KRX × 어제 r, 20d top-N)
2026-09-20 00:12:42.192 | INFO     | stock_bot.live.leader_runner:run_leader:208 - leader avgval prefetch scheduled: mon-fri 02:00 (시총≥1000억 전수(매경캐시, 다움교집합없음) → KIS KRX 순차 + 업종 캐시 이어서)
2026-09-20 00:12:42.194 | INFO     | stock_bot.live.leader_runner:run_leader:268 - leader theme prefetch scheduled: mon-fri 09:05 (네이버 테마 263개 구성종목 → 디스크 캐시)
2026-09-20 00:12:42.195 | INFO     | stock_bot.live.leader_runner:run_leader:328 - leader 캐시 부팅 백필 예약: 기동 +20초 (장중이면 자동 스킵)
2026-09-20 00:12:42.196 | INFO     | stock_bot.live.leader_runner:run_leader:335 - leader market_flow 부팅 직후 백필 1회 실행 (최근 5영업일 강제 덮어쓰기)
2026-09-20 00:12:42.198 | INFO     | stock_bot.live.leader_runner:run_leader:450 - leader pick scheduled: mon-fri 9:30:00 → 10min retry until 13:00 (theme mode)
2026-09-20 00:12:42.205 | INFO     | stock_bot.live.leader_runner:run_leader:618 - leader reval scheduled: mon-fri 9-13 every minute (gated by switch toggle+interval)
2026-09-20 00:12:42.207 | INFO     | stock_bot.live.leader_runner:run_leader:642 - leader trade scheduled: mon-fri 9-15 every minute (enabled=True)
2026-09-20 00:12:42.209 | INFO     | stock_bot.live.leader_runner:run_leader:669 - leader exit-fast scheduled: mon-fri 9-15 every 5s (holding 시 stop/tp 체크, priority gate)
2026-09-20 00:12:42.210 | INFO     | stock_bot.live.leader_runner:run_leader:698 - leader review scheduled: mon-fri 15:40 (enabled=True, llm_min_trades=5)
2026-09-20 00:13:02.231 | INFO     | stock_bot.live.leader_runner:_leader_boot_cache_backfill:307 - leader 캐시 부팅 백필 스킵: avgval(오늘자) 0건 · 업종 1339건
2026-09-20 02:20:32.283 | INFO     | stock_bot.live.runner:_start_env_watcher:1834 - env watcher started (1s poll, scope=대장주봇)
2026-09-20 02:20:33.384 | INFO     | stock_bot.live.leader_runner:run_leader:94 - leader runner started (trade_enabled=True, budget=50,000,000)
2026-09-20 02:20:33.386 | INFO     | stock_bot.live.leader_runner:run_leader:138 - leader market_flow prefetch scheduled: mon-fri 08:30 (pykrx KRX × 어제 r, 20d top-N)
2026-09-20 02:20:33.388 | INFO     | stock_bot.live.leader_runner:run_leader:208 - leader avgval prefetch scheduled: mon-fri 02:00 (시총≥1000억 전수(매경캐시, 다움교집합없음) → KIS KRX 순차 + 업종 캐시 이어서)
2026-09-20 02:20:33.390 | INFO     | stock_bot.live.leader_runner:run_leader:268 - leader theme prefetch scheduled: mon-fri 09:05 (네이버 테마 263개 구성종목 → 디스크 캐시)
2026-09-20 02:20:33.392 | INFO     | stock_bot.live.leader_runner:run_leader:328 - leader 캐시 부팅 백필 예약: 기동 +20초 (장중이면 자동 스킵)
2026-09-20 02:20:33.393 | INFO     | stock_bot.live.leader_runner:run_leader:335 - leader market_flow 부팅 직후 백필 1회 실행 (최근 5영업일 강제 덮어쓰기)
2026-09-20 02:20:33.395 | INFO     | stock_bot.live.leader_runner:run_leader:450 - leader pick scheduled: mon-fri 9:30:00 → 10min retry until 13:00 (theme mode)
2026-09-20 02:20:33.396 | INFO     | stock_bot.live.leader_runner:run_leader:618 - leader reval scheduled: mon-fri 9-13 every minute (gated by switch toggle+interval)
2026-09-20 02:20:33.398 | INFO     | stock_bot.live.leader_runner:run_leader:642 - leader trade scheduled: mon-fri 9-15 every minute (enabled=True)
2026-09-20 02:20:33.400 | INFO     | stock_bot.live.leader_runner:run_leader:669 - leader exit-fast scheduled: mon-fri 9-15 every 5s (holding 시 stop/tp 체크, priority gate)
2026-09-20 02:20:33.402 | INFO     | stock_bot.live.leader_runner:run_leader:698 - leader review scheduled: mon-fri 15:40 (enabled=True, llm_min_trades=5)
2026-09-20 02:20:53.456 | INFO     | stock_bot.live.leader_runner:_leader_boot_cache_backfill:307 - leader 캐시 부팅 백필 스킵: avgval(오늘자) 0건 · 업종 1339건
2026-09-20 02:26:30.568 | INFO     | stock_bot.live.runner:_start_env_watcher:1834 - env watcher started (1s poll, scope=대장주봇)
2026-09-20 02:26:31.447 | INFO     | stock_bot.live.leader_runner:run_leader:94 - leader runner started (trade_enabled=True, budget=50,000,000)
2026-09-20 02:26:31.450 | INFO     | stock_bot.live.leader_runner:run_leader:138 - leader market_flow prefetch scheduled: mon-fri 08:30 (pykrx KRX × 어제 r, 20d top-N)
2026-09-20 02:26:31.452 | INFO     | stock_bot.live.leader_runner:run_leader:208 - leader avgval prefetch scheduled: mon-fri 02:00 (시총≥1000억 전수(매경캐시, 다움교집합없음) → KIS KRX 순차 + 업종 캐시 이어서)
2026-09-20 02:26:31.454 | INFO     | stock_bot.live.leader_runner:run_leader:268 - leader theme prefetch scheduled: mon-fri 09:05 (네이버 테마 263개 구성종목 → 디스크 캐시)
2026-09-20 02:26:31.456 | INFO     | stock_bot.live.leader_runner:run_leader:328 - leader 캐시 부팅 백필 예약: 기동 +20초 (장중이면 자동 스킵)
2026-09-20 02:26:31.457 | INFO     | stock_bot.live.leader_runner:run_leader:335 - leader market_flow 부팅 직후 백필 1회 실행 (최근 5영업일 강제 덮어쓰기)
2026-09-20 02:26:31.459 | INFO     | stock_bot.live.leader_runner:run_leader:450 - leader pick scheduled: mon-fri 9:30:00 → 10min retry until 13:00 (theme mode)
2026-09-20 02:26:31.461 | INFO     | stock_bot.live.leader_runner:run_leader:618 - leader reval scheduled: mon-fri 9-13 every minute (gated by switch toggle+interval)
2026-09-20 02:26:31.463 | INFO     | stock_bot.live.leader_runner:run_leader:642 - leader trade scheduled: mon-fri 9-15 every minute (enabled=True)
2026-09-20 02:26:31.465 | INFO     | stock_bot.live.leader_runner:run_leader:669 - leader exit-fast scheduled: mon-fri 9-15 every 5s (holding 시 stop/tp 체크, priority gate)
2026-09-20 02:26:31.467 | INFO     | stock_bot.live.leader_runner:run_leader:698 - leader review scheduled: mon-fri 15:40 (enabled=True, llm_min_trades=5)
2026-09-20 02:26:51.494 | INFO     | stock_bot.live.leader_runner:_leader_boot_cache_backfill:307 - leader 캐시 부팅 백필 스킵: avgval(오늘자) 0건 · 업종 1339건
2026-09-20 02:28:31.336 | INFO     | stock_bot.live.runner:_start_env_watcher:1834 - env watcher started (1s poll, scope=대장주봇)
2026-09-20 02:28:32.390 | INFO     | stock_bot.live.leader_runner:run_leader:94 - leader runner started (trade_enabled=True, budget=50,000,000)
2026-09-20 02:28:32.393 | INFO     | stock_bot.live.leader_runner:run_leader:138 - leader market_flow prefetch scheduled: mon-fri 08:30 (pykrx KRX × 어제 r, 20d top-N)
2026-09-20 02:28:32.395 | INFO     | stock_bot.live.leader_runner:run_leader:208 - leader avgval prefetch scheduled: mon-fri 02:00 (시총≥1000억 전수(매경캐시, 다움교집합없음) → KIS KRX 순차 + 업종 캐시 이어서)
2026-09-20 02:28:32.397 | INFO     | stock_bot.live.leader_runner:run_leader:268 - leader theme prefetch scheduled: mon-fri 09:05 (네이버 테마 263개 구성종목 → 디스크 캐시)
2026-09-20 02:28:32.398 | INFO     | stock_bot.live.leader_runner:run_leader:328 - leader 캐시 부팅 백필 예약: 기동 +20초 (장중이면 자동 스킵)
2026-09-20 02:28:32.399 | INFO     | stock_bot.live.leader_runner:run_leader:335 - leader market_flow 부팅 직후 백필 1회 실행 (최근 5영업일 강제 덮어쓰기)
2026-09-20 02:28:32.401 | INFO     | stock_bot.live.leader_runner:run_leader:450 - leader pick scheduled: mon-fri 9:30:00 → 10min retry until 13:00 (theme mode)
2026-09-20 02:28:32.402 | INFO     | stock_bot.live.leader_runner:run_leader:618 - leader reval scheduled: mon-fri 9-13 every minute (gated by switch toggle+interval)
2026-09-20 02:28:32.404 | INFO     | stock_bot.live.leader_runner:run_leader:642 - leader trade scheduled: mon-fri 9-15 every minute (enabled=True)
2026-09-20 02:28:32.405 | INFO     | stock_bot.live.leader_runner:run_leader:669 - leader exit-fast scheduled: mon-fri 9-15 every 5s (holding 시 stop/tp 체크, priority gate)
2026-09-20 02:28:32.407 | INFO     | stock_bot.live.leader_runner:run_leader:698 - leader review scheduled: mon-fri 15:40 (enabled=True, llm_min_trades=5)
2026-09-20 02:28:52.460 | INFO     | stock_bot.live.leader_runner:_leader_boot_cache_backfill:307 - leader 캐시 부팅 백필 스킵: avgval(오늘자) 0건 · 업종 1339건
2026-09-20 02:32:33.395 | INFO     | stock_bot.live.runner:_start_env_watcher:1834 - env watcher started (1s poll, scope=대장주봇)
2026-09-20 02:32:34.988 | INFO     | stock_bot.live.leader_runner:run_leader:94 - leader runner started (trade_enabled=True, budget=50,000,000)
2026-09-20 02:32:34.990 | INFO     | stock_bot.live.leader_runner:run_leader:138 - leader market_flow prefetch scheduled: mon-fri 08:30 (pykrx KRX × 어제 r, 20d top-N)
2026-09-20 02:32:34.992 | INFO     | stock_bot.live.leader_runner:run_leader:208 - leader avgval prefetch scheduled: mon-fri 02:00 (시총≥1000억 전수(매경캐시, 다움교집합없음) → KIS KRX 순차 + 업종 캐시 이어서)
2026-09-20 02:32:34.995 | INFO     | stock_bot.live.leader_runner:run_leader:268 - leader theme prefetch scheduled: mon-fri 09:05 (네이버 테마 263개 구성종목 → 디스크 캐시)
2026-09-20 02:32:34.997 | INFO     | stock_bot.live.leader_runner:run_leader:328 - leader 캐시 부팅 백필 예약: 기동 +20초 (장중이면 자동 스킵)
2026-09-20 02:32:34.998 | INFO     | stock_bot.live.leader_runner:run_leader:335 - leader market_flow 부팅 직후 백필 1회 실행 (최근 5영업일 강제 덮어쓰기)
2026-09-20 02:32:35.000 | INFO     | stock_bot.live.leader_runner:run_leader:450 - leader pick scheduled: mon-fri 9:30:00 → 10min retry until 13:00 (theme mode)
2026-09-20 02:32:35.002 | INFO     | stock_bot.live.leader_runner:run_leader:618 - leader reval scheduled: mon-fri 9-13 every minute (gated by switch toggle+interval)
2026-09-20 02:32:35.004 | INFO     | stock_bot.live.leader_runner:run_leader:642 - leader trade scheduled: mon-fri 9-15 every minute (enabled=True)
2026-09-20 02:32:35.006 | INFO     | stock_bot.live.leader_runner:run_leader:669 - leader exit-fast scheduled: mon-fri 9-15 every 5s (holding 시 stop/tp 체크, priority gate)
2026-09-20 02:32:35.008 | INFO     | stock_bot.live.leader_runner:run_leader:698 - leader review scheduled: mon-fri 15:40 (enabled=True, llm_min_trades=5)
2026-09-20 02:32:56.145 | INFO     | stock_bot.live.leader_runner:_leader_boot_cache_backfill:307 - leader 캐시 부팅 백필 스킵: avgval(오늘자) 0건 · 업종 1339건
