2026-10-04 00:02:58.714 | INFO     | stock_bot.live.runner:_start_env_watcher:1962 - env watcher started (1s poll, scope=대장주봇)
2026-10-04 00:02:59.894 | INFO     | stock_bot.live.leader_runner:run_leader:94 - leader runner started (trade_enabled=True, budget=50,000,000)
2026-10-04 00:02:59.897 | INFO     | stock_bot.live.leader_runner:run_leader:138 - leader market_flow prefetch scheduled: mon-fri 08:30 (pykrx KRX × 어제 r, 20d top-N)
2026-10-04 00:02:59.899 | INFO     | stock_bot.live.leader_runner:run_leader:208 - leader avgval prefetch scheduled: mon-fri 02:00 (시총≥1000억 전수(매경캐시, 다움교집합없음) → KIS KRX 순차 + 업종 캐시 이어서)
2026-10-04 00:02:59.902 | INFO     | stock_bot.live.leader_runner:run_leader:268 - leader theme prefetch scheduled: mon-fri 09:05 (네이버 테마 263개 구성종목 → 디스크 캐시)
2026-10-04 00:02:59.903 | INFO     | stock_bot.live.leader_runner:run_leader:328 - leader 캐시 부팅 백필 예약: 기동 +20초 (장중이면 자동 스킵)
2026-10-04 00:02:59.904 | INFO     | stock_bot.live.leader_runner:run_leader:335 - leader market_flow 부팅 직후 백필 1회 실행 (최근 5영업일 강제 덮어쓰기)
2026-10-04 00:02:59.906 | INFO     | stock_bot.live.leader_runner:run_leader:470 - leader pick scheduled: mon-fri 9:30:00 → 10min retry until 13:00 (theme mode)
2026-10-04 00:02:59.907 | INFO     | stock_bot.live.leader_runner:run_leader:643 - leader reval scheduled: mon-fri 9-13 every minute (gated by interval; switch OFF = record only)
2026-10-04 00:02:59.909 | INFO     | stock_bot.live.leader_runner:run_leader:667 - leader trade scheduled: mon-fri 9-15 every minute (enabled=True)
2026-10-04 00:02:59.911 | INFO     | stock_bot.live.leader_runner:run_leader:694 - leader exit-fast scheduled: mon-fri 9-15 every 5s (holding 시 stop/tp 체크, priority gate)
2026-10-04 00:02:59.913 | INFO     | stock_bot.live.leader_runner:run_leader:729 - leader review scheduled: mon-fri 15:40 (enabled=True, llm_min_trades=5)
2026-10-04 00:03:19.964 | INFO     | stock_bot.live.leader_runner:_leader_boot_cache_backfill:307 - leader 캐시 부팅 백필 스킵: avgval(오늘자) 0건 · 업종 1360건
2026-10-04 00:09:03.227 | INFO     | stock_bot.live.runner:_start_env_watcher:1962 - env watcher started (1s poll, scope=대장주봇)
2026-10-04 00:09:04.980 | INFO     | stock_bot.live.leader_runner:run_leader:94 - leader runner started (trade_enabled=True, budget=50,000,000)
2026-10-04 00:09:04.987 | INFO     | stock_bot.live.leader_runner:run_leader:138 - leader market_flow prefetch scheduled: mon-fri 08:30 (pykrx KRX × 어제 r, 20d top-N)
2026-10-04 00:09:04.990 | INFO     | stock_bot.live.leader_runner:run_leader:208 - leader avgval prefetch scheduled: mon-fri 02:00 (시총≥1000억 전수(매경캐시, 다움교집합없음) → KIS KRX 순차 + 업종 캐시 이어서)
2026-10-04 00:09:04.992 | INFO     | stock_bot.live.leader_runner:run_leader:268 - leader theme prefetch scheduled: mon-fri 09:05 (네이버 테마 263개 구성종목 → 디스크 캐시)
2026-10-04 00:09:04.993 | INFO     | stock_bot.live.leader_runner:run_leader:328 - leader 캐시 부팅 백필 예약: 기동 +20초 (장중이면 자동 스킵)
2026-10-04 00:09:04.994 | INFO     | stock_bot.live.leader_runner:run_leader:335 - leader market_flow 부팅 직후 백필 1회 실행 (최근 5영업일 강제 덮어쓰기)
2026-10-04 00:09:04.997 | INFO     | stock_bot.live.leader_runner:run_leader:470 - leader pick scheduled: mon-fri 9:30:00 → 10min retry until 13:00 (theme mode)
2026-10-04 00:09:04.999 | INFO     | stock_bot.live.leader_runner:run_leader:643 - leader reval scheduled: mon-fri 9-13 every minute (gated by interval; switch OFF = record only)
2026-10-04 00:09:05.001 | INFO     | stock_bot.live.leader_runner:run_leader:667 - leader trade scheduled: mon-fri 9-15 every minute (enabled=True)
2026-10-04 00:09:05.003 | INFO     | stock_bot.live.leader_runner:run_leader:694 - leader exit-fast scheduled: mon-fri 9-15 every 5s (holding 시 stop/tp 체크, priority gate)
2026-10-04 00:09:05.005 | INFO     | stock_bot.live.leader_runner:run_leader:729 - leader review scheduled: mon-fri 15:40 (enabled=True, llm_min_trades=5)
2026-10-04 00:09:25.034 | INFO     | stock_bot.live.leader_runner:_leader_boot_cache_backfill:307 - leader 캐시 부팅 백필 스킵: avgval(오늘자) 0건 · 업종 1360건
2026-10-04 00:32:42.186 | INFO     | stock_bot.live.runner:_start_env_watcher:1962 - env watcher started (1s poll, scope=대장주봇)
2026-10-04 00:32:43.256 | INFO     | stock_bot.live.leader_runner:run_leader:94 - leader runner started (trade_enabled=True, budget=50,000,000)
2026-10-04 00:32:43.258 | INFO     | stock_bot.live.leader_runner:run_leader:138 - leader market_flow prefetch scheduled: mon-fri 08:30 (pykrx KRX × 어제 r, 20d top-N)
2026-10-04 00:32:43.260 | INFO     | stock_bot.live.leader_runner:run_leader:208 - leader avgval prefetch scheduled: mon-fri 02:00 (시총≥1000억 전수(매경캐시, 다움교집합없음) → KIS KRX 순차 + 업종 캐시 이어서)
2026-10-04 00:32:43.263 | INFO     | stock_bot.live.leader_runner:run_leader:268 - leader theme prefetch scheduled: mon-fri 09:05 (네이버 테마 263개 구성종목 → 디스크 캐시)
2026-10-04 00:32:43.264 | INFO     | stock_bot.live.leader_runner:run_leader:328 - leader 캐시 부팅 백필 예약: 기동 +20초 (장중이면 자동 스킵)
2026-10-04 00:32:43.265 | INFO     | stock_bot.live.leader_runner:run_leader:335 - leader market_flow 부팅 직후 백필 1회 실행 (최근 5영업일 강제 덮어쓰기)
2026-10-04 00:32:43.267 | INFO     | stock_bot.live.leader_runner:run_leader:470 - leader pick scheduled: mon-fri 9:30:00 → 10min retry until 13:00 (theme mode)
2026-10-04 00:32:43.269 | INFO     | stock_bot.live.leader_runner:run_leader:643 - leader reval scheduled: mon-fri 9-13 every minute (gated by interval; switch OFF = record only)
2026-10-04 00:32:43.271 | INFO     | stock_bot.live.leader_runner:run_leader:667 - leader trade scheduled: mon-fri 9-15 every minute (enabled=True)
2026-10-04 00:32:43.272 | INFO     | stock_bot.live.leader_runner:run_leader:694 - leader exit-fast scheduled: mon-fri 9-15 every 5s (holding 시 stop/tp 체크, priority gate)
2026-10-04 00:32:43.274 | INFO     | stock_bot.live.leader_runner:run_leader:729 - leader review scheduled: mon-fri 15:40 (enabled=True, llm_min_trades=5)
2026-10-04 00:33:03.338 | INFO     | stock_bot.live.leader_runner:_leader_boot_cache_backfill:307 - leader 캐시 부팅 백필 스킵: avgval(오늘자) 0건 · 업종 1360건
2026-10-04 00:39:44.468 | INFO     | stock_bot.live.runner:_start_env_watcher:1962 - env watcher started (1s poll, scope=대장주봇)
2026-10-04 00:39:45.513 | INFO     | stock_bot.live.leader_runner:run_leader:94 - leader runner started (trade_enabled=True, budget=50,000,000)
2026-10-04 00:39:45.517 | INFO     | stock_bot.live.leader_runner:run_leader:138 - leader market_flow prefetch scheduled: mon-fri 08:30 (pykrx KRX × 어제 r, 20d top-N)
2026-10-04 00:39:45.519 | INFO     | stock_bot.live.leader_runner:run_leader:208 - leader avgval prefetch scheduled: mon-fri 02:00 (시총≥1000억 전수(매경캐시, 다움교집합없음) → KIS KRX 순차 + 업종 캐시 이어서)
2026-10-04 00:39:45.521 | INFO     | stock_bot.live.leader_runner:run_leader:268 - leader theme prefetch scheduled: mon-fri 09:05 (네이버 테마 263개 구성종목 → 디스크 캐시)
2026-10-04 00:39:45.523 | INFO     | stock_bot.live.leader_runner:run_leader:328 - leader 캐시 부팅 백필 예약: 기동 +20초 (장중이면 자동 스킵)
2026-10-04 00:39:45.524 | INFO     | stock_bot.live.leader_runner:run_leader:335 - leader market_flow 부팅 직후 백필 1회 실행 (최근 5영업일 강제 덮어쓰기)
2026-10-04 00:39:45.526 | INFO     | stock_bot.live.leader_runner:run_leader:470 - leader pick scheduled: mon-fri 9:30:00 → 10min retry until 13:00 (theme mode)
2026-10-04 00:39:45.529 | INFO     | stock_bot.live.leader_runner:run_leader:643 - leader reval scheduled: mon-fri 9-13 every minute (gated by interval; switch OFF = record only)
2026-10-04 00:39:45.531 | INFO     | stock_bot.live.leader_runner:run_leader:667 - leader trade scheduled: mon-fri 9-15 every minute (enabled=True)
2026-10-04 00:39:45.533 | INFO     | stock_bot.live.leader_runner:run_leader:694 - leader exit-fast scheduled: mon-fri 9-15 every 5s (holding 시 stop/tp 체크, priority gate)
2026-10-04 00:39:45.535 | INFO     | stock_bot.live.leader_runner:run_leader:729 - leader review scheduled: mon-fri 15:40 (enabled=True, llm_min_trades=5)
2026-10-04 00:40:05.566 | INFO     | stock_bot.live.leader_runner:_leader_boot_cache_backfill:307 - leader 캐시 부팅 백필 스킵: avgval(오늘자) 0건 · 업종 1360건
2026-10-04 00:53:33.174 | INFO     | stock_bot.live.runner:_start_env_watcher:1962 - env watcher started (1s poll, scope=대장주봇)
2026-10-04 00:53:34.411 | INFO     | stock_bot.live.leader_runner:run_leader:94 - leader runner started (trade_enabled=True, budget=50,000,000)
2026-10-04 00:53:34.414 | INFO     | stock_bot.live.leader_runner:run_leader:138 - leader market_flow prefetch scheduled: mon-fri 08:30 (pykrx KRX × 어제 r, 20d top-N)
2026-10-04 00:53:34.417 | INFO     | stock_bot.live.leader_runner:run_leader:208 - leader avgval prefetch scheduled: mon-fri 02:00 (시총≥1000억 전수(매경캐시, 다움교집합없음) → KIS KRX 순차 + 업종 캐시 이어서)
2026-10-04 00:53:34.419 | INFO     | stock_bot.live.leader_runner:run_leader:268 - leader theme prefetch scheduled: mon-fri 09:05 (네이버 테마 263개 구성종목 → 디스크 캐시)
2026-10-04 00:53:34.420 | INFO     | stock_bot.live.leader_runner:run_leader:328 - leader 캐시 부팅 백필 예약: 기동 +20초 (장중이면 자동 스킵)
2026-10-04 00:53:34.421 | INFO     | stock_bot.live.leader_runner:run_leader:335 - leader market_flow 부팅 직후 백필 1회 실행 (최근 5영업일 강제 덮어쓰기)
2026-10-04 00:53:34.423 | INFO     | stock_bot.live.leader_runner:run_leader:470 - leader pick scheduled: mon-fri 9:30:00 → 10min retry until 13:00 (theme mode)
2026-10-04 00:53:34.425 | INFO     | stock_bot.live.leader_runner:run_leader:643 - leader reval scheduled: mon-fri 9-13 every minute (gated by interval; switch OFF = record only)
2026-10-04 00:53:34.428 | INFO     | stock_bot.live.leader_runner:run_leader:667 - leader trade scheduled: mon-fri 9-15 every minute (enabled=True)
2026-10-04 00:53:34.430 | INFO     | stock_bot.live.leader_runner:run_leader:694 - leader exit-fast scheduled: mon-fri 9-15 every 5s (holding 시 stop/tp 체크, priority gate)
2026-10-04 00:53:34.432 | INFO     | stock_bot.live.leader_runner:run_leader:729 - leader review scheduled: mon-fri 15:40 (enabled=True, llm_min_trades=5)
2026-10-04 00:53:54.463 | INFO     | stock_bot.live.leader_runner:_leader_boot_cache_backfill:307 - leader 캐시 부팅 백필 스킵: avgval(오늘자) 0건 · 업종 1360건
2026-10-04 01:00:57.833 | INFO     | stock_bot.live.runner:_start_env_watcher:1962 - env watcher started (1s poll, scope=대장주봇)
2026-10-04 01:00:59.001 | INFO     | stock_bot.live.leader_runner:run_leader:94 - leader runner started (trade_enabled=True, budget=50,000,000)
2026-10-04 01:00:59.004 | INFO     | stock_bot.live.leader_runner:run_leader:138 - leader market_flow prefetch scheduled: mon-fri 08:30 (pykrx KRX × 어제 r, 20d top-N)
2026-10-04 01:00:59.008 | INFO     | stock_bot.live.leader_runner:run_leader:208 - leader avgval prefetch scheduled: mon-fri 02:00 (시총≥1000억 전수(매경캐시, 다움교집합없음) → KIS KRX 순차 + 업종 캐시 이어서)
2026-10-04 01:00:59.011 | INFO     | stock_bot.live.leader_runner:run_leader:268 - leader theme prefetch scheduled: mon-fri 09:05 (네이버 테마 263개 구성종목 → 디스크 캐시)
2026-10-04 01:00:59.013 | INFO     | stock_bot.live.leader_runner:run_leader:328 - leader 캐시 부팅 백필 예약: 기동 +20초 (장중이면 자동 스킵)
2026-10-04 01:00:59.014 | INFO     | stock_bot.live.leader_runner:run_leader:335 - leader market_flow 부팅 직후 백필 1회 실행 (최근 5영업일 강제 덮어쓰기)
2026-10-04 01:00:59.016 | INFO     | stock_bot.live.leader_runner:run_leader:470 - leader pick scheduled: mon-fri 9:30:00 → 10min retry until 13:00 (theme mode)
2026-10-04 01:00:59.019 | INFO     | stock_bot.live.leader_runner:run_leader:643 - leader reval scheduled: mon-fri 9-13 every minute (gated by interval; switch OFF = record only)
2026-10-04 01:00:59.022 | INFO     | stock_bot.live.leader_runner:run_leader:667 - leader trade scheduled: mon-fri 9-15 every minute (enabled=True)
2026-10-04 01:00:59.024 | INFO     | stock_bot.live.leader_runner:run_leader:694 - leader exit-fast scheduled: mon-fri 9-15 every 5s (holding 시 stop/tp 체크, priority gate)
2026-10-04 01:00:59.026 | INFO     | stock_bot.live.leader_runner:run_leader:729 - leader review scheduled: mon-fri 15:40 (enabled=True, llm_min_trades=5)
2026-10-04 01:01:19.083 | INFO     | stock_bot.live.leader_runner:_leader_boot_cache_backfill:307 - leader 캐시 부팅 백필 스킵: avgval(오늘자) 0건 · 업종 1360건
2026-10-04 02:07:06.460 | INFO     | stock_bot.live.runner:_start_env_watcher:1962 - env watcher started (1s poll, scope=대장주봇)
2026-10-04 02:07:07.735 | INFO     | stock_bot.live.leader_runner:run_leader:94 - leader runner started (trade_enabled=True, budget=50,000,000)
2026-10-04 02:07:07.738 | INFO     | stock_bot.live.leader_runner:run_leader:138 - leader market_flow prefetch scheduled: mon-fri 08:30 (pykrx KRX × 어제 r, 20d top-N)
2026-10-04 02:07:07.740 | INFO     | stock_bot.live.leader_runner:run_leader:208 - leader avgval prefetch scheduled: mon-fri 02:00 (시총≥1000억 전수(매경캐시, 다움교집합없음) → KIS KRX 순차 + 업종 캐시 이어서)
2026-10-04 02:07:07.742 | INFO     | stock_bot.live.leader_runner:run_leader:268 - leader theme prefetch scheduled: mon-fri 09:05 (네이버 테마 263개 구성종목 → 디스크 캐시)
2026-10-04 02:07:07.745 | INFO     | stock_bot.live.leader_runner:run_leader:328 - leader 캐시 부팅 백필 예약: 기동 +20초 (장중이면 자동 스킵)
2026-10-04 02:07:07.745 | INFO     | stock_bot.live.leader_runner:run_leader:335 - leader market_flow 부팅 직후 백필 1회 실행 (최근 5영업일 강제 덮어쓰기)
2026-10-04 02:07:07.747 | INFO     | stock_bot.live.leader_runner:run_leader:470 - leader pick scheduled: mon-fri 9:30:00 → 10min retry until 13:00 (theme mode)
2026-10-04 02:07:07.749 | INFO     | stock_bot.live.leader_runner:run_leader:643 - leader reval scheduled: mon-fri 9-13 every minute (gated by interval; switch OFF = record only)
2026-10-04 02:07:07.750 | INFO     | stock_bot.live.leader_runner:run_leader:667 - leader trade scheduled: mon-fri 9-15 every minute (enabled=True)
2026-10-04 02:07:07.752 | INFO     | stock_bot.live.leader_runner:run_leader:694 - leader exit-fast scheduled: mon-fri 9-15 every 5s (holding 시 stop/tp 체크, priority gate)
2026-10-04 02:07:07.754 | INFO     | stock_bot.live.leader_runner:run_leader:729 - leader review scheduled: mon-fri 15:40 (enabled=True, llm_min_trades=5)
2026-10-04 02:07:27.815 | INFO     | stock_bot.live.leader_runner:_leader_boot_cache_backfill:307 - leader 캐시 부팅 백필 스킵: avgval(오늘자) 0건 · 업종 1360건
2026-10-04 15:35:41.861 | INFO     | stock_bot.live.runner:_start_env_watcher:1963 - env watcher started (1s poll, scope=대장주봇)
2026-10-04 15:35:45.387 | INFO     | stock_bot.live.leader_runner:run_leader:94 - leader runner started (trade_enabled=True, budget=50,000,000)
2026-10-04 15:35:45.391 | INFO     | stock_bot.live.leader_runner:run_leader:138 - leader market_flow prefetch scheduled: mon-fri 08:30 (pykrx KRX × 어제 r, 20d top-N)
2026-10-04 15:35:45.393 | INFO     | stock_bot.live.leader_runner:run_leader:208 - leader avgval prefetch scheduled: mon-fri 02:00 (시총≥1000억 전수(매경캐시, 다움교집합없음) → KIS KRX 순차 + 업종 캐시 이어서)
2026-10-04 15:35:45.396 | INFO     | stock_bot.live.leader_runner:run_leader:268 - leader theme prefetch scheduled: mon-fri 09:05 (네이버 테마 263개 구성종목 → 디스크 캐시)
2026-10-04 15:35:45.413 | INFO     | stock_bot.live.leader_runner:run_leader:328 - leader 캐시 부팅 백필 예약: 기동 +20초 (장중이면 자동 스킵)
2026-10-04 15:35:45.414 | INFO     | stock_bot.live.leader_runner:run_leader:335 - leader market_flow 부팅 직후 백필 1회 실행 (최근 5영업일 강제 덮어쓰기)
2026-10-04 15:35:45.416 | INFO     | stock_bot.live.leader_runner:run_leader:470 - leader pick scheduled: mon-fri 9:30:00 → 10min retry until 13:00 (theme mode)
2026-10-04 15:35:45.418 | INFO     | stock_bot.live.leader_runner:run_leader:643 - leader reval scheduled: mon-fri 9-13 every minute (gated by interval; switch OFF = record only)
2026-10-04 15:35:45.420 | INFO     | stock_bot.live.leader_runner:run_leader:667 - leader trade scheduled: mon-fri 9-15 every minute (enabled=True)
2026-10-04 15:35:45.422 | INFO     | stock_bot.live.leader_runner:run_leader:694 - leader exit-fast scheduled: mon-fri 9-15 every 5s (holding 시 stop/tp 체크, priority gate)
2026-10-04 15:35:45.424 | INFO     | stock_bot.live.leader_runner:run_leader:729 - leader review scheduled: mon-fri 15:40 (enabled=True, llm_min_trades=5)
2026-10-04 15:36:05.764 | INFO     | stock_bot.live.leader_runner:_leader_boot_cache_backfill:307 - leader 캐시 부팅 백필 스킵: avgval(오늘자) 0건 · 업종 1360건
2026-10-04 18:46:39.918 | INFO     | stock_bot.live.runner:_start_env_watcher:1963 - env watcher started (1s poll, scope=대장주봇)
2026-10-04 18:46:41.030 | INFO     | stock_bot.live.leader_runner:run_leader:94 - leader runner started (trade_enabled=True, budget=50,000,000)
2026-10-04 18:46:41.033 | INFO     | stock_bot.live.leader_runner:run_leader:138 - leader market_flow prefetch scheduled: mon-fri 08:30 (pykrx KRX × 어제 r, 20d top-N)
2026-10-04 18:46:41.035 | INFO     | stock_bot.live.leader_runner:run_leader:208 - leader avgval prefetch scheduled: mon-fri 02:00 (시총≥1000억 전수(매경캐시, 다움교집합없음) → KIS KRX 순차 + 업종 캐시 이어서)
2026-10-04 18:46:41.037 | INFO     | stock_bot.live.leader_runner:run_leader:268 - leader theme prefetch scheduled: mon-fri 09:05 (네이버 테마 263개 구성종목 → 디스크 캐시)
2026-10-04 18:46:41.038 | INFO     | stock_bot.live.leader_runner:run_leader:328 - leader 캐시 부팅 백필 예약: 기동 +20초 (장중이면 자동 스킵)
2026-10-04 18:46:41.039 | INFO     | stock_bot.live.leader_runner:run_leader:335 - leader market_flow 부팅 직후 백필 1회 실행 (최근 5영업일 강제 덮어쓰기)
2026-10-04 18:46:41.041 | INFO     | stock_bot.live.leader_runner:run_leader:470 - leader pick scheduled: mon-fri 9:30:00 → 10min retry until 13:00 (theme mode)
2026-10-04 18:46:41.043 | INFO     | stock_bot.live.leader_runner:run_leader:643 - leader reval scheduled: mon-fri 9-13 every minute (gated by interval; switch OFF = record only)
2026-10-04 18:46:41.045 | INFO     | stock_bot.live.leader_runner:run_leader:667 - leader trade scheduled: mon-fri 9-15 every minute (enabled=True)
2026-10-04 18:46:41.046 | INFO     | stock_bot.live.leader_runner:run_leader:694 - leader exit-fast scheduled: mon-fri 9-15 every 5s (holding 시 stop/tp 체크, priority gate)
2026-10-04 18:46:41.048 | INFO     | stock_bot.live.leader_runner:run_leader:729 - leader review scheduled: mon-fri 15:40 (enabled=True, llm_min_trades=5)
2026-10-04 18:47:01.104 | INFO     | stock_bot.live.leader_runner:_leader_boot_cache_backfill:307 - leader 캐시 부팅 백필 스킵: avgval(오늘자) 0건 · 업종 1360건
2026-10-04 19:21:33.236 | INFO     | stock_bot.live.runner:_start_env_watcher:1963 - env watcher started (1s poll, scope=대장주봇)
2026-10-04 19:21:34.547 | INFO     | stock_bot.live.leader_runner:run_leader:94 - leader runner started (trade_enabled=True, budget=50,000,000)
2026-10-04 19:21:34.550 | INFO     | stock_bot.live.leader_runner:run_leader:138 - leader market_flow prefetch scheduled: mon-fri 08:30 (pykrx KRX × 어제 r, 20d top-N)
2026-10-04 19:21:34.553 | INFO     | stock_bot.live.leader_runner:run_leader:208 - leader avgval prefetch scheduled: mon-fri 02:00 (시총≥1000억 전수(매경캐시, 다움교집합없음) → KIS KRX 순차 + 업종 캐시 이어서)
2026-10-04 19:21:34.555 | INFO     | stock_bot.live.leader_runner:run_leader:268 - leader theme prefetch scheduled: mon-fri 09:05 (네이버 테마 263개 구성종목 → 디스크 캐시)
2026-10-04 19:21:34.557 | INFO     | stock_bot.live.leader_runner:run_leader:328 - leader 캐시 부팅 백필 예약: 기동 +20초 (장중이면 자동 스킵)
2026-10-04 19:21:34.558 | INFO     | stock_bot.live.leader_runner:run_leader:335 - leader market_flow 부팅 직후 백필 1회 실행 (최근 5영업일 강제 덮어쓰기)
2026-10-04 19:21:34.560 | INFO     | stock_bot.live.leader_runner:run_leader:470 - leader pick scheduled: mon-fri 9:30:00 → 10min retry until 13:00 (theme mode)
2026-10-04 19:21:34.562 | INFO     | stock_bot.live.leader_runner:run_leader:643 - leader reval scheduled: mon-fri 9-13 every minute (gated by interval; switch OFF = record only)
2026-10-04 19:21:34.564 | INFO     | stock_bot.live.leader_runner:run_leader:667 - leader trade scheduled: mon-fri 9-15 every minute (enabled=True)
2026-10-04 19:21:34.566 | INFO     | stock_bot.live.leader_runner:run_leader:694 - leader exit-fast scheduled: mon-fri 9-15 every 5s (holding 시 stop/tp 체크, priority gate)
2026-10-04 19:21:34.568 | INFO     | stock_bot.live.leader_runner:run_leader:729 - leader review scheduled: mon-fri 15:40 (enabled=True, llm_min_trades=5)
2026-10-04 19:21:54.617 | INFO     | stock_bot.live.leader_runner:_leader_boot_cache_backfill:307 - leader 캐시 부팅 백필 스킵: avgval(오늘자) 0건 · 업종 1360건
2026-10-04 19:30:34.558 | INFO     | stock_bot.live.runner:_start_env_watcher:1963 - env watcher started (1s poll, scope=대장주봇)
2026-10-04 19:30:35.498 | INFO     | stock_bot.live.leader_runner:run_leader:94 - leader runner started (trade_enabled=True, budget=50,000,000)
2026-10-04 19:30:35.500 | INFO     | stock_bot.live.leader_runner:run_leader:138 - leader market_flow prefetch scheduled: mon-fri 08:30 (pykrx KRX × 어제 r, 20d top-N)
2026-10-04 19:30:35.503 | INFO     | stock_bot.live.leader_runner:run_leader:208 - leader avgval prefetch scheduled: mon-fri 02:00 (시총≥1000억 전수(매경캐시, 다움교집합없음) → KIS KRX 순차 + 업종 캐시 이어서)
2026-10-04 19:30:35.505 | INFO     | stock_bot.live.leader_runner:run_leader:268 - leader theme prefetch scheduled: mon-fri 09:05 (네이버 테마 263개 구성종목 → 디스크 캐시)
2026-10-04 19:30:35.506 | INFO     | stock_bot.live.leader_runner:run_leader:328 - leader 캐시 부팅 백필 예약: 기동 +20초 (장중이면 자동 스킵)
2026-10-04 19:30:35.507 | INFO     | stock_bot.live.leader_runner:run_leader:335 - leader market_flow 부팅 직후 백필 1회 실행 (최근 5영업일 강제 덮어쓰기)
2026-10-04 19:30:35.508 | INFO     | stock_bot.live.leader_runner:run_leader:470 - leader pick scheduled: mon-fri 9:30:00 → 10min retry until 13:00 (theme mode)
2026-10-04 19:30:35.510 | INFO     | stock_bot.live.leader_runner:run_leader:643 - leader reval scheduled: mon-fri 9-13 every minute (gated by interval; switch OFF = record only)
2026-10-04 19:30:35.512 | INFO     | stock_bot.live.leader_runner:run_leader:667 - leader trade scheduled: mon-fri 9-15 every minute (enabled=True)
2026-10-04 19:30:35.514 | INFO     | stock_bot.live.leader_runner:run_leader:694 - leader exit-fast scheduled: mon-fri 9-15 every 5s (holding 시 stop/tp 체크, priority gate)
2026-10-04 19:30:35.516 | INFO     | stock_bot.live.leader_runner:run_leader:729 - leader review scheduled: mon-fri 15:40 (enabled=True, llm_min_trades=5)
2026-10-04 19:30:55.572 | INFO     | stock_bot.live.leader_runner:_leader_boot_cache_backfill:307 - leader 캐시 부팅 백필 스킵: avgval(오늘자) 0건 · 업종 1360건
2026-10-04 19:34:33.153 | INFO     | stock_bot.live.runner:_start_env_watcher:1963 - env watcher started (1s poll, scope=대장주봇)
2026-10-04 19:34:34.076 | INFO     | stock_bot.live.leader_runner:run_leader:94 - leader runner started (trade_enabled=True, budget=50,000,000)
2026-10-04 19:34:34.080 | INFO     | stock_bot.live.leader_runner:run_leader:138 - leader market_flow prefetch scheduled: mon-fri 08:30 (pykrx KRX × 어제 r, 20d top-N)
2026-10-04 19:34:34.083 | INFO     | stock_bot.live.leader_runner:run_leader:208 - leader avgval prefetch scheduled: mon-fri 02:00 (시총≥1000억 전수(매경캐시, 다움교집합없음) → KIS KRX 순차 + 업종 캐시 이어서)
2026-10-04 19:34:34.086 | INFO     | stock_bot.live.leader_runner:run_leader:268 - leader theme prefetch scheduled: mon-fri 09:05 (네이버 테마 263개 구성종목 → 디스크 캐시)
2026-10-04 19:34:34.088 | INFO     | stock_bot.live.leader_runner:run_leader:328 - leader 캐시 부팅 백필 예약: 기동 +20초 (장중이면 자동 스킵)
2026-10-04 19:34:34.089 | INFO     | stock_bot.live.leader_runner:run_leader:335 - leader market_flow 부팅 직후 백필 1회 실행 (최근 5영업일 강제 덮어쓰기)
2026-10-04 19:34:34.091 | INFO     | stock_bot.live.leader_runner:run_leader:470 - leader pick scheduled: mon-fri 9:30:00 → 10min retry until 13:00 (theme mode)
2026-10-04 19:34:34.094 | INFO     | stock_bot.live.leader_runner:run_leader:643 - leader reval scheduled: mon-fri 9-13 every minute (gated by interval; switch OFF = record only)
2026-10-04 19:34:34.096 | INFO     | stock_bot.live.leader_runner:run_leader:667 - leader trade scheduled: mon-fri 9-15 every minute (enabled=True)
2026-10-04 19:34:34.099 | INFO     | stock_bot.live.leader_runner:run_leader:694 - leader exit-fast scheduled: mon-fri 9-15 every 5s (holding 시 stop/tp 체크, priority gate)
2026-10-04 19:34:34.101 | INFO     | stock_bot.live.leader_runner:run_leader:729 - leader review scheduled: mon-fri 15:40 (enabled=True, llm_min_trades=5)
2026-10-04 19:34:54.154 | INFO     | stock_bot.live.leader_runner:_leader_boot_cache_backfill:307 - leader 캐시 부팅 백필 스킵: avgval(오늘자) 0건 · 업종 1360건
2026-10-04 20:14:32.777 | INFO     | stock_bot.live.runner:_start_env_watcher:1963 - env watcher started (1s poll, scope=대장주봇)
2026-10-04 20:14:34.029 | INFO     | stock_bot.live.leader_runner:run_leader:94 - leader runner started (trade_enabled=True, budget=50,000,000)
2026-10-04 20:14:34.032 | INFO     | stock_bot.live.leader_runner:run_leader:138 - leader market_flow prefetch scheduled: mon-fri 08:30 (pykrx KRX × 어제 r, 20d top-N)
2026-10-04 20:14:34.034 | INFO     | stock_bot.live.leader_runner:run_leader:208 - leader avgval prefetch scheduled: mon-fri 02:00 (시총≥1000억 전수(매경캐시, 다움교집합없음) → KIS KRX 순차 + 업종 캐시 이어서)
2026-10-04 20:14:34.036 | INFO     | stock_bot.live.leader_runner:run_leader:268 - leader theme prefetch scheduled: mon-fri 09:05 (네이버 테마 263개 구성종목 → 디스크 캐시)
2026-10-04 20:14:34.038 | INFO     | stock_bot.live.leader_runner:run_leader:328 - leader 캐시 부팅 백필 예약: 기동 +20초 (장중이면 자동 스킵)
2026-10-04 20:14:34.038 | INFO     | stock_bot.live.leader_runner:run_leader:335 - leader market_flow 부팅 직후 백필 1회 실행 (최근 5영업일 강제 덮어쓰기)
2026-10-04 20:14:34.040 | INFO     | stock_bot.live.leader_runner:run_leader:470 - leader pick scheduled: mon-fri 9:30:00 → 10min retry until 13:00 (theme mode)
2026-10-04 20:14:34.042 | INFO     | stock_bot.live.leader_runner:run_leader:643 - leader reval scheduled: mon-fri 9-13 every minute (gated by interval; switch OFF = record only)
2026-10-04 20:14:34.044 | INFO     | stock_bot.live.leader_runner:run_leader:667 - leader trade scheduled: mon-fri 9-15 every minute (enabled=True)
2026-10-04 20:14:34.045 | INFO     | stock_bot.live.leader_runner:run_leader:694 - leader exit-fast scheduled: mon-fri 9-15 every 5s (holding 시 stop/tp 체크, priority gate)
2026-10-04 20:14:34.047 | INFO     | stock_bot.live.leader_runner:run_leader:729 - leader review scheduled: mon-fri 15:40 (enabled=True, llm_min_trades=5)
2026-10-04 20:14:54.098 | INFO     | stock_bot.live.leader_runner:_leader_boot_cache_backfill:307 - leader 캐시 부팅 백필 스킵: avgval(오늘자) 0건 · 업종 1360건
2026-10-04 20:24:41.731 | INFO     | stock_bot.live.runner:_start_env_watcher:1963 - env watcher started (1s poll, scope=대장주봇)
2026-10-04 20:24:42.764 | INFO     | stock_bot.live.leader_runner:run_leader:94 - leader runner started (trade_enabled=True, budget=50,000,000)
2026-10-04 20:24:42.767 | INFO     | stock_bot.live.leader_runner:run_leader:138 - leader market_flow prefetch scheduled: mon-fri 08:30 (pykrx KRX × 어제 r, 20d top-N)
2026-10-04 20:24:42.769 | INFO     | stock_bot.live.leader_runner:run_leader:208 - leader avgval prefetch scheduled: mon-fri 02:00 (시총≥1000억 전수(매경캐시, 다움교집합없음) → KIS KRX 순차 + 업종 캐시 이어서)
2026-10-04 20:24:42.772 | INFO     | stock_bot.live.leader_runner:run_leader:268 - leader theme prefetch scheduled: mon-fri 09:05 (네이버 테마 263개 구성종목 → 디스크 캐시)
2026-10-04 20:24:42.773 | INFO     | stock_bot.live.leader_runner:run_leader:328 - leader 캐시 부팅 백필 예약: 기동 +20초 (장중이면 자동 스킵)
2026-10-04 20:24:42.774 | INFO     | stock_bot.live.leader_runner:run_leader:335 - leader market_flow 부팅 직후 백필 1회 실행 (최근 5영업일 강제 덮어쓰기)
2026-10-04 20:24:42.777 | INFO     | stock_bot.live.leader_runner:run_leader:470 - leader pick scheduled: mon-fri 9:30:00 → 10min retry until 13:00 (theme mode)
2026-10-04 20:24:42.779 | INFO     | stock_bot.live.leader_runner:run_leader:643 - leader reval scheduled: mon-fri 9-13 every minute (gated by interval; switch OFF = record only)
2026-10-04 20:24:42.781 | INFO     | stock_bot.live.leader_runner:run_leader:667 - leader trade scheduled: mon-fri 9-15 every minute (enabled=True)
2026-10-04 20:24:42.783 | INFO     | stock_bot.live.leader_runner:run_leader:694 - leader exit-fast scheduled: mon-fri 9-15 every 5s (holding 시 stop/tp 체크, priority gate)
2026-10-04 20:24:42.785 | INFO     | stock_bot.live.leader_runner:run_leader:729 - leader review scheduled: mon-fri 15:40 (enabled=True, llm_min_trades=5)
2026-10-04 20:25:02.829 | INFO     | stock_bot.live.leader_runner:_leader_boot_cache_backfill:307 - leader 캐시 부팅 백필 스킵: avgval(오늘자) 0건 · 업종 1360건
2026-10-04 20:31:33.734 | INFO     | stock_bot.live.runner:_start_env_watcher:1963 - env watcher started (1s poll, scope=대장주봇)
2026-10-04 20:31:34.785 | INFO     | stock_bot.live.leader_runner:run_leader:94 - leader runner started (trade_enabled=True, budget=50,000,000)
2026-10-04 20:31:34.789 | INFO     | stock_bot.live.leader_runner:run_leader:138 - leader market_flow prefetch scheduled: mon-fri 08:30 (pykrx KRX × 어제 r, 20d top-N)
2026-10-04 20:31:34.791 | INFO     | stock_bot.live.leader_runner:run_leader:208 - leader avgval prefetch scheduled: mon-fri 02:00 (시총≥1000억 전수(매경캐시, 다움교집합없음) → KIS KRX 순차 + 업종 캐시 이어서)
2026-10-04 20:31:34.794 | INFO     | stock_bot.live.leader_runner:run_leader:268 - leader theme prefetch scheduled: mon-fri 09:05 (네이버 테마 263개 구성종목 → 디스크 캐시)
2026-10-04 20:31:34.796 | INFO     | stock_bot.live.leader_runner:run_leader:328 - leader 캐시 부팅 백필 예약: 기동 +20초 (장중이면 자동 스킵)
2026-10-04 20:31:34.797 | INFO     | stock_bot.live.leader_runner:run_leader:335 - leader market_flow 부팅 직후 백필 1회 실행 (최근 5영업일 강제 덮어쓰기)
2026-10-04 20:31:34.800 | INFO     | stock_bot.live.leader_runner:run_leader:470 - leader pick scheduled: mon-fri 9:30:00 → 10min retry until 13:00 (theme mode)
2026-10-04 20:31:34.802 | INFO     | stock_bot.live.leader_runner:run_leader:643 - leader reval scheduled: mon-fri 9-13 every minute (gated by interval; switch OFF = record only)
2026-10-04 20:31:34.804 | INFO     | stock_bot.live.leader_runner:run_leader:667 - leader trade scheduled: mon-fri 9-15 every minute (enabled=True)
2026-10-04 20:31:34.807 | INFO     | stock_bot.live.leader_runner:run_leader:694 - leader exit-fast scheduled: mon-fri 9-15 every 5s (holding 시 stop/tp 체크, priority gate)
2026-10-04 20:31:34.809 | INFO     | stock_bot.live.leader_runner:run_leader:729 - leader review scheduled: mon-fri 15:40 (enabled=True, llm_min_trades=5)
2026-10-04 20:31:54.855 | INFO     | stock_bot.live.leader_runner:_leader_boot_cache_backfill:307 - leader 캐시 부팅 백필 스킵: avgval(오늘자) 0건 · 업종 1360건
2026-10-04 20:48:33.005 | INFO     | stock_bot.live.runner:_start_env_watcher:1963 - env watcher started (1s poll, scope=대장주봇)
2026-10-04 20:48:34.202 | INFO     | stock_bot.live.leader_runner:run_leader:94 - leader runner started (trade_enabled=True, budget=50,000,000)
2026-10-04 20:48:34.205 | INFO     | stock_bot.live.leader_runner:run_leader:138 - leader market_flow prefetch scheduled: mon-fri 08:30 (pykrx KRX × 어제 r, 20d top-N)
2026-10-04 20:48:34.208 | INFO     | stock_bot.live.leader_runner:run_leader:208 - leader avgval prefetch scheduled: mon-fri 02:00 (시총≥1000억 전수(매경캐시, 다움교집합없음) → KIS KRX 순차 + 업종 캐시 이어서)
2026-10-04 20:48:34.211 | INFO     | stock_bot.live.leader_runner:run_leader:268 - leader theme prefetch scheduled: mon-fri 09:05 (네이버 테마 263개 구성종목 → 디스크 캐시)
2026-10-04 20:48:34.213 | INFO     | stock_bot.live.leader_runner:run_leader:328 - leader 캐시 부팅 백필 예약: 기동 +20초 (장중이면 자동 스킵)
2026-10-04 20:48:34.214 | INFO     | stock_bot.live.leader_runner:run_leader:335 - leader market_flow 부팅 직후 백필 1회 실행 (최근 5영업일 강제 덮어쓰기)
2026-10-04 20:48:34.216 | INFO     | stock_bot.live.leader_runner:run_leader:470 - leader pick scheduled: mon-fri 9:30:00 → 10min retry until 13:00 (theme mode)
2026-10-04 20:48:34.218 | INFO     | stock_bot.live.leader_runner:run_leader:643 - leader reval scheduled: mon-fri 9-13 every minute (gated by interval; switch OFF = record only)
2026-10-04 20:48:34.221 | INFO     | stock_bot.live.leader_runner:run_leader:667 - leader trade scheduled: mon-fri 9-15 every minute (enabled=True)
2026-10-04 20:48:34.223 | INFO     | stock_bot.live.leader_runner:run_leader:694 - leader exit-fast scheduled: mon-fri 9-15 every 5s (holding 시 stop/tp 체크, priority gate)
2026-10-04 20:48:34.225 | INFO     | stock_bot.live.leader_runner:run_leader:729 - leader review scheduled: mon-fri 15:40 (enabled=True, llm_min_trades=5)
2026-10-04 20:48:54.251 | INFO     | stock_bot.live.leader_runner:_leader_boot_cache_backfill:307 - leader 캐시 부팅 백필 스킵: avgval(오늘자) 0건 · 업종 1360건
2026-10-04 20:53:34.129 | INFO     | stock_bot.live.runner:_start_env_watcher:1963 - env watcher started (1s poll, scope=대장주봇)
2026-10-04 20:53:35.193 | INFO     | stock_bot.live.leader_runner:run_leader:94 - leader runner started (trade_enabled=True, budget=50,000,000)
2026-10-04 20:53:35.196 | INFO     | stock_bot.live.leader_runner:run_leader:138 - leader market_flow prefetch scheduled: mon-fri 08:30 (pykrx KRX × 어제 r, 20d top-N)
2026-10-04 20:53:35.199 | INFO     | stock_bot.live.leader_runner:run_leader:208 - leader avgval prefetch scheduled: mon-fri 02:00 (시총≥1000억 전수(매경캐시, 다움교집합없음) → KIS KRX 순차 + 업종 캐시 이어서)
2026-10-04 20:53:35.201 | INFO     | stock_bot.live.leader_runner:run_leader:268 - leader theme prefetch scheduled: mon-fri 09:05 (네이버 테마 263개 구성종목 → 디스크 캐시)
2026-10-04 20:53:35.203 | INFO     | stock_bot.live.leader_runner:run_leader:328 - leader 캐시 부팅 백필 예약: 기동 +20초 (장중이면 자동 스킵)
2026-10-04 20:53:35.204 | INFO     | stock_bot.live.leader_runner:run_leader:335 - leader market_flow 부팅 직후 백필 1회 실행 (최근 5영업일 강제 덮어쓰기)
2026-10-04 20:53:35.206 | INFO     | stock_bot.live.leader_runner:run_leader:470 - leader pick scheduled: mon-fri 9:30:00 → 10min retry until 13:00 (theme mode)
2026-10-04 20:53:35.208 | INFO     | stock_bot.live.leader_runner:run_leader:643 - leader reval scheduled: mon-fri 9-13 every minute (gated by interval; switch OFF = record only)
2026-10-04 20:53:35.210 | INFO     | stock_bot.live.leader_runner:run_leader:667 - leader trade scheduled: mon-fri 9-15 every minute (enabled=True)
2026-10-04 20:53:35.212 | INFO     | stock_bot.live.leader_runner:run_leader:694 - leader exit-fast scheduled: mon-fri 9-15 every 5s (holding 시 stop/tp 체크, priority gate)
2026-10-04 20:53:35.213 | INFO     | stock_bot.live.leader_runner:run_leader:729 - leader review scheduled: mon-fri 15:40 (enabled=True, llm_min_trades=5)
2026-10-04 20:53:55.242 | INFO     | stock_bot.live.leader_runner:_leader_boot_cache_backfill:307 - leader 캐시 부팅 백필 스킵: avgval(오늘자) 0건 · 업종 1360건
2026-10-04 20:54:49.043 | INFO     | stock_bot.live.runner:_start_env_watcher:1963 - env watcher started (1s poll, scope=대장주봇)
2026-10-04 20:54:49.935 | INFO     | stock_bot.live.leader_runner:run_leader:94 - leader runner started (trade_enabled=True, budget=50,000,000)
2026-10-04 20:54:49.938 | INFO     | stock_bot.live.leader_runner:run_leader:138 - leader market_flow prefetch scheduled: mon-fri 08:30 (pykrx KRX × 어제 r, 20d top-N)
2026-10-04 20:54:49.941 | INFO     | stock_bot.live.leader_runner:run_leader:208 - leader avgval prefetch scheduled: mon-fri 02:00 (시총≥1000억 전수(매경캐시, 다움교집합없음) → KIS KRX 순차 + 업종 캐시 이어서)
2026-10-04 20:54:49.943 | INFO     | stock_bot.live.leader_runner:run_leader:268 - leader theme prefetch scheduled: mon-fri 09:05 (네이버 테마 263개 구성종목 → 디스크 캐시)
2026-10-04 20:54:49.945 | INFO     | stock_bot.live.leader_runner:run_leader:328 - leader 캐시 부팅 백필 예약: 기동 +20초 (장중이면 자동 스킵)
2026-10-04 20:54:49.946 | INFO     | stock_bot.live.leader_runner:run_leader:335 - leader market_flow 부팅 직후 백필 1회 실행 (최근 5영업일 강제 덮어쓰기)
2026-10-04 20:54:49.948 | INFO     | stock_bot.live.leader_runner:run_leader:470 - leader pick scheduled: mon-fri 9:30:00 → 10min retry until 13:00 (theme mode)
2026-10-04 20:54:49.951 | INFO     | stock_bot.live.leader_runner:run_leader:643 - leader reval scheduled: mon-fri 9-13 every minute (gated by interval; switch OFF = record only)
2026-10-04 20:54:49.953 | INFO     | stock_bot.live.leader_runner:run_leader:667 - leader trade scheduled: mon-fri 9-15 every minute (enabled=True)
2026-10-04 20:54:49.955 | INFO     | stock_bot.live.leader_runner:run_leader:694 - leader exit-fast scheduled: mon-fri 9-15 every 5s (holding 시 stop/tp 체크, priority gate)
2026-10-04 20:54:49.957 | INFO     | stock_bot.live.leader_runner:run_leader:729 - leader review scheduled: mon-fri 15:40 (enabled=True, llm_min_trades=5)
2026-10-04 20:55:10.010 | INFO     | stock_bot.live.leader_runner:_leader_boot_cache_backfill:307 - leader 캐시 부팅 백필 스킵: avgval(오늘자) 0건 · 업종 1360건
2026-10-04 21:00:35.415 | INFO     | stock_bot.live.runner:_start_env_watcher:1963 - env watcher started (1s poll, scope=대장주봇)
2026-10-04 21:00:36.370 | INFO     | stock_bot.live.leader_runner:run_leader:94 - leader runner started (trade_enabled=True, budget=50,000,000)
2026-10-04 21:00:36.373 | INFO     | stock_bot.live.leader_runner:run_leader:138 - leader market_flow prefetch scheduled: mon-fri 08:30 (pykrx KRX × 어제 r, 20d top-N)
2026-10-04 21:00:36.375 | INFO     | stock_bot.live.leader_runner:run_leader:208 - leader avgval prefetch scheduled: mon-fri 02:00 (시총≥1000억 전수(매경캐시, 다움교집합없음) → KIS KRX 순차 + 업종 캐시 이어서)
2026-10-04 21:00:36.377 | INFO     | stock_bot.live.leader_runner:run_leader:268 - leader theme prefetch scheduled: mon-fri 09:05 (네이버 테마 263개 구성종목 → 디스크 캐시)
2026-10-04 21:00:36.378 | INFO     | stock_bot.live.leader_runner:run_leader:328 - leader 캐시 부팅 백필 예약: 기동 +20초 (장중이면 자동 스킵)
2026-10-04 21:00:36.379 | INFO     | stock_bot.live.leader_runner:run_leader:335 - leader market_flow 부팅 직후 백필 1회 실행 (최근 5영업일 강제 덮어쓰기)
2026-10-04 21:00:36.381 | INFO     | stock_bot.live.leader_runner:run_leader:470 - leader pick scheduled: mon-fri 9:30:00 → 10min retry until 13:00 (theme mode)
2026-10-04 21:00:36.383 | INFO     | stock_bot.live.leader_runner:run_leader:643 - leader reval scheduled: mon-fri 9-13 every minute (gated by interval; switch OFF = record only)
2026-10-04 21:00:36.385 | INFO     | stock_bot.live.leader_runner:run_leader:667 - leader trade scheduled: mon-fri 9-15 every minute (enabled=True)
2026-10-04 21:00:36.387 | INFO     | stock_bot.live.leader_runner:run_leader:694 - leader exit-fast scheduled: mon-fri 9-15 every 5s (holding 시 stop/tp 체크, priority gate)
2026-10-04 21:00:36.389 | INFO     | stock_bot.live.leader_runner:run_leader:729 - leader review scheduled: mon-fri 15:40 (enabled=True, llm_min_trades=5)
2026-10-04 21:00:56.420 | INFO     | stock_bot.live.leader_runner:_leader_boot_cache_backfill:307 - leader 캐시 부팅 백필 스킵: avgval(오늘자) 0건 · 업종 1360건
2026-10-04 21:06:36.906 | INFO     | stock_bot.live.runner:_start_env_watcher:1963 - env watcher started (1s poll, scope=대장주봇)
2026-10-04 21:06:37.975 | INFO     | stock_bot.live.leader_runner:run_leader:94 - leader runner started (trade_enabled=True, budget=50,000,000)
2026-10-04 21:06:37.978 | INFO     | stock_bot.live.leader_runner:run_leader:138 - leader market_flow prefetch scheduled: mon-fri 08:30 (pykrx KRX × 어제 r, 20d top-N)
2026-10-04 21:06:37.981 | INFO     | stock_bot.live.leader_runner:run_leader:208 - leader avgval prefetch scheduled: mon-fri 02:00 (시총≥1000억 전수(매경캐시, 다움교집합없음) → KIS KRX 순차 + 업종 캐시 이어서)
2026-10-04 21:06:37.983 | INFO     | stock_bot.live.leader_runner:run_leader:268 - leader theme prefetch scheduled: mon-fri 09:05 (네이버 테마 263개 구성종목 → 디스크 캐시)
2026-10-04 21:06:37.984 | INFO     | stock_bot.live.leader_runner:run_leader:328 - leader 캐시 부팅 백필 예약: 기동 +20초 (장중이면 자동 스킵)
2026-10-04 21:06:37.985 | INFO     | stock_bot.live.leader_runner:run_leader:335 - leader market_flow 부팅 직후 백필 1회 실행 (최근 5영업일 강제 덮어쓰기)
2026-10-04 21:06:37.987 | INFO     | stock_bot.live.leader_runner:run_leader:470 - leader pick scheduled: mon-fri 9:30:00 → 10min retry until 13:00 (theme mode)
2026-10-04 21:06:37.989 | INFO     | stock_bot.live.leader_runner:run_leader:643 - leader reval scheduled: mon-fri 9-13 every minute (gated by interval; switch OFF = record only)
2026-10-04 21:06:37.992 | INFO     | stock_bot.live.leader_runner:run_leader:667 - leader trade scheduled: mon-fri 9-15 every minute (enabled=True)
2026-10-04 21:06:37.994 | INFO     | stock_bot.live.leader_runner:run_leader:694 - leader exit-fast scheduled: mon-fri 9-15 every 5s (holding 시 stop/tp 체크, priority gate)
2026-10-04 21:06:37.996 | INFO     | stock_bot.live.leader_runner:run_leader:729 - leader review scheduled: mon-fri 15:40 (enabled=True, llm_min_trades=5)
2026-10-04 21:06:58.037 | INFO     | stock_bot.live.leader_runner:_leader_boot_cache_backfill:307 - leader 캐시 부팅 백필 스킵: avgval(오늘자) 0건 · 업종 1360건
2026-10-04 22:09:33.833 | INFO     | stock_bot.live.runner:_start_env_watcher:1963 - env watcher started (1s poll, scope=대장주봇)
2026-10-04 22:09:34.871 | INFO     | stock_bot.live.leader_runner:run_leader:94 - leader runner started (trade_enabled=True, budget=50,000,000)
2026-10-04 22:09:34.874 | INFO     | stock_bot.live.leader_runner:run_leader:138 - leader market_flow prefetch scheduled: mon-fri 08:30 (pykrx KRX × 어제 r, 20d top-N)
2026-10-04 22:09:34.877 | INFO     | stock_bot.live.leader_runner:run_leader:208 - leader avgval prefetch scheduled: mon-fri 02:00 (시총≥1000억 전수(매경캐시, 다움교집합없음) → KIS KRX 순차 + 업종 캐시 이어서)
2026-10-04 22:09:34.879 | INFO     | stock_bot.live.leader_runner:run_leader:268 - leader theme prefetch scheduled: mon-fri 09:05 (네이버 테마 263개 구성종목 → 디스크 캐시)
2026-10-04 22:09:34.881 | INFO     | stock_bot.live.leader_runner:run_leader:328 - leader 캐시 부팅 백필 예약: 기동 +20초 (장중이면 자동 스킵)
2026-10-04 22:09:34.881 | INFO     | stock_bot.live.leader_runner:run_leader:335 - leader market_flow 부팅 직후 백필 1회 실행 (최근 5영업일 강제 덮어쓰기)
2026-10-04 22:09:34.883 | INFO     | stock_bot.live.leader_runner:run_leader:470 - leader pick scheduled: mon-fri 9:30:00 → 10min retry until 13:00 (theme mode)
2026-10-04 22:09:34.885 | INFO     | stock_bot.live.leader_runner:run_leader:643 - leader reval scheduled: mon-fri 9-13 every minute (gated by interval; switch OFF = record only)
2026-10-04 22:09:34.887 | INFO     | stock_bot.live.leader_runner:run_leader:667 - leader trade scheduled: mon-fri 9-15 every minute (enabled=True)
2026-10-04 22:09:34.889 | INFO     | stock_bot.live.leader_runner:run_leader:694 - leader exit-fast scheduled: mon-fri 9-15 every 5s (holding 시 stop/tp 체크, priority gate)
2026-10-04 22:09:34.890 | INFO     | stock_bot.live.leader_runner:run_leader:729 - leader review scheduled: mon-fri 15:40 (enabled=True, llm_min_trades=5)
2026-10-04 22:09:54.947 | INFO     | stock_bot.live.leader_runner:_leader_boot_cache_backfill:307 - leader 캐시 부팅 백필 스킵: avgval(오늘자) 0건 · 업종 1360건
2026-10-04 22:43:34.308 | INFO     | stock_bot.live.runner:_start_env_watcher:1963 - env watcher started (1s poll, scope=대장주봇)
2026-10-04 22:43:35.504 | INFO     | stock_bot.live.leader_runner:run_leader:94 - leader runner started (trade_enabled=True, budget=50,000,000)
2026-10-04 22:43:35.509 | INFO     | stock_bot.live.leader_runner:run_leader:138 - leader market_flow prefetch scheduled: mon-fri 08:30 (pykrx KRX × 어제 r, 20d top-N)
2026-10-04 22:43:35.511 | INFO     | stock_bot.live.leader_runner:run_leader:208 - leader avgval prefetch scheduled: mon-fri 02:00 (시총≥1000억 전수(매경캐시, 다움교집합없음) → KIS KRX 순차 + 업종 캐시 이어서)
2026-10-04 22:43:35.514 | INFO     | stock_bot.live.leader_runner:run_leader:268 - leader theme prefetch scheduled: mon-fri 09:05 (네이버 테마 263개 구성종목 → 디스크 캐시)
2026-10-04 22:43:35.516 | INFO     | stock_bot.live.leader_runner:run_leader:328 - leader 캐시 부팅 백필 예약: 기동 +20초 (장중이면 자동 스킵)
2026-10-04 22:43:35.517 | INFO     | stock_bot.live.leader_runner:run_leader:335 - leader market_flow 부팅 직후 백필 1회 실행 (최근 5영업일 강제 덮어쓰기)
2026-10-04 22:43:35.520 | INFO     | stock_bot.live.leader_runner:run_leader:470 - leader pick scheduled: mon-fri 9:30:00 → 10min retry until 13:00 (theme mode)
2026-10-04 22:43:35.522 | INFO     | stock_bot.live.leader_runner:run_leader:643 - leader reval scheduled: mon-fri 9-13 every minute (gated by interval; switch OFF = record only)
2026-10-04 22:43:35.524 | INFO     | stock_bot.live.leader_runner:run_leader:667 - leader trade scheduled: mon-fri 9-15 every minute (enabled=True)
2026-10-04 22:43:35.526 | INFO     | stock_bot.live.leader_runner:run_leader:694 - leader exit-fast scheduled: mon-fri 9-15 every 5s (holding 시 stop/tp 체크, priority gate)
2026-10-04 22:43:35.529 | INFO     | stock_bot.live.leader_runner:run_leader:729 - leader review scheduled: mon-fri 15:40 (enabled=True, llm_min_trades=5)
2026-10-04 22:43:55.586 | INFO     | stock_bot.live.leader_runner:_leader_boot_cache_backfill:307 - leader 캐시 부팅 백필 스킵: avgval(오늘자) 0건 · 업종 1360건
