2026-10-07 08:51:06.644 | INFO     | stock_bot.live.runner:_is_trading_day:671 - 거래일 판정 2026-10-07 → 거래일 (출처: exchange_calendars)
2026-10-07 08:51:06.956 | INFO     | stock_bot.swing.live:_recover_positions:173 - 보유 복구 041830 MEANREV 100주 @57,425 손절 45,940 익절 64,316 (진입 20260916) 규칙 stop15/tp0/trail0>0/t20/ma0
2026-10-07 08:51:06.958 | INFO     | stock_bot.swing.live:_recover_positions:173 - 보유 복구 004800 VALUE_PURE 64주 @155,423 손절 124,338 익절 174,074 (진입 20260916) 규칙 stop20/tp0/trail0>0/t30/ma0
2026-10-07 08:51:06.959 | INFO     | stock_bot.swing.live:_recover_positions:173 - 보유 복구 078930 MEANREV 86주 @115,130 손절 92,104 익절 128,946 (진입 20260917) 규칙 stop15/tp0/trail0>0/t20/ma0
2026-10-07 08:51:06.960 | INFO     | stock_bot.swing.live:_recover_positions:173 - 보유 복구 001450 FLOW_FORGN 198주 @50,709 손절 40,567 익절 56,794 (진입 20260917) 규칙 stop15/tp0/trail0>0/t20/ma0
2026-10-07 08:51:06.961 | INFO     | stock_bot.swing.live:_recover_positions:173 - 보유 복구 051160 FLOW_FORGN 406주 @12,313 손절 9,850 익절 14,160 (진입 20260921) 규칙 stop15/tp0/trail0>0/t20/ma0
2026-10-07 08:51:06.963 | INFO     | stock_bot.swing.live:_recover_positions:173 - 보유 복구 332570 FLOW_BOTH 548주 @9,119 손절 7,295 익절 없음 (진입 20260921) 규칙 stop20/tp0/trail0>0/t30/ma0
2026-10-07 08:51:06.964 | INFO     | stock_bot.swing.live:_recover_positions:173 - 보유 복구 096530 FLOW_BOTH 144주 @34,495 손절 27,596 익절 없음 (진입 20260921) 규칙 stop20/tp0/trail0>0/t30/ma0
2026-10-07 08:51:06.965 | INFO     | stock_bot.swing.live:_recover_positions:173 - 보유 복구 024840 MOMENTUM 727주 @6,781 손절 5,425 익절 없음 (진입 20260922) 규칙 stop15/tp0/trail0>0/t20/ma0
2026-10-07 08:51:06.966 | INFO     | stock_bot.swing.live:_recover_positions:173 - 보유 복구 092870 FLOW_FORGN 93주 @53,396 손절 45,387 익절 없음 (진입 20261006) 규칙 stop15/tp0/trail0>0/t20/ma0
2026-10-07 08:51:06.967 | INFO     | stock_bot.swing.live:_recover_positions:173 - 보유 복구 036540 MOMENTUM 406주 @12,298 손절 10,453 익절 없음 (진입 20261006) 규칙 stop15/tp0/trail0>0/t20/ma0
2026-10-07 08:51:07.075 | INFO     | stock_bot.swing.live:_load_watchlist:216 - 감시 리스트 20261006 적재: 후보 12 → 감시 11 (슬롯 30) 상위: 033640 66, 253590 65, 066570 64, 006400 62, 030530 60
2026-10-07 08:51:07.077 | INFO     | stock_bot.swing.live:_load_watchlist:219 - 우선 등급 9종목 (종합≥80 없음 → 순위 1~10): 066570 64, 006400 62, 030530 60, 033640 66, 253590 65, 010120 59, 003490 56, 232140 56, 144960 58
2026-10-07 08:51:07.149 | INFO     | stock_bot.swing.live:prepare:129 - 진입 규칙: 창 093000~151500 종합점수 하한 60 모음 창 20초 하루 상한 3 · 우선 등급 종합≥80(없으면 순위 1~10) 즉시 9종목 · 일반 등급 다음 1봉 유지 확인, 하루 1건 · 오늘 체결 0 (일반 0)
2026-10-07 08:51:07.151 | INFO     | stock_bot.swing.live:prepare:136 - 20261007 준비: 보유 10 신규감시 11 (wl=20261006) 레짐=True mult=1.0
2026-10-07 08:51:07.153 | INFO     | stock_bot.swing.live:run:956 - WS 시작 — 구독 21종목 (보유 10 감시 11) 봉 180초 저장봉 60초
2026-10-07 08:51:07.964 | INFO     | stock_bot.broker.kis_ws:_session:360 - ws 접속 ws://ops.koreainvestment.com:31000 (21종목)
2026-10-07 08:51:08.406 | INFO     | stock_bot.broker.kis_ws:_register:265 - 등록 21/21건
2026-10-07 08:54:08.201 | INFO     | stock_bot.swing.live:_eod_timer:914 - 0854 WS 연결 등록 21/21 틱 0 (마지막 없음) · 감시 11 (틱수신 0 · 확정봉 0) 보유 10 신규 0/3 (일반 0/1) 대기 0 확인중 0 진입가능=시간전 미트리거 사유: -
2026-10-07 08:57:08.276 | INFO     | stock_bot.swing.live:_eod_timer:914 - 0857 WS 연결 등록 21/21 틱 0 (마지막 없음) · 감시 11 (틱수신 0 · 확정봉 0) 보유 10 신규 0/3 (일반 0/1) 대기 0 확인중 0 진입가능=시간전 미트리거 사유: -
2026-10-07 09:00:01.079 | INFO     | stock_bot.swing.live:on_tick:253 - 첫 틱 수신 001450 @46,900 — WS 데이터 흐름 시작
2026-10-07 09:00:02.015 | WARNING  | stock_bot.broker.kis_ws:run:342 - 연결 끊김(1회차): ConnectionClosedError no close frame received or sent — 접속 유지 534초, 1초 후 재접속
2026-10-07 09:00:02.016 | WARNING  | stock_bot.swing.live:on_gap:303 - WS 끊김 — 재접속 먼저, REST 백필 21종목은 백그라운드
2026-10-07 09:00:03.384 | INFO     | stock_bot.broker.kis_ws:_session:360 - ws 접속 ws://ops.koreainvestment.com:31000 (21종목)
2026-10-07 09:00:03.669 | INFO     | stock_bot.broker.kis_ws:_register:265 - 등록 21/21건
2026-10-07 09:00:03.719 | INFO     | stock_bot.swing.live:on_tick:258 - WS 복구 — 틱 공백 2초
2026-10-07 09:00:08.427 | INFO     | stock_bot.swing.live:_eod_timer:914 - 0900 WS 연결 등록 21/21 재연결 1회 틱 62 (마지막 0초전) · 감시 11 (틱수신 3 · 확정봉 0) 보유 10 신규 0/3 (일반 0/1) 대기 0 확인중 0 진입가능=시간전 미트리거 사유: -
2026-10-07 09:02:40.397 | INFO     | stock_bot.swing.live:_backfill:337 - REST 백필 완료 21/21종목 (실패 0) — 틱 공백 2초 · 세션 고저 갱신
2026-10-07 09:03:00.916 | INFO     | stock_bot.swing.live:_note:459 - 트리거 감지 253590 MOMENTUM 유지 @16,370 → 미진입: 시간전
2026-10-07 09:03:08.910 | INFO     | stock_bot.swing.live:_eod_timer:914 - 0903 WS 연결 등록 21/21 재연결 1회 틱 5,168 (마지막 0초전) · 감시 11 (틱수신 11 · 확정봉 11) 보유 10 신규 0/3 (일반 0/1) 대기 0 확인중 0 진입가능=시간전 미트리거 사유: 전일종가하회 7, VWAP하회 2, 미눌림 1, 유지 1
2026-10-07 09:06:09.487 | INFO     | stock_bot.swing.live:_eod_timer:914 - 0906 WS 연결 등록 21/21 재연결 1회 틱 9,683 (마지막 0초전) · 감시 11 (틱수신 11 · 확정봉 22) 보유 10 신규 0/3 (일반 0/1) 대기 0 확인중 0 진입가능=시간전 미트리거 사유: 전일종가하회 8, 미눌림 1, VWAP하회 1, 유지 1
2026-10-07 09:09:09.972 | INFO     | stock_bot.swing.live:_eod_timer:914 - 0909 WS 연결 등록 21/21 재연결 1회 틱 13,200 (마지막 0초전) · 감시 11 (틱수신 11 · 확정봉 33) 보유 10 신규 0/3 (일반 0/1) 대기 0 확인중 0 진입가능=시간전 미트리거 사유: 전일종가하회 9, 미눌림 1, VWAP하회 1
2026-10-07 09:12:00.343 | INFO     | stock_bot.swing.live:_note:459 - 트리거 감지 010120 FLOW_FORGN 유지 @226,500 → 미진입: 시간전
2026-10-07 09:12:10.701 | INFO     | stock_bot.swing.live:_eod_timer:914 - 0912 WS 연결 등록 21/21 재연결 1회 틱 16,788 (마지막 0초전) · 감시 11 (틱수신 11 · 확정봉 44) 보유 10 신규 0/3 (일반 0/1) 대기 0 확인중 0 진입가능=시간전 미트리거 사유: 전일종가하회 9, 미눌림 1, 유지 1
2026-10-07 09:15:12.038 | INFO     | stock_bot.swing.live:_eod_timer:914 - 0915 WS 연결 등록 21/21 재연결 1회 틱 20,610 (마지막 0초전) · 감시 11 (틱수신 11 · 확정봉 55) 보유 10 신규 0/3 (일반 0/1) 대기 0 확인중 0 진입가능=시간전 미트리거 사유: 전일종가하회 9, 미눌림 1, VWAP하회 1
2026-10-07 09:18:12.520 | INFO     | stock_bot.swing.live:_eod_timer:914 - 0918 WS 연결 등록 21/21 재연결 1회 틱 23,938 (마지막 0초전) · 감시 11 (틱수신 11 · 확정봉 66) 보유 10 신규 0/3 (일반 0/1) 대기 0 확인중 0 진입가능=시간전 미트리거 사유: 전일종가하회 9, 음봉 1, 저점근접 1
2026-10-07 09:21:13.001 | INFO     | stock_bot.swing.live:_eod_timer:914 - 0921 WS 연결 등록 21/21 재연결 1회 틱 27,524 (마지막 0초전) · 감시 11 (틱수신 11 · 확정봉 77) 보유 10 신규 0/3 (일반 0/1) 대기 0 확인중 0 진입가능=시간전 미트리거 사유: 전일종가하회 9, 음봉 1, 저점근접 1
2026-10-07 09:24:13.813 | INFO     | stock_bot.swing.live:_eod_timer:914 - 0924 WS 연결 등록 21/21 재연결 1회 틱 30,594 (마지막 0초전) · 감시 11 (틱수신 11 · 확정봉 88) 보유 10 신규 0/3 (일반 0/1) 대기 0 확인중 0 진입가능=시간전 미트리거 사유: 전일종가하회 9, 음봉 1, VWAP하회 1
2026-10-07 09:27:14.381 | INFO     | stock_bot.swing.live:_eod_timer:914 - 0927 WS 연결 등록 21/21 재연결 1회 틱 33,271 (마지막 0초전) · 감시 11 (틱수신 11 · 확정봉 99) 보유 10 신규 0/3 (일반 0/1) 대기 0 확인중 0 진입가능=시간전 미트리거 사유: 전일종가하회 8, 음봉 1, 저점근접 1, 유지 1
2026-10-07 09:30:03.513 | INFO     | stock_bot.swing.live:_note:459 - 트리거 감지 253590 MOMENTUM 유지 @16,310 → 미진입: 슬롯 없음
2026-10-07 09:30:15.910 | INFO     | stock_bot.swing.live:_eod_timer:914 - 0930 WS 연결 등록 21/21 재연결 1회 틱 35,786 (마지막 0초전) · 감시 11 (틱수신 11 · 확정봉 110) 보유 10 신규 0/3 (일반 0/1) 대기 0 확인중 0 진입가능=슬롯 없음 미트리거 사유: 전일종가하회 9, 음봉 1, 유지 1
2026-10-07 09:33:16.722 | INFO     | stock_bot.swing.live:_eod_timer:914 - 0933 WS 연결 등록 21/21 재연결 1회 틱 38,379 (마지막 0초전) · 감시 11 (틱수신 11 · 확정봉 121) 보유 10 신규 0/3 (일반 0/1) 대기 0 확인중 0 진입가능=슬롯 없음 미트리거 사유: 전일종가하회 10, 음봉 1
2026-10-07 09:36:17.246 | INFO     | stock_bot.swing.live:_eod_timer:914 - 0936 WS 연결 등록 21/21 재연결 1회 틱 40,814 (마지막 0초전) · 감시 11 (틱수신 11 · 확정봉 132) 보유 10 신규 0/3 (일반 0/1) 대기 0 확인중 0 진입가능=슬롯 없음 미트리거 사유: 전일종가하회 10, 음봉 1
2026-10-07 09:39:18.157 | INFO     | stock_bot.swing.live:_eod_timer:914 - 0939 WS 연결 등록 21/21 재연결 1회 틱 43,137 (마지막 0초전) · 감시 11 (틱수신 11 · 확정봉 143) 보유 10 신규 0/3 (일반 0/1) 대기 0 확인중 0 진입가능=슬롯 없음 미트리거 사유: 전일종가하회 11
2026-10-07 09:42:18.705 | INFO     | stock_bot.swing.live:_eod_timer:914 - 0942 WS 연결 등록 21/21 재연결 1회 틱 45,590 (마지막 0초전) · 감시 11 (틱수신 11 · 확정봉 154) 보유 10 신규 0/3 (일반 0/1) 대기 0 확인중 0 진입가능=슬롯 없음 미트리거 사유: 전일종가하회 11
2026-10-07 09:45:21.529 | INFO     | stock_bot.swing.live:_eod_timer:914 - 0945 WS 연결 등록 21/21 재연결 1회 틱 47,983 (마지막 0초전) · 감시 11 (틱수신 11 · 확정봉 165) 보유 10 신규 0/3 (일반 0/1) 대기 0 확인중 0 진입가능=슬롯 없음 미트리거 사유: 전일종가하회 10, 음봉 1
2026-10-07 09:48:22.023 | INFO     | stock_bot.swing.live:_eod_timer:914 - 0948 WS 연결 등록 21/21 재연결 1회 틱 50,155 (마지막 0초전) · 감시 11 (틱수신 11 · 확정봉 176) 보유 10 신규 0/3 (일반 0/1) 대기 0 확인중 0 진입가능=슬롯 없음 미트리거 사유: 전일종가하회 11
2026-10-07 09:51:22.571 | INFO     | stock_bot.swing.live:_eod_timer:914 - 0951 WS 연결 등록 21/21 재연결 1회 틱 52,283 (마지막 0초전) · 감시 11 (틱수신 11 · 확정봉 187) 보유 10 신규 0/3 (일반 0/1) 대기 0 확인중 0 진입가능=슬롯 없음 미트리거 사유: 전일종가하회 11
2026-10-07 09:54:23.082 | INFO     | stock_bot.swing.live:_eod_timer:914 - 0954 WS 연결 등록 21/21 재연결 1회 틱 54,113 (마지막 0초전) · 감시 11 (틱수신 11 · 확정봉 198) 보유 10 신규 0/3 (일반 0/1) 대기 0 확인중 0 진입가능=슬롯 없음 미트리거 사유: 전일종가하회 10, 음봉 1
2026-10-07 09:57:24.333 | INFO     | stock_bot.swing.live:_eod_timer:914 - 0957 WS 연결 등록 21/21 재연결 1회 틱 56,211 (마지막 0초전) · 감시 11 (틱수신 11 · 확정봉 209) 보유 10 신규 0/3 (일반 0/1) 대기 0 확인중 0 진입가능=슬롯 없음 미트리거 사유: 전일종가하회 10, 음봉 1
2026-10-07 10:00:02.178 | WARNING  | stock_bot.broker.kis_ws:run:342 - 연결 끊김(2회차): ConnectionClosedError no close frame received or sent — 접속 유지 3599초, 1초 후 재접속
2026-10-07 10:00:02.186 | WARNING  | stock_bot.swing.live:on_gap:303 - WS 끊김 — 재접속 먼저, REST 백필 21종목은 백그라운드
2026-10-07 10:00:05.381 | INFO     | stock_bot.broker.kis_ws:_session:360 - ws 접속 ws://ops.koreainvestment.com:31000 (21종목)
2026-10-07 10:00:05.807 | INFO     | stock_bot.broker.kis_ws:_register:265 - 등록 21/21건
2026-10-07 10:00:06.079 | INFO     | stock_bot.swing.live:on_tick:258 - WS 복구 — 틱 공백 4초
2026-10-07 10:00:26.117 | INFO     | stock_bot.swing.live:_eod_timer:914 - 1000 WS 연결 등록 21/21 재연결 2회 틱 58,096 (마지막 0초전) · 감시 11 (틱수신 11 · 확정봉 220) 보유 10 신규 0/3 (일반 0/1) 대기 0 확인중 0 진입가능=슬롯 없음 미트리거 사유: 전일종가하회 10, 음봉 1
2026-10-07 10:01:14.340 | INFO     | stock_bot.swing.live:_backfill:337 - REST 백필 완료 21/21종목 (실패 0) — 틱 공백 4초 · 세션 고저 갱신
2026-10-07 10:03:27.355 | INFO     | stock_bot.swing.live:_eod_timer:914 - 1003 WS 연결 등록 21/21 재연결 2회 틱 60,060 (마지막 0초전) · 감시 11 (틱수신 11 · 확정봉 231) 보유 10 신규 0/3 (일반 0/1) 대기 0 확인중 0 진입가능=슬롯 없음 미트리거 사유: 전일종가하회 11
2026-10-07 10:06:27.837 | INFO     | stock_bot.swing.live:_eod_timer:914 - 1006 WS 연결 등록 21/21 재연결 2회 틱 61,959 (마지막 0초전) · 감시 11 (틱수신 11 · 확정봉 242) 보유 10 신규 0/3 (일반 0/1) 대기 0 확인중 0 진입가능=슬롯 없음 미트리거 사유: 전일종가하회 10, 유지 1
2026-10-07 10:09:30.468 | INFO     | stock_bot.swing.live:_eod_timer:914 - 1009 WS 연결 등록 21/21 재연결 2회 틱 63,939 (마지막 0초전) · 감시 11 (틱수신 11 · 확정봉 253) 보유 10 신규 0/3 (일반 0/1) 대기 0 확인중 0 진입가능=슬롯 없음 미트리거 사유: 전일종가하회 10, 유지 1
2026-10-07 10:12:32.556 | INFO     | stock_bot.swing.live:_eod_timer:914 - 1012 WS 연결 등록 21/21 재연결 2회 틱 66,012 (마지막 0초전) · 감시 11 (틱수신 11 · 확정봉 264) 보유 10 신규 0/3 (일반 0/1) 대기 0 확인중 0 진입가능=슬롯 없음 미트리거 사유: 전일종가하회 9, 음봉 1, 유지 1
2026-10-07 10:15:33.055 | INFO     | stock_bot.swing.live:_eod_timer:914 - 1015 WS 연결 등록 21/21 재연결 2회 틱 68,057 (마지막 0초전) · 감시 11 (틱수신 11 · 확정봉 275) 보유 10 신규 0/3 (일반 0/1) 대기 0 확인중 0 진입가능=슬롯 없음 미트리거 사유: 전일종가하회 9, 미눌림 1, 유지 1
2026-10-07 10:18:33.840 | INFO     | stock_bot.swing.live:_eod_timer:914 - 1018 WS 연결 등록 21/21 재연결 2회 틱 69,818 (마지막 0초전) · 감시 11 (틱수신 11 · 확정봉 286) 보유 10 신규 0/3 (일반 0/1) 대기 0 확인중 0 진입가능=슬롯 없음 미트리거 사유: 전일종가하회 9, 미눌림 1, 유지 1
2026-10-07 10:20:33.302 | INFO     | stock_bot.broker.kis:place_order:712 - order: sell 051160 406 -> 모의투자 매도주문이 완료 되었습니다.
2026-10-07 10:20:52.548 | INFO     | stock_bot.swing.orders:_place_market:211 - [paper] sell 051160 주문 0000015797 체결 406/406 @ 14,270
2026-10-07 10:20:52.554 | INFO     | stock_bot.swing.state:transition:57 - [paper] HOLDING → EXIT 051160 {'exit_reason': '익절', 'exit_px': 14270.0, 'note': 'trigger=유지 bar=0927 px=12310 x406 exit=stop20/tp15/trail8>0/t20/ma0 tier=priority score=72 | exit_odno=0000015797'}
2026-10-07 10:20:53.170 | INFO     | stock_bot.swing.live:_exit:676 - 청산 체결 051160 익절 406주 @14,270 (진입 12,313 · +15.89%) 잔여 보유 9
2026-10-07 10:20:54.362 | INFO     | stock_bot.broker.kis_ws:_apply_pending:247 - 해제 051160 rt=0 (20종목)
2026-10-07 10:21:01.359 | INFO     | stock_bot.swing.live:_maybe_enter:506 - 트리거 253590 MOMENTUM 유지 @16,280 종합 65 우선★ — 20초 모음 창 대기 (1건)
2026-10-07 10:21:22.114 | INFO     | stock_bot.swing.live:_flush_armed:522 - 진입 순서(우선 등급 → 종합점수순): 253590 65 우선★
2026-10-07 10:21:22.126 | INFO     | stock_bot.swing.live:_enter:543 - 진입 시도 253590 MOMENTUM 유지 @16,280 x307 종합 65 우선★
2026-10-07 10:21:22.133 | INFO     | stock_bot.swing.state:arm:46 - [paper] ARMED 253590 MOMENTUM trigger=유지 bar=1018 px=16280 x307 exit=stop15/tp0/trail0>0/t20/ma0 tier=priority score=65
2026-10-07 10:21:30.700 | INFO     | stock_bot.broker.kis:place_order:712 - order: buy 253590 307 -> 모의투자 매수주문이 완료 되었습니다.
2026-10-07 10:21:34.494 | INFO     | stock_bot.swing.live:_eod_timer:914 - 1021 WS 연결 등록 20/20 재연결 2회 틱 71,572 (마지막 0초전) · 감시 11 (틱수신 11 · 확정봉 297) 보유 9 신규 0/3 (일반 0/1) 대기 0 확인중 0 진입가능=슬롯 없음 미트리거 사유: 전일종가하회 9, 미눌림 1, 유지 1
2026-10-07 10:21:58.286 | INFO     | stock_bot.swing.orders:_place_market:211 - [paper] buy 253590 주문 0000015870 체결 307/307 @ 16,280
2026-10-07 10:21:58.293 | INFO     | stock_bot.swing.state:transition:57 - [paper] ARMED → ENTERED 253590 {'shares': 307, 'entry_px': 16280.0}
2026-10-07 10:21:58.296 | INFO     | stock_bot.swing.state:transition:57 - [paper] ENTERED → HOLDING 253590 {'shares': 307, 'entry_px': 16280.0}
2026-10-07 10:21:58.364 | INFO     | stock_bot.swing.live:_enter:611 - 진입 체결 253590 MOMENTUM 307주 @16,280 손절 13,838 익절 없음 규칙 stop15/tp0/trail0>0/t20/ma0 우선★ (신규 1/3 일반 0/1)
2026-10-07 10:22:14.613 | INFO     | stock_bot.live.manual_exit:claim:273 - 수동매도 집행 시작 096530 by=swing — 수동매도(전량)
2026-10-07 10:22:19.918 | INFO     | stock_bot.broker.kis:place_order:712 - order: sell 096530 144 -> 모의투자 매도주문이 완료 되었습니다.
2026-10-07 10:22:33.114 | INFO     | stock_bot.swing.orders:_place_market:211 - [paper] sell 096530 주문 0000015965 체결 144/144 @ 39,881
2026-10-07 10:22:33.118 | INFO     | stock_bot.swing.state:transition:57 - [paper] HOLDING → EXIT 096530 {'exit_reason': '수동매도(전량)', 'exit_px': 39881.0, 'note': 'trigger=유지 bar=0930 px=34500 x144 exit=stop20/tp0/trail8>0/t20/ma0 tier=priority score=72 | exit_odno=0000015965'}
2026-10-07 10:22:33.173 | INFO     | stock_bot.swing.live:_exit:676 - 청산 체결 096530 수동매도(전량) 144주 @39,881 (진입 34,495 · +15.61%) 잔여 보유 9
2026-10-07 10:22:33.598 | INFO     | stock_bot.broker.kis_ws:_apply_pending:247 - 해제 096530 rt=0 (19종목)
2026-10-07 10:24:00.303 | INFO     | stock_bot.swing.live:_maybe_enter:506 - 트리거 006400 FLOW_FORGN 유지 @573,000 종합 62 우선★ — 20초 모음 창 대기 (1건)
2026-10-07 10:24:20.779 | INFO     | stock_bot.swing.live:_flush_armed:522 - 진입 순서(우선 등급 → 종합점수순): 006400 62 우선★
2026-10-07 10:24:20.783 | INFO     | stock_bot.swing.live:_enter:543 - 진입 시도 006400 FLOW_FORGN 유지 @573,000 x8 종합 62 우선★
2026-10-07 10:24:20.787 | INFO     | stock_bot.swing.state:arm:46 - [paper] ARMED 006400 FLOW_FORGN trigger=유지 bar=1021 px=573000 x8 exit=stop15/tp0/trail0>0/t20/ma0 tier=priority score=62
2026-10-07 10:24:28.510 | INFO     | stock_bot.broker.kis:place_order:712 - order: buy 006400 8 -> 모의투자 매수주문이 완료 되었습니다.
2026-10-07 10:24:36.641 | INFO     | stock_bot.swing.orders:_place_market:211 - [paper] buy 006400 주문 0000016125 체결 8/8 @ 573,000
2026-10-07 10:24:36.692 | INFO     | stock_bot.swing.state:transition:57 - [paper] ARMED → ENTERED 006400 {'shares': 8, 'entry_px': 573000.0}
2026-10-07 10:24:36.695 | INFO     | stock_bot.swing.state:transition:57 - [paper] ENTERED → HOLDING 006400 {'shares': 8, 'entry_px': 573000.0}
2026-10-07 10:24:36.744 | INFO     | stock_bot.swing.live:_enter:611 - 진입 체결 006400 FLOW_FORGN 8주 @573,000 손절 487,050 익절 없음 규칙 stop15/tp0/trail0>0/t20/ma0 우선★ (신규 2/3 일반 0/1)
2026-10-07 10:24:38.940 | INFO     | stock_bot.swing.live:_eod_timer:914 - 1024 WS 연결 등록 19/19 재연결 2회 틱 73,307 (마지막 0초전) · 감시 9 (틱수신 9 · 확정봉 252) 보유 10 신규 2/3 (일반 0/1) 대기 0 확인중 0 진입가능=슬롯 없음 미트리거 사유: 전일종가하회 8, 미눌림 1
2026-10-07 10:27:39.473 | INFO     | stock_bot.swing.live:_eod_timer:914 - 1027 WS 연결 등록 19/19 재연결 2회 틱 75,188 (마지막 0초전) · 감시 9 (틱수신 9 · 확정봉 261) 보유 10 신규 2/3 (일반 0/1) 대기 0 확인중 0 진입가능=슬롯 없음 미트리거 사유: 전일종가하회 8, 미눌림 1
2026-10-07 10:30:40.069 | INFO     | stock_bot.swing.live:_eod_timer:914 - 1030 WS 연결 등록 19/19 재연결 2회 틱 76,817 (마지막 0초전) · 감시 9 (틱수신 9 · 확정봉 270) 보유 10 신규 2/3 (일반 0/1) 대기 0 확인중 0 진입가능=슬롯 없음 미트리거 사유: 전일종가하회 8, 음봉 1
2026-10-07 10:33:40.619 | INFO     | stock_bot.swing.live:_eod_timer:914 - 1033 WS 연결 등록 19/19 재연결 2회 틱 78,396 (마지막 0초전) · 감시 9 (틱수신 9 · 확정봉 279) 보유 10 신규 2/3 (일반 0/1) 대기 0 확인중 0 진입가능=슬롯 없음 미트리거 사유: 전일종가하회 9
2026-10-07 10:36:41.159 | INFO     | stock_bot.swing.live:_eod_timer:914 - 1036 WS 연결 등록 19/19 재연결 2회 틱 80,143 (마지막 0초전) · 감시 9 (틱수신 9 · 확정봉 288) 보유 10 신규 2/3 (일반 0/1) 대기 0 확인중 0 진입가능=슬롯 없음 미트리거 사유: 전일종가하회 8, 미눌림 1
2026-10-07 10:39:41.672 | INFO     | stock_bot.swing.live:_eod_timer:914 - 1039 WS 연결 등록 19/19 재연결 2회 틱 81,655 (마지막 0초전) · 감시 9 (틱수신 9 · 확정봉 297) 보유 10 신규 2/3 (일반 0/1) 대기 0 확인중 0 진입가능=슬롯 없음 미트리거 사유: 전일종가하회 8, 미눌림 1
2026-10-07 10:42:42.264 | INFO     | stock_bot.swing.live:_eod_timer:914 - 1042 WS 연결 등록 19/19 재연결 2회 틱 83,411 (마지막 0초전) · 감시 9 (틱수신 9 · 확정봉 306) 보유 10 신규 2/3 (일반 0/1) 대기 0 확인중 0 진입가능=슬롯 없음 미트리거 사유: 전일종가하회 8, 미눌림 1
2026-10-07 10:45:42.836 | INFO     | stock_bot.swing.live:_eod_timer:914 - 1045 WS 연결 등록 19/19 재연결 2회 틱 84,986 (마지막 0초전) · 감시 9 (틱수신 9 · 확정봉 315) 보유 10 신규 2/3 (일반 0/1) 대기 0 확인중 0 진입가능=슬롯 없음 미트리거 사유: 전일종가하회 8, 미눌림 1
2026-10-07 10:48:43.404 | INFO     | stock_bot.swing.live:_eod_timer:914 - 1048 WS 연결 등록 19/19 재연결 2회 틱 86,513 (마지막 0초전) · 감시 9 (틱수신 9 · 확정봉 324) 보유 10 신규 2/3 (일반 0/1) 대기 0 확인중 0 진입가능=슬롯 없음 미트리거 사유: 전일종가하회 8, 미눌림 1
2026-10-07 10:51:43.998 | INFO     | stock_bot.swing.live:_eod_timer:914 - 1051 WS 연결 등록 19/19 재연결 2회 틱 88,167 (마지막 0초전) · 감시 9 (틱수신 9 · 확정봉 333) 보유 10 신규 2/3 (일반 0/1) 대기 0 확인중 0 진입가능=슬롯 없음 미트리거 사유: 전일종가하회 8, 미눌림 1
2026-10-07 10:54:44.493 | INFO     | stock_bot.swing.live:_eod_timer:914 - 1054 WS 연결 등록 19/19 재연결 2회 틱 89,689 (마지막 0초전) · 감시 9 (틱수신 9 · 확정봉 342) 보유 10 신규 2/3 (일반 0/1) 대기 0 확인중 0 진입가능=슬롯 없음 미트리거 사유: 전일종가하회 8, 미눌림 1
2026-10-07 10:57:45.203 | INFO     | stock_bot.swing.live:_eod_timer:914 - 1057 WS 연결 등록 19/19 재연결 2회 틱 91,175 (마지막 0초전) · 감시 9 (틱수신 9 · 확정봉 351) 보유 10 신규 2/3 (일반 0/1) 대기 0 확인중 0 진입가능=슬롯 없음 미트리거 사유: 전일종가하회 8, 미눌림 1
2026-10-07 11:00:02.182 | WARNING  | stock_bot.broker.kis_ws:run:342 - 연결 끊김(3회차): ConnectionClosedError no close frame received or sent — 접속 유지 3599초, 1초 후 재접속
2026-10-07 11:00:02.188 | WARNING  | stock_bot.swing.live:on_gap:303 - WS 끊김 — 재접속 먼저, REST 백필 19종목은 백그라운드
2026-10-07 11:00:07.744 | INFO     | stock_bot.broker.kis_ws:_session:360 - ws 접속 ws://ops.koreainvestment.com:31000 (19종목)
2026-10-07 11:00:08.049 | INFO     | stock_bot.broker.kis_ws:_register:265 - 등록 19/19건
2026-10-07 11:00:08.112 | INFO     | stock_bot.swing.live:on_tick:258 - WS 복구 — 틱 공백 6초
2026-10-07 11:00:49.908 | INFO     | stock_bot.swing.live:_eod_timer:914 - 1100 WS 연결 등록 19/19 재연결 3회 틱 92,773 (마지막 0초전) · 감시 9 (틱수신 9 · 확정봉 360) 보유 10 신규 2/3 (일반 0/1) 대기 0 확인중 0 진입가능=슬롯 없음 미트리거 사유: 전일종가하회 8, 미눌림 1
2026-10-07 11:01:54.034 | INFO     | stock_bot.swing.live:_backfill:337 - REST 백필 완료 19/19종목 (실패 0) — 틱 공백 6초 · 세션 고저 갱신
2026-10-07 11:03:50.452 | INFO     | stock_bot.swing.live:_eod_timer:914 - 1103 WS 연결 등록 19/19 재연결 3회 틱 94,271 (마지막 0초전) · 감시 9 (틱수신 9 · 확정봉 369) 보유 10 신규 2/3 (일반 0/1) 대기 0 확인중 0 진입가능=슬롯 없음 미트리거 사유: 전일종가하회 8, 미눌림 1
2026-10-07 11:06:50.997 | INFO     | stock_bot.swing.live:_eod_timer:914 - 1106 WS 연결 등록 19/19 재연결 3회 틱 96,124 (마지막 0초전) · 감시 9 (틱수신 9 · 확정봉 378) 보유 10 신규 2/3 (일반 0/1) 대기 0 확인중 0 진입가능=슬롯 없음 미트리거 사유: 전일종가하회 8, 미눌림 1
2026-10-07 11:09:53.296 | INFO     | stock_bot.swing.live:_eod_timer:914 - 1109 WS 연결 등록 19/19 재연결 3회 틱 98,073 (마지막 0초전) · 감시 9 (틱수신 9 · 확정봉 387) 보유 10 신규 2/3 (일반 0/1) 대기 0 확인중 0 진입가능=슬롯 없음 미트리거 사유: 전일종가하회 8, 미눌림 1
2026-10-07 11:12:53.997 | INFO     | stock_bot.swing.live:_eod_timer:914 - 1112 WS 연결 등록 19/19 재연결 3회 틱 99,830 (마지막 0초전) · 감시 9 (틱수신 9 · 확정봉 396) 보유 10 신규 2/3 (일반 0/1) 대기 0 확인중 0 진입가능=슬롯 없음 미트리거 사유: 전일종가하회 8, 음봉 1
2026-10-07 11:15:54.968 | INFO     | stock_bot.swing.live:_eod_timer:914 - 1115 WS 연결 등록 19/19 재연결 3회 틱 101,520 (마지막 0초전) · 감시 9 (틱수신 9 · 확정봉 405) 보유 10 신규 2/3 (일반 0/1) 대기 0 확인중 0 진입가능=슬롯 없음 미트리거 사유: 전일종가하회 9
2026-10-07 11:18:57.610 | INFO     | stock_bot.swing.live:_eod_timer:914 - 1118 WS 연결 등록 19/19 재연결 3회 틱 103,150 (마지막 0초전) · 감시 9 (틱수신 9 · 확정봉 414) 보유 10 신규 2/3 (일반 0/1) 대기 0 확인중 0 진입가능=슬롯 없음 미트리거 사유: 전일종가하회 8, 미눌림 1
2026-10-07 11:22:00.017 | INFO     | stock_bot.swing.live:_eod_timer:914 - 1122 WS 연결 등록 19/19 재연결 3회 틱 104,938 (마지막 0초전) · 감시 9 (틱수신 9 · 확정봉 423) 보유 10 신규 2/3 (일반 0/1) 대기 0 확인중 0 진입가능=슬롯 없음 미트리거 사유: 전일종가하회 8, 미눌림 1
2026-10-07 11:25:00.547 | INFO     | stock_bot.swing.live:_eod_timer:914 - 1125 WS 연결 등록 19/19 재연결 3회 틱 106,520 (마지막 0초전) · 감시 9 (틱수신 9 · 확정봉 432) 보유 10 신규 2/3 (일반 0/1) 대기 0 확인중 0 진입가능=슬롯 없음 미트리거 사유: 전일종가하회 8, 미눌림 1
2026-10-07 11:28:01.513 | INFO     | stock_bot.swing.live:_eod_timer:914 - 1128 WS 연결 등록 19/19 재연결 3회 틱 108,132 (마지막 0초전) · 감시 9 (틱수신 9 · 확정봉 441) 보유 10 신규 2/3 (일반 0/1) 대기 0 확인중 0 진입가능=슬롯 없음 미트리거 사유: 전일종가하회 8, 미눌림 1
2026-10-07 11:31:02.090 | INFO     | stock_bot.swing.live:_eod_timer:914 - 1131 WS 연결 등록 19/19 재연결 3회 틱 109,810 (마지막 0초전) · 감시 9 (틱수신 9 · 확정봉 450) 보유 10 신규 2/3 (일반 0/1) 대기 0 확인중 0 진입가능=슬롯 없음 미트리거 사유: 전일종가하회 8, 미눌림 1
2026-10-07 11:34:02.606 | INFO     | stock_bot.swing.live:_eod_timer:914 - 1134 WS 연결 등록 19/19 재연결 3회 틱 111,345 (마지막 0초전) · 감시 9 (틱수신 9 · 확정봉 459) 보유 10 신규 2/3 (일반 0/1) 대기 0 확인중 0 진입가능=슬롯 없음 미트리거 사유: 전일종가하회 8, 미눌림 1
2026-10-07 11:37:04.523 | INFO     | stock_bot.swing.live:_eod_timer:914 - 1137 WS 연결 등록 19/19 재연결 3회 틱 112,865 (마지막 0초전) · 감시 9 (틱수신 9 · 확정봉 468) 보유 10 신규 2/3 (일반 0/1) 대기 0 확인중 0 진입가능=슬롯 없음 미트리거 사유: 전일종가하회 8, 미눌림 1
2026-10-07 11:40:05.096 | INFO     | stock_bot.swing.live:_eod_timer:914 - 1140 WS 연결 등록 19/19 재연결 3회 틱 114,390 (마지막 0초전) · 감시 9 (틱수신 9 · 확정봉 477) 보유 10 신규 2/3 (일반 0/1) 대기 0 확인중 0 진입가능=슬롯 없음 미트리거 사유: 전일종가하회 8, 미눌림 1
2026-10-07 11:43:05.678 | INFO     | stock_bot.swing.live:_eod_timer:914 - 1143 WS 연결 등록 19/19 재연결 3회 틱 115,883 (마지막 0초전) · 감시 9 (틱수신 9 · 확정봉 486) 보유 10 신규 2/3 (일반 0/1) 대기 0 확인중 0 진입가능=슬롯 없음 미트리거 사유: 전일종가하회 8, 미눌림 1
2026-10-07 11:46:07.096 | INFO     | stock_bot.swing.live:_eod_timer:914 - 1146 WS 연결 등록 19/19 재연결 3회 틱 117,280 (마지막 0초전) · 감시 9 (틱수신 9 · 확정봉 495) 보유 10 신규 2/3 (일반 0/1) 대기 0 확인중 0 진입가능=슬롯 없음 미트리거 사유: 전일종가하회 8, 미눌림 1
2026-10-07 11:49:08.520 | INFO     | stock_bot.swing.live:_eod_timer:914 - 1149 WS 연결 등록 19/19 재연결 3회 틱 118,620 (마지막 0초전) · 감시 9 (틱수신 9 · 확정봉 504) 보유 10 신규 2/3 (일반 0/1) 대기 0 확인중 0 진입가능=슬롯 없음 미트리거 사유: 전일종가하회 8, 미눌림 1
2026-10-07 11:52:09.156 | INFO     | stock_bot.swing.live:_eod_timer:914 - 1152 WS 연결 등록 19/19 재연결 3회 틱 119,990 (마지막 0초전) · 감시 9 (틱수신 9 · 확정봉 513) 보유 10 신규 2/3 (일반 0/1) 대기 0 확인중 0 진입가능=슬롯 없음 미트리거 사유: 전일종가하회 8, 미눌림 1
2026-10-07 11:55:09.727 | INFO     | stock_bot.swing.live:_eod_timer:914 - 1155 WS 연결 등록 19/19 재연결 3회 틱 121,180 (마지막 0초전) · 감시 9 (틱수신 9 · 확정봉 522) 보유 10 신규 2/3 (일반 0/1) 대기 0 확인중 0 진입가능=슬롯 없음 미트리거 사유: 전일종가하회 8, 미눌림 1
2026-10-07 11:58:10.273 | INFO     | stock_bot.swing.live:_eod_timer:914 - 1158 WS 연결 등록 19/19 재연결 3회 틱 122,499 (마지막 0초전) · 감시 9 (틱수신 9 · 확정봉 531) 보유 10 신규 2/3 (일반 0/1) 대기 0 확인중 0 진입가능=슬롯 없음 미트리거 사유: 전일종가하회 8, 미눌림 1
2026-10-07 12:00:02.247 | WARNING  | stock_bot.broker.kis_ws:run:342 - 연결 끊김(4회차): ConnectionClosedError no close frame received or sent — 접속 유지 3599초, 1초 후 재접속
2026-10-07 12:00:02.251 | WARNING  | stock_bot.swing.live:on_gap:303 - WS 끊김 — 재접속 먼저, REST 백필 19종목은 백그라운드
2026-10-07 12:00:08.030 | INFO     | stock_bot.broker.kis_ws:_session:360 - ws 접속 ws://ops.koreainvestment.com:31000 (19종목)
2026-10-07 12:00:08.312 | INFO     | stock_bot.broker.kis_ws:_register:265 - 등록 19/19건
2026-10-07 12:00:08.402 | INFO     | stock_bot.swing.live:on_tick:258 - WS 복구 — 틱 공백 6초
2026-10-07 12:01:13.385 | INFO     | stock_bot.swing.live:_eod_timer:914 - 1201 WS 연결 등록 19/19 재연결 4회 틱 123,762 (마지막 0초전) · 감시 9 (틱수신 9 · 확정봉 540) 보유 10 신규 2/3 (일반 0/1) 대기 0 확인중 0 진입가능=슬롯 없음 미트리거 사유: 전일종가하회 8, 미눌림 1
2026-10-07 12:01:44.146 | INFO     | stock_bot.swing.live:_backfill:337 - REST 백필 완료 19/19종목 (실패 0) — 틱 공백 6초 · 세션 고저 갱신
2026-10-07 12:04:13.962 | INFO     | stock_bot.swing.live:_eod_timer:914 - 1204 WS 연결 등록 19/19 재연결 4회 틱 124,955 (마지막 0초전) · 감시 9 (틱수신 9 · 확정봉 549) 보유 10 신규 2/3 (일반 0/1) 대기 0 확인중 0 진입가능=슬롯 없음 미트리거 사유: 전일종가하회 8, 미눌림 1
2026-10-07 12:07:14.502 | INFO     | stock_bot.swing.live:_eod_timer:914 - 1207 WS 연결 등록 19/19 재연결 4회 틱 126,225 (마지막 0초전) · 감시 9 (틱수신 9 · 확정봉 558) 보유 10 신규 2/3 (일반 0/1) 대기 0 확인중 0 진입가능=슬롯 없음 미트리거 사유: 전일종가하회 8, 미눌림 1
2026-10-07 12:10:15.054 | INFO     | stock_bot.swing.live:_eod_timer:914 - 1210 WS 연결 등록 19/19 재연결 4회 틱 127,319 (마지막 0초전) · 감시 9 (틱수신 9 · 확정봉 567) 보유 10 신규 2/3 (일반 0/1) 대기 0 확인중 0 진입가능=슬롯 없음 미트리거 사유: 전일종가하회 8, 미눌림 1
2026-10-07 12:13:15.687 | INFO     | stock_bot.swing.live:_eod_timer:914 - 1213 WS 연결 등록 19/19 재연결 4회 틱 128,409 (마지막 0초전) · 감시 9 (틱수신 9 · 확정봉 576) 보유 10 신규 2/3 (일반 0/1) 대기 0 확인중 0 진입가능=슬롯 없음 미트리거 사유: 전일종가하회 8, 미눌림 1
2026-10-07 12:16:17.375 | INFO     | stock_bot.swing.live:_eod_timer:914 - 1216 WS 연결 등록 19/19 재연결 4회 틱 129,574 (마지막 0초전) · 감시 9 (틱수신 9 · 확정봉 585) 보유 10 신규 2/3 (일반 0/1) 대기 0 확인중 0 진입가능=슬롯 없음 미트리거 사유: 전일종가하회 8, 미눌림 1
2026-10-07 12:19:17.897 | INFO     | stock_bot.swing.live:_eod_timer:914 - 1219 WS 연결 등록 19/19 재연결 4회 틱 130,761 (마지막 0초전) · 감시 9 (틱수신 9 · 확정봉 594) 보유 10 신규 2/3 (일반 0/1) 대기 0 확인중 0 진입가능=슬롯 없음 미트리거 사유: 전일종가하회 8, 미눌림 1
2026-10-07 12:22:18.509 | INFO     | stock_bot.swing.live:_eod_timer:914 - 1222 WS 연결 등록 19/19 재연결 4회 틱 131,890 (마지막 0초전) · 감시 9 (틱수신 9 · 확정봉 603) 보유 10 신규 2/3 (일반 0/1) 대기 0 확인중 0 진입가능=슬롯 없음 미트리거 사유: 전일종가하회 8, 미눌림 1
2026-10-07 12:25:19.048 | INFO     | stock_bot.swing.live:_eod_timer:914 - 1225 WS 연결 등록 19/19 재연결 4회 틱 133,069 (마지막 0초전) · 감시 9 (틱수신 9 · 확정봉 612) 보유 10 신규 2/3 (일반 0/1) 대기 0 확인중 0 진입가능=슬롯 없음 미트리거 사유: 전일종가하회 8, 미눌림 1
2026-10-07 12:28:19.563 | INFO     | stock_bot.swing.live:_eod_timer:914 - 1228 WS 연결 등록 19/19 재연결 4회 틱 134,137 (마지막 0초전) · 감시 9 (틱수신 9 · 확정봉 621) 보유 10 신규 2/3 (일반 0/1) 대기 0 확인중 0 진입가능=슬롯 없음 미트리거 사유: 전일종가하회 8, 미눌림 1
2026-10-07 12:31:21.046 | INFO     | stock_bot.swing.live:_eod_timer:914 - 1231 WS 연결 등록 19/19 재연결 4회 틱 135,491 (마지막 1초전) · 감시 9 (틱수신 9 · 확정봉 630) 보유 10 신규 2/3 (일반 0/1) 대기 0 확인중 0 진입가능=슬롯 없음 미트리거 사유: 전일종가하회 8, 미눌림 1
2026-10-07 12:34:21.603 | INFO     | stock_bot.swing.live:_eod_timer:914 - 1234 WS 연결 등록 19/19 재연결 4회 틱 136,618 (마지막 0초전) · 감시 9 (틱수신 9 · 확정봉 639) 보유 10 신규 2/3 (일반 0/1) 대기 0 확인중 0 진입가능=슬롯 없음 미트리거 사유: 전일종가하회 8, 미눌림 1
2026-10-07 12:37:24.503 | INFO     | stock_bot.swing.live:_eod_timer:914 - 1237 WS 연결 등록 19/19 재연결 4회 틱 137,907 (마지막 0초전) · 감시 9 (틱수신 9 · 확정봉 648) 보유 10 신규 2/3 (일반 0/1) 대기 0 확인중 0 진입가능=슬롯 없음 미트리거 사유: 전일종가하회 8, 미눌림 1
2026-10-07 12:40:26.799 | INFO     | stock_bot.swing.live:_eod_timer:914 - 1240 WS 연결 등록 19/19 재연결 4회 틱 139,125 (마지막 0초전) · 감시 9 (틱수신 9 · 확정봉 657) 보유 10 신규 2/3 (일반 0/1) 대기 0 확인중 0 진입가능=슬롯 없음 미트리거 사유: 전일종가하회 8, 미눌림 1
2026-10-07 12:43:27.182 | INFO     | stock_bot.swing.live:_eod_timer:914 - 1243 WS 연결 등록 19/19 재연결 4회 틱 140,364 (마지막 0초전) · 감시 9 (틱수신 9 · 확정봉 666) 보유 10 신규 2/3 (일반 0/1) 대기 0 확인중 0 진입가능=슬롯 없음 미트리거 사유: 전일종가하회 8, 미눌림 1
2026-10-07 12:46:27.742 | INFO     | stock_bot.swing.live:_eod_timer:914 - 1246 WS 연결 등록 19/19 재연결 4회 틱 141,420 (마지막 0초전) · 감시 9 (틱수신 9 · 확정봉 675) 보유 10 신규 2/3 (일반 0/1) 대기 0 확인중 0 진입가능=슬롯 없음 미트리거 사유: 전일종가하회 8, 미눌림 1
2026-10-07 12:49:28.313 | INFO     | stock_bot.swing.live:_eod_timer:914 - 1249 WS 연결 등록 19/19 재연결 4회 틱 142,507 (마지막 0초전) · 감시 9 (틱수신 9 · 확정봉 684) 보유 10 신규 2/3 (일반 0/1) 대기 0 확인중 0 진입가능=슬롯 없음 미트리거 사유: 전일종가하회 8, 미눌림 1
2026-10-07 12:52:28.876 | INFO     | stock_bot.swing.live:_eod_timer:914 - 1252 WS 연결 등록 19/19 재연결 4회 틱 143,748 (마지막 0초전) · 감시 9 (틱수신 9 · 확정봉 693) 보유 10 신규 2/3 (일반 0/1) 대기 0 확인중 0 진입가능=슬롯 없음 미트리거 사유: 전일종가하회 8, 미눌림 1
2026-10-07 12:55:29.406 | INFO     | stock_bot.swing.live:_eod_timer:914 - 1255 WS 연결 등록 19/19 재연결 4회 틱 145,073 (마지막 0초전) · 감시 9 (틱수신 9 · 확정봉 702) 보유 10 신규 2/3 (일반 0/1) 대기 0 확인중 0 진입가능=슬롯 없음 미트리거 사유: 전일종가하회 8, 미눌림 1
2026-10-07 12:58:29.895 | INFO     | stock_bot.swing.live:_eod_timer:914 - 1258 WS 연결 등록 19/19 재연결 4회 틱 146,455 (마지막 1초전) · 감시 9 (틱수신 9 · 확정봉 711) 보유 10 신규 2/3 (일반 0/1) 대기 0 확인중 0 진입가능=슬롯 없음 미트리거 사유: 전일종가하회 8, 미눌림 1
2026-10-07 13:00:02.241 | WARNING  | stock_bot.broker.kis_ws:run:342 - 연결 끊김(5회차): ConnectionClosedError no close frame received or sent — 접속 유지 3599초, 1초 후 재접속
2026-10-07 13:00:02.244 | WARNING  | stock_bot.swing.live:on_gap:303 - WS 끊김 — 재접속 먼저, REST 백필 19종목은 백그라운드
2026-10-07 13:00:12.478 | INFO     | stock_bot.broker.kis_ws:_session:360 - ws 접속 ws://ops.koreainvestment.com:31000 (19종목)
2026-10-07 13:00:12.807 | INFO     | stock_bot.broker.kis_ws:_register:265 - 등록 19/19건
2026-10-07 13:00:12.855 | INFO     | stock_bot.swing.live:on_tick:258 - WS 복구 — 틱 공백 11초
2026-10-07 13:01:32.873 | INFO     | stock_bot.swing.live:_eod_timer:914 - 1301 WS 연결 등록 19/19 재연결 5회 틱 147,805 (마지막 0초전) · 감시 9 (틱수신 9 · 확정봉 720) 보유 10 신규 2/3 (일반 0/1) 대기 0 확인중 0 진입가능=슬롯 없음 미트리거 사유: 전일종가하회 8, 미눌림 1
2026-10-07 13:02:02.706 | INFO     | stock_bot.swing.live:_backfill:337 - REST 백필 완료 19/19종목 (실패 0) — 틱 공백 11초 · 세션 고저 갱신
2026-10-07 13:04:33.342 | INFO     | stock_bot.swing.live:_eod_timer:914 - 1304 WS 연결 등록 19/19 재연결 5회 틱 149,069 (마지막 0초전) · 감시 9 (틱수신 9 · 확정봉 729) 보유 10 신규 2/3 (일반 0/1) 대기 0 확인중 0 진입가능=슬롯 없음 미트리거 사유: 전일종가하회 8, 미눌림 1
2026-10-07 13:07:33.834 | INFO     | stock_bot.swing.live:_eod_timer:914 - 1307 WS 연결 등록 19/19 재연결 5회 틱 150,375 (마지막 0초전) · 감시 9 (틱수신 9 · 확정봉 738) 보유 10 신규 2/3 (일반 0/1) 대기 0 확인중 0 진입가능=슬롯 없음 미트리거 사유: 전일종가하회 8, 미눌림 1
2026-10-07 13:10:34.311 | INFO     | stock_bot.swing.live:_eod_timer:914 - 1310 WS 연결 등록 19/19 재연결 5회 틱 151,770 (마지막 0초전) · 감시 9 (틱수신 9 · 확정봉 747) 보유 10 신규 2/3 (일반 0/1) 대기 0 확인중 0 진입가능=슬롯 없음 미트리거 사유: 전일종가하회 8, 미눌림 1
2026-10-07 13:13:34.816 | INFO     | stock_bot.swing.live:_eod_timer:914 - 1313 WS 연결 등록 19/19 재연결 5회 틱 153,283 (마지막 0초전) · 감시 9 (틱수신 9 · 확정봉 756) 보유 10 신규 2/3 (일반 0/1) 대기 0 확인중 0 진입가능=슬롯 없음 미트리거 사유: 전일종가하회 8, 미눌림 1
2026-10-07 13:16:35.313 | INFO     | stock_bot.swing.live:_eod_timer:914 - 1316 WS 연결 등록 19/19 재연결 5회 틱 154,631 (마지막 0초전) · 감시 9 (틱수신 9 · 확정봉 765) 보유 10 신규 2/3 (일반 0/1) 대기 0 확인중 0 진입가능=슬롯 없음 미트리거 사유: 전일종가하회 8, 미눌림 1
2026-10-07 13:19:35.798 | INFO     | stock_bot.swing.live:_eod_timer:914 - 1319 WS 연결 등록 19/19 재연결 5회 틱 155,965 (마지막 0초전) · 감시 9 (틱수신 9 · 확정봉 774) 보유 10 신규 2/3 (일반 0/1) 대기 0 확인중 0 진입가능=슬롯 없음 미트리거 사유: 전일종가하회 8, 미눌림 1
2026-10-07 13:22:36.306 | INFO     | stock_bot.swing.live:_eod_timer:914 - 1322 WS 연결 등록 19/19 재연결 5회 틱 157,399 (마지막 0초전) · 감시 9 (틱수신 9 · 확정봉 783) 보유 10 신규 2/3 (일반 0/1) 대기 0 확인중 0 진입가능=슬롯 없음 미트리거 사유: 전일종가하회 8, 미눌림 1
2026-10-07 13:25:36.770 | INFO     | stock_bot.swing.live:_eod_timer:914 - 1325 WS 연결 등록 19/19 재연결 5회 틱 158,623 (마지막 0초전) · 감시 9 (틱수신 9 · 확정봉 792) 보유 10 신규 2/3 (일반 0/1) 대기 0 확인중 0 진입가능=슬롯 없음 미트리거 사유: 전일종가하회 8, 미눌림 1
2026-10-07 13:28:37.833 | INFO     | stock_bot.swing.live:_eod_timer:914 - 1328 WS 연결 등록 19/19 재연결 5회 틱 160,016 (마지막 0초전) · 감시 9 (틱수신 9 · 확정봉 801) 보유 10 신규 2/3 (일반 0/1) 대기 0 확인중 0 진입가능=슬롯 없음 미트리거 사유: 전일종가하회 8, 미눌림 1
2026-10-07 13:31:38.305 | INFO     | stock_bot.swing.live:_eod_timer:914 - 1331 WS 연결 등록 19/19 재연결 5회 틱 161,440 (마지막 0초전) · 감시 9 (틱수신 9 · 확정봉 810) 보유 10 신규 2/3 (일반 0/1) 대기 0 확인중 0 진입가능=슬롯 없음 미트리거 사유: 전일종가하회 8, 미눌림 1
2026-10-07 13:34:38.763 | INFO     | stock_bot.swing.live:_eod_timer:914 - 1334 WS 연결 등록 19/19 재연결 5회 틱 162,919 (마지막 0초전) · 감시 9 (틱수신 9 · 확정봉 819) 보유 10 신규 2/3 (일반 0/1) 대기 0 확인중 0 진입가능=슬롯 없음 미트리거 사유: 전일종가하회 8, 미눌림 1
2026-10-07 13:37:39.226 | INFO     | stock_bot.swing.live:_eod_timer:914 - 1337 WS 연결 등록 19/19 재연결 5회 틱 164,410 (마지막 0초전) · 감시 9 (틱수신 9 · 확정봉 828) 보유 10 신규 2/3 (일반 0/1) 대기 0 확인중 0 진입가능=슬롯 없음 미트리거 사유: 전일종가하회 8, 미눌림 1
2026-10-07 13:40:39.692 | INFO     | stock_bot.swing.live:_eod_timer:914 - 1340 WS 연결 등록 19/19 재연결 5회 틱 165,776 (마지막 0초전) · 감시 9 (틱수신 9 · 확정봉 837) 보유 10 신규 2/3 (일반 0/1) 대기 0 확인중 0 진입가능=슬롯 없음 미트리거 사유: 전일종가하회 8, 미눌림 1
2026-10-07 13:43:40.179 | INFO     | stock_bot.swing.live:_eod_timer:914 - 1343 WS 연결 등록 19/19 재연결 5회 틱 167,180 (마지막 0초전) · 감시 9 (틱수신 9 · 확정봉 846) 보유 10 신규 2/3 (일반 0/1) 대기 0 확인중 0 진입가능=슬롯 없음 미트리거 사유: 전일종가하회 8, 미눌림 1
2026-10-07 13:46:40.635 | INFO     | stock_bot.swing.live:_eod_timer:914 - 1346 WS 연결 등록 19/19 재연결 5회 틱 168,566 (마지막 0초전) · 감시 9 (틱수신 9 · 확정봉 855) 보유 10 신규 2/3 (일반 0/1) 대기 0 확인중 0 진입가능=슬롯 없음 미트리거 사유: 전일종가하회 8, 미눌림 1
2026-10-07 13:49:41.093 | INFO     | stock_bot.swing.live:_eod_timer:914 - 1349 WS 연결 등록 19/19 재연결 5회 틱 170,071 (마지막 0초전) · 감시 9 (틱수신 9 · 확정봉 864) 보유 10 신규 2/3 (일반 0/1) 대기 0 확인중 0 진입가능=슬롯 없음 미트리거 사유: 전일종가하회 8, 미눌림 1
2026-10-07 13:52:41.577 | INFO     | stock_bot.swing.live:_eod_timer:914 - 1352 WS 연결 등록 19/19 재연결 5회 틱 171,637 (마지막 0초전) · 감시 9 (틱수신 9 · 확정봉 873) 보유 10 신규 2/3 (일반 0/1) 대기 0 확인중 0 진입가능=슬롯 없음 미트리거 사유: 전일종가하회 8, 미눌림 1
2026-10-07 13:55:42.045 | INFO     | stock_bot.swing.live:_eod_timer:914 - 1355 WS 연결 등록 19/19 재연결 5회 틱 173,326 (마지막 0초전) · 감시 9 (틱수신 9 · 확정봉 882) 보유 10 신규 2/3 (일반 0/1) 대기 0 확인중 0 진입가능=슬롯 없음 미트리거 사유: 전일종가하회 8, 미눌림 1
2026-10-07 13:58:42.494 | INFO     | stock_bot.swing.live:_eod_timer:914 - 1358 WS 연결 등록 19/19 재연결 5회 틱 175,093 (마지막 0초전) · 감시 9 (틱수신 9 · 확정봉 891) 보유 10 신규 2/3 (일반 0/1) 대기 0 확인중 0 진입가능=슬롯 없음 미트리거 사유: 전일종가하회 8, 미눌림 1
2026-10-07 14:00:02.201 | WARNING  | stock_bot.broker.kis_ws:run:342 - 연결 끊김(6회차): ConnectionClosedError no close frame received or sent — 접속 유지 3599초, 1초 후 재접속
2026-10-07 14:00:02.203 | WARNING  | stock_bot.swing.live:on_gap:303 - WS 끊김 — 재접속 먼저, REST 백필 19종목은 백그라운드
2026-10-07 14:00:07.201 | INFO     | stock_bot.broker.kis_ws:_session:360 - ws 접속 ws://ops.koreainvestment.com:31000 (19종목)
2026-10-07 14:00:07.448 | INFO     | stock_bot.broker.kis_ws:_register:265 - 등록 19/19건
2026-10-07 14:00:07.496 | INFO     | stock_bot.swing.live:on_tick:258 - WS 복구 — 틱 공백 5초
2026-10-07 14:01:42.959 | INFO     | stock_bot.swing.live:_eod_timer:914 - 1401 WS 연결 등록 19/19 재연결 6회 틱 176,929 (마지막 0초전) · 감시 9 (틱수신 9 · 확정봉 900) 보유 10 신규 2/3 (일반 0/1) 대기 0 확인중 0 진입가능=슬롯 없음 미트리거 사유: 전일종가하회 8, 미눌림 1
2026-10-07 14:01:54.876 | INFO     | stock_bot.swing.live:_backfill:337 - REST 백필 완료 19/19종목 (실패 0) — 틱 공백 5초 · 세션 고저 갱신
2026-10-07 14:04:43.444 | INFO     | stock_bot.swing.live:_eod_timer:914 - 1404 WS 연결 등록 19/19 재연결 6회 틱 178,457 (마지막 0초전) · 감시 9 (틱수신 9 · 확정봉 909) 보유 10 신규 2/3 (일반 0/1) 대기 0 확인중 0 진입가능=슬롯 없음 미트리거 사유: 전일종가하회 8, 미눌림 1
2026-10-07 14:07:43.922 | INFO     | stock_bot.swing.live:_eod_timer:914 - 1407 WS 연결 등록 19/19 재연결 6회 틱 180,219 (마지막 0초전) · 감시 9 (틱수신 9 · 확정봉 918) 보유 10 신규 2/3 (일반 0/1) 대기 0 확인중 0 진입가능=슬롯 없음 미트리거 사유: 전일종가하회 8, 미눌림 1
2026-10-07 14:10:44.416 | INFO     | stock_bot.swing.live:_eod_timer:914 - 1410 WS 연결 등록 19/19 재연결 6회 틱 181,907 (마지막 0초전) · 감시 9 (틱수신 9 · 확정봉 927) 보유 10 신규 2/3 (일반 0/1) 대기 0 확인중 0 진입가능=슬롯 없음 미트리거 사유: 전일종가하회 8, 미눌림 1
2026-10-07 14:13:45.094 | INFO     | stock_bot.swing.live:_eod_timer:914 - 1413 WS 연결 등록 19/19 재연결 6회 틱 183,535 (마지막 0초전) · 감시 9 (틱수신 9 · 확정봉 936) 보유 10 신규 2/3 (일반 0/1) 대기 0 확인중 0 진입가능=슬롯 없음 미트리거 사유: 전일종가하회 8, 미눌림 1
2026-10-07 14:16:45.617 | INFO     | stock_bot.swing.live:_eod_timer:914 - 1416 WS 연결 등록 19/19 재연결 6회 틱 185,306 (마지막 0초전) · 감시 9 (틱수신 9 · 확정봉 945) 보유 10 신규 2/3 (일반 0/1) 대기 0 확인중 0 진입가능=슬롯 없음 미트리거 사유: 전일종가하회 8, 미눌림 1
2026-10-07 14:19:46.934 | INFO     | stock_bot.swing.live:_eod_timer:914 - 1419 WS 연결 등록 19/19 재연결 6회 틱 187,283 (마지막 0초전) · 감시 9 (틱수신 9 · 확정봉 954) 보유 10 신규 2/3 (일반 0/1) 대기 0 확인중 0 진입가능=슬롯 없음 미트리거 사유: 전일종가하회 8, 미눌림 1
2026-10-07 14:22:47.410 | INFO     | stock_bot.swing.live:_eod_timer:914 - 1422 WS 연결 등록 19/19 재연결 6회 틱 189,352 (마지막 0초전) · 감시 9 (틱수신 9 · 확정봉 963) 보유 10 신규 2/3 (일반 0/1) 대기 0 확인중 0 진입가능=슬롯 없음 미트리거 사유: 전일종가하회 8, 미눌림 1
2026-10-07 14:25:50.982 | INFO     | stock_bot.swing.live:_eod_timer:914 - 1425 WS 연결 등록 19/19 재연결 6회 틱 191,457 (마지막 0초전) · 감시 9 (틱수신 9 · 확정봉 972) 보유 10 신규 2/3 (일반 0/1) 대기 0 확인중 0 진입가능=슬롯 없음 미트리거 사유: 전일종가하회 8, 미눌림 1
2026-10-07 14:28:51.925 | INFO     | stock_bot.swing.live:_eod_timer:914 - 1428 WS 연결 등록 19/19 재연결 6회 틱 193,402 (마지막 0초전) · 감시 9 (틱수신 9 · 확정봉 981) 보유 10 신규 2/3 (일반 0/1) 대기 0 확인중 0 진입가능=슬롯 없음 미트리거 사유: 전일종가하회 8, 미눌림 1
2026-10-07 14:31:52.422 | INFO     | stock_bot.swing.live:_eod_timer:914 - 1431 WS 연결 등록 19/19 재연결 6회 틱 195,527 (마지막 0초전) · 감시 9 (틱수신 9 · 확정봉 990) 보유 10 신규 2/3 (일반 0/1) 대기 0 확인중 0 진입가능=슬롯 없음 미트리거 사유: 전일종가하회 8, 미눌림 1
2026-10-07 14:34:52.892 | INFO     | stock_bot.swing.live:_eod_timer:914 - 1434 WS 연결 등록 19/19 재연결 6회 틱 197,485 (마지막 0초전) · 감시 9 (틱수신 9 · 확정봉 999) 보유 10 신규 2/3 (일반 0/1) 대기 0 확인중 0 진입가능=슬롯 없음 미트리거 사유: 전일종가하회 8, 미눌림 1
2026-10-07 14:37:55.463 | INFO     | stock_bot.swing.live:_eod_timer:914 - 1437 WS 연결 등록 19/19 재연결 6회 틱 199,491 (마지막 0초전) · 감시 9 (틱수신 9 · 확정봉 1008) 보유 10 신규 2/3 (일반 0/1) 대기 0 확인중 0 진입가능=슬롯 없음 미트리거 사유: 전일종가하회 8, 미눌림 1
2026-10-07 14:40:55.927 | INFO     | stock_bot.swing.live:_eod_timer:914 - 1440 WS 연결 등록 19/19 재연결 6회 틱 201,623 (마지막 0초전) · 감시 9 (틱수신 9 · 확정봉 1017) 보유 10 신규 2/3 (일반 0/1) 대기 0 확인중 0 진입가능=슬롯 없음 미트리거 사유: 전일종가하회 8, 미눌림 1
2026-10-07 14:43:56.399 | INFO     | stock_bot.swing.live:_eod_timer:914 - 1443 WS 연결 등록 19/19 재연결 6회 틱 203,893 (마지막 0초전) · 감시 9 (틱수신 9 · 확정봉 1026) 보유 10 신규 2/3 (일반 0/1) 대기 0 확인중 0 진입가능=슬롯 없음 미트리거 사유: 전일종가하회 8, 미눌림 1
2026-10-07 14:46:56.849 | INFO     | stock_bot.swing.live:_eod_timer:914 - 1446 WS 연결 등록 19/19 재연결 6회 틱 206,104 (마지막 0초전) · 감시 9 (틱수신 9 · 확정봉 1035) 보유 10 신규 2/3 (일반 0/1) 대기 0 확인중 0 진입가능=슬롯 없음 미트리거 사유: 전일종가하회 8, 미눌림 1
2026-10-07 14:49:57.332 | INFO     | stock_bot.swing.live:_eod_timer:914 - 1449 WS 연결 등록 19/19 재연결 6회 틱 208,441 (마지막 0초전) · 감시 9 (틱수신 9 · 확정봉 1044) 보유 10 신규 2/3 (일반 0/1) 대기 0 확인중 0 진입가능=슬롯 없음 미트리거 사유: 전일종가하회 8, 미눌림 1
2026-10-07 14:52:57.800 | INFO     | stock_bot.swing.live:_eod_timer:914 - 1452 WS 연결 등록 19/19 재연결 6회 틱 210,900 (마지막 0초전) · 감시 9 (틱수신 9 · 확정봉 1053) 보유 10 신규 2/3 (일반 0/1) 대기 0 확인중 0 진입가능=슬롯 없음 미트리거 사유: 전일종가하회 8, 미눌림 1
2026-10-07 14:55:58.340 | INFO     | stock_bot.swing.live:_eod_timer:914 - 1455 WS 연결 등록 19/19 재연결 6회 틱 213,504 (마지막 0초전) · 감시 9 (틱수신 9 · 확정봉 1062) 보유 10 신규 2/3 (일반 0/1) 대기 0 확인중 0 진입가능=슬롯 없음 미트리거 사유: 전일종가하회 8, 미눌림 1
2026-10-07 14:59:01.277 | INFO     | stock_bot.swing.live:_eod_timer:914 - 1459 WS 연결 등록 19/19 재연결 6회 틱 216,066 (마지막 0초전) · 감시 9 (틱수신 9 · 확정봉 1071) 보유 10 신규 2/3 (일반 0/1) 대기 0 확인중 0 진입가능=슬롯 없음 미트리거 사유: 전일종가하회 8, 미눌림 1
2026-10-07 15:00:02.238 | WARNING  | stock_bot.broker.kis_ws:run:342 - 연결 끊김(7회차): ConnectionClosedError no close frame received or sent — 접속 유지 3599초, 1초 후 재접속
2026-10-07 15:00:02.240 | WARNING  | stock_bot.swing.live:on_gap:303 - WS 끊김 — 재접속 먼저, REST 백필 19종목은 백그라운드
2026-10-07 15:00:07.470 | INFO     | stock_bot.broker.kis_ws:_session:360 - ws 접속 ws://ops.koreainvestment.com:31000 (19종목)
2026-10-07 15:00:07.683 | INFO     | stock_bot.broker.kis_ws:_register:265 - 등록 19/19건
2026-10-07 15:00:07.732 | INFO     | stock_bot.swing.live:on_tick:258 - WS 복구 — 틱 공백 5초
2026-10-07 15:02:02.807 | INFO     | stock_bot.swing.live:_eod_timer:914 - 1502 WS 연결 등록 19/19 재연결 7회 틱 218,405 (마지막 0초전) · 감시 9 (틱수신 9 · 확정봉 1080) 보유 10 신규 2/3 (일반 0/1) 대기 0 확인중 0 진입가능=슬롯 없음 미트리거 사유: 전일종가하회 8, 미눌림 1
2026-10-07 15:02:10.036 | INFO     | stock_bot.swing.live:_backfill:337 - REST 백필 완료 19/19종목 (실패 0) — 틱 공백 5초 · 세션 고저 갱신
2026-10-07 15:05:03.288 | INFO     | stock_bot.swing.live:_eod_timer:914 - 1505 WS 연결 등록 19/19 재연결 7회 틱 220,628 (마지막 0초전) · 감시 9 (틱수신 9 · 확정봉 1089) 보유 10 신규 2/3 (일반 0/1) 대기 0 확인중 0 진입가능=슬롯 없음 미트리거 사유: 전일종가하회 8, 음봉 1
2026-10-07 15:08:03.819 | INFO     | stock_bot.swing.live:_eod_timer:914 - 1508 WS 연결 등록 19/19 재연결 7회 틱 223,017 (마지막 0초전) · 감시 9 (틱수신 9 · 확정봉 1098) 보유 10 신규 2/3 (일반 0/1) 대기 0 확인중 0 진입가능=슬롯 없음 미트리거 사유: 전일종가하회 8, 음봉 1
2026-10-07 15:11:04.285 | INFO     | stock_bot.swing.live:_eod_timer:914 - 1511 WS 연결 등록 19/19 재연결 7회 틱 225,487 (마지막 0초전) · 감시 9 (틱수신 9 · 확정봉 1107) 보유 10 신규 2/3 (일반 0/1) 대기 0 확인중 0 진입가능=슬롯 없음 미트리거 사유: 전일종가하회 9
2026-10-07 15:14:04.781 | INFO     | stock_bot.swing.live:_eod_timer:914 - 1514 WS 연결 등록 19/19 재연결 7회 틱 227,974 (마지막 0초전) · 감시 9 (틱수신 9 · 확정봉 1116) 보유 10 신규 2/3 (일반 0/1) 대기 0 확인중 0 진입가능=슬롯 없음 미트리거 사유: 전일종가하회 9
2026-10-07 15:17:05.272 | INFO     | stock_bot.swing.live:_eod_timer:914 - 1517 WS 연결 등록 19/19 재연결 7회 틱 230,491 (마지막 0초전) · 감시 9 (틱수신 9 · 확정봉 1125) 보유 10 신규 2/3 (일반 0/1) 대기 0 확인중 0 진입가능=시간후 미트리거 사유: 전일종가하회 8, 음봉 1
2026-10-07 15:18:00.418 | INFO     | stock_bot.swing.live:eod:736 - 15:18 마감 판정 — 보유 10
2026-10-07 15:18:00.946 | INFO     | stock_bot.swing.live:eod:766 - 마감 요약: WS 연결 등록 19/19 재연결 7회 틱 231,040 (마지막 1초전) · 감시 9 (틱수신 9 · 확정봉 1132) 보유 10 신규 2/3 (일반 0/1) 대기 0 확인중 0 진입가능=시간후 미트리거 사유: 전일종가하회 8, 음봉 1
2026-10-07 15:31:00.735 | INFO     | stock_bot.swing.live:run:968 - WS 종료 1531 — WS 연결 등록 19/19 재연결 7회 틱 232,447 (마지막 30초전)
2026-10-07 15:46:05.167 | INFO     | stock_bot.live.runner:_is_trading_day:671 - 거래일 판정 2026-10-07 → 거래일 (출처: exchange_calendars)
2026-10-07 15:52:11.258 | INFO     | stock_bot.swing.collector:collect_daily:494 - collect_daily 100/2772 ok=100 fail=0 331s
2026-10-07 15:57:27.282 | INFO     | stock_bot.swing.collector:collect_daily:494 - collect_daily 200/2772 ok=200 fail=0 647s
2026-10-07 16:03:24.028 | INFO     | stock_bot.swing.collector:collect_daily:494 - collect_daily 300/2772 ok=300 fail=0 1004s
2026-10-07 16:08:47.488 | INFO     | stock_bot.swing.collector:collect_daily:494 - collect_daily 400/2772 ok=400 fail=0 1328s
2026-10-07 16:13:57.442 | INFO     | stock_bot.swing.collector:collect_daily:494 - collect_daily 500/2772 ok=500 fail=0 1638s
2026-10-07 16:19:11.558 | INFO     | stock_bot.swing.collector:collect_daily:494 - collect_daily 600/2772 ok=600 fail=0 1952s
2026-10-07 16:24:41.625 | INFO     | stock_bot.swing.collector:collect_daily:494 - collect_daily 700/2772 ok=700 fail=0 2282s
2026-10-07 16:30:34.876 | INFO     | stock_bot.swing.collector:collect_daily:494 - collect_daily 800/2772 ok=800 fail=0 2635s
2026-10-07 16:35:50.204 | INFO     | stock_bot.swing.collector:collect_daily:494 - collect_daily 900/2772 ok=900 fail=0 2950s
2026-10-07 16:41:33.560 | INFO     | stock_bot.swing.collector:collect_daily:494 - collect_daily 1000/2772 ok=1000 fail=0 3294s
2026-10-07 16:46:52.726 | INFO     | stock_bot.swing.collector:collect_daily:494 - collect_daily 1100/2772 ok=1100 fail=0 3613s
2026-10-07 16:52:05.284 | INFO     | stock_bot.swing.collector:collect_daily:494 - collect_daily 1200/2772 ok=1200 fail=0 3925s
2026-10-07 16:57:34.175 | INFO     | stock_bot.swing.collector:collect_daily:494 - collect_daily 1300/2772 ok=1300 fail=0 4254s
2026-10-07 17:02:35.699 | INFO     | stock_bot.swing.collector:collect_daily:494 - collect_daily 1400/2772 ok=1400 fail=0 4556s
2026-10-07 17:07:38.094 | INFO     | stock_bot.swing.collector:collect_daily:494 - collect_daily 1500/2772 ok=1500 fail=0 4858s
2026-10-07 17:13:22.748 | INFO     | stock_bot.swing.collector:collect_daily:494 - collect_daily 1600/2772 ok=1600 fail=0 5203s
2026-10-07 17:18:27.738 | INFO     | stock_bot.swing.collector:collect_daily:494 - collect_daily 1700/2772 ok=1700 fail=0 5508s
2026-10-07 17:23:30.903 | INFO     | stock_bot.swing.collector:collect_daily:494 - collect_daily 1800/2772 ok=1800 fail=0 5811s
2026-10-07 17:28:32.907 | INFO     | stock_bot.swing.collector:collect_daily:494 - collect_daily 1900/2772 ok=1900 fail=0 6113s
2026-10-07 17:33:32.308 | INFO     | stock_bot.swing.collector:collect_daily:494 - collect_daily 2000/2772 ok=2000 fail=0 6412s
2026-10-07 17:38:32.253 | INFO     | stock_bot.swing.collector:collect_daily:494 - collect_daily 2100/2772 ok=2100 fail=0 6712s
2026-10-07 17:43:36.395 | INFO     | stock_bot.swing.collector:collect_daily:494 - collect_daily 2200/2772 ok=2200 fail=0 7017s
2026-10-07 17:48:38.072 | INFO     | stock_bot.swing.collector:collect_daily:494 - collect_daily 2300/2772 ok=2300 fail=0 7318s
2026-10-07 17:53:38.654 | INFO     | stock_bot.swing.collector:collect_daily:494 - collect_daily 2400/2772 ok=2400 fail=0 7619s
2026-10-07 17:59:48.274 | INFO     | stock_bot.swing.collector:collect_daily:494 - collect_daily 2500/2772 ok=2500 fail=0 7988s
2026-10-07 18:04:49.732 | INFO     | stock_bot.swing.collector:collect_daily:494 - collect_daily 2600/2772 ok=2600 fail=0 8290s
2026-10-07 18:09:50.691 | INFO     | stock_bot.swing.collector:collect_daily:494 - collect_daily 2700/2772 ok=2700 fail=0 8591s
2026-10-07 18:18:53.457 | INFO     | stock_bot.swing.daily_scan:scan:140 - scan 20261007: panel 2751종목, strategies=['MOMENTUM', 'FLOW_FORGN', 'GAPGO', 'VALUE_MOM', 'PULLBACK'], trend=True
2026-10-07 18:35:26.671 | INFO     | stock_bot.swing.daily_scan:run_nightly_scan:348 - scan 20261007: 신호 325건(게이트통과 12), 후보 풀 50 (풀 밖 0) → 축 하한 20 탈락 3 → 감시 9(예비 0 포함)종목
2026-10-07 18:35:26.698 | INFO     | stock_bot.swing.daily_scan:run_nightly_scan:353 - 축 채움률: setup 100% / value 100% / quality 100% / growth 100% / flow 100% / liq 100% / prog 100%
2026-10-07 18:35:26.705 | INFO     | __main__:main:107 - nightly 20261007 ok: universe=2765 | collect ok=2772 fail=0 skipped=0 | index+1 | complete=2765/2772 (100%) | signals=325 watch=9 | 10162s
