2026-09-21 08:50:21.678 | INFO     | stock_bot.swing.live:_recover_positions:162 - [paper] 보유 복구 041830 MEANREV 100주 @57,425 손절 45,940 익절 64,316 (진입 20260916) 규칙 stop20/tp8/trail8>0/t20/ma0
2026-09-21 08:50:21.680 | INFO     | stock_bot.swing.live:_recover_positions:162 - [paper] 보유 복구 004800 VALUE_PURE 64주 @155,423 손절 124,338 익절 174,074 (진입 20260916) 규칙 stop20/tp12/trail8>5/t20/ma0
2026-09-21 08:50:21.681 | INFO     | stock_bot.swing.live:_recover_positions:162 - [paper] 보유 복구 078930 MEANREV 86주 @115,130 손절 92,104 익절 128,946 (진입 20260917) 규칙 stop20/tp8/trail8>0/t20/ma0
2026-09-21 08:50:21.682 | INFO     | stock_bot.swing.live:_recover_positions:162 - [paper] 보유 복구 001450 FLOW_FORGN 198주 @50,709 손절 40,567 익절 56,794 (진입 20260917) 규칙 stop20/tp15/trail8>0/t20/ma0
2026-09-21 08:50:21.683 | INFO     | stock_bot.swing.live:_recover_positions:162 - [paper] 보유 복구 062040 FLOW_BOTH 48주 @206,833 손절 165,466 익절 231,653 (진입 20260918) 규칙 stop20/tp0/trail8>0/t20/ma0
2026-09-21 08:50:25.411 | INFO     | stock_bot.swing.live:_load_watchlist:199 - [paper] 감시 리스트 20260918 적재: 후보 30 → 감시 28 (슬롯 30) 상위: 265740 75, 332570 73, 096530 72, 051160 72, 119850 71
2026-09-21 08:50:25.413 | INFO     | stock_bot.swing.live:_load_watchlist:202 - [paper] 우선 등급 8종목 (종합≥80 없음 → 순위 1~10): 024840 71, 009155 71, 265740 75, 051160 72, 078350 70, 332570 73, 119850 71, 096530 72
2026-09-21 08:50:25.415 | INFO     | stock_bot.swing.live:prepare:118 - [paper] 진입 규칙: 창 093000~151500 종합점수 하한 60 모음 창 20초 하루 상한 3 · 우선 등급 종합≥80(없으면 순위 1~10) 즉시 8종목 · 일반 등급 다음 1봉 유지 확인, 하루 1건 · 오늘 체결 0 (일반 0)
2026-09-21 08:50:25.416 | INFO     | stock_bot.swing.live:prepare:125 - [paper] 20260921 준비: 보유 5 신규감시 28 (wl=20260918) 레짐=True mult=1.0
2026-09-21 08:50:25.418 | INFO     | stock_bot.swing.live:run:748 - [paper] WS 시작 — 구독 33종목 (보유 5 감시 28) 봉 180초 저장봉 60초
2026-09-21 08:50:26.423 | INFO     | stock_bot.broker.kis_ws:_session:360 - ws 접속 ws://ops.koreainvestment.com:31000 (33종목)
2026-09-21 08:50:26.833 | INFO     | stock_bot.broker.kis_ws:_register:265 - 등록 33/33건
2026-09-21 08:53:26.631 | INFO     | stock_bot.swing.live:_eod_timer:728 - [paper] 0853 WS 연결 등록 33/33 틱 0 (마지막 없음) · 감시 28 (틱수신 0 · 확정봉 0) 보유 5 신규 0/3 (일반 0/1) 대기 0 확인중 0 진입가능=시간전 미트리거 사유: -
2026-09-21 08:56:26.701 | INFO     | stock_bot.swing.live:_eod_timer:728 - [paper] 0856 WS 연결 등록 33/33 틱 0 (마지막 없음) · 감시 28 (틱수신 0 · 확정봉 0) 보유 5 신규 0/3 (일반 0/1) 대기 0 확인중 0 진입가능=시간전 미트리거 사유: -
2026-09-21 08:59:26.765 | INFO     | stock_bot.swing.live:_eod_timer:728 - [paper] 0859 WS 연결 등록 33/33 틱 0 (마지막 없음) · 감시 28 (틱수신 0 · 확정봉 0) 보유 5 신규 0/3 (일반 0/1) 대기 0 확인중 0 진입가능=시간전 미트리거 사유: -
2026-09-21 09:00:02.200 | WARNING  | stock_bot.broker.kis_ws:run:342 - 연결 끊김(1회차): ConnectionClosedError no close frame received or sent — 접속 유지 576초, 1초 후 재접속
2026-09-21 09:00:02.202 | WARNING  | stock_bot.swing.live:on_gap:286 - [paper] WS 끊김 — 재접속 먼저, REST 백필 33종목은 백그라운드
2026-09-21 09:00:03.635 | INFO     | stock_bot.broker.kis_ws:_session:360 - ws 접속 ws://ops.koreainvestment.com:31000 (33종목)
2026-09-21 09:00:03.806 | INFO     | stock_bot.swing.live:on_tick:236 - [paper] 첫 틱 수신 001450 @48,050 — WS 데이터 흐름 시작
2026-09-21 09:00:03.806 | INFO     | stock_bot.swing.live:on_tick:241 - [paper] WS 복구 — 틱 공백 2초
2026-09-21 09:00:03.981 | INFO     | stock_bot.broker.kis_ws:_register:265 - 등록 33/33건
2026-09-21 09:01:19.257 | INFO     | stock_bot.swing.live:_backfill:320 - [paper] REST 백필 완료 33/33종목 (실패 0) — 틱 공백 2초 · 세션 고저 갱신
2026-09-21 09:02:26.891 | INFO     | stock_bot.swing.live:_eod_timer:728 - [paper] 0902 WS 연결 등록 33/33 재연결 1회 틱 5,033 (마지막 0초전) · 감시 28 (틱수신 28 · 확정봉 0) 보유 5 신규 0/3 (일반 0/1) 대기 0 확인중 0 진입가능=시간전 미트리거 사유: -
2026-09-21 09:03:00.241 | INFO     | stock_bot.swing.live:_note:413 - [paper] 트리거 감지 096530 FLOW_BOTH 유지 @34,300 → 미진입: 시간전
2026-09-21 09:03:00.248 | INFO     | stock_bot.swing.live:_note:413 - [paper] 트리거 감지 000500 FLOW_BOTH 유지 @336,250 → 미진입: 시간전
2026-09-21 09:03:00.900 | INFO     | stock_bot.swing.live:_note:413 - [paper] 트리거 감지 092870 FLOW_INST 유지 @35,600 → 미진입: 시간전
2026-09-21 09:05:27.280 | INFO     | stock_bot.swing.live:_eod_timer:728 - [paper] 0905 WS 연결 등록 33/33 재연결 1회 틱 10,701 (마지막 0초전) · 감시 28 (틱수신 28 · 확정봉 28) 보유 5 신규 0/3 (일반 0/1) 대기 0 확인중 0 진입가능=시간전 미트리거 사유: 박스미돌파 6, 미눌림 6, 전일종가하회 6, 음봉 4, 유지 3
2026-09-21 09:06:00.399 | INFO     | stock_bot.swing.live:_note:413 - [paper] 트리거 감지 016360 VALUE_PURE 유지 @86,000 → 미진입: 시간전
2026-09-21 09:06:26.938 | INFO     | stock_bot.swing.live:_note:413 - [paper] 트리거 감지 004490 MEANREV 눌림반등 @59,900 → 미진입: 시간전
2026-09-21 09:08:27.340 | INFO     | stock_bot.swing.live:_eod_timer:728 - [paper] 0908 WS 연결 등록 33/33 재연결 1회 틱 15,709 (마지막 0초전) · 감시 28 (틱수신 28 · 확정봉 56) 보유 5 신규 0/3 (일반 0/1) 대기 0 확인중 0 진입가능=시간전 미트리거 사유: 전일종가하회 8, 박스미돌파 6, 미눌림 5, VWAP하회 3, 음봉 3
2026-09-21 09:11:27.403 | INFO     | stock_bot.swing.live:_eod_timer:728 - [paper] 0911 WS 연결 등록 33/33 재연결 1회 틱 21,097 (마지막 0초전) · 감시 28 (틱수신 28 · 확정봉 84) 보유 5 신규 0/3 (일반 0/1) 대기 0 확인중 0 진입가능=시간전 미트리거 사유: 전일종가하회 11, 박스미돌파 6, 미눌림 5, 유지 3, 음봉 2
2026-09-21 09:12:00.381 | INFO     | stock_bot.swing.live:_note:413 - [paper] 트리거 감지 004370 MEANREV 눌림반등 @394,000 → 미진입: 시간전
2026-09-21 09:12:02.716 | INFO     | stock_bot.swing.live:_note:413 - [paper] 트리거 감지 280360 MEANREV 눌림반등 @127,800 → 미진입: 시간전
2026-09-21 09:14:27.463 | INFO     | stock_bot.swing.live:_eod_timer:728 - [paper] 0914 WS 연결 등록 33/33 재연결 1회 틱 26,230 (마지막 0초전) · 감시 28 (틱수신 28 · 확정봉 112) 보유 5 신규 0/3 (일반 0/1) 대기 0 확인중 0 진입가능=시간전 미트리거 사유: 전일종가하회 9, 박스미돌파 6, 미눌림 5, 눌림반등 3, 음봉 2
2026-09-21 09:17:27.518 | INFO     | stock_bot.swing.live:_eod_timer:728 - [paper] 0917 WS 연결 등록 33/33 재연결 1회 틱 30,081 (마지막 0초전) · 감시 28 (틱수신 28 · 확정봉 140) 보유 5 신규 0/3 (일반 0/1) 대기 0 확인중 0 진입가능=시간전 미트리거 사유: 전일종가하회 9, 박스미돌파 6, 미눌림 5, 음봉 3, 유지 2
2026-09-21 09:20:27.568 | INFO     | stock_bot.swing.live:_eod_timer:728 - [paper] 0920 WS 연결 등록 33/33 재연결 1회 틱 33,697 (마지막 0초전) · 감시 28 (틱수신 28 · 확정봉 168) 보유 5 신규 0/3 (일반 0/1) 대기 0 확인중 0 진입가능=시간전 미트리거 사유: 전일종가하회 10, 박스미돌파 6, 미눌림 5, 음봉 4, 유지 3
2026-09-21 09:23:27.623 | INFO     | stock_bot.swing.live:_eod_timer:728 - [paper] 0923 WS 연결 등록 33/33 재연결 1회 틱 37,351 (마지막 0초전) · 감시 28 (틱수신 28 · 확정봉 196) 보유 5 신규 0/3 (일반 0/1) 대기 0 확인중 0 진입가능=시간전 미트리거 사유: 전일종가하회 9, 박스미돌파 6, 미눌림 5, 유지 3, 음봉 3
2026-09-21 09:24:01.491 | INFO     | stock_bot.swing.live:_note:413 - [paper] 트리거 감지 051160 FLOW_FORGN 유지 @12,170 → 미진입: 시간전
2026-09-21 09:26:27.679 | INFO     | stock_bot.swing.live:_eod_timer:728 - [paper] 0926 WS 연결 등록 33/33 재연결 1회 틱 40,790 (마지막 0초전) · 감시 28 (틱수신 28 · 확정봉 224) 보유 5 신규 0/3 (일반 0/1) 대기 0 확인중 0 진입가능=시간전 미트리거 사유: 전일종가하회 9, 박스미돌파 6, 미눌림 5, 유지 4, 음봉 2
2026-09-21 09:29:27.733 | INFO     | stock_bot.swing.live:_eod_timer:728 - [paper] 0929 WS 연결 등록 33/33 재연결 1회 틱 44,107 (마지막 0초전) · 감시 28 (틱수신 28 · 확정봉 252) 보유 5 신규 0/3 (일반 0/1) 대기 0 확인중 0 진입가능=시간전 미트리거 사유: 전일종가하회 9, 박스미돌파 6, 미눌림 5, 음봉 4, 유지 3
2026-09-21 09:30:00.494 | INFO     | stock_bot.swing.live:_maybe_enter:454 - [paper] 트리거 092870 FLOW_INST 유지 @38,200 종합 69 — 일반 등급(<80) → 다음 1봉 유지 확인 대기
2026-09-21 09:30:01.310 | INFO     | stock_bot.swing.live:_maybe_enter:454 - [paper] 트리거 280360 MEANREV 눌림반등 @128,200 종합 68 — 일반 등급(<80) → 다음 1봉 유지 확인 대기
2026-09-21 09:30:05.292 | INFO     | stock_bot.swing.live:_note:413 - [paper] 트리거 감지 016360 VALUE_PURE 유지 @86,400 종합 55 < 하한 60 → 점수보류
2026-09-21 09:30:10.413 | INFO     | stock_bot.swing.live:_maybe_enter:454 - [paper] 트리거 004490 MEANREV 눌림반등 @60,300 종합 68 — 일반 등급(<80) → 다음 1봉 유지 확인 대기
2026-09-21 09:30:38.200 | INFO     | stock_bot.swing.live:_maybe_enter:460 - [paper] 트리거 051160 FLOW_FORGN 유지 @12,310 종합 72 우선★ — 20초 모음 창 대기 (1건)
2026-09-21 09:30:58.686 | INFO     | stock_bot.swing.live:_flush_armed:476 - [paper] 진입 순서(우선 등급 → 종합점수순): 051160 72 우선★
2026-09-21 09:30:58.703 | INFO     | stock_bot.swing.live:_enter:497 - [paper] 진입 시도 051160 FLOW_FORGN 유지 @12,310 x406 종합 72 우선★
2026-09-21 09:30:58.711 | INFO     | stock_bot.swing.state:arm:46 - [paper] ARMED 051160 FLOW_FORGN trigger=유지 bar=0927 px=12310 x406 exit=stop20/tp15/trail8>0/t20/ma0 tier=priority score=72
2026-09-21 09:31:09.591 | INFO     | stock_bot.broker.kis:place_order:712 - order: buy 051160 406 -> 모의투자 매수주문이 완료 되었습니다.
2026-09-21 09:32:04.208 | INFO     | stock_bot.swing.orders:_place_market:197 - [paper] buy 051160 주문 0000010020 체결 406/406 @ 12,313
2026-09-21 09:32:04.212 | INFO     | stock_bot.swing.state:transition:57 - [paper] ARMED → ENTERED 051160 {'shares': 406, 'entry_px': 12313.0}
2026-09-21 09:32:04.215 | INFO     | stock_bot.swing.state:transition:57 - [paper] ENTERED → HOLDING 051160 {'shares': 406, 'entry_px': 12313.0}
2026-09-21 09:32:04.362 | INFO     | stock_bot.swing.live:_enter:558 - [paper] 진입 체결 051160 FLOW_FORGN 406주 @12,313 손절 9,850 익절 14,160 규칙 stop20/tp15/trail8>0/t20/ma0 우선★ (신규 1/3 일반 0/1)
2026-09-21 09:32:27.792 | INFO     | stock_bot.swing.live:_eod_timer:728 - [paper] 0932 WS 연결 등록 33/33 재연결 1회 틱 47,337 (마지막 0초전) · 감시 27 (틱수신 27 · 확정봉 270) 보유 6 신규 1/3 (일반 0/1) 대기 0 확인중 3 진입가능=OK 미트리거 사유: 전일종가하회 10, 박스미돌파 6, 미눌림 5, 음봉 3, 유지 2
2026-09-21 09:33:00.190 | INFO     | stock_bot.swing.live:_maybe_enter:460 - [paper] 트리거 096530 FLOW_BOTH 유지 @34,500 종합 72 우선★ — 20초 모음 창 대기 (1건)
2026-09-21 09:33:00.210 | INFO     | stock_bot.swing.live:_maybe_enter:460 - [paper] 트리거 332570 FLOW_BOTH 유지 @9,120 종합 73 우선★ — 20초 모음 창 대기 (2건)
2026-09-21 09:33:00.631 | INFO     | stock_bot.swing.live:_maybe_enter:428 - [paper] 일반 등급 280360 MEANREV 눌림반등 — 다음 봉 미유지(음봉) → 취소
2026-09-21 09:33:01.673 | INFO     | stock_bot.swing.live:_maybe_enter:458 - [paper] 일반 등급 092870 FLOW_INST 유지 — 다음 봉 유지 확인 → 진입 진행
2026-09-21 09:33:01.674 | INFO     | stock_bot.swing.live:_maybe_enter:460 - [paper] 트리거 092870 FLOW_INST 유지 @38,200 종합 69 일반 — 20초 모음 창 대기 (3건)
2026-09-21 09:33:15.540 | INFO     | stock_bot.swing.live:_maybe_enter:428 - [paper] 일반 등급 004490 MEANREV 눌림반등 — 다음 봉 미유지(음봉) → 취소
2026-09-21 09:33:20.704 | INFO     | stock_bot.swing.live:_flush_armed:476 - [paper] 진입 순서(우선 등급 → 종합점수순): 332570 73 우선★ > 096530 72 우선★ > 092870 69 일반
2026-09-21 09:33:20.708 | INFO     | stock_bot.swing.live:_enter:497 - [paper] 진입 시도 332570 FLOW_BOTH 유지 @9,120 x548 종합 73 우선★
2026-09-21 09:33:20.712 | INFO     | stock_bot.swing.state:arm:46 - [paper] ARMED 332570 FLOW_BOTH trigger=유지 bar=0930 px=9120 x548 exit=stop20/tp0/trail8>0/t20/ma0 tier=priority score=73
2026-09-21 09:33:30.012 | INFO     | stock_bot.broker.kis:place_order:712 - order: buy 332570 548 -> 모의투자 매수주문이 완료 되었습니다.
2026-09-21 09:33:43.130 | INFO     | stock_bot.swing.orders:_place_market:197 - [paper] buy 332570 주문 0000010453 체결 548/548 @ 9,119
2026-09-21 09:33:43.135 | INFO     | stock_bot.swing.state:transition:57 - [paper] ARMED → ENTERED 332570 {'shares': 548, 'entry_px': 9119.0}
2026-09-21 09:33:43.140 | INFO     | stock_bot.swing.state:transition:57 - [paper] ENTERED → HOLDING 332570 {'shares': 548, 'entry_px': 9119.0}
2026-09-21 09:33:43.191 | INFO     | stock_bot.swing.live:_enter:558 - [paper] 진입 체결 332570 FLOW_BOTH 548주 @9,119 손절 7,295 익절 없음 규칙 stop20/tp0/trail8>0/t20/ma0 우선★ (신규 2/3 일반 0/1)
2026-09-21 09:33:43.708 | INFO     | stock_bot.swing.live:_enter:497 - [paper] 진입 시도 096530 FLOW_BOTH 유지 @34,500 x144 종합 72 우선★
2026-09-21 09:33:43.712 | INFO     | stock_bot.swing.state:arm:46 - [paper] ARMED 096530 FLOW_BOTH trigger=유지 bar=0930 px=34500 x144 exit=stop20/tp0/trail8>0/t20/ma0 tier=priority score=72
2026-09-21 09:33:50.458 | INFO     | stock_bot.broker.kis:place_order:712 - order: buy 096530 144 -> 모의투자 매수주문이 완료 되었습니다.
2026-09-21 09:34:08.953 | INFO     | stock_bot.swing.orders:_place_market:197 - [paper] buy 096530 주문 0000010503 체결 144/144 @ 34,495
2026-09-21 09:34:08.959 | INFO     | stock_bot.swing.state:transition:57 - [paper] ARMED → ENTERED 096530 {'shares': 144, 'entry_px': 34495.0}
2026-09-21 09:34:08.963 | INFO     | stock_bot.swing.state:transition:57 - [paper] ENTERED → HOLDING 096530 {'shares': 144, 'entry_px': 34495.0}
2026-09-21 09:34:09.006 | INFO     | stock_bot.swing.live:_enter:558 - [paper] 진입 체결 096530 FLOW_BOTH 144주 @34,495 손절 27,596 익절 없음 규칙 stop20/tp0/trail8>0/t20/ma0 우선★ (신규 3/3 일반 0/1)
2026-09-21 09:34:09.483 | INFO     | stock_bot.swing.live:_note:413 - [paper] 092870 FLOW_INST 종합 69 일반 → 미진입: 일일한도 (점수 순 뒤로 밀림)
2026-09-21 09:35:27.849 | INFO     | stock_bot.swing.live:_eod_timer:728 - [paper] 0935 WS 연결 등록 33/33 재연결 1회 틱 50,631 (마지막 0초전) · 감시 25 (틱수신 25 · 확정봉 275) 보유 8 신규 3/3 (일반 0/1) 대기 0 확인중 0 진입가능=일일한도 미트리거 사유: 전일종가하회 9, 박스미돌파 6, 미눌림 5, 유지 2, 눌림반등 2
2026-09-21 09:36:10.576 | INFO     | stock_bot.swing.live:_note:413 - [paper] 트리거 감지 016360 VALUE_PURE 유지 @86,200 → 미진입: 일일한도
2026-09-21 09:38:27.911 | INFO     | stock_bot.swing.live:_eod_timer:728 - [paper] 0938 WS 연결 등록 33/33 재연결 1회 틱 53,620 (마지막 0초전) · 감시 25 (틱수신 25 · 확정봉 300) 보유 8 신규 3/3 (일반 0/1) 대기 0 확인중 0 진입가능=일일한도 미트리거 사유: 전일종가하회 8, 박스미돌파 6, 미눌림 5, 음봉 4, 유지 2
2026-09-21 09:39:01.389 | INFO     | stock_bot.swing.live:_note:413 - [paper] 트리거 감지 004370 MEANREV 눌림반등 @396,000 → 미진입: 일일한도
2026-09-21 09:39:33.881 | INFO     | stock_bot.swing.live:_note:413 - [paper] 트리거 감지 280360 MEANREV 눌림반등 @128,000 → 미진입: 일일한도
2026-09-21 09:41:27.973 | INFO     | stock_bot.swing.live:_eod_timer:728 - [paper] 0941 WS 연결 등록 33/33 재연결 1회 틱 56,570 (마지막 0초전) · 감시 25 (틱수신 25 · 확정봉 325) 보유 8 신규 3/3 (일반 0/1) 대기 0 확인중 0 진입가능=일일한도 미트리거 사유: 전일종가하회 8, 박스미돌파 6, 미눌림 5, 유지 2, 눌림반등 2
2026-09-21 09:44:28.024 | INFO     | stock_bot.swing.live:_eod_timer:728 - [paper] 0944 WS 연결 등록 33/33 재연결 1회 틱 59,472 (마지막 0초전) · 감시 25 (틱수신 25 · 확정봉 350) 보유 8 신규 3/3 (일반 0/1) 대기 0 확인중 0 진입가능=일일한도 미트리거 사유: 전일종가하회 7, 박스미돌파 6, 미눌림 5, 음봉 4, 유지 2
2026-09-21 09:45:00.696 | INFO     | stock_bot.swing.live:_note:413 - [paper] 트리거 감지 214450 FLOW_FORGN 유지 @326,500 → 미진입: 일일한도
2026-09-21 09:47:28.087 | INFO     | stock_bot.swing.live:_eod_timer:728 - [paper] 0947 WS 연결 등록 33/33 재연결 1회 틱 63,184 (마지막 0초전) · 감시 25 (틱수신 25 · 확정봉 375) 보유 8 신규 3/3 (일반 0/1) 대기 0 확인중 0 진입가능=일일한도 미트리거 사유: 전일종가하회 8, 박스미돌파 6, 미눌림 5, 유지 3, 눌림반등 2
2026-09-21 09:50:28.206 | INFO     | stock_bot.swing.live:_eod_timer:728 - [paper] 0950 WS 연결 등록 33/33 재연결 1회 틱 66,689 (마지막 0초전) · 감시 25 (틱수신 25 · 확정봉 400) 보유 8 신규 3/3 (일반 0/1) 대기 0 확인중 0 진입가능=일일한도 미트리거 사유: 전일종가하회 7, 박스미돌파 6, 미눌림 5, 유지 3, 음봉 3
2026-09-21 09:51:06.791 | INFO     | stock_bot.swing.live:_note:413 - [paper] 트리거 감지 004490 MEANREV 눌림반등 @59,900 → 미진입: 일일한도
2026-09-21 09:53:28.268 | INFO     | stock_bot.swing.live:_eod_timer:728 - [paper] 0953 WS 연결 등록 33/33 재연결 1회 틱 69,763 (마지막 0초전) · 감시 25 (틱수신 25 · 확정봉 425) 보유 8 신규 3/3 (일반 0/1) 대기 0 확인중 0 진입가능=일일한도 미트리거 사유: 전일종가하회 8, 박스미돌파 6, 미눌림 5, 음봉 3, 유지 2
2026-09-21 09:56:28.333 | INFO     | stock_bot.swing.live:_eod_timer:728 - [paper] 0956 WS 연결 등록 33/33 재연결 1회 틱 72,789 (마지막 0초전) · 감시 25 (틱수신 25 · 확정봉 450) 보유 8 신규 3/3 (일반 0/1) 대기 0 확인중 0 진입가능=일일한도 미트리거 사유: 전일종가하회 7, 박스미돌파 6, 미눌림 5, 음봉 4, 유지 2
2026-09-21 09:59:28.399 | INFO     | stock_bot.swing.live:_eod_timer:728 - [paper] 0959 WS 연결 등록 33/33 재연결 1회 틱 75,624 (마지막 0초전) · 감시 25 (틱수신 25 · 확정봉 475) 보유 8 신규 3/3 (일반 0/1) 대기 0 확인중 0 진입가능=일일한도 미트리거 사유: 전일종가하회 7, 박스미돌파 6, 미눌림 5, 음봉 4, 유지 3
2026-09-21 10:00:02.299 | WARNING  | stock_bot.broker.kis_ws:run:342 - 연결 끊김(2회차): ConnectionClosedError no close frame received or sent — 접속 유지 3599초, 1초 후 재접속
2026-09-21 10:00:02.301 | WARNING  | stock_bot.swing.live:on_gap:286 - [paper] WS 끊김 — 재접속 먼저, REST 백필 33종목은 백그라운드
2026-09-21 10:00:04.507 | INFO     | stock_bot.broker.kis_ws:_session:360 - ws 접속 ws://ops.koreainvestment.com:31000 (33종목)
2026-09-21 10:00:04.831 | INFO     | stock_bot.swing.live:on_tick:241 - [paper] WS 복구 — 틱 공백 3초
2026-09-21 10:00:04.893 | INFO     | stock_bot.broker.kis_ws:_register:265 - 등록 33/33건
2026-09-21 10:02:27.526 | INFO     | stock_bot.swing.live:_backfill:320 - [paper] REST 백필 완료 33/33종목 (실패 0) — 틱 공백 3초 · 세션 고저 갱신
2026-09-21 10:02:29.575 | INFO     | stock_bot.swing.live:_eod_timer:728 - [paper] 1002 WS 연결 등록 33/33 재연결 2회 틱 78,672 (마지막 0초전) · 감시 25 (틱수신 25 · 확정봉 500) 보유 8 신규 3/3 (일반 0/1) 대기 0 확인중 0 진입가능=일일한도 미트리거 사유: 전일종가하회 7, 박스미돌파 6, 미눌림 5, 음봉 4, 유지 3
2026-09-21 10:05:29.629 | INFO     | stock_bot.swing.live:_eod_timer:728 - [paper] 1005 WS 연결 등록 33/33 재연결 2회 틱 81,818 (마지막 0초전) · 감시 25 (틱수신 25 · 확정봉 525) 보유 8 신규 3/3 (일반 0/1) 대기 0 확인중 0 진입가능=일일한도 미트리거 사유: 전일종가하회 8, 박스미돌파 6, 미눌림 5, 유지 3, 음봉 2
2026-09-21 10:08:29.687 | INFO     | stock_bot.swing.live:_eod_timer:728 - [paper] 1008 WS 연결 등록 33/33 재연결 2회 틱 84,409 (마지막 0초전) · 감시 25 (틱수신 25 · 확정봉 550) 보유 8 신규 3/3 (일반 0/1) 대기 0 확인중 0 진입가능=일일한도 미트리거 사유: 전일종가하회 7, 박스미돌파 6, 미눌림 5, 음봉 3, 유지 3
2026-09-21 10:11:29.750 | INFO     | stock_bot.swing.live:_eod_timer:728 - [paper] 1011 WS 연결 등록 33/33 재연결 2회 틱 86,802 (마지막 0초전) · 감시 25 (틱수신 25 · 확정봉 575) 보유 8 신규 3/3 (일반 0/1) 대기 0 확인중 0 진입가능=일일한도 미트리거 사유: 전일종가하회 7, 박스미돌파 6, 미눌림 6, 유지 3, 음봉 2
2026-09-21 10:14:29.808 | INFO     | stock_bot.swing.live:_eod_timer:728 - [paper] 1014 WS 연결 등록 33/33 재연결 2회 틱 89,167 (마지막 0초전) · 감시 25 (틱수신 25 · 확정봉 600) 보유 8 신규 3/3 (일반 0/1) 대기 0 확인중 0 진입가능=일일한도 미트리거 사유: 전일종가하회 7, 박스미돌파 6, 미눌림 6, 유지 3, 눌림반등 2
2026-09-21 10:17:29.862 | INFO     | stock_bot.swing.live:_eod_timer:728 - [paper] 1017 WS 연결 등록 33/33 재연결 2회 틱 91,585 (마지막 0초전) · 감시 25 (틱수신 25 · 확정봉 625) 보유 8 신규 3/3 (일반 0/1) 대기 0 확인중 0 진입가능=일일한도 미트리거 사유: 전일종가하회 7, 박스미돌파 6, 미눌림 6, 유지 3, 눌림반등 2
2026-09-21 10:20:29.919 | INFO     | stock_bot.swing.live:_eod_timer:728 - [paper] 1020 WS 연결 등록 33/33 재연결 2회 틱 93,876 (마지막 0초전) · 감시 25 (틱수신 25 · 확정봉 650) 보유 8 신규 3/3 (일반 0/1) 대기 0 확인중 0 진입가능=일일한도 미트리거 사유: 박스미돌파 6, 미눌림 6, 전일종가하회 6, 유지 3, 눌림반등 2
2026-09-21 10:23:29.992 | INFO     | stock_bot.swing.live:_eod_timer:728 - [paper] 1023 WS 연결 등록 33/33 재연결 2회 틱 95,827 (마지막 0초전) · 감시 25 (틱수신 25 · 확정봉 675) 보유 8 신규 3/3 (일반 0/1) 대기 0 확인중 0 진입가능=일일한도 미트리거 사유: 전일종가하회 7, 박스미돌파 6, 미눌림 6, 유지 3, 음봉 3
2026-09-21 10:26:30.055 | INFO     | stock_bot.swing.live:_eod_timer:728 - [paper] 1026 WS 연결 등록 33/33 재연결 2회 틱 97,932 (마지막 0초전) · 감시 25 (틱수신 25 · 확정봉 700) 보유 8 신규 3/3 (일반 0/1) 대기 0 확인중 0 진입가능=일일한도 미트리거 사유: 전일종가하회 7, 박스미돌파 6, 미눌림 6, 유지 3, 음봉 3
2026-09-21 10:29:30.117 | INFO     | stock_bot.swing.live:_eod_timer:728 - [paper] 1029 WS 연결 등록 33/33 재연결 2회 틱 100,029 (마지막 0초전) · 감시 25 (틱수신 25 · 확정봉 725) 보유 8 신규 3/3 (일반 0/1) 대기 0 확인중 0 진입가능=일일한도 미트리거 사유: 미눌림 7, 박스미돌파 6, 전일종가하회 6, 유지 3, 눌림반등 2
2026-09-21 10:32:30.176 | INFO     | stock_bot.swing.live:_eod_timer:728 - [paper] 1032 WS 연결 등록 33/33 재연결 2회 틱 102,119 (마지막 0초전) · 감시 25 (틱수신 25 · 확정봉 750) 보유 8 신규 3/3 (일반 0/1) 대기 0 확인중 0 진입가능=일일한도 미트리거 사유: 미눌림 7, 박스미돌파 6, 전일종가하회 6, 유지 3, 음봉 3
2026-09-21 10:35:30.229 | INFO     | stock_bot.swing.live:_eod_timer:728 - [paper] 1035 WS 연결 등록 33/33 재연결 2회 틱 103,997 (마지막 0초전) · 감시 25 (틱수신 25 · 확정봉 775) 보유 8 신규 3/3 (일반 0/1) 대기 0 확인중 0 진입가능=일일한도 미트리거 사유: 미눌림 7, 박스미돌파 6, 전일종가하회 6, 유지 3, 음봉 2
2026-09-21 10:38:30.279 | INFO     | stock_bot.swing.live:_eod_timer:728 - [paper] 1038 WS 연결 등록 33/33 재연결 2회 틱 105,756 (마지막 0초전) · 감시 25 (틱수신 25 · 확정봉 800) 보유 8 신규 3/3 (일반 0/1) 대기 0 확인중 0 진입가능=일일한도 미트리거 사유: 전일종가하회 7, 박스미돌파 6, 미눌림 6, 유지 3, 음봉 2
2026-09-21 10:41:30.333 | INFO     | stock_bot.swing.live:_eod_timer:728 - [paper] 1041 WS 연결 등록 33/33 재연결 2회 틱 107,449 (마지막 0초전) · 감시 25 (틱수신 25 · 확정봉 825) 보유 8 신규 3/3 (일반 0/1) 대기 0 확인중 0 진입가능=일일한도 미트리거 사유: 박스미돌파 6, 미눌림 6, 전일종가하회 6, 유지 3, 눌림반등 2
2026-09-21 10:44:30.385 | INFO     | stock_bot.swing.live:_eod_timer:728 - [paper] 1044 WS 연결 등록 33/33 재연결 2회 틱 109,108 (마지막 0초전) · 감시 25 (틱수신 25 · 확정봉 850) 보유 8 신규 3/3 (일반 0/1) 대기 0 확인중 0 진입가능=일일한도 미트리거 사유: 박스미돌파 6, 미눌림 6, 전일종가하회 6, 음봉 4, 유지 3
2026-09-21 10:47:30.439 | INFO     | stock_bot.swing.live:_eod_timer:728 - [paper] 1047 WS 연결 등록 33/33 재연결 2회 틱 110,839 (마지막 0초전) · 감시 25 (틱수신 25 · 확정봉 875) 보유 8 신규 3/3 (일반 0/1) 대기 0 확인중 0 진입가능=일일한도 미트리거 사유: 전일종가하회 7, 박스미돌파 6, 미눌림 6, 유지 2, 눌림반등 2
2026-09-21 10:50:30.490 | INFO     | stock_bot.swing.live:_eod_timer:728 - [paper] 1050 WS 연결 등록 33/33 재연결 2회 틱 112,554 (마지막 0초전) · 감시 25 (틱수신 25 · 확정봉 900) 보유 8 신규 3/3 (일반 0/1) 대기 0 확인중 0 진입가능=일일한도 미트리거 사유: 박스미돌파 6, 미눌림 6, 전일종가하회 6, 유지 3, 눌림반등 3
2026-09-21 10:53:30.542 | INFO     | stock_bot.swing.live:_eod_timer:728 - [paper] 1053 WS 연결 등록 33/33 재연결 2회 틱 114,291 (마지막 0초전) · 감시 25 (틱수신 25 · 확정봉 925) 보유 8 신규 3/3 (일반 0/1) 대기 0 확인중 0 진입가능=일일한도 미트리거 사유: 박스미돌파 6, 미눌림 6, 전일종가하회 6, 음봉 4, 유지 3
2026-09-21 10:56:30.595 | INFO     | stock_bot.swing.live:_eod_timer:728 - [paper] 1056 WS 연결 등록 33/33 재연결 2회 틱 116,111 (마지막 0초전) · 감시 25 (틱수신 25 · 확정봉 950) 보유 8 신규 3/3 (일반 0/1) 대기 0 확인중 0 진입가능=일일한도 미트리거 사유: 박스미돌파 6, 미눌림 6, 전일종가하회 6, 음봉 4, 유지 3
2026-09-21 10:59:30.646 | INFO     | stock_bot.swing.live:_eod_timer:728 - [paper] 1059 WS 연결 등록 33/33 재연결 2회 틱 117,853 (마지막 0초전) · 감시 25 (틱수신 25 · 확정봉 975) 보유 8 신규 3/3 (일반 0/1) 대기 0 확인중 0 진입가능=일일한도 미트리거 사유: 박스미돌파 6, 미눌림 6, 전일종가하회 6, 음봉 4, 유지 3
2026-09-21 11:00:01.273 | WARNING  | stock_bot.broker.kis_ws:run:342 - 연결 끊김(3회차): ConnectionClosedError no close frame received or sent — 접속 유지 3598초, 1초 후 재접속
2026-09-21 11:00:01.274 | WARNING  | stock_bot.swing.live:on_gap:286 - [paper] WS 끊김 — 재접속 먼저, REST 백필 33종목은 백그라운드
2026-09-21 11:00:02.874 | INFO     | stock_bot.broker.kis_ws:_session:360 - ws 접속 ws://ops.koreainvestment.com:31000 (33종목)
2026-09-21 11:00:03.267 | INFO     | stock_bot.broker.kis_ws:_register:265 - 등록 33/33건
2026-09-21 11:00:03.432 | INFO     | stock_bot.swing.live:on_tick:241 - [paper] WS 복구 — 틱 공백 2초
2026-09-21 11:01:45.986 | INFO     | stock_bot.swing.live:_backfill:320 - [paper] REST 백필 완료 33/33종목 (실패 0) — 틱 공백 2초 · 세션 고저 갱신
2026-09-21 11:02:30.707 | INFO     | stock_bot.swing.live:_eod_timer:728 - [paper] 1102 WS 연결 등록 33/33 재연결 3회 틱 119,507 (마지막 0초전) · 감시 25 (틱수신 25 · 확정봉 1000) 보유 8 신규 3/3 (일반 0/1) 대기 0 확인중 0 진입가능=일일한도 미트리거 사유: 박스미돌파 6, 미눌림 6, 전일종가하회 6, 유지 3, 음봉 3
2026-09-21 11:03:05.495 | INFO     | stock_bot.swing.live:_note:413 - [paper] 트리거 감지 005830 VALUE_PURE 유지 @189,000 → 미진입: 일일한도
2026-09-21 11:05:30.762 | INFO     | stock_bot.swing.live:_eod_timer:728 - [paper] 1105 WS 연결 등록 33/33 재연결 3회 틱 121,103 (마지막 0초전) · 감시 25 (틱수신 25 · 확정봉 1025) 보유 8 신규 3/3 (일반 0/1) 대기 0 확인중 0 진입가능=일일한도 미트리거 사유: 박스미돌파 6, 미눌림 6, 전일종가하회 5, 유지 4, 눌림반등 2
2026-09-21 11:08:30.820 | INFO     | stock_bot.swing.live:_eod_timer:728 - [paper] 1108 WS 연결 등록 33/33 재연결 3회 틱 122,659 (마지막 0초전) · 감시 25 (틱수신 25 · 확정봉 1050) 보유 8 신규 3/3 (일반 0/1) 대기 0 확인중 0 진입가능=일일한도 미트리거 사유: 박스미돌파 6, 미눌림 6, 전일종가하회 5, 유지 4, 눌림반등 2
2026-09-21 11:11:30.877 | INFO     | stock_bot.swing.live:_eod_timer:728 - [paper] 1111 WS 연결 등록 33/33 재연결 3회 틱 124,217 (마지막 0초전) · 감시 25 (틱수신 25 · 확정봉 1075) 보유 8 신규 3/3 (일반 0/1) 대기 0 확인중 0 진입가능=일일한도 미트리거 사유: 박스미돌파 6, 미눌림 6, 전일종가하회 5, 유지 4, 음봉 3
2026-09-21 11:14:30.930 | INFO     | stock_bot.swing.live:_eod_timer:728 - [paper] 1114 WS 연결 등록 33/33 재연결 3회 틱 126,056 (마지막 0초전) · 감시 25 (틱수신 25 · 확정봉 1100) 보유 8 신규 3/3 (일반 0/1) 대기 0 확인중 0 진입가능=일일한도 미트리거 사유: 전일종가하회 7, 박스미돌파 6, 미눌림 6, 유지 4, 눌림반등 1
2026-09-21 11:17:30.987 | INFO     | stock_bot.swing.live:_eod_timer:728 - [paper] 1117 WS 연결 등록 33/33 재연결 3회 틱 128,228 (마지막 0초전) · 감시 25 (틱수신 25 · 확정봉 1125) 보유 8 신규 3/3 (일반 0/1) 대기 0 확인중 0 진입가능=일일한도 미트리거 사유: 박스미돌파 6, 미눌림 6, 전일종가하회 6, 유지 4, 음봉 2
2026-09-21 11:20:31.041 | INFO     | stock_bot.swing.live:_eod_timer:728 - [paper] 1120 WS 연결 등록 33/33 재연결 3회 틱 130,460 (마지막 0초전) · 감시 25 (틱수신 25 · 확정봉 1150) 보유 8 신규 3/3 (일반 0/1) 대기 0 확인중 0 진입가능=일일한도 미트리거 사유: 박스미돌파 6, 미눌림 6, 전일종가하회 5, 유지 4, 음봉 4
2026-09-21 11:23:31.089 | INFO     | stock_bot.swing.live:_eod_timer:728 - [paper] 1123 WS 연결 등록 33/33 재연결 3회 틱 132,209 (마지막 0초전) · 감시 25 (틱수신 25 · 확정봉 1175) 보유 8 신규 3/3 (일반 0/1) 대기 0 확인중 0 진입가능=일일한도 미트리거 사유: 전일종가하회 7, 박스미돌파 6, 미눌림 6, 유지 2, 눌림반등 2
2026-09-21 11:26:31.145 | INFO     | stock_bot.swing.live:_eod_timer:728 - [paper] 1126 WS 연결 등록 33/33 재연결 3회 틱 133,907 (마지막 0초전) · 감시 25 (틱수신 25 · 확정봉 1200) 보유 8 신규 3/3 (일반 0/1) 대기 0 확인중 0 진입가능=일일한도 미트리거 사유: 박스미돌파 6, 미눌림 6, 전일종가하회 6, 음봉 3, 유지 2
2026-09-21 11:29:31.339 | INFO     | stock_bot.swing.live:_eod_timer:728 - [paper] 1129 WS 연결 등록 33/33 재연결 3회 틱 135,406 (마지막 0초전) · 감시 25 (틱수신 25 · 확정봉 1225) 보유 8 신규 3/3 (일반 0/1) 대기 0 확인중 0 진입가능=일일한도 미트리거 사유: 박스미돌파 6, 미눌림 6, 전일종가하회 5, 음봉 3, 유지 3
2026-09-21 11:32:31.439 | INFO     | stock_bot.swing.live:_eod_timer:728 - [paper] 1132 WS 연결 등록 33/33 재연결 3회 틱 136,859 (마지막 0초전) · 감시 25 (틱수신 25 · 확정봉 1250) 보유 8 신규 3/3 (일반 0/1) 대기 0 확인중 0 진입가능=일일한도 미트리거 사유: 박스미돌파 6, 미눌림 6, 전일종가하회 6, 눌림반등 3, 유지 2
2026-09-21 11:35:31.549 | INFO     | stock_bot.swing.live:_eod_timer:728 - [paper] 1135 WS 연결 등록 33/33 재연결 3회 틱 138,280 (마지막 0초전) · 감시 25 (틱수신 25 · 확정봉 1275) 보유 8 신규 3/3 (일반 0/1) 대기 0 확인중 0 진입가능=일일한도 미트리거 사유: 전일종가하회 7, 박스미돌파 6, 미눌림 6, 음봉 2, 유지 2
2026-09-21 11:38:31.607 | INFO     | stock_bot.swing.live:_eod_timer:728 - [paper] 1138 WS 연결 등록 33/33 재연결 3회 틱 139,740 (마지막 0초전) · 감시 25 (틱수신 25 · 확정봉 1300) 보유 8 신규 3/3 (일반 0/1) 대기 0 확인중 0 진입가능=일일한도 미트리거 사유: 박스미돌파 6, 미눌림 6, 전일종가하회 6, 음봉 3, 유지 2
2026-09-21 11:41:31.667 | INFO     | stock_bot.swing.live:_eod_timer:728 - [paper] 1141 WS 연결 등록 33/33 재연결 3회 틱 141,193 (마지막 0초전) · 감시 25 (틱수신 25 · 확정봉 1325) 보유 8 신규 3/3 (일반 0/1) 대기 0 확인중 0 진입가능=일일한도 미트리거 사유: 박스미돌파 6, 미눌림 6, 전일종가하회 6, 음봉 4, 유지 2
2026-09-21 11:44:31.727 | INFO     | stock_bot.swing.live:_eod_timer:728 - [paper] 1144 WS 연결 등록 33/33 재연결 3회 틱 142,538 (마지막 0초전) · 감시 25 (틱수신 25 · 확정봉 1350) 보유 8 신규 3/3 (일반 0/1) 대기 0 확인중 0 진입가능=일일한도 미트리거 사유: 전일종가하회 7, 박스미돌파 6, 미눌림 6, 유지 2, 음봉 2
2026-09-21 11:47:31.782 | INFO     | stock_bot.swing.live:_eod_timer:728 - [paper] 1147 WS 연결 등록 33/33 재연결 3회 틱 143,817 (마지막 0초전) · 감시 25 (틱수신 25 · 확정봉 1375) 보유 8 신규 3/3 (일반 0/1) 대기 0 확인중 0 진입가능=일일한도 미트리거 사유: 박스미돌파 6, 미눌림 6, 전일종가하회 6, 음봉 3, 유지 2
2026-09-21 11:50:31.836 | INFO     | stock_bot.swing.live:_eod_timer:728 - [paper] 1150 WS 연결 등록 33/33 재연결 3회 틱 145,050 (마지막 0초전) · 감시 25 (틱수신 25 · 확정봉 1400) 보유 8 신규 3/3 (일반 0/1) 대기 0 확인중 0 진입가능=일일한도 미트리거 사유: 박스미돌파 6, 미눌림 6, 전일종가하회 6, 눌림반등 2, 유지 2
2026-09-21 11:53:31.887 | INFO     | stock_bot.swing.live:_eod_timer:728 - [paper] 1153 WS 연결 등록 33/33 재연결 3회 틱 146,393 (마지막 0초전) · 감시 25 (틱수신 25 · 확정봉 1425) 보유 8 신규 3/3 (일반 0/1) 대기 0 확인중 0 진입가능=일일한도 미트리거 사유: 전일종가하회 7, 박스미돌파 6, 미눌림 6, 음봉 2, 유지 2
2026-09-21 11:56:31.943 | INFO     | stock_bot.swing.live:_eod_timer:728 - [paper] 1156 WS 연결 등록 33/33 재연결 3회 틱 147,690 (마지막 0초전) · 감시 25 (틱수신 25 · 확정봉 1450) 보유 8 신규 3/3 (일반 0/1) 대기 0 확인중 0 진입가능=일일한도 미트리거 사유: 박스미돌파 6, 미눌림 6, 전일종가하회 6, 음봉 3, 유지 2
2026-09-21 11:59:31.998 | INFO     | stock_bot.swing.live:_eod_timer:728 - [paper] 1159 WS 연결 등록 33/33 재연결 3회 틱 149,055 (마지막 0초전) · 감시 25 (틱수신 25 · 확정봉 1475) 보유 8 신규 3/3 (일반 0/1) 대기 0 확인중 0 진입가능=일일한도 미트리거 사유: 박스미돌파 6, 미눌림 6, 전일종가하회 6, 음봉 4, 유지 2
2026-09-21 12:00:01.304 | WARNING  | stock_bot.broker.kis_ws:run:342 - 연결 끊김(4회차): ConnectionClosedError no close frame received or sent — 접속 유지 3599초, 1초 후 재접속
2026-09-21 12:00:01.312 | WARNING  | stock_bot.swing.live:on_gap:286 - [paper] WS 끊김 — 재접속 먼저, REST 백필 33종목은 백그라운드
2026-09-21 12:00:02.962 | INFO     | stock_bot.broker.kis_ws:_session:360 - ws 접속 ws://ops.koreainvestment.com:31000 (33종목)
2026-09-21 12:00:03.195 | INFO     | stock_bot.swing.live:on_tick:241 - [paper] WS 복구 — 틱 공백 2초
2026-09-21 12:00:03.486 | INFO     | stock_bot.broker.kis_ws:_register:265 - 등록 33/33건
2026-09-21 12:02:07.153 | INFO     | stock_bot.swing.live:_backfill:320 - [paper] REST 백필 완료 33/33종목 (실패 0) — 틱 공백 2초 · 세션 고저 갱신
2026-09-21 12:02:32.050 | INFO     | stock_bot.swing.live:_eod_timer:728 - [paper] 1202 WS 연결 등록 33/33 재연결 4회 틱 150,446 (마지막 0초전) · 감시 25 (틱수신 25 · 확정봉 1500) 보유 8 신규 3/3 (일반 0/1) 대기 0 확인중 0 진입가능=일일한도 미트리거 사유: 박스미돌파 6, 전일종가하회 6, 미눌림 5, 음봉 4, 유지 2
2026-09-21 12:05:32.106 | INFO     | stock_bot.swing.live:_eod_timer:728 - [paper] 1205 WS 연결 등록 33/33 재연결 4회 틱 151,790 (마지막 0초전) · 감시 25 (틱수신 25 · 확정봉 1525) 보유 8 신규 3/3 (일반 0/1) 대기 0 확인중 0 진입가능=일일한도 미트리거 사유: 박스미돌파 6, 전일종가하회 6, 미눌림 5, 음봉 5, 유지 2
2026-09-21 12:08:32.159 | INFO     | stock_bot.swing.live:_eod_timer:728 - [paper] 1208 WS 연결 등록 33/33 재연결 4회 틱 153,007 (마지막 0초전) · 감시 25 (틱수신 25 · 확정봉 1550) 보유 8 신규 3/3 (일반 0/1) 대기 0 확인중 0 진입가능=일일한도 미트리거 사유: 박스미돌파 6, 전일종가하회 6, 미눌림 5, 음봉 3, 유지 2
2026-09-21 12:11:32.212 | INFO     | stock_bot.swing.live:_eod_timer:728 - [paper] 1211 WS 연결 등록 33/33 재연결 4회 틱 154,266 (마지막 0초전) · 감시 25 (틱수신 25 · 확정봉 1575) 보유 8 신규 3/3 (일반 0/1) 대기 0 확인중 0 진입가능=일일한도 미트리거 사유: 전일종가하회 7, 박스미돌파 6, 미눌림 5, 음봉 3, 유지 2
2026-09-21 12:14:32.265 | INFO     | stock_bot.swing.live:_eod_timer:728 - [paper] 1214 WS 연결 등록 33/33 재연결 4회 틱 155,580 (마지막 0초전) · 감시 25 (틱수신 25 · 확정봉 1600) 보유 8 신규 3/3 (일반 0/1) 대기 0 확인중 0 진입가능=일일한도 미트리거 사유: 박스미돌파 6, 전일종가하회 6, 미눌림 5, 음봉 4, 유지 2
2026-09-21 12:17:32.318 | INFO     | stock_bot.swing.live:_eod_timer:728 - [paper] 1217 WS 연결 등록 33/33 재연결 4회 틱 156,981 (마지막 0초전) · 감시 25 (틱수신 25 · 확정봉 1625) 보유 8 신규 3/3 (일반 0/1) 대기 0 확인중 0 진입가능=일일한도 미트리거 사유: 전일종가하회 7, 박스미돌파 6, 미눌림 5, 음봉 3, 유지 2
2026-09-21 12:20:32.370 | INFO     | stock_bot.swing.live:_eod_timer:728 - [paper] 1220 WS 연결 등록 33/33 재연결 4회 틱 158,986 (마지막 0초전) · 감시 25 (틱수신 25 · 확정봉 1650) 보유 8 신규 3/3 (일반 0/1) 대기 0 확인중 0 진입가능=일일한도 미트리거 사유: 전일종가하회 8, 박스미돌파 6, 미눌림 5, 음봉 2, 유지 2
2026-09-21 12:23:32.421 | INFO     | stock_bot.swing.live:_eod_timer:728 - [paper] 1223 WS 연결 등록 33/33 재연결 4회 틱 160,274 (마지막 0초전) · 감시 25 (틱수신 25 · 확정봉 1675) 보유 8 신규 3/3 (일반 0/1) 대기 0 확인중 0 진입가능=일일한도 미트리거 사유: 전일종가하회 7, 박스미돌파 6, 미눌림 5, 음봉 3, 유지 2
2026-09-21 12:26:32.474 | INFO     | stock_bot.swing.live:_eod_timer:728 - [paper] 1226 WS 연결 등록 33/33 재연결 4회 틱 161,639 (마지막 0초전) · 감시 25 (틱수신 25 · 확정봉 1700) 보유 8 신규 3/3 (일반 0/1) 대기 0 확인중 0 진입가능=일일한도 미트리거 사유: 전일종가하회 7, 박스미돌파 6, 미눌림 5, 음봉 4, 유지 2
2026-09-21 12:29:32.523 | INFO     | stock_bot.swing.live:_eod_timer:728 - [paper] 1229 WS 연결 등록 33/33 재연결 4회 틱 163,004 (마지막 0초전) · 감시 25 (틱수신 25 · 확정봉 1725) 보유 8 신규 3/3 (일반 0/1) 대기 0 확인중 0 진입가능=일일한도 미트리거 사유: 전일종가하회 7, 박스미돌파 6, 미눌림 5, 음봉 4, 유지 2
2026-09-21 12:32:32.577 | INFO     | stock_bot.swing.live:_eod_timer:728 - [paper] 1232 WS 연결 등록 33/33 재연결 4회 틱 164,269 (마지막 0초전) · 감시 25 (틱수신 25 · 확정봉 1750) 보유 8 신규 3/3 (일반 0/1) 대기 0 확인중 0 진입가능=일일한도 미트리거 사유: 전일종가하회 8, 박스미돌파 6, 미눌림 5, 음봉 4, 유지 2
2026-09-21 12:35:32.627 | INFO     | stock_bot.swing.live:_eod_timer:728 - [paper] 1235 WS 연결 등록 33/33 재연결 4회 틱 165,782 (마지막 0초전) · 감시 25 (틱수신 25 · 확정봉 1775) 보유 8 신규 3/3 (일반 0/1) 대기 0 확인중 0 진입가능=일일한도 미트리거 사유: 전일종가하회 8, 박스미돌파 6, 미눌림 5, 음봉 3, 유지 2
2026-09-21 12:38:32.903 | INFO     | stock_bot.swing.live:_eod_timer:728 - [paper] 1238 WS 연결 등록 33/33 재연결 4회 틱 167,115 (마지막 0초전) · 감시 25 (틱수신 25 · 확정봉 1800) 보유 8 신규 3/3 (일반 0/1) 대기 0 확인중 0 진입가능=일일한도 미트리거 사유: 전일종가하회 8, 박스미돌파 6, 미눌림 5, 음봉 3, 유지 2
2026-09-21 12:41:33.407 | INFO     | stock_bot.swing.live:_eod_timer:728 - [paper] 1241 WS 연결 등록 33/33 재연결 4회 틱 168,451 (마지막 0초전) · 감시 25 (틱수신 25 · 확정봉 1825) 보유 8 신규 3/3 (일반 0/1) 대기 0 확인중 0 진입가능=일일한도 미트리거 사유: 전일종가하회 7, 박스미돌파 6, 미눌림 5, 음봉 4, 유지 3
2026-09-21 12:44:33.475 | INFO     | stock_bot.swing.live:_eod_timer:728 - [paper] 1244 WS 연결 등록 33/33 재연결 4회 틱 169,709 (마지막 0초전) · 감시 25 (틱수신 25 · 확정봉 1850) 보유 8 신규 3/3 (일반 0/1) 대기 0 확인중 0 진입가능=일일한도 미트리거 사유: 전일종가하회 7, 박스미돌파 6, 미눌림 5, 음봉 5, 유지 2
2026-09-21 12:47:33.536 | INFO     | stock_bot.swing.live:_eod_timer:728 - [paper] 1247 WS 연결 등록 33/33 재연결 4회 틱 170,996 (마지막 0초전) · 감시 25 (틱수신 25 · 확정봉 1875) 보유 8 신규 3/3 (일반 0/1) 대기 0 확인중 0 진입가능=일일한도 미트리거 사유: 전일종가하회 7, 박스미돌파 6, 미눌림 5, 음봉 4, 유지 3
2026-09-21 12:50:33.612 | INFO     | stock_bot.swing.live:_eod_timer:728 - [paper] 1250 WS 연결 등록 33/33 재연결 4회 틱 172,339 (마지막 0초전) · 감시 25 (틱수신 25 · 확정봉 1900) 보유 8 신규 3/3 (일반 0/1) 대기 0 확인중 0 진입가능=일일한도 미트리거 사유: 전일종가하회 7, 박스미돌파 6, 미눌림 5, 음봉 4, 유지 3
2026-09-21 12:53:33.669 | INFO     | stock_bot.swing.live:_eod_timer:728 - [paper] 1253 WS 연결 등록 33/33 재연결 4회 틱 173,835 (마지막 0초전) · 감시 25 (틱수신 25 · 확정봉 1925) 보유 8 신규 3/3 (일반 0/1) 대기 0 확인중 0 진입가능=일일한도 미트리거 사유: 전일종가하회 7, 박스미돌파 6, 미눌림 5, 유지 3, 눌림반등 2
2026-09-21 12:56:33.725 | INFO     | stock_bot.swing.live:_eod_timer:728 - [paper] 1256 WS 연결 등록 33/33 재연결 4회 틱 175,182 (마지막 1초전) · 감시 25 (틱수신 25 · 확정봉 1950) 보유 8 신규 3/3 (일반 0/1) 대기 0 확인중 0 진입가능=일일한도 미트리거 사유: 전일종가하회 8, 박스미돌파 6, 미눌림 5, 유지 3, 음봉 3
2026-09-21 12:59:33.780 | INFO     | stock_bot.swing.live:_eod_timer:728 - [paper] 1259 WS 연결 등록 33/33 재연결 4회 틱 176,338 (마지막 0초전) · 감시 25 (틱수신 25 · 확정봉 1975) 보유 8 신규 3/3 (일반 0/1) 대기 0 확인중 0 진입가능=일일한도 미트리거 사유: 박스미돌파 6, 전일종가하회 6, 미눌림 5, 음봉 5, 유지 3
2026-09-21 13:00:01.309 | WARNING  | stock_bot.broker.kis_ws:run:342 - 연결 끊김(5회차): ConnectionClosedError no close frame received or sent — 접속 유지 3599초, 1초 후 재접속
2026-09-21 13:00:01.310 | WARNING  | stock_bot.swing.live:on_gap:286 - [paper] WS 끊김 — 재접속 먼저, REST 백필 33종목은 백그라운드
2026-09-21 13:00:06.378 | INFO     | stock_bot.broker.kis_ws:_session:360 - ws 접속 ws://ops.koreainvestment.com:31000 (33종목)
2026-09-21 13:00:06.663 | INFO     | stock_bot.broker.kis_ws:_register:265 - 등록 33/33건
2026-09-21 13:00:06.746 | INFO     | stock_bot.swing.live:on_tick:241 - [paper] WS 복구 — 틱 공백 5초
2026-09-21 13:02:36.446 | INFO     | stock_bot.swing.live:_eod_timer:728 - [paper] 1302 WS 연결 등록 33/33 재연결 5회 틱 177,634 (마지막 0초전) · 감시 25 (틱수신 25 · 확정봉 2000) 보유 8 신규 3/3 (일반 0/1) 대기 0 확인중 0 진입가능=일일한도 미트리거 사유: 전일종가하회 7, 박스미돌파 6, 미눌림 5, 음봉 4, 유지 3
2026-09-21 13:02:36.584 | INFO     | stock_bot.swing.live:_backfill:320 - [paper] REST 백필 완료 33/33종목 (실패 0) — 틱 공백 5초 · 세션 고저 갱신
2026-09-21 13:05:36.502 | INFO     | stock_bot.swing.live:_eod_timer:728 - [paper] 1305 WS 연결 등록 33/33 재연결 5회 틱 179,030 (마지막 0초전) · 감시 25 (틱수신 25 · 확정봉 2025) 보유 8 신규 3/3 (일반 0/1) 대기 0 확인중 0 진입가능=일일한도 미트리거 사유: 박스미돌파 6, 전일종가하회 6, 미눌림 5, 음봉 4, 유지 3
2026-09-21 13:08:36.561 | INFO     | stock_bot.swing.live:_eod_timer:728 - [paper] 1308 WS 연결 등록 33/33 재연결 5회 틱 180,445 (마지막 0초전) · 감시 25 (틱수신 25 · 확정봉 2050) 보유 8 신규 3/3 (일반 0/1) 대기 0 확인중 0 진입가능=일일한도 미트리거 사유: 전일종가하회 7, 박스미돌파 6, 미눌림 5, 유지 3, 음봉 2
2026-09-21 13:11:36.618 | INFO     | stock_bot.swing.live:_eod_timer:728 - [paper] 1311 WS 연결 등록 33/33 재연결 5회 틱 181,808 (마지막 0초전) · 감시 25 (틱수신 25 · 확정봉 2075) 보유 8 신규 3/3 (일반 0/1) 대기 0 확인중 0 진입가능=일일한도 미트리거 사유: 전일종가하회 8, 박스미돌파 6, 미눌림 5, 유지 2, 눌림반등 2
2026-09-21 13:14:36.668 | INFO     | stock_bot.swing.live:_eod_timer:728 - [paper] 1314 WS 연결 등록 33/33 재연결 5회 틱 183,079 (마지막 0초전) · 감시 25 (틱수신 25 · 확정봉 2100) 보유 8 신규 3/3 (일반 0/1) 대기 0 확인중 0 진입가능=일일한도 미트리거 사유: 전일종가하회 7, 박스미돌파 6, 미눌림 5, 유지 3, 눌림반등 2
2026-09-21 13:17:36.725 | INFO     | stock_bot.swing.live:_eod_timer:728 - [paper] 1317 WS 연결 등록 33/33 재연결 5회 틱 184,431 (마지막 0초전) · 감시 25 (틱수신 25 · 확정봉 2125) 보유 8 신규 3/3 (일반 0/1) 대기 0 확인중 0 진입가능=일일한도 미트리거 사유: 전일종가하회 7, 박스미돌파 6, 음봉 6, 미눌림 4, 유지 2
2026-09-21 13:20:36.778 | INFO     | stock_bot.swing.live:_eod_timer:728 - [paper] 1320 WS 연결 등록 33/33 재연결 5회 틱 185,913 (마지막 0초전) · 감시 25 (틱수신 25 · 확정봉 2150) 보유 8 신규 3/3 (일반 0/1) 대기 0 확인중 0 진입가능=일일한도 미트리거 사유: 박스미돌파 6, 전일종가하회 6, 미눌림 5, 음봉 4, 유지 3
2026-09-21 13:23:36.831 | INFO     | stock_bot.swing.live:_eod_timer:728 - [paper] 1323 WS 연결 등록 33/33 재연결 5회 틱 187,913 (마지막 0초전) · 감시 25 (틱수신 25 · 확정봉 2175) 보유 8 신규 3/3 (일반 0/1) 대기 0 확인중 0 진입가능=일일한도 미트리거 사유: 박스미돌파 6, 전일종가하회 6, 미눌림 5, 음봉 4, 유지 3
2026-09-21 13:26:36.882 | INFO     | stock_bot.swing.live:_eod_timer:728 - [paper] 1326 WS 연결 등록 33/33 재연결 5회 틱 189,691 (마지막 0초전) · 감시 25 (틱수신 25 · 확정봉 2200) 보유 8 신규 3/3 (일반 0/1) 대기 0 확인중 0 진입가능=일일한도 미트리거 사유: 전일종가하회 7, 박스미돌파 6, 미눌림 5, 음봉 3, 유지 2
2026-09-21 13:29:36.935 | INFO     | stock_bot.swing.live:_eod_timer:728 - [paper] 1329 WS 연결 등록 33/33 재연결 5회 틱 191,385 (마지막 0초전) · 감시 25 (틱수신 25 · 확정봉 2224) 보유 8 신규 3/3 (일반 0/1) 대기 0 확인중 0 진입가능=일일한도 미트리거 사유: 전일종가하회 7, 박스미돌파 6, 미눌림 5, 음봉 5, 유지 2
2026-09-21 13:32:36.985 | INFO     | stock_bot.swing.live:_eod_timer:728 - [paper] 1332 WS 연결 등록 33/33 재연결 5회 틱 193,394 (마지막 0초전) · 감시 25 (틱수신 25 · 확정봉 2249) 보유 8 신규 3/3 (일반 0/1) 대기 0 확인중 0 진입가능=일일한도 미트리거 사유: 전일종가하회 8, 박스미돌파 6, 미눌림 5, 음봉 2, 유지 2
2026-09-21 13:35:37.035 | INFO     | stock_bot.swing.live:_eod_timer:728 - [paper] 1335 WS 연결 등록 33/33 재연결 5회 틱 195,319 (마지막 0초전) · 감시 25 (틱수신 25 · 확정봉 2274) 보유 8 신규 3/3 (일반 0/1) 대기 0 확인중 0 진입가능=일일한도 미트리거 사유: 전일종가하회 7, 박스미돌파 6, 미눌림 5, 음봉 5, 유지 2
2026-09-21 13:38:37.212 | INFO     | stock_bot.swing.live:_eod_timer:728 - [paper] 1338 WS 연결 등록 33/33 재연결 5회 틱 197,224 (마지막 0초전) · 감시 25 (틱수신 25 · 확정봉 2299) 보유 8 신규 3/3 (일반 0/1) 대기 0 확인중 0 진입가능=일일한도 미트리거 사유: 전일종가하회 7, 박스미돌파 6, 미눌림 5, 음봉 5, 유지 2
2026-09-21 13:41:37.269 | INFO     | stock_bot.swing.live:_eod_timer:728 - [paper] 1341 WS 연결 등록 33/33 재연결 5회 틱 198,926 (마지막 0초전) · 감시 25 (틱수신 25 · 확정봉 2324) 보유 8 신규 3/3 (일반 0/1) 대기 0 확인중 0 진입가능=일일한도 미트리거 사유: 전일종가하회 7, 박스미돌파 6, 미눌림 5, 음봉 4, 유지 2
2026-09-21 13:44:37.329 | INFO     | stock_bot.swing.live:_eod_timer:728 - [paper] 1344 WS 연결 등록 33/33 재연결 5회 틱 200,594 (마지막 0초전) · 감시 25 (틱수신 25 · 확정봉 2349) 보유 8 신규 3/3 (일반 0/1) 대기 0 확인중 0 진입가능=일일한도 미트리거 사유: 전일종가하회 9, 박스미돌파 6, 미눌림 5, 유지 2, 눌림반등 2
2026-09-21 13:47:37.382 | INFO     | stock_bot.swing.live:_eod_timer:728 - [paper] 1347 WS 연결 등록 33/33 재연결 5회 틱 202,366 (마지막 0초전) · 감시 25 (틱수신 25 · 확정봉 2374) 보유 8 신규 3/3 (일반 0/1) 대기 0 확인중 0 진입가능=일일한도 미트리거 사유: 전일종가하회 10, 박스미돌파 6, 미눌림 5, 유지 2, 음봉 1
2026-09-21 13:50:37.432 | INFO     | stock_bot.swing.live:_eod_timer:728 - [paper] 1350 WS 연결 등록 33/33 재연결 5회 틱 204,205 (마지막 0초전) · 감시 25 (틱수신 25 · 확정봉 2399) 보유 8 신규 3/3 (일반 0/1) 대기 0 확인중 0 진입가능=일일한도 미트리거 사유: 전일종가하회 7, 박스미돌파 6, 미눌림 5, 음봉 5, 유지 2
2026-09-21 13:53:37.484 | INFO     | stock_bot.swing.live:_eod_timer:728 - [paper] 1353 WS 연결 등록 33/33 재연결 5회 틱 206,082 (마지막 0초전) · 감시 25 (틱수신 25 · 확정봉 2424) 보유 8 신규 3/3 (일반 0/1) 대기 0 확인중 0 진입가능=일일한도 미트리거 사유: 전일종가하회 8, 박스미돌파 6, 미눌림 5, 음봉 3, 유지 2
2026-09-21 13:56:37.533 | INFO     | stock_bot.swing.live:_eod_timer:728 - [paper] 1356 WS 연결 등록 33/33 재연결 5회 틱 208,056 (마지막 0초전) · 감시 25 (틱수신 25 · 확정봉 2449) 보유 8 신규 3/3 (일반 0/1) 대기 0 확인중 0 진입가능=일일한도 미트리거 사유: 전일종가하회 8, 박스미돌파 6, 미눌림 5, 음봉 3, 유지 2
2026-09-21 13:59:37.583 | INFO     | stock_bot.swing.live:_eod_timer:728 - [paper] 1359 WS 연결 등록 33/33 재연결 5회 틱 209,850 (마지막 0초전) · 감시 25 (틱수신 25 · 확정봉 2474) 보유 8 신규 3/3 (일반 0/1) 대기 0 확인중 0 진입가능=일일한도 미트리거 사유: 전일종가하회 8, 박스미돌파 6, 미눌림 5, 음봉 3, 유지 2
2026-09-21 14:00:01.285 | WARNING  | stock_bot.broker.kis_ws:run:342 - 연결 끊김(6회차): ConnectionClosedError no close frame received or sent — 접속 유지 3599초, 1초 후 재접속
2026-09-21 14:00:01.286 | WARNING  | stock_bot.swing.live:on_gap:286 - [paper] WS 끊김 — 재접속 먼저, REST 백필 33종목은 백그라운드
2026-09-21 14:00:02.419 | INFO     | stock_bot.broker.kis_ws:_session:360 - ws 접속 ws://ops.koreainvestment.com:31000 (33종목)
2026-09-21 14:00:02.674 | INFO     | stock_bot.swing.live:on_tick:241 - [paper] WS 복구 — 틱 공백 1초
2026-09-21 14:00:02.766 | INFO     | stock_bot.broker.kis_ws:_register:265 - 등록 33/33건
2026-09-21 14:02:00.391 | INFO     | stock_bot.swing.live:_backfill:320 - [paper] REST 백필 완료 33/33종목 (실패 0) — 틱 공백 1초 · 세션 고저 갱신
2026-09-21 14:02:37.637 | INFO     | stock_bot.swing.live:_eod_timer:728 - [paper] 1402 WS 연결 등록 33/33 재연결 6회 틱 211,693 (마지막 0초전) · 감시 25 (틱수신 25 · 확정봉 2499) 보유 8 신규 3/3 (일반 0/1) 대기 0 확인중 0 진입가능=일일한도 미트리거 사유: 전일종가하회 8, 박스미돌파 6, 미눌림 5, 음봉 3, 유지 2
2026-09-21 14:05:37.692 | INFO     | stock_bot.swing.live:_eod_timer:728 - [paper] 1405 WS 연결 등록 33/33 재연결 6회 틱 213,548 (마지막 0초전) · 감시 25 (틱수신 25 · 확정봉 2524) 보유 8 신규 3/3 (일반 0/1) 대기 0 확인중 0 진입가능=일일한도 미트리거 사유: 전일종가하회 9, 박스미돌파 6, 미눌림 5, 유지 2, 눌림반등 2
2026-09-21 14:08:37.747 | INFO     | stock_bot.swing.live:_eod_timer:728 - [paper] 1408 WS 연결 등록 33/33 재연결 6회 틱 215,483 (마지막 0초전) · 감시 25 (틱수신 25 · 확정봉 2549) 보유 8 신규 3/3 (일반 0/1) 대기 0 확인중 0 진입가능=일일한도 미트리거 사유: 전일종가하회 8, 박스미돌파 6, 미눌림 5, 음봉 4, 유지 2
2026-09-21 14:11:37.800 | INFO     | stock_bot.swing.live:_eod_timer:728 - [paper] 1411 WS 연결 등록 33/33 재연결 6회 틱 217,488 (마지막 0초전) · 감시 25 (틱수신 25 · 확정봉 2574) 보유 8 신규 3/3 (일반 0/1) 대기 0 확인중 0 진입가능=일일한도 미트리거 사유: 전일종가하회 7, 박스미돌파 6, 미눌림 5, 음봉 5, 유지 2
2026-09-21 14:14:37.854 | INFO     | stock_bot.swing.live:_eod_timer:728 - [paper] 1414 WS 연결 등록 33/33 재연결 6회 틱 219,367 (마지막 0초전) · 감시 25 (틱수신 25 · 확정봉 2599) 보유 8 신규 3/3 (일반 0/1) 대기 0 확인중 0 진입가능=일일한도 미트리거 사유: 전일종가하회 8, 박스미돌파 6, 미눌림 5, 유지 2, 눌림반등 2
2026-09-21 14:17:37.903 | INFO     | stock_bot.swing.live:_eod_timer:728 - [paper] 1417 WS 연결 등록 33/33 재연결 6회 틱 221,988 (마지막 0초전) · 감시 25 (틱수신 25 · 확정봉 2624) 보유 8 신규 3/3 (일반 0/1) 대기 0 확인중 0 진입가능=일일한도 미트리거 사유: 전일종가하회 7, 박스미돌파 6, 미눌림 5, 음봉 4, 유지 2
2026-09-21 14:20:37.957 | INFO     | stock_bot.swing.live:_eod_timer:728 - [paper] 1420 WS 연결 등록 33/33 재연결 6회 틱 224,198 (마지막 0초전) · 감시 25 (틱수신 25 · 확정봉 2649) 보유 8 신규 3/3 (일반 0/1) 대기 0 확인중 0 진입가능=일일한도 미트리거 사유: 전일종가하회 8, 박스미돌파 6, 미눌림 5, 음봉 3, 유지 2
2026-09-21 14:23:38.009 | INFO     | stock_bot.swing.live:_eod_timer:728 - [paper] 1423 WS 연결 등록 33/33 재연결 6회 틱 226,381 (마지막 0초전) · 감시 25 (틱수신 25 · 확정봉 2674) 보유 8 신규 3/3 (일반 0/1) 대기 0 확인중 0 진입가능=일일한도 미트리거 사유: 전일종가하회 8, 박스미돌파 6, 미눌림 5, 음봉 4, 유지 2
2026-09-21 14:26:39.067 | INFO     | stock_bot.swing.live:_eod_timer:728 - [paper] 1426 WS 연결 등록 33/33 재연결 6회 틱 228,617 (마지막 0초전) · 감시 25 (틱수신 25 · 확정봉 2699) 보유 8 신규 3/3 (일반 0/1) 대기 0 확인중 0 진입가능=일일한도 미트리거 사유: 전일종가하회 7, 박스미돌파 6, 미눌림 5, 음봉 5, 유지 2
2026-09-21 14:29:39.166 | INFO     | stock_bot.swing.live:_eod_timer:728 - [paper] 1429 WS 연결 등록 33/33 재연결 6회 틱 230,686 (마지막 0초전) · 감시 25 (틱수신 25 · 확정봉 2724) 보유 8 신규 3/3 (일반 0/1) 대기 0 확인중 0 진입가능=일일한도 미트리거 사유: 전일종가하회 8, 박스미돌파 6, 미눌림 5, 음봉 4, 유지 2
2026-09-21 14:32:39.222 | INFO     | stock_bot.swing.live:_eod_timer:728 - [paper] 1432 WS 연결 등록 33/33 재연결 6회 틱 232,788 (마지막 0초전) · 감시 25 (틱수신 25 · 확정봉 2749) 보유 8 신규 3/3 (일반 0/1) 대기 0 확인중 0 진입가능=일일한도 미트리거 사유: 전일종가하회 9, 박스미돌파 6, 미눌림 5, 음봉 3, 유지 2
2026-09-21 14:35:39.282 | INFO     | stock_bot.swing.live:_eod_timer:728 - [paper] 1435 WS 연결 등록 33/33 재연결 6회 틱 234,726 (마지막 0초전) · 감시 25 (틱수신 25 · 확정봉 2774) 보유 8 신규 3/3 (일반 0/1) 대기 0 확인중 0 진입가능=일일한도 미트리거 사유: 전일종가하회 8, 박스미돌파 6, 미눌림 5, 음봉 4, 유지 2
2026-09-21 14:38:39.336 | INFO     | stock_bot.swing.live:_eod_timer:728 - [paper] 1438 WS 연결 등록 33/33 재연결 6회 틱 236,637 (마지막 0초전) · 감시 25 (틱수신 25 · 확정봉 2799) 보유 8 신규 3/3 (일반 0/1) 대기 0 확인중 0 진입가능=일일한도 미트리거 사유: 전일종가하회 8, 박스미돌파 6, 미눌림 5, 음봉 4, 유지 2
2026-09-21 14:41:39.388 | INFO     | stock_bot.swing.live:_eod_timer:728 - [paper] 1441 WS 연결 등록 33/33 재연결 6회 틱 238,644 (마지막 0초전) · 감시 25 (틱수신 25 · 확정봉 2824) 보유 8 신규 3/3 (일반 0/1) 대기 0 확인중 0 진입가능=일일한도 미트리거 사유: 전일종가하회 8, 박스미돌파 6, 미눌림 5, 음봉 3, 유지 2
2026-09-21 14:44:39.440 | INFO     | stock_bot.swing.live:_eod_timer:728 - [paper] 1444 WS 연결 등록 33/33 재연결 6회 틱 240,606 (마지막 0초전) · 감시 25 (틱수신 25 · 확정봉 2849) 보유 8 신규 3/3 (일반 0/1) 대기 0 확인중 0 진입가능=일일한도 미트리거 사유: 전일종가하회 7, 박스미돌파 6, 미눌림 5, 음봉 5, 유지 2
2026-09-21 14:47:39.491 | INFO     | stock_bot.swing.live:_eod_timer:728 - [paper] 1447 WS 연결 등록 33/33 재연결 6회 틱 242,671 (마지막 0초전) · 감시 25 (틱수신 25 · 확정봉 2874) 보유 8 신규 3/3 (일반 0/1) 대기 0 확인중 0 진입가능=일일한도 미트리거 사유: 전일종가하회 9, 박스미돌파 6, 미눌림 5, 음봉 3, 유지 2
2026-09-21 14:50:39.540 | INFO     | stock_bot.swing.live:_eod_timer:728 - [paper] 1450 WS 연결 등록 33/33 재연결 6회 틱 244,703 (마지막 0초전) · 감시 25 (틱수신 25 · 확정봉 2899) 보유 8 신규 3/3 (일반 0/1) 대기 0 확인중 0 진입가능=일일한도 미트리거 사유: 전일종가하회 7, 박스미돌파 6, 미눌림 5, 음봉 4, 유지 2
2026-09-21 14:53:39.591 | INFO     | stock_bot.swing.live:_eod_timer:728 - [paper] 1453 WS 연결 등록 33/33 재연결 6회 틱 246,606 (마지막 0초전) · 감시 25 (틱수신 25 · 확정봉 2924) 보유 8 신규 3/3 (일반 0/1) 대기 0 확인중 0 진입가능=일일한도 미트리거 사유: 전일종가하회 10, 박스미돌파 6, 미눌림 5, 유지 2, 음봉 2
2026-09-21 14:56:39.650 | INFO     | stock_bot.swing.live:_eod_timer:728 - [paper] 1456 WS 연결 등록 33/33 재연결 6회 틱 248,625 (마지막 0초전) · 감시 25 (틱수신 25 · 확정봉 2949) 보유 8 신규 3/3 (일반 0/1) 대기 0 확인중 0 진입가능=일일한도 미트리거 사유: 전일종가하회 9, 박스미돌파 6, 미눌림 5, 음봉 3, 유지 2
2026-09-21 14:59:39.698 | INFO     | stock_bot.swing.live:_eod_timer:728 - [paper] 1459 WS 연결 등록 33/33 재연결 6회 틱 250,654 (마지막 0초전) · 감시 25 (틱수신 25 · 확정봉 2974) 보유 8 신규 3/3 (일반 0/1) 대기 0 확인중 0 진입가능=일일한도 미트리거 사유: 전일종가하회 7, 박스미돌파 6, 미눌림 5, 음봉 5, 유지 2
2026-09-21 15:00:01.308 | WARNING  | stock_bot.broker.kis_ws:run:342 - 연결 끊김(7회차): ConnectionClosedError no close frame received or sent — 접속 유지 3599초, 1초 후 재접속
2026-09-21 15:00:01.309 | WARNING  | stock_bot.swing.live:on_gap:286 - [paper] WS 끊김 — 재접속 먼저, REST 백필 33종목은 백그라운드
2026-09-21 15:00:11.198 | INFO     | stock_bot.broker.kis_ws:_session:360 - ws 접속 ws://ops.koreainvestment.com:31000 (33종목)
2026-09-21 15:00:11.466 | INFO     | stock_bot.swing.live:on_tick:241 - [paper] WS 복구 — 틱 공백 10초
2026-09-21 15:00:11.575 | INFO     | stock_bot.broker.kis_ws:_register:265 - 등록 33/33건
2026-09-21 15:02:20.787 | INFO     | stock_bot.swing.live:_backfill:320 - [paper] REST 백필 완료 33/33종목 (실패 0) — 틱 공백 10초 · 세션 고저 갱신
2026-09-21 15:02:41.269 | INFO     | stock_bot.swing.live:_eod_timer:728 - [paper] 1502 WS 연결 등록 33/33 재연결 7회 틱 252,656 (마지막 0초전) · 감시 25 (틱수신 25 · 확정봉 2999) 보유 8 신규 3/3 (일반 0/1) 대기 0 확인중 0 진입가능=일일한도 미트리거 사유: 전일종가하회 8, 박스미돌파 6, 미눌림 5, 음봉 4, 유지 2
2026-09-21 15:05:41.326 | INFO     | stock_bot.swing.live:_eod_timer:728 - [paper] 1505 WS 연결 등록 33/33 재연결 7회 틱 254,702 (마지막 0초전) · 감시 25 (틱수신 25 · 확정봉 3024) 보유 8 신규 3/3 (일반 0/1) 대기 0 확인중 0 진입가능=일일한도 미트리거 사유: 전일종가하회 7, 박스미돌파 6, 미눌림 5, 음봉 3, 유지 2
2026-09-21 15:08:41.378 | INFO     | stock_bot.swing.live:_eod_timer:728 - [paper] 1508 WS 연결 등록 33/33 재연결 7회 틱 257,172 (마지막 0초전) · 감시 25 (틱수신 25 · 확정봉 3049) 보유 8 신규 3/3 (일반 0/1) 대기 0 확인중 0 진입가능=일일한도 미트리거 사유: 전일종가하회 7, 박스미돌파 6, 미눌림 5, 음봉 5, 유지 2
2026-09-21 15:11:41.432 | INFO     | stock_bot.swing.live:_eod_timer:728 - [paper] 1511 WS 연결 등록 33/33 재연결 7회 틱 259,306 (마지막 0초전) · 감시 25 (틱수신 25 · 확정봉 3074) 보유 8 신규 3/3 (일반 0/1) 대기 0 확인중 0 진입가능=일일한도 미트리거 사유: 전일종가하회 9, 박스미돌파 6, 미눌림 5, 음봉 3, 유지 2
2026-09-21 15:14:41.481 | INFO     | stock_bot.swing.live:_eod_timer:728 - [paper] 1514 WS 연결 등록 33/33 재연결 7회 틱 261,594 (마지막 0초전) · 감시 25 (틱수신 25 · 확정봉 3099) 보유 8 신규 3/3 (일반 0/1) 대기 0 확인중 0 진입가능=일일한도 미트리거 사유: 전일종가하회 7, 박스미돌파 6, 미눌림 5, 음봉 4, 유지 2
2026-09-21 15:15:01.810 | INFO     | stock_bot.swing.live:_note:413 - [paper] 트리거 감지 092870 FLOW_INST 유지 @38,050 → 미진입: 시간후
2026-09-21 15:17:41.531 | INFO     | stock_bot.swing.live:_eod_timer:728 - [paper] 1517 WS 연결 등록 33/33 재연결 7회 틱 264,109 (마지막 0초전) · 감시 25 (틱수신 25 · 확정봉 3124) 보유 8 신규 3/3 (일반 0/1) 대기 0 확인중 0 진입가능=시간후 미트리거 사유: 전일종가하회 8, 박스미돌파 6, 미눌림 5, 음봉 3, 유지 2
2026-09-21 15:18:00.180 | INFO     | stock_bot.swing.live:_note:413 - [paper] 트리거 감지 016360 VALUE_PURE 유지 @88,200 → 미진입: 시간후
2026-09-21 15:20:01.575 | INFO     | stock_bot.swing.live:eod:638 - [paper] 15:20 마감 판정 — 보유 8
2026-09-21 15:20:07.678 | INFO     | stock_bot.swing.live:eod:666 - [paper] 마감 요약: WS 연결 등록 33/33 재연결 7회 틱 266,221 (마지막 8초전) · 감시 25 (틱수신 25 · 확정봉 3149) 보유 8 신규 3/3 (일반 0/1) 대기 0 확인중 0 진입가능=시간후 미트리거 사유: 전일종가하회 8, 박스미돌파 6, 미눌림 5, 음봉 4, 유지 2
2026-09-21 15:30:17.052 | INFO     | stock_bot.swing.live:_note:413 - [paper] 트리거 감지 005830 VALUE_PURE 유지 @188,900 → 미진입: 시간후
2026-09-21 15:30:23.085 | INFO     | stock_bot.swing.live:_note:413 - [paper] 트리거 감지 004370 MEANREV 눌림반등 @393,500 → 미진입: 시간후
2026-09-21 15:30:30.571 | INFO     | stock_bot.swing.live:_note:413 - [paper] 트리거 감지 280360 MEANREV 눌림반등 @128,500 → 미진입: 시간후
2026-09-21 15:31:00.465 | INFO     | stock_bot.swing.live:run:760 - [paper] WS 종료 1531 — WS 연결 등록 33/33 재연결 7회 틱 266,254 (마지막 30초전)
2026-09-21 15:51:03.468 | INFO     | stock_bot.swing.collector:collect_daily:487 - collect_daily 100/2765 ok=100 fail=0 317s
2026-09-21 15:58:51.210 | INFO     | stock_bot.swing.collector:collect_daily:487 - collect_daily 200/2765 ok=200 fail=0 785s
2026-09-21 16:04:48.856 | INFO     | stock_bot.swing.collector:collect_daily:487 - collect_daily 300/2765 ok=300 fail=0 1142s
2026-09-21 16:10:19.439 | INFO     | stock_bot.swing.collector:collect_daily:487 - collect_daily 400/2765 ok=400 fail=0 1473s
2026-09-21 16:16:12.554 | INFO     | stock_bot.swing.collector:collect_daily:487 - collect_daily 500/2765 ok=500 fail=0 1826s
2026-09-21 16:23:45.219 | INFO     | stock_bot.swing.collector:collect_daily:487 - collect_daily 600/2765 ok=600 fail=0 2279s
2026-09-21 16:29:24.515 | INFO     | stock_bot.swing.collector:collect_daily:487 - collect_daily 700/2765 ok=700 fail=0 2618s
2026-09-21 16:37:11.424 | INFO     | stock_bot.swing.collector:collect_daily:487 - collect_daily 800/2765 ok=800 fail=0 3085s
2026-09-21 16:43:00.790 | INFO     | stock_bot.swing.collector:collect_daily:487 - collect_daily 900/2765 ok=900 fail=0 3434s
2026-09-21 16:48:35.727 | INFO     | stock_bot.swing.collector:collect_daily:487 - collect_daily 1000/2765 ok=1000 fail=0 3769s
2026-09-21 16:54:31.075 | INFO     | stock_bot.swing.collector:collect_daily:487 - collect_daily 1100/2765 ok=1100 fail=0 4125s
2026-09-21 17:00:26.982 | INFO     | stock_bot.swing.collector:collect_daily:487 - collect_daily 1200/2765 ok=1200 fail=0 4481s
2026-09-21 17:09:01.506 | INFO     | stock_bot.swing.collector:collect_daily:487 - collect_daily 1300/2765 ok=1300 fail=0 4995s
2026-09-21 17:16:01.736 | INFO     | stock_bot.swing.collector:collect_daily:487 - collect_daily 1400/2765 ok=1400 fail=0 5415s
2026-09-21 17:23:18.983 | WARNING  | stock_bot.swing.collector:collect_daily:482 - collect_daily 093640 실패: program 093640: OPSQ0003 서비스 라우팅 오류
2026-09-21 17:24:11.383 | INFO     | stock_bot.swing.collector:collect_daily:487 - collect_daily 1500/2765 ok=1499 fail=1 5905s
2026-09-21 17:31:03.426 | INFO     | stock_bot.swing.collector:collect_daily:487 - collect_daily 1600/2765 ok=1599 fail=1 6317s
2026-09-21 17:40:21.560 | INFO     | stock_bot.swing.collector:collect_daily:487 - collect_daily 1700/2765 ok=1699 fail=1 6875s
2026-09-21 17:46:15.206 | INFO     | stock_bot.swing.collector:collect_daily:487 - collect_daily 1800/2765 ok=1799 fail=1 7229s
2026-09-21 17:49:35.596 | WARNING  | stock_bot.swing.collector:collect_daily:482 - collect_daily 188040 실패: program 188040: OPSQ0003 서비스 라우팅 오류
2026-09-21 17:54:03.097 | INFO     | stock_bot.swing.collector:collect_daily:487 - collect_daily 1900/2765 ok=1898 fail=2 7697s
2026-09-21 17:58:10.283 | WARNING  | stock_bot.swing.collector:collect_daily:482 - collect_daily 216050 실패: daily 216050: OPSQ0003 서비스 라우팅 오류
2026-09-21 18:01:07.235 | INFO     | stock_bot.swing.collector:collect_daily:487 - collect_daily 2000/2765 ok=1997 fail=3 8121s
2026-09-21 18:08:25.019 | INFO     | stock_bot.swing.collector:collect_daily:487 - collect_daily 2100/2765 ok=2097 fail=3 8559s
2026-09-21 18:14:42.594 | INFO     | stock_bot.swing.collector:collect_daily:487 - collect_daily 2200/2765 ok=2197 fail=3 8936s
2026-09-21 18:21:23.247 | INFO     | stock_bot.swing.collector:collect_daily:487 - collect_daily 2300/2765 ok=2297 fail=3 9337s
2026-09-21 18:22:42.333 | WARNING  | stock_bot.swing.collector:collect_daily:482 - collect_daily 331740 실패: investor 331740: OPSQ0003 서비스 라우팅 오류
2026-09-21 18:28:00.295 | INFO     | stock_bot.swing.collector:collect_daily:487 - collect_daily 2400/2765 ok=2396 fail=4 9734s
2026-09-21 18:33:49.215 | WARNING  | stock_bot.swing.collector:collect_daily:482 - collect_daily 396690 실패: daily 396690: OPSQ0003 서비스 라우팅 오류
2026-09-21 18:34:12.332 | INFO     | stock_bot.swing.collector:collect_daily:487 - collect_daily 2500/2765 ok=2495 fail=5 10106s
2026-09-21 18:39:11.801 | WARNING  | stock_bot.swing.collector:collect_daily:482 - collect_daily 445180 실패: investor 445180: OPSQ0003 서비스 라우팅 오류
2026-09-21 18:41:56.713 | WARNING  | stock_bot.swing.collector:collect_daily:482 - collect_daily 451220 실패: daily 451220: OPSQ0003 서비스 라우팅 오류
2026-09-21 18:43:23.284 | INFO     | stock_bot.swing.collector:collect_daily:487 - collect_daily 2600/2765 ok=2593 fail=7 10657s
2026-09-21 18:45:58.922 | WARNING  | stock_bot.swing.collector:collect_daily:453 - collect_daily: 시간 예산 초과 — 128종목 미수집
2026-09-21 18:50:08.032 | INFO     | stock_bot.swing.daily_scan:scan:116 - scan 20260921: panel 2746종목, strategies=ALL, trend=False
2026-09-21 19:10:33.461 | INFO     | stock_bot.swing.daily_scan:run_nightly_scan:307 - scan 20260921: 신호 3819건(게이트통과 705), 후보 풀 50 (풀 밖 438) → 축 하한 20 탈락 8 → 감시 30종목
2026-09-21 19:10:33.610 | INFO     | stock_bot.swing.daily_scan:run_nightly_scan:311 - 축 채움률: setup 100% / value 98% / quality 98% / growth 97% / flow 100% / liq 100% / prog 100%
2026-09-21 19:10:33.612 | INFO     | __main__:main:66 - nightly 20260921 ok: universe=2760 | collect ok=2630 fail=7 skipped=128 | index+1 | complete=2630/2765 (95%) | signals=3819 watch=30 | 12313s
