2026-10-06 08:51:00.602 | INFO     | stock_bot.live.runner:_is_trading_day:671 - 거래일 판정 2026-10-06 → 거래일 (출처: exchange_calendars)
2026-10-06 08:51:00.845 | INFO     | stock_bot.swing.live:_recover_positions:173 - 보유 복구 041830 MEANREV 100주 @57,425 손절 45,940 익절 64,316 (진입 20260916) 규칙 stop15/tp0/trail0>0/t20/ma0
2026-10-06 08:51:00.846 | INFO     | stock_bot.swing.live:_recover_positions:173 - 보유 복구 004800 VALUE_PURE 64주 @155,423 손절 124,338 익절 174,074 (진입 20260916) 규칙 stop20/tp0/trail0>0/t30/ma0
2026-10-06 08:51:00.847 | INFO     | stock_bot.swing.live:_recover_positions:173 - 보유 복구 078930 MEANREV 86주 @115,130 손절 92,104 익절 128,946 (진입 20260917) 규칙 stop15/tp0/trail0>0/t20/ma0
2026-10-06 08:51:00.848 | INFO     | stock_bot.swing.live:_recover_positions:173 - 보유 복구 001450 FLOW_FORGN 198주 @50,709 손절 40,567 익절 56,794 (진입 20260917) 규칙 stop15/tp0/trail0>0/t20/ma0
2026-10-06 08:51:00.849 | INFO     | stock_bot.swing.live:_recover_positions:173 - 보유 복구 062040 FLOW_BOTH 48주 @206,833 손절 165,466 익절 231,653 (진입 20260918) 규칙 stop20/tp0/trail0>0/t30/ma0
2026-10-06 08:51:00.850 | INFO     | stock_bot.swing.live:_recover_positions:173 - 보유 복구 051160 FLOW_FORGN 406주 @12,313 손절 9,850 익절 14,160 (진입 20260921) 규칙 stop15/tp0/trail0>0/t20/ma0
2026-10-06 08:51:00.851 | INFO     | stock_bot.swing.live:_recover_positions:173 - 보유 복구 332570 FLOW_BOTH 548주 @9,119 손절 7,295 익절 없음 (진입 20260921) 규칙 stop20/tp0/trail0>0/t30/ma0
2026-10-06 08:51:00.852 | INFO     | stock_bot.swing.live:_recover_positions:173 - 보유 복구 096530 FLOW_BOTH 144주 @34,495 손절 27,596 익절 없음 (진입 20260921) 규칙 stop20/tp0/trail0>0/t30/ma0
2026-10-06 08:51:00.853 | INFO     | stock_bot.swing.live:_recover_positions:173 - 보유 복구 024840 MOMENTUM 727주 @6,781 손절 5,425 익절 없음 (진입 20260922) 규칙 stop15/tp0/trail0>0/t20/ma0
2026-10-06 08:51:00.854 | INFO     | stock_bot.swing.live:_recover_positions:173 - 보유 복구 263860 MOMENTUM 287주 @17,400 손절 13,920 익절 없음 (진입 20260922) 규칙 stop15/tp0/trail0>0/t20/ma0
2026-10-06 08:51:00.895 | INFO     | stock_bot.swing.live:_load_watchlist:216 - 감시 리스트 20261002 적재: 후보 30 → 감시 26 (슬롯 30) 상위: 092870 77, 425420 73, 028670 72, 073240 72, 036540 72
2026-10-06 08:51:00.896 | INFO     | stock_bot.swing.live:_load_watchlist:219 - 우선 등급 9종목 (종합≥80 없음 → 순위 1~10): 028670 72, 425420 73, 252990 70, 036540 72, 092870 77, 073240 72, 053800 70, 009155 71, 011200 72
2026-10-06 08:51:00.918 | INFO     | stock_bot.swing.live:prepare:129 - 진입 규칙: 창 093000~151500 종합점수 하한 60 모음 창 20초 하루 상한 3 · 우선 등급 종합≥80(없으면 순위 1~10) 즉시 9종목 · 일반 등급 다음 1봉 유지 확인, 하루 1건 · 오늘 체결 0 (일반 0)
2026-10-06 08:51:00.919 | INFO     | stock_bot.swing.live:prepare:136 - 20261006 준비: 보유 10 신규감시 26 (wl=20261002) 레짐=True mult=1.0
2026-10-06 08:51:00.921 | INFO     | stock_bot.swing.live:run:956 - WS 시작 — 구독 36종목 (보유 10 감시 26) 봉 180초 저장봉 60초
2026-10-06 08:51:01.775 | INFO     | stock_bot.broker.kis_ws:_session:360 - ws 접속 ws://ops.koreainvestment.com:31000 (36종목)
2026-10-06 08:51:02.328 | INFO     | stock_bot.broker.kis_ws:_register:265 - 등록 36/36건
2026-10-06 08:54:02.071 | INFO     | stock_bot.swing.live:_eod_timer:914 - 0854 WS 연결 등록 36/36 틱 0 (마지막 없음) · 감시 26 (틱수신 0 · 확정봉 0) 보유 10 신규 0/3 (일반 0/1) 대기 0 확인중 0 진입가능=시간전 미트리거 사유: -
2026-10-06 08:57:02.136 | INFO     | stock_bot.swing.live:_eod_timer:914 - 0857 WS 연결 등록 36/36 틱 0 (마지막 없음) · 감시 26 (틱수신 0 · 확정봉 0) 보유 10 신규 0/3 (일반 0/1) 대기 0 확인중 0 진입가능=시간전 미트리거 사유: -
2026-10-06 09:00:01.376 | WARNING  | stock_bot.broker.kis_ws:run:342 - 연결 끊김(1회차): ConnectionClosedError no close frame received or sent — 접속 유지 540초, 1초 후 재접속
2026-10-06 09:00:01.377 | WARNING  | stock_bot.swing.live:on_gap:303 - WS 끊김 — 재접속 먼저, REST 백필 36종목은 백그라운드
2026-10-06 09:00:02.203 | INFO     | stock_bot.swing.live:_eod_timer:914 - 0900 WS 끊김 등록 36/36 재연결 1회 틱 0 (마지막 없음) · 감시 26 (틱수신 0 · 확정봉 0) 보유 10 신규 0/3 (일반 0/1) 대기 0 확인중 0 진입가능=시간전 미트리거 사유: -
2026-10-06 09:00:02.622 | INFO     | stock_bot.broker.kis_ws:_session:360 - ws 접속 ws://ops.koreainvestment.com:31000 (36종목)
2026-10-06 09:00:02.927 | INFO     | stock_bot.broker.kis_ws:_register:265 - 등록 36/36건
2026-10-06 09:00:03.245 | INFO     | stock_bot.swing.live:on_tick:253 - 첫 틱 수신 122640 @34,750 — WS 데이터 흐름 시작
2026-10-06 09:00:03.246 | INFO     | stock_bot.swing.live:on_tick:258 - WS 복구 — 틱 공백 2초
2026-10-06 09:00:48.401 | INFO     | stock_bot.broker.kis:place_order:712 - order: sell 062040 48 -> 모의투자 매도주문이 완료 되었습니다.
2026-10-06 09:00:52.334 | INFO     | stock_bot.swing.orders:_place_market:211 - [paper] sell 062040 주문 0000001678 체결 48/48 @ 232,000
2026-10-06 09:00:52.337 | INFO     | stock_bot.swing.state:transition:57 - [paper] HOLDING → EXIT 062040 {'exit_reason': '익절', 'exit_px': 232000.0, 'note': 'trigger=유지 bar=0927 px=207000 x48 | exit_odno=0000001678'}
2026-10-06 09:00:52.467 | INFO     | stock_bot.swing.live:_exit:676 - 청산 체결 062040 익절 48주 @232,000 (진입 206,833 · +12.17%) 잔여 보유 9
2026-10-06 09:00:53.169 | INFO     | stock_bot.broker.kis_ws:_apply_pending:247 - 해제 062040 rt=0 (35종목)
2026-10-06 09:01:28.349 | INFO     | stock_bot.swing.live:_backfill:337 - REST 백필 완료 36/36종목 (실패 0) — 틱 공백 2초 · 세션 고저 갱신
2026-10-06 09:03:00.244 | INFO     | stock_bot.swing.live:_note:459 - 트리거 감지 124500 MOMENTUM 유지 @29,900 → 미진입: 시간전
2026-10-06 09:03:00.476 | INFO     | stock_bot.swing.live:_note:459 - 트리거 감지 036540 MOMENTUM 유지 @11,525 → 미진입: 시간전
2026-10-06 09:03:00.686 | INFO     | stock_bot.swing.live:_note:459 - 트리거 감지 047050 FLOW_INST 유지 @56,700 → 미진입: 시간전
2026-10-06 09:03:00.694 | INFO     | stock_bot.swing.live:_note:459 - 트리거 감지 005180 MEANREV 눌림반등 @84,100 → 미진입: 시간전
2026-10-06 09:03:01.341 | INFO     | stock_bot.swing.live:_note:459 - 트리거 감지 375500 MOMENTUM 유지 @75,800 → 미진입: 시간전
2026-10-06 09:03:01.567 | INFO     | stock_bot.swing.live:_note:459 - 트리거 감지 090460 MOMENTUM 유지 @21,150 → 미진입: 시간전
2026-10-06 09:03:01.778 | INFO     | stock_bot.swing.live:_note:459 - 트리거 감지 128940 FLOW_PULLBACK 유지 @510,000 → 미진입: 시간전
2026-10-06 09:03:02.874 | INFO     | stock_bot.swing.live:_note:459 - 트리거 감지 033640 MOMENTUM 유지 @31,350 → 미진입: 시간전
2026-10-06 09:03:04.029 | INFO     | stock_bot.swing.live:_eod_timer:914 - 0903 WS 연결 등록 35/35 재연결 1회 틱 4,193 (마지막 0초전) · 감시 26 (틱수신 26 · 확정봉 23) 보유 9 신규 0/3 (일반 0/1) 대기 0 확인중 0 진입가능=시간전 미트리거 사유: 유지 7, 전일종가하회 6, 저점근접 5, VWAP하회 4, 눌림반등 1
2026-10-06 09:03:59.166 | INFO     | stock_bot.live.manual_exit:claim:273 - 수동매도 집행 시작 263860 by=swing — 수동매도(전량)
2026-10-06 09:04:02.529 | INFO     | stock_bot.broker.kis:place_order:712 - order: sell 263860 287 -> 모의투자 매도주문이 완료 되었습니다.
2026-10-06 09:04:07.612 | INFO     | stock_bot.swing.orders:_place_market:211 - [paper] sell 263860 주문 0000003476 체결 287/287 @ 26,500
2026-10-06 09:04:07.739 | INFO     | stock_bot.swing.state:transition:57 - [paper] HOLDING → EXIT 263860 {'exit_reason': '수동매도(전량)', 'exit_px': 26500.0, 'note': 'trigger=유지 bar=0930 px=17400 x287 exit=stop20/tp0/trail0>0/t30/ma0 tier=normal score=72 | exit_odno=0000003476'}
2026-10-06 09:04:07.845 | INFO     | stock_bot.swing.live:_exit:676 - 청산 체결 263860 수동매도(전량) 287주 @26,500 (진입 17,400 · +52.30%) 잔여 보유 8
2026-10-06 09:04:08.437 | INFO     | stock_bot.broker.kis_ws:_apply_pending:247 - 해제 263860 rt=0 (34종목)
2026-10-06 09:06:00.131 | INFO     | stock_bot.swing.live:_note:459 - 트리거 감지 232140 MOMENTUM 유지 @16,980 → 미진입: 시간전
2026-10-06 09:06:01.186 | INFO     | stock_bot.swing.live:_note:459 - 트리거 감지 252990 MOMENTUM 유지 @20,000 → 미진입: 시간전
2026-10-06 09:06:08.678 | INFO     | stock_bot.swing.live:_eod_timer:914 - 0906 WS 연결 등록 34/34 재연결 1회 틱 8,796 (마지막 0초전) · 감시 26 (틱수신 26 · 확정봉 52) 보유 8 신규 0/3 (일반 0/1) 대기 0 확인중 0 진입가능=시간전 미트리거 사유: 전일종가하회 11, 유지 6, VWAP하회 6, 저점근접 2, 음봉 1
2026-10-06 09:09:00.274 | INFO     | stock_bot.swing.live:_note:459 - 트리거 감지 009155 FLOW_PULLBACK 유지 @537,000 → 미진입: 시간전
2026-10-06 09:09:00.287 | INFO     | stock_bot.swing.live:_note:459 - 트리거 감지 092870 FLOW_FORGN 유지 @53,000 → 미진입: 시간전
2026-10-06 09:09:00.292 | INFO     | stock_bot.swing.live:_note:459 - 트리거 감지 053800 MOMENTUM 유지 @90,100 → 미진입: 시간전
2026-10-06 09:09:09.126 | INFO     | stock_bot.swing.live:_eod_timer:914 - 0909 WS 연결 등록 34/34 재연결 1회 틱 13,146 (마지막 0초전) · 감시 26 (틱수신 26 · 확정봉 76) 보유 8 신규 0/3 (일반 0/1) 대기 0 확인중 0 진입가능=시간전 미트리거 사유: 전일종가하회 10, 유지 9, VWAP하회 3, 저점근접 3, 음봉 1
2026-10-06 09:12:09.789 | INFO     | stock_bot.swing.live:_eod_timer:914 - 0912 WS 연결 등록 34/34 재연결 1회 틱 17,431 (마지막 0초전) · 감시 26 (틱수신 26 · 확정봉 103) 보유 8 신규 0/3 (일반 0/1) 대기 0 확인중 0 진입가능=시간전 미트리거 사유: 전일종가하회 12, 유지 8, VWAP하회 5, 저점근접 1
2026-10-06 09:15:08.078 | INFO     | stock_bot.swing.live:_note:459 - 트리거 감지 122640 MOMENTUM 유지 @34,300 → 미진입: 시간전
2026-10-06 09:15:13.109 | INFO     | stock_bot.swing.live:_eod_timer:914 - 0915 WS 연결 등록 34/34 재연결 1회 틱 21,482 (마지막 0초전) · 감시 26 (틱수신 26 · 확정봉 130) 보유 8 신규 0/3 (일반 0/1) 대기 0 확인중 0 진입가능=시간전 미트리거 사유: 전일종가하회 11, 유지 8, 저점근접 3, VWAP하회 3, 눌림반등 1
2026-10-06 09:18:17.988 | INFO     | stock_bot.swing.live:_eod_timer:914 - 0918 WS 연결 등록 34/34 재연결 1회 틱 25,709 (마지막 0초전) · 감시 26 (틱수신 26 · 확정봉 155) 보유 8 신규 0/3 (일반 0/1) 대기 0 확인중 0 진입가능=시간전 미트리거 사유: 전일종가하회 11, 유지 8, VWAP하회 4, 저점근접 2, 눌림반등 1
2026-10-06 09:21:00.493 | INFO     | stock_bot.swing.live:_note:459 - 트리거 감지 078600 MOMENTUM 유지 @110,700 → 미진입: 시간전
2026-10-06 09:21:21.088 | INFO     | stock_bot.swing.live:_eod_timer:914 - 0921 WS 연결 등록 34/34 재연결 1회 틱 29,531 (마지막 0초전) · 감시 26 (틱수신 26 · 확정봉 180) 보유 8 신규 0/3 (일반 0/1) 대기 0 확인중 0 진입가능=시간전 미트리거 사유: 전일종가하회 12, 유지 8, VWAP하회 4, 눌림반등 1, 저점근접 1
2026-10-06 09:24:00.105 | INFO     | stock_bot.swing.live:_note:459 - 트리거 감지 006730 FLOW_FORGN 유지 @11,480 → 미진입: 시간전
2026-10-06 09:24:22.329 | INFO     | stock_bot.swing.live:_eod_timer:914 - 0924 WS 연결 등록 34/34 재연결 1회 틱 33,431 (마지막 0초전) · 감시 26 (틱수신 26 · 확정봉 207) 보유 8 신규 0/3 (일반 0/1) 대기 0 확인중 0 진입가능=시간전 미트리거 사유: 전일종가하회 10, 유지 9, VWAP하회 6, 음봉 1
2026-10-06 09:27:23.997 | INFO     | stock_bot.swing.live:_eod_timer:914 - 0927 WS 연결 등록 34/34 재연결 1회 틱 36,701 (마지막 0초전) · 감시 26 (틱수신 26 · 확정봉 233) 보유 8 신규 0/3 (일반 0/1) 대기 0 확인중 0 진입가능=시간전 미트리거 사유: 전일종가하회 12, 유지 10, VWAP하회 2, 저점근접 1, 음봉 1
2026-10-06 09:30:00.251 | INFO     | stock_bot.swing.live:_maybe_enter:500 - 트리거 078600 MOMENTUM 유지 @112,800 종합 64 — 일반 등급(<80) → 다음 1봉 유지 확인 대기
2026-10-06 09:30:00.258 | INFO     | stock_bot.swing.live:_maybe_enter:506 - 트리거 036540 MOMENTUM 유지 @12,310 종합 72 우선★ — 20초 모음 창 대기 (1건)
2026-10-06 09:30:00.440 | INFO     | stock_bot.swing.live:_maybe_enter:500 - 트리거 232140 MOMENTUM 유지 @17,760 종합 66 — 일반 등급(<80) → 다음 1봉 유지 확인 대기
2026-10-06 09:30:00.448 | INFO     | stock_bot.swing.live:_maybe_enter:506 - 트리거 009155 FLOW_PULLBACK 유지 @540,000 종합 71 우선★ — 20초 모음 창 대기 (2건)
2026-10-06 09:30:00.454 | INFO     | stock_bot.swing.live:_maybe_enter:500 - 트리거 000990 MOMENTUM 유지 @141,200 종합 63 — 일반 등급(<80) → 다음 1봉 유지 확인 대기
2026-10-06 09:30:00.467 | INFO     | stock_bot.swing.live:_maybe_enter:506 - 트리거 092870 FLOW_FORGN 유지 @53,400 종합 77 우선★ — 20초 모음 창 대기 (3건)
2026-10-06 09:30:01.065 | INFO     | stock_bot.swing.live:_maybe_enter:500 - 트리거 128940 FLOW_PULLBACK 유지 @513,500 종합 67 — 일반 등급(<80) → 다음 1봉 유지 확인 대기
2026-10-06 09:30:01.071 | INFO     | stock_bot.swing.live:_maybe_enter:500 - 트리거 124500 MOMENTUM 유지 @30,150 종합 63 — 일반 등급(<80) → 다음 1봉 유지 확인 대기
2026-10-06 09:30:02.133 | INFO     | stock_bot.swing.live:_maybe_enter:500 - 트리거 122640 MOMENTUM 유지 @34,450 종합 64 — 일반 등급(<80) → 다음 1봉 유지 확인 대기
2026-10-06 09:30:02.553 | INFO     | stock_bot.swing.live:_maybe_enter:500 - 트리거 090460 MOMENTUM 유지 @21,350 종합 63 — 일반 등급(<80) → 다음 1봉 유지 확인 대기
2026-10-06 09:30:03.179 | INFO     | stock_bot.swing.live:_maybe_enter:500 - 트리거 033640 MOMENTUM 유지 @32,500 종합 64 — 일반 등급(<80) → 다음 1봉 유지 확인 대기
2026-10-06 09:30:20.997 | INFO     | stock_bot.swing.live:_flush_armed:522 - 진입 순서(우선 등급 → 종합점수순): 092870 77 우선★ > 036540 72 우선★ > 009155 71 우선★
2026-10-06 09:30:21.011 | INFO     | stock_bot.swing.live:_enter:543 - 진입 시도 092870 FLOW_FORGN 유지 @53,400 x93 종합 77 우선★
2026-10-06 09:30:21.025 | INFO     | stock_bot.swing.state:arm:46 - [paper] ARMED 092870 FLOW_FORGN trigger=유지 bar=0927 px=53400 x93 exit=stop15/tp0/trail0>0/t20/ma0 tier=priority score=77
2026-10-06 09:30:25.244 | INFO     | stock_bot.swing.live:_eod_timer:914 - 0930 WS 연결 등록 34/34 재연결 1회 틱 40,018 (마지막 0초전) · 감시 26 (틱수신 26 · 확정봉 258) 보유 8 신규 0/3 (일반 0/1) 대기 0 확인중 8 진입가능=OK 미트리거 사유: 전일종가하회 11, 유지 10, 저점근접 2, VWAP하회 2, 눌림반등 1
2026-10-06 09:30:31.102 | INFO     | stock_bot.broker.kis:place_order:712 - order: buy 092870 93 -> 모의투자 매수주문이 완료 되었습니다.
2026-10-06 09:30:51.005 | INFO     | stock_bot.swing.orders:_place_market:211 - [paper] buy 092870 주문 0000009957 체결 93/93 @ 53,396
2026-10-06 09:30:51.014 | INFO     | stock_bot.swing.state:transition:57 - [paper] ARMED → ENTERED 092870 {'shares': 93, 'entry_px': 53396.0}
2026-10-06 09:30:51.025 | INFO     | stock_bot.swing.state:transition:57 - [paper] ENTERED → HOLDING 092870 {'shares': 93, 'entry_px': 53396.0}
2026-10-06 09:30:51.347 | INFO     | stock_bot.swing.live:_enter:611 - 진입 체결 092870 FLOW_FORGN 93주 @53,396 손절 45,387 익절 없음 규칙 stop15/tp0/trail0>0/t20/ma0 우선★ (신규 1/3 일반 0/1)
2026-10-06 09:30:52.051 | INFO     | stock_bot.swing.live:_enter:543 - 진입 시도 036540 MOMENTUM 유지 @12,310 x406 종합 72 우선★
2026-10-06 09:30:52.055 | INFO     | stock_bot.swing.state:arm:46 - [paper] ARMED 036540 MOMENTUM trigger=유지 bar=0927 px=12310 x406 exit=stop15/tp0/trail0>0/t20/ma0 tier=priority score=72
2026-10-06 09:31:00.247 | INFO     | stock_bot.broker.kis:place_order:712 - order: buy 036540 406 -> 모의투자 매수주문이 완료 되었습니다.
2026-10-06 09:31:09.500 | INFO     | stock_bot.swing.orders:_place_market:211 - [paper] buy 036540 주문 0000010045 체결 406/406 @ 12,298
2026-10-06 09:31:10.349 | INFO     | stock_bot.swing.state:transition:57 - [paper] ARMED → ENTERED 036540 {'shares': 406, 'entry_px': 12298.0}
2026-10-06 09:31:10.354 | INFO     | stock_bot.swing.state:transition:57 - [paper] ENTERED → HOLDING 036540 {'shares': 406, 'entry_px': 12298.0}
2026-10-06 09:31:13.137 | INFO     | stock_bot.swing.live:_enter:611 - 진입 체결 036540 MOMENTUM 406주 @12,298 손절 10,453 익절 없음 규칙 stop15/tp0/trail0>0/t20/ma0 우선★ (신규 2/3 일반 0/1)
2026-10-06 09:31:13.577 | INFO     | stock_bot.swing.live:_note:459 - 009155 FLOW_PULLBACK 종합 71 우선★ → 미진입: 슬롯 없음 (점수 순 뒤로 밀림)
2026-10-06 09:33:00.107 | INFO     | stock_bot.swing.live:_note:459 - 트리거 감지 128940 FLOW_PULLBACK 유지 @511,000 → 미진입: 슬롯 없음
2026-10-06 09:33:00.534 | INFO     | stock_bot.swing.live:_note:459 - 트리거 감지 122640 MOMENTUM 유지 @34,500 → 미진입: 슬롯 없음
2026-10-06 09:33:00.552 | INFO     | stock_bot.swing.live:_note:459 - 트리거 감지 090460 MOMENTUM 유지 @21,500 → 미진입: 슬롯 없음
2026-10-06 09:33:00.563 | INFO     | stock_bot.swing.live:_note:459 - 트리거 감지 078350 MOMENTUM 유지 @36,600 → 미진입: 슬롯 없음
2026-10-06 09:33:00.947 | INFO     | stock_bot.swing.live:_note:459 - 트리거 감지 232140 MOMENTUM 유지 @17,480 → 미진입: 슬롯 없음
2026-10-06 09:33:01.150 | INFO     | stock_bot.swing.live:_note:459 - 트리거 감지 033640 MOMENTUM 유지 @32,700 → 미진입: 슬롯 없음
2026-10-06 09:33:01.367 | INFO     | stock_bot.swing.live:_maybe_enter:474 - 일반 등급 000990 MOMENTUM 유지 — 다음 봉 미유지(전일종가하회) → 취소
2026-10-06 09:33:01.573 | INFO     | stock_bot.swing.live:_note:459 - 트리거 감지 078600 MOMENTUM 유지 @113,800 → 미진입: 슬롯 없음
2026-10-06 09:33:10.390 | INFO     | stock_bot.swing.live:_note:459 - 트리거 감지 124500 MOMENTUM 유지 @30,200 → 미진입: 슬롯 없음
2026-10-06 09:33:26.952 | INFO     | stock_bot.swing.live:_eod_timer:914 - 0933 WS 연결 등록 34/34 재연결 1회 틱 43,607 (마지막 0초전) · 감시 24 (틱수신 24 · 확정봉 263) 보유 10 신규 2/3 (일반 0/1) 대기 0 확인중 0 진입가능=슬롯 없음 미트리거 사유: 유지 10, 전일종가하회 10, VWAP하회 3, 음봉 1
2026-10-06 09:36:06.125 | WARNING  | stock_bot.broker.kis_ws:run:342 - 연결 끊김(2회차): RuntimeError 120초 무응답 — 접속 유지 2164초, 1초 후 재접속
2026-10-06 09:36:06.132 | WARNING  | stock_bot.swing.live:on_gap:303 - WS 끊김 — 재접속 먼저, REST 백필 34종목은 백그라운드
2026-10-06 09:36:11.681 | INFO     | stock_bot.broker.kis_ws:_session:360 - ws 접속 ws://ops.koreainvestment.com:31000 (34종목)
2026-10-06 09:36:11.741 | WARNING  | stock_bot.broker.kis_ws:run:342 - 연결 끊김(3회차): InvalidMessage did not receive a valid HTTP response — 접속 유지 5초, 2초 후 재접속
2026-10-06 09:36:11.744 | INFO     | stock_bot.swing.live:on_gap:301 - WS 끊김 — 백필 진행 중이라 추가 백필 생략
2026-10-06 09:36:18.139 | INFO     | stock_bot.broker.kis_ws:_session:360 - ws 접속 ws://ops.koreainvestment.com:31000 (34종목)
2026-10-06 09:36:18.214 | WARNING  | stock_bot.broker.kis_ws:run:342 - 연결 끊김(4회차): InvalidMessage did not receive a valid HTTP response — 접속 유지 4초, 4초 후 재접속
2026-10-06 09:36:18.216 | INFO     | stock_bot.swing.live:on_gap:301 - WS 끊김 — 백필 진행 중이라 추가 백필 생략
2026-10-06 09:36:25.576 | INFO     | stock_bot.broker.kis_ws:_session:360 - ws 접속 ws://ops.koreainvestment.com:31000 (34종목)
2026-10-06 09:36:25.609 | WARNING  | stock_bot.broker.kis_ws:run:342 - 연결 끊김(5회차): InvalidMessage did not receive a valid HTTP response — 접속 유지 3초, 8초 후 재접속
2026-10-06 09:36:25.610 | INFO     | stock_bot.swing.live:on_gap:301 - WS 끊김 — 백필 진행 중이라 추가 백필 생략
2026-10-06 09:36:30.616 | INFO     | stock_bot.swing.live:_eod_timer:914 - 0936 WS 끊김 등록 34/34 재연결 5회 틱 44,411 (마지막 145초전) · 감시 24 (틱수신 24 · 확정봉 264) 보유 10 신규 2/3 (일반 0/1) 대기 0 확인중 0 진입가능=슬롯 없음 미트리거 사유: 유지 10, 전일종가하회 10, VWAP하회 3, 음봉 1
2026-10-06 09:36:33.735 | INFO     | stock_bot.broker.kis_ws:_session:360 - ws 접속 ws://ops.koreainvestment.com:31000 (34종목)
2026-10-06 09:36:33.770 | WARNING  | stock_bot.broker.kis_ws:run:342 - 연결 끊김(6회차): InvalidMessage did not receive a valid HTTP response — 접속 유지 0초, 16초 후 재접속
2026-10-06 09:36:33.771 | INFO     | stock_bot.swing.live:on_gap:301 - WS 끊김 — 백필 진행 중이라 추가 백필 생략
2026-10-06 09:36:53.528 | INFO     | stock_bot.broker.kis_ws:_session:360 - ws 접속 ws://ops.koreainvestment.com:31000 (34종목)
2026-10-06 09:36:53.562 | WARNING  | stock_bot.broker.kis_ws:run:342 - 연결 끊김(7회차): InvalidMessage did not receive a valid HTTP response — 접속 유지 4초, 30초 후 재접속
2026-10-06 09:36:53.563 | INFO     | stock_bot.swing.live:on_gap:301 - WS 끊김 — 백필 진행 중이라 추가 백필 생략
2026-10-06 09:37:23.691 | INFO     | stock_bot.broker.kis_ws:_session:360 - ws 접속 ws://ops.koreainvestment.com:31000 (34종목)
2026-10-06 09:37:23.745 | WARNING  | stock_bot.broker.kis_ws:run:342 - 연결 끊김(8회차): InvalidMessage did not receive a valid HTTP response — 접속 유지 0초, 30초 후 재접속
2026-10-06 09:37:23.747 | INFO     | stock_bot.swing.live:on_gap:301 - WS 끊김 — 백필 진행 중이라 추가 백필 생략
2026-10-06 09:37:53.874 | INFO     | stock_bot.broker.kis_ws:_session:360 - ws 접속 ws://ops.koreainvestment.com:31000 (34종목)
2026-10-06 09:37:53.970 | WARNING  | stock_bot.broker.kis_ws:run:342 - 연결 끊김(9회차): InvalidMessage did not receive a valid HTTP response — 접속 유지 0초, 30초 후 재접속
2026-10-06 09:37:53.970 | INFO     | stock_bot.swing.live:on_gap:301 - WS 끊김 — 백필 진행 중이라 추가 백필 생략
2026-10-06 09:38:26.547 | INFO     | stock_bot.broker.kis_ws:_session:360 - ws 접속 ws://ops.koreainvestment.com:31000 (34종목)
2026-10-06 09:38:26.589 | WARNING  | stock_bot.broker.kis_ws:run:342 - 연결 끊김(10회차): InvalidMessage did not receive a valid HTTP response — 접속 유지 3초, 30초 후 재접속
2026-10-06 09:38:26.590 | INFO     | stock_bot.swing.live:on_gap:301 - WS 끊김 — 백필 진행 중이라 추가 백필 생략
2026-10-06 09:39:00.261 | INFO     | stock_bot.broker.kis_ws:_session:360 - ws 접속 ws://ops.koreainvestment.com:31000 (34종목)
2026-10-06 09:39:00.529 | INFO     | stock_bot.swing.live:on_tick:258 - WS 복구 — 틱 공백 174초
2026-10-06 09:39:00.573 | INFO     | stock_bot.broker.kis_ws:_register:265 - 등록 34/34건
2026-10-06 09:39:02.370 | INFO     | stock_bot.swing.live:_backfill:337 - REST 백필 완료 34/34종목 (실패 0) — 틱 공백 174초 · 세션 고저 갱신
2026-10-06 09:39:35.386 | INFO     | stock_bot.swing.live:_eod_timer:914 - 0939 WS 연결 등록 34/34 재연결 10회 틱 45,102 (마지막 0초전) · 감시 24 (틱수신 24 · 확정봉 288) 보유 10 신규 2/3 (일반 0/1) 대기 0 확인중 0 진입가능=슬롯 없음 미트리거 사유: 전일종가하회 11, 유지 9, VWAP하회 3, 음봉 1
2026-10-06 09:42:04.950 | INFO     | stock_bot.swing.live:_note:459 - 트리거 감지 047050 FLOW_INST 유지 @56,700 → 미진입: 슬롯 없음
2026-10-06 09:42:37.996 | INFO     | stock_bot.swing.live:_eod_timer:914 - 0942 WS 연결 등록 34/34 재연결 10회 틱 48,444 (마지막 0초전) · 감시 24 (틱수신 24 · 확정봉 311) 보유 10 신규 2/3 (일반 0/1) 대기 0 확인중 0 진입가능=슬롯 없음 미트리거 사유: 전일종가하회 12, 유지 6, VWAP하회 5, 음봉 1
2026-10-06 09:45:40.792 | INFO     | stock_bot.swing.live:_eod_timer:914 - 0945 WS 연결 등록 34/34 재연결 10회 틱 51,577 (마지막 0초전) · 감시 24 (틱수신 24 · 확정봉 336) 보유 10 신규 2/3 (일반 0/1) 대기 0 확인중 0 진입가능=슬롯 없음 미트리거 사유: 전일종가하회 13, 유지 7, VWAP하회 3, 음봉 1
2026-10-06 09:48:41.219 | INFO     | stock_bot.swing.live:_eod_timer:914 - 0948 WS 연결 등록 34/34 재연결 10회 틱 54,392 (마지막 0초전) · 감시 24 (틱수신 24 · 확정봉 360) 보유 10 신규 2/3 (일반 0/1) 대기 0 확인중 0 진입가능=슬롯 없음 미트리거 사유: 전일종가하회 12, 유지 7, VWAP하회 4, 음봉 1
2026-10-06 09:51:04.401 | INFO     | stock_bot.swing.live:_note:459 - 트리거 감지 005180 MEANREV 눌림반등 @83,800 → 미진입: 슬롯 없음
2026-10-06 09:51:44.257 | INFO     | stock_bot.swing.live:_eod_timer:914 - 0951 WS 연결 등록 34/34 재연결 10회 틱 57,544 (마지막 0초전) · 감시 24 (틱수신 24 · 확정봉 384) 보유 10 신규 2/3 (일반 0/1) 대기 0 확인중 0 진입가능=슬롯 없음 미트리거 사유: 전일종가하회 11, 유지 7, VWAP하회 5, 눌림반등 1
2026-10-06 09:54:44.740 | INFO     | stock_bot.swing.live:_eod_timer:914 - 0954 WS 연결 등록 34/34 재연결 10회 틱 60,456 (마지막 0초전) · 감시 24 (틱수신 24 · 확정봉 408) 보유 10 신규 2/3 (일반 0/1) 대기 0 확인중 0 진입가능=슬롯 없음 미트리거 사유: 전일종가하회 11, 유지 7, VWAP하회 5, 음봉 1
2026-10-06 09:57:48.259 | INFO     | stock_bot.swing.live:_eod_timer:914 - 0957 WS 연결 등록 34/34 재연결 10회 틱 63,490 (마지막 0초전) · 감시 24 (틱수신 24 · 확정봉 431) 보유 10 신규 2/3 (일반 0/1) 대기 0 확인중 0 진입가능=슬롯 없음 미트리거 사유: 전일종가하회 11, 유지 7, VWAP하회 4, 음봉 1, 저점근접 1
2026-10-06 10:00:01.611 | WARNING  | stock_bot.broker.kis_ws:run:342 - 연결 끊김(11회차): ConnectionClosedError no close frame received or sent — 접속 유지 1265초, 1초 후 재접속
2026-10-06 10:00:01.747 | WARNING  | stock_bot.swing.live:on_gap:303 - WS 끊김 — 재접속 먼저, REST 백필 34종목은 백그라운드
2026-10-06 10:00:11.952 | INFO     | stock_bot.broker.kis_ws:_session:360 - ws 접속 ws://ops.koreainvestment.com:31000 (34종목)
2026-10-06 10:00:12.330 | INFO     | stock_bot.swing.live:on_tick:258 - WS 복구 — 틱 공백 11초
2026-10-06 10:00:12.425 | INFO     | stock_bot.broker.kis_ws:_register:265 - 등록 34/34건
2026-10-06 10:00:52.380 | INFO     | stock_bot.swing.live:_eod_timer:914 - 1000 WS 연결 등록 34/34 재연결 11회 틱 66,328 (마지막 0초전) · 감시 24 (틱수신 24 · 확정봉 455) 보유 10 신규 2/3 (일반 0/1) 대기 0 확인중 0 진입가능=슬롯 없음 미트리거 사유: 전일종가하회 12, 유지 7, VWAP하회 3, 저점근접 2
2026-10-06 10:02:15.881 | INFO     | stock_bot.swing.live:_backfill:337 - REST 백필 완료 34/34종목 (실패 0) — 틱 공백 11초 · 세션 고저 갱신
2026-10-06 10:03:02.409 | INFO     | stock_bot.swing.live:_note:459 - 트리거 감지 144960 MOMENTUM 유지 @13,230 → 미진입: 슬롯 없음
2026-10-06 10:03:53.093 | INFO     | stock_bot.swing.live:_eod_timer:914 - 1003 WS 연결 등록 34/34 재연결 11회 틱 69,206 (마지막 0초전) · 감시 24 (틱수신 24 · 확정봉 480) 보유 10 신규 2/3 (일반 0/1) 대기 0 확인중 0 진입가능=슬롯 없음 미트리거 사유: 전일종가하회 13, 유지 8, VWAP하회 2, 음봉 1
2026-10-06 10:06:54.678 | INFO     | stock_bot.swing.live:_eod_timer:914 - 1006 WS 연결 등록 34/34 재연결 11회 틱 72,173 (마지막 0초전) · 감시 24 (틱수신 24 · 확정봉 504) 보유 10 신규 2/3 (일반 0/1) 대기 0 확인중 0 진입가능=슬롯 없음 미트리거 사유: 전일종가하회 13, 유지 8, VWAP하회 2, 음봉 1
2026-10-06 10:09:58.302 | INFO     | stock_bot.swing.live:_eod_timer:914 - 1009 WS 연결 등록 34/34 재연결 11회 틱 75,145 (마지막 0초전) · 감시 24 (틱수신 24 · 확정봉 528) 보유 10 신규 2/3 (일반 0/1) 대기 0 확인중 0 진입가능=슬롯 없음 미트리거 사유: 전일종가하회 13, 유지 7, VWAP하회 3, 음봉 1
2026-10-06 10:13:00.073 | INFO     | stock_bot.swing.live:_eod_timer:914 - 1012 WS 연결 등록 34/34 재연결 11회 틱 77,958 (마지막 0초전) · 감시 24 (틱수신 24 · 확정봉 552) 보유 10 신규 2/3 (일반 0/1) 대기 0 확인중 0 진입가능=슬롯 없음 미트리거 사유: 전일종가하회 13, 유지 8, VWAP하회 2, 음봉 1
2026-10-06 10:16:01.399 | INFO     | stock_bot.swing.live:_eod_timer:914 - 1016 WS 연결 등록 34/34 재연결 11회 틱 80,620 (마지막 0초전) · 감시 24 (틱수신 24 · 확정봉 576) 보유 10 신규 2/3 (일반 0/1) 대기 0 확인중 0 진입가능=슬롯 없음 미트리거 사유: 전일종가하회 13, 유지 8, VWAP하회 2, 눌림반등 1
2026-10-06 10:19:02.074 | INFO     | stock_bot.swing.live:_eod_timer:914 - 1019 WS 연결 등록 34/34 재연결 11회 틱 83,305 (마지막 0초전) · 감시 24 (틱수신 24 · 확정봉 600) 보유 10 신규 2/3 (일반 0/1) 대기 0 확인중 0 진입가능=슬롯 없음 미트리거 사유: 전일종가하회 13, 유지 7, VWAP하회 3, 눌림반등 1
2026-10-06 10:22:02.830 | INFO     | stock_bot.swing.live:_eod_timer:914 - 1022 WS 연결 등록 34/34 재연결 11회 틱 86,098 (마지막 0초전) · 감시 24 (틱수신 24 · 확정봉 624) 보유 10 신규 2/3 (일반 0/1) 대기 0 확인중 0 진입가능=슬롯 없음 미트리거 사유: 전일종가하회 13, 유지 8, 저점근접 1, VWAP하회 1, 음봉 1
2026-10-06 10:24:00.607 | INFO     | stock_bot.swing.live:_note:459 - 트리거 감지 053800 MOMENTUM 유지 @87,600 → 미진입: 슬롯 없음
2026-10-06 10:25:03.412 | INFO     | stock_bot.swing.live:_eod_timer:914 - 1025 WS 연결 등록 34/34 재연결 11회 틱 88,887 (마지막 0초전) · 감시 24 (틱수신 24 · 확정봉 648) 보유 10 신규 2/3 (일반 0/1) 대기 0 확인중 0 진입가능=슬롯 없음 미트리거 사유: 전일종가하회 13, 유지 9, 저점근접 1, 음봉 1
2026-10-06 10:28:05.237 | INFO     | stock_bot.swing.live:_eod_timer:914 - 1028 WS 연결 등록 34/34 재연결 11회 틱 91,727 (마지막 0초전) · 감시 24 (틱수신 24 · 확정봉 672) 보유 10 신규 2/3 (일반 0/1) 대기 0 확인중 0 진입가능=슬롯 없음 미트리거 사유: 전일종가하회 13, 유지 8, 저점근접 1, VWAP하회 1, 음봉 1
2026-10-06 10:30:01.566 | INFO     | stock_bot.swing.live:_note:459 - 트리거 감지 006730 FLOW_FORGN 유지 @11,480 → 미진입: 슬롯 없음
2026-10-06 10:31:06.067 | INFO     | stock_bot.swing.live:_eod_timer:914 - 1031 WS 연결 등록 34/34 재연결 11회 틱 94,533 (마지막 0초전) · 감시 24 (틱수신 24 · 확정봉 696) 보유 10 신규 2/3 (일반 0/1) 대기 0 확인중 0 진입가능=슬롯 없음 미트리거 사유: 전일종가하회 12, 유지 9, 저점근접 1, VWAP하회 1, 눌림반등 1
2026-10-06 10:34:07.231 | INFO     | stock_bot.swing.live:_eod_timer:914 - 1034 WS 연결 등록 34/34 재연결 11회 틱 97,386 (마지막 0초전) · 감시 24 (틱수신 24 · 확정봉 720) 보유 10 신규 2/3 (일반 0/1) 대기 0 확인중 0 진입가능=슬롯 없음 미트리거 사유: 전일종가하회 12, 유지 9, VWAP하회 2, 음봉 1
2026-10-06 10:37:08.027 | INFO     | stock_bot.swing.live:_eod_timer:914 - 1037 WS 연결 등록 34/34 재연결 11회 틱 100,046 (마지막 0초전) · 감시 24 (틱수신 24 · 확정봉 744) 보유 10 신규 2/3 (일반 0/1) 대기 0 확인중 0 진입가능=슬롯 없음 미트리거 사유: 전일종가하회 13, 유지 8, VWAP하회 2, 음봉 1
2026-10-06 10:40:08.750 | INFO     | stock_bot.swing.live:_eod_timer:914 - 1040 WS 연결 등록 34/34 재연결 11회 틱 102,944 (마지막 0초전) · 감시 24 (틱수신 24 · 확정봉 768) 보유 10 신규 2/3 (일반 0/1) 대기 0 확인중 0 진입가능=슬롯 없음 미트리거 사유: 전일종가하회 13, 유지 8, VWAP하회 2, 저점근접 1
2026-10-06 10:43:11.587 | INFO     | stock_bot.swing.live:_eod_timer:914 - 1043 WS 연결 등록 34/34 재연결 11회 틱 105,565 (마지막 0초전) · 감시 24 (틱수신 24 · 확정봉 792) 보유 10 신규 2/3 (일반 0/1) 대기 0 확인중 0 진입가능=슬롯 없음 미트리거 사유: 전일종가하회 13, 유지 7, VWAP하회 3, 음봉 1
2026-10-06 10:46:12.196 | INFO     | stock_bot.swing.live:_eod_timer:914 - 1046 WS 연결 등록 34/34 재연결 11회 틱 108,111 (마지막 0초전) · 감시 24 (틱수신 24 · 확정봉 816) 보유 10 신규 2/3 (일반 0/1) 대기 0 확인중 0 진입가능=슬롯 없음 미트리거 사유: 전일종가하회 13, 유지 7, VWAP하회 3, 저점근접 1
2026-10-06 10:49:14.489 | INFO     | stock_bot.swing.live:_eod_timer:914 - 1049 WS 연결 등록 34/34 재연결 11회 틱 110,791 (마지막 0초전) · 감시 24 (틱수신 24 · 확정봉 840) 보유 10 신규 2/3 (일반 0/1) 대기 0 확인중 0 진입가능=슬롯 없음 미트리거 사유: 전일종가하회 12, 유지 8, VWAP하회 3, 음봉 1
2026-10-06 10:51:02.389 | INFO     | stock_bot.swing.live:_note:459 - 트리거 감지 031980 MOMENTUM 유지 @194,700 → 미진입: 슬롯 없음
2026-10-06 10:52:15.072 | INFO     | stock_bot.swing.live:_eod_timer:914 - 1052 WS 연결 등록 34/34 재연결 11회 틱 113,609 (마지막 0초전) · 감시 24 (틱수신 24 · 확정봉 864) 보유 10 신규 2/3 (일반 0/1) 대기 0 확인중 0 진입가능=슬롯 없음 미트리거 사유: 전일종가하회 11, 유지 10, VWAP하회 2, 음봉 1
2026-10-06 10:55:16.174 | INFO     | stock_bot.swing.live:_eod_timer:914 - 1055 WS 연결 등록 34/34 재연결 11회 틱 116,323 (마지막 0초전) · 감시 24 (틱수신 24 · 확정봉 888) 보유 10 신규 2/3 (일반 0/1) 대기 0 확인중 0 진입가능=슬롯 없음 미트리거 사유: 전일종가하회 12, 유지 8, VWAP하회 3, 음봉 1
2026-10-06 10:58:16.811 | INFO     | stock_bot.swing.live:_eod_timer:914 - 1058 WS 연결 등록 34/34 재연결 11회 틱 118,938 (마지막 0초전) · 감시 24 (틱수신 24 · 확정봉 912) 보유 10 신규 2/3 (일반 0/1) 대기 0 확인중 0 진입가능=슬롯 없음 미트리거 사유: 전일종가하회 12, 유지 8, VWAP하회 3, 음봉 1
2026-10-06 11:00:01.521 | WARNING  | stock_bot.broker.kis_ws:run:342 - 연결 끊김(12회차): ConnectionClosedError no close frame received or sent — 접속 유지 3599초, 1초 후 재접속
2026-10-06 11:00:01.523 | WARNING  | stock_bot.swing.live:on_gap:303 - WS 끊김 — 재접속 먼저, REST 백필 34종목은 백그라운드
2026-10-06 11:00:13.046 | INFO     | stock_bot.broker.kis_ws:_session:360 - ws 접속 ws://ops.koreainvestment.com:31000 (34종목)
2026-10-06 11:00:13.281 | INFO     | stock_bot.swing.live:on_tick:258 - WS 복구 — 틱 공백 12초
2026-10-06 11:00:13.470 | INFO     | stock_bot.broker.kis_ws:_register:265 - 등록 34/34건
2026-10-06 11:01:18.831 | INFO     | stock_bot.swing.live:_eod_timer:914 - 1101 WS 연결 등록 34/34 재연결 12회 틱 121,408 (마지막 0초전) · 감시 24 (틱수신 24 · 확정봉 936) 보유 10 신규 2/3 (일반 0/1) 대기 0 확인중 0 진입가능=슬롯 없음 미트리거 사유: 전일종가하회 12, 유지 8, VWAP하회 3, 음봉 1
2026-10-06 11:02:06.868 | INFO     | stock_bot.swing.live:_backfill:337 - REST 백필 완료 34/34종목 (실패 0) — 틱 공백 12초 · 세션 고저 갱신
2026-10-06 11:04:21.767 | INFO     | stock_bot.swing.live:_eod_timer:914 - 1104 WS 연결 등록 34/34 재연결 12회 틱 123,945 (마지막 0초전) · 감시 24 (틱수신 24 · 확정봉 960) 보유 10 신규 2/3 (일반 0/1) 대기 0 확인중 0 진입가능=슬롯 없음 미트리거 사유: 전일종가하회 12, 유지 8, VWAP하회 3, 음봉 1
2026-10-06 11:07:22.417 | INFO     | stock_bot.swing.live:_eod_timer:914 - 1107 WS 연결 등록 34/34 재연결 12회 틱 126,452 (마지막 0초전) · 감시 24 (틱수신 24 · 확정봉 984) 보유 10 신규 2/3 (일반 0/1) 대기 0 확인중 0 진입가능=슬롯 없음 미트리거 사유: 전일종가하회 12, 유지 8, VWAP하회 3, 음봉 1
2026-10-06 11:09:01.241 | INFO     | stock_bot.swing.live:_note:459 - 트리거 감지 010950 FLOW_PULLBACK 유지 @166,200 → 미진입: 슬롯 없음
2026-10-06 11:10:24.256 | INFO     | stock_bot.swing.live:_eod_timer:914 - 1110 WS 연결 등록 34/34 재연결 12회 틱 129,032 (마지막 0초전) · 감시 24 (틱수신 24 · 확정봉 1008) 보유 10 신규 2/3 (일반 0/1) 대기 0 확인중 0 진입가능=슬롯 없음 미트리거 사유: 전일종가하회 12, 유지 8, VWAP하회 3, 음봉 1
2026-10-06 11:13:24.838 | INFO     | stock_bot.swing.live:_eod_timer:914 - 1113 WS 연결 등록 34/34 재연결 12회 틱 131,673 (마지막 0초전) · 감시 24 (틱수신 24 · 확정봉 1032) 보유 10 신규 2/3 (일반 0/1) 대기 0 확인중 0 진입가능=슬롯 없음 미트리거 사유: 전일종가하회 11, 유지 9, VWAP하회 3, 눌림반등 1
2026-10-06 11:16:25.403 | INFO     | stock_bot.swing.live:_eod_timer:914 - 1116 WS 연결 등록 34/34 재연결 12회 틱 134,251 (마지막 0초전) · 감시 24 (틱수신 24 · 확정봉 1056) 보유 10 신규 2/3 (일반 0/1) 대기 0 확인중 0 진입가능=슬롯 없음 미트리거 사유: 전일종가하회 11, 유지 9, VWAP하회 3, 눌림반등 1
2026-10-06 11:19:25.950 | INFO     | stock_bot.swing.live:_eod_timer:914 - 1119 WS 연결 등록 34/34 재연결 12회 틱 136,798 (마지막 0초전) · 감시 24 (틱수신 24 · 확정봉 1080) 보유 10 신규 2/3 (일반 0/1) 대기 0 확인중 0 진입가능=슬롯 없음 미트리거 사유: 전일종가하회 10, 유지 10, VWAP하회 3, 음봉 1
2026-10-06 11:22:26.483 | INFO     | stock_bot.swing.live:_eod_timer:914 - 1122 WS 연결 등록 34/34 재연결 12회 틱 139,364 (마지막 0초전) · 감시 24 (틱수신 24 · 확정봉 1104) 보유 10 신규 2/3 (일반 0/1) 대기 0 확인중 0 진입가능=슬롯 없음 미트리거 사유: 전일종가하회 11, 유지 9, VWAP하회 3, 눌림반등 1
2026-10-06 11:25:27.046 | INFO     | stock_bot.swing.live:_eod_timer:914 - 1125 WS 연결 등록 34/34 재연결 12회 틱 141,895 (마지막 0초전) · 감시 24 (틱수신 24 · 확정봉 1128) 보유 10 신규 2/3 (일반 0/1) 대기 0 확인중 0 진입가능=슬롯 없음 미트리거 사유: 유지 11, 전일종가하회 10, VWAP하회 2, 음봉 1
2026-10-06 11:28:27.635 | INFO     | stock_bot.swing.live:_eod_timer:914 - 1128 WS 연결 등록 34/34 재연결 12회 틱 144,394 (마지막 0초전) · 감시 24 (틱수신 24 · 확정봉 1152) 보유 10 신규 2/3 (일반 0/1) 대기 0 확인중 0 진입가능=슬롯 없음 미트리거 사유: 유지 11, 전일종가하회 10, VWAP하회 2, 음봉 1
2026-10-06 11:31:28.214 | INFO     | stock_bot.swing.live:_eod_timer:914 - 1131 WS 연결 등록 34/34 재연결 12회 틱 146,904 (마지막 0초전) · 감시 24 (틱수신 24 · 확정봉 1176) 보유 10 신규 2/3 (일반 0/1) 대기 0 확인중 0 진입가능=슬롯 없음 미트리거 사유: 유지 11, 전일종가하회 10, VWAP하회 2, 눌림반등 1
2026-10-06 11:34:28.870 | INFO     | stock_bot.swing.live:_eod_timer:914 - 1134 WS 연결 등록 34/34 재연결 12회 틱 149,247 (마지막 0초전) · 감시 24 (틱수신 24 · 확정봉 1200) 보유 10 신규 2/3 (일반 0/1) 대기 0 확인중 0 진입가능=슬롯 없음 미트리거 사유: 유지 11, 전일종가하회 10, VWAP하회 2, 눌림반등 1
2026-10-06 11:37:29.417 | INFO     | stock_bot.swing.live:_eod_timer:914 - 1137 WS 연결 등록 34/34 재연결 12회 틱 151,640 (마지막 0초전) · 감시 24 (틱수신 24 · 확정봉 1224) 보유 10 신규 2/3 (일반 0/1) 대기 0 확인중 0 진입가능=슬롯 없음 미트리거 사유: 유지 11, 전일종가하회 10, VWAP하회 2, 눌림반등 1
2026-10-06 11:40:29.979 | INFO     | stock_bot.swing.live:_eod_timer:914 - 1140 WS 연결 등록 34/34 재연결 12회 틱 154,126 (마지막 0초전) · 감시 24 (틱수신 24 · 확정봉 1248) 보유 10 신규 2/3 (일반 0/1) 대기 0 확인중 0 진입가능=슬롯 없음 미트리거 사유: 유지 11, 전일종가하회 10, VWAP하회 2, 눌림반등 1
2026-10-06 11:43:30.520 | INFO     | stock_bot.swing.live:_eod_timer:914 - 1143 WS 연결 등록 34/34 재연결 12회 틱 156,422 (마지막 0초전) · 감시 24 (틱수신 24 · 확정봉 1272) 보유 10 신규 2/3 (일반 0/1) 대기 0 확인중 0 진입가능=슬롯 없음 미트리거 사유: 유지 11, 전일종가하회 10, VWAP하회 2, 눌림반등 1
2026-10-06 11:46:31.110 | INFO     | stock_bot.swing.live:_eod_timer:914 - 1146 WS 연결 등록 34/34 재연결 12회 틱 158,763 (마지막 0초전) · 감시 24 (틱수신 24 · 확정봉 1296) 보유 10 신규 2/3 (일반 0/1) 대기 0 확인중 0 진입가능=슬롯 없음 미트리거 사유: 전일종가하회 10, 유지 10, VWAP하회 3, 음봉 1
2026-10-06 11:49:31.739 | INFO     | stock_bot.swing.live:_eod_timer:914 - 1149 WS 연결 등록 34/34 재연결 12회 틱 161,035 (마지막 0초전) · 감시 24 (틱수신 24 · 확정봉 1320) 보유 10 신규 2/3 (일반 0/1) 대기 0 확인중 0 진입가능=슬롯 없음 미트리거 사유: 전일종가하회 10, 유지 10, VWAP하회 3, 음봉 1
2026-10-06 11:52:32.322 | INFO     | stock_bot.swing.live:_eod_timer:914 - 1152 WS 연결 등록 34/34 재연결 12회 틱 163,430 (마지막 0초전) · 감시 24 (틱수신 24 · 확정봉 1344) 보유 10 신규 2/3 (일반 0/1) 대기 0 확인중 0 진입가능=슬롯 없음 미트리거 사유: 전일종가하회 10, 유지 10, VWAP하회 3, 음봉 1
2026-10-06 11:55:32.927 | INFO     | stock_bot.swing.live:_eod_timer:914 - 1155 WS 연결 등록 34/34 재연결 12회 틱 165,677 (마지막 0초전) · 감시 24 (틱수신 24 · 확정봉 1368) 보유 10 신규 2/3 (일반 0/1) 대기 0 확인중 0 진입가능=슬롯 없음 미트리거 사유: 전일종가하회 10, 유지 10, VWAP하회 3, 음봉 1
2026-10-06 11:58:33.544 | INFO     | stock_bot.swing.live:_eod_timer:914 - 1158 WS 연결 등록 34/34 재연결 12회 틱 167,526 (마지막 0초전) · 감시 24 (틱수신 24 · 확정봉 1392) 보유 10 신규 2/3 (일반 0/1) 대기 0 확인중 0 진입가능=슬롯 없음 미트리거 사유: 전일종가하회 10, 유지 10, VWAP하회 3, 음봉 1
2026-10-06 12:00:01.550 | WARNING  | stock_bot.broker.kis_ws:run:342 - 연결 끊김(13회차): ConnectionClosedError no close frame received or sent — 접속 유지 3599초, 1초 후 재접속
2026-10-06 12:00:01.552 | WARNING  | stock_bot.swing.live:on_gap:303 - WS 끊김 — 재접속 먼저, REST 백필 34종목은 백그라운드
2026-10-06 12:00:08.059 | INFO     | stock_bot.broker.kis_ws:_session:360 - ws 접속 ws://ops.koreainvestment.com:31000 (34종목)
2026-10-06 12:00:08.348 | INFO     | stock_bot.swing.live:on_tick:258 - WS 복구 — 틱 공백 7초
2026-10-06 12:00:08.426 | INFO     | stock_bot.broker.kis_ws:_register:265 - 등록 34/34건
2026-10-06 12:01:38.404 | INFO     | stock_bot.swing.live:_eod_timer:914 - 1201 WS 연결 등록 34/34 재연결 13회 틱 169,108 (마지막 0초전) · 감시 24 (틱수신 24 · 확정봉 1416) 보유 10 신규 2/3 (일반 0/1) 대기 0 확인중 0 진입가능=슬롯 없음 미트리거 사유: 전일종가하회 10, 유지 9, VWAP하회 4, 음봉 1
2026-10-06 12:02:23.225 | INFO     | stock_bot.swing.live:_backfill:337 - REST 백필 완료 34/34종목 (실패 0) — 틱 공백 7초 · 세션 고저 갱신
2026-10-06 12:04:39.097 | INFO     | stock_bot.swing.live:_eod_timer:914 - 1204 WS 연결 등록 34/34 재연결 13회 틱 170,549 (마지막 0초전) · 감시 24 (틱수신 24 · 확정봉 1440) 보유 10 신규 2/3 (일반 0/1) 대기 0 확인중 0 진입가능=슬롯 없음 미트리거 사유: 전일종가하회 11, 유지 9, VWAP하회 3, 음봉 1
2026-10-06 12:07:39.741 | INFO     | stock_bot.swing.live:_eod_timer:914 - 1207 WS 연결 등록 34/34 재연결 13회 틱 172,189 (마지막 0초전) · 감시 24 (틱수신 24 · 확정봉 1464) 보유 10 신규 2/3 (일반 0/1) 대기 0 확인중 0 진입가능=슬롯 없음 미트리거 사유: 전일종가하회 11, 유지 8, VWAP하회 4, 저점근접 1
2026-10-06 12:10:40.653 | INFO     | stock_bot.swing.live:_eod_timer:914 - 1210 WS 연결 등록 34/34 재연결 13회 틱 173,738 (마지막 0초전) · 감시 24 (틱수신 24 · 확정봉 1488) 보유 10 신규 2/3 (일반 0/1) 대기 0 확인중 0 진입가능=슬롯 없음 미트리거 사유: 전일종가하회 11, 유지 9, VWAP하회 3, 저점근접 1
2026-10-06 12:13:41.311 | INFO     | stock_bot.swing.live:_eod_timer:914 - 1213 WS 연결 등록 34/34 재연결 13회 틱 175,100 (마지막 0초전) · 감시 24 (틱수신 24 · 확정봉 1512) 보유 10 신규 2/3 (일반 0/1) 대기 0 확인중 0 진입가능=슬롯 없음 미트리거 사유: 전일종가하회 10, 유지 10, VWAP하회 3, 눌림반등 1
2026-10-06 12:16:41.949 | INFO     | stock_bot.swing.live:_eod_timer:914 - 1216 WS 연결 등록 34/34 재연결 13회 틱 176,657 (마지막 0초전) · 감시 24 (틱수신 24 · 확정봉 1536) 보유 10 신규 2/3 (일반 0/1) 대기 0 확인중 0 진입가능=슬롯 없음 미트리거 사유: 전일종가하회 12, 유지 8, VWAP하회 4
2026-10-06 12:19:42.595 | INFO     | stock_bot.swing.live:_eod_timer:914 - 1219 WS 연결 등록 34/34 재연결 13회 틱 178,066 (마지막 0초전) · 감시 24 (틱수신 24 · 확정봉 1560) 보유 10 신규 2/3 (일반 0/1) 대기 0 확인중 0 진입가능=슬롯 없음 미트리거 사유: 전일종가하회 10, 유지 9, VWAP하회 4, 음봉 1
2026-10-06 12:22:45.029 | INFO     | stock_bot.swing.live:_eod_timer:914 - 1222 WS 연결 등록 34/34 재연결 13회 틱 179,638 (마지막 0초전) · 감시 24 (틱수신 24 · 확정봉 1584) 보유 10 신규 2/3 (일반 0/1) 대기 0 확인중 0 진입가능=슬롯 없음 미트리거 사유: 전일종가하회 11, 유지 8, VWAP하회 4, 음봉 1
2026-10-06 12:25:45.638 | INFO     | stock_bot.swing.live:_eod_timer:914 - 1225 WS 연결 등록 34/34 재연결 13회 틱 181,044 (마지막 0초전) · 감시 24 (틱수신 24 · 확정봉 1608) 보유 10 신규 2/3 (일반 0/1) 대기 0 확인중 0 진입가능=슬롯 없음 미트리거 사유: 전일종가하회 10, 유지 8, VWAP하회 5, 음봉 1
2026-10-06 12:28:46.260 | INFO     | stock_bot.swing.live:_eod_timer:914 - 1228 WS 연결 등록 34/34 재연결 13회 틱 182,588 (마지막 0초전) · 감시 24 (틱수신 24 · 확정봉 1632) 보유 10 신규 2/3 (일반 0/1) 대기 0 확인중 0 진입가능=슬롯 없음 미트리거 사유: 전일종가하회 10, 유지 8, VWAP하회 5, 음봉 1
2026-10-06 12:31:46.872 | INFO     | stock_bot.swing.live:_eod_timer:914 - 1231 WS 연결 등록 34/34 재연결 13회 틱 184,154 (마지막 0초전) · 감시 24 (틱수신 24 · 확정봉 1656) 보유 10 신규 2/3 (일반 0/1) 대기 0 확인중 0 진입가능=슬롯 없음 미트리거 사유: 전일종가하회 10, 유지 10, VWAP하회 3, 저점근접 1
2026-10-06 12:34:47.643 | INFO     | stock_bot.swing.live:_eod_timer:914 - 1234 WS 연결 등록 34/34 재연결 13회 틱 185,710 (마지막 0초전) · 감시 24 (틱수신 24 · 확정봉 1680) 보유 10 신규 2/3 (일반 0/1) 대기 0 확인중 0 진입가능=슬롯 없음 미트리거 사유: 전일종가하회 10, 유지 9, VWAP하회 4, 음봉 1
2026-10-06 12:37:48.738 | INFO     | stock_bot.swing.live:_eod_timer:914 - 1237 WS 연결 등록 34/34 재연결 13회 틱 187,232 (마지막 0초전) · 감시 24 (틱수신 24 · 확정봉 1704) 보유 10 신규 2/3 (일반 0/1) 대기 0 확인중 0 진입가능=슬롯 없음 미트리거 사유: 전일종가하회 11, 유지 9, VWAP하회 3, 저점근접 1
2026-10-06 12:40:49.346 | INFO     | stock_bot.swing.live:_eod_timer:914 - 1240 WS 연결 등록 34/34 재연결 13회 틱 188,808 (마지막 0초전) · 감시 24 (틱수신 24 · 확정봉 1728) 보유 10 신규 2/3 (일반 0/1) 대기 0 확인중 0 진입가능=슬롯 없음 미트리거 사유: 유지 11, 전일종가하회 10, VWAP하회 2, 저점근접 1
2026-10-06 12:43:50.254 | INFO     | stock_bot.swing.live:_eod_timer:914 - 1243 WS 연결 등록 34/34 재연결 13회 틱 190,242 (마지막 0초전) · 감시 24 (틱수신 24 · 확정봉 1752) 보유 10 신규 2/3 (일반 0/1) 대기 0 확인중 0 진입가능=슬롯 없음 미트리거 사유: 유지 10, 전일종가하회 10, VWAP하회 3, 음봉 1
2026-10-06 12:46:50.952 | INFO     | stock_bot.swing.live:_eod_timer:914 - 1246 WS 연결 등록 34/34 재연결 13회 틱 191,873 (마지막 0초전) · 감시 24 (틱수신 24 · 확정봉 1776) 보유 10 신규 2/3 (일반 0/1) 대기 0 확인중 0 진입가능=슬롯 없음 미트리거 사유: 유지 12, 전일종가하회 9, VWAP하회 2, 눌림반등 1
2026-10-06 12:49:51.566 | INFO     | stock_bot.swing.live:_eod_timer:914 - 1249 WS 연결 등록 34/34 재연결 13회 틱 193,397 (마지막 0초전) · 감시 24 (틱수신 24 · 확정봉 1800) 보유 10 신규 2/3 (일반 0/1) 대기 0 확인중 0 진입가능=슬롯 없음 미트리거 사유: 유지 10, 전일종가하회 9, VWAP하회 4, 눌림반등 1
2026-10-06 12:52:52.063 | INFO     | stock_bot.swing.live:_eod_timer:914 - 1252 WS 연결 등록 34/34 재연결 13회 틱 194,926 (마지막 0초전) · 감시 24 (틱수신 24 · 확정봉 1824) 보유 10 신규 2/3 (일반 0/1) 대기 0 확인중 0 진입가능=슬롯 없음 미트리거 사유: 전일종가하회 10, 유지 9, VWAP하회 4, 눌림반등 1
2026-10-06 12:55:53.003 | INFO     | stock_bot.swing.live:_eod_timer:914 - 1255 WS 연결 등록 34/34 재연결 13회 틱 196,454 (마지막 0초전) · 감시 24 (틱수신 24 · 확정봉 1848) 보유 10 신규 2/3 (일반 0/1) 대기 0 확인중 0 진입가능=슬롯 없음 미트리거 사유: 유지 10, 전일종가하회 10, VWAP하회 3, 음봉 1
2026-10-06 12:58:53.634 | INFO     | stock_bot.swing.live:_eod_timer:914 - 1258 WS 연결 등록 34/34 재연결 13회 틱 197,920 (마지막 0초전) · 감시 24 (틱수신 24 · 확정봉 1872) 보유 10 신규 2/3 (일반 0/1) 대기 0 확인중 0 진입가능=슬롯 없음 미트리거 사유: 전일종가하회 10, 유지 9, VWAP하회 4, 눌림반등 1
2026-10-06 13:00:01.551 | WARNING  | stock_bot.broker.kis_ws:run:342 - 연결 끊김(14회차): ConnectionClosedError no close frame received or sent — 접속 유지 3599초, 1초 후 재접속
2026-10-06 13:00:01.553 | WARNING  | stock_bot.swing.live:on_gap:303 - WS 끊김 — 재접속 먼저, REST 백필 34종목은 백그라운드
2026-10-06 13:00:07.383 | INFO     | stock_bot.broker.kis_ws:_session:360 - ws 접속 ws://ops.koreainvestment.com:31000 (34종목)
2026-10-06 13:00:07.704 | INFO     | stock_bot.swing.live:on_tick:258 - WS 복구 — 틱 공백 6초
2026-10-06 13:00:07.736 | INFO     | stock_bot.broker.kis_ws:_register:265 - 등록 34/34건
2026-10-06 13:01:57.775 | INFO     | stock_bot.swing.live:_eod_timer:914 - 1301 WS 연결 등록 34/34 재연결 14회 틱 199,356 (마지막 0초전) · 감시 24 (틱수신 24 · 확정봉 1896) 보유 10 신규 2/3 (일반 0/1) 대기 0 확인중 0 진입가능=슬롯 없음 미트리거 사유: 전일종가하회 10, 유지 9, VWAP하회 4, 음봉 1
2026-10-06 13:02:53.994 | INFO     | stock_bot.swing.live:_backfill:337 - REST 백필 완료 34/34종목 (실패 0) — 틱 공백 6초 · 세션 고저 갱신
2026-10-06 13:04:58.583 | INFO     | stock_bot.swing.live:_eod_timer:914 - 1304 WS 연결 등록 34/34 재연결 14회 틱 200,901 (마지막 0초전) · 감시 24 (틱수신 24 · 확정봉 1920) 보유 10 신규 2/3 (일반 0/1) 대기 0 확인중 0 진입가능=슬롯 없음 미트리거 사유: 전일종가하회 10, 유지 9, VWAP하회 4, 눌림반등 1
2026-10-06 13:08:01.889 | INFO     | stock_bot.swing.live:_eod_timer:914 - 1308 WS 연결 등록 34/34 재연결 14회 틱 202,576 (마지막 0초전) · 감시 24 (틱수신 24 · 확정봉 1944) 보유 10 신규 2/3 (일반 0/1) 대기 0 확인중 0 진입가능=슬롯 없음 미트리거 사유: 전일종가하회 10, 유지 9, VWAP하회 4, 눌림반등 1
2026-10-06 13:11:02.429 | INFO     | stock_bot.swing.live:_eod_timer:914 - 1311 WS 연결 등록 34/34 재연결 14회 틱 204,110 (마지막 0초전) · 감시 24 (틱수신 24 · 확정봉 1968) 보유 10 신규 2/3 (일반 0/1) 대기 0 확인중 0 진입가능=슬롯 없음 미트리거 사유: 전일종가하회 10, 유지 9, VWAP하회 4, 음봉 1
2026-10-06 13:14:03.010 | INFO     | stock_bot.swing.live:_eod_timer:914 - 1314 WS 연결 등록 34/34 재연결 14회 틱 205,449 (마지막 0초전) · 감시 24 (틱수신 24 · 확정봉 1992) 보유 10 신규 2/3 (일반 0/1) 대기 0 확인중 0 진입가능=슬롯 없음 미트리거 사유: 전일종가하회 10, 유지 9, VWAP하회 4, 음봉 1
2026-10-06 13:17:03.570 | INFO     | stock_bot.swing.live:_eod_timer:914 - 1317 WS 연결 등록 34/34 재연결 14회 틱 206,802 (마지막 0초전) · 감시 24 (틱수신 24 · 확정봉 2016) 보유 10 신규 2/3 (일반 0/1) 대기 0 확인중 0 진입가능=슬롯 없음 미트리거 사유: 전일종가하회 10, 유지 8, VWAP하회 5, 음봉 1
2026-10-06 13:20:04.094 | INFO     | stock_bot.swing.live:_eod_timer:914 - 1320 WS 연결 등록 34/34 재연결 14회 틱 208,279 (마지막 0초전) · 감시 24 (틱수신 24 · 확정봉 2040) 보유 10 신규 2/3 (일반 0/1) 대기 0 확인중 0 진입가능=슬롯 없음 미트리거 사유: 전일종가하회 9, 유지 9, VWAP하회 5, 음봉 1
2026-10-06 13:23:04.576 | INFO     | stock_bot.swing.live:_eod_timer:914 - 1323 WS 연결 등록 34/34 재연결 14회 틱 209,910 (마지막 0초전) · 감시 24 (틱수신 24 · 확정봉 2064) 보유 10 신규 2/3 (일반 0/1) 대기 0 확인중 0 진입가능=슬롯 없음 미트리거 사유: 전일종가하회 9, 유지 9, VWAP하회 4, 음봉 1, 저점근접 1
2026-10-06 13:26:05.094 | INFO     | stock_bot.swing.live:_eod_timer:914 - 1326 WS 연결 등록 34/34 재연결 14회 틱 211,614 (마지막 0초전) · 감시 24 (틱수신 24 · 확정봉 2088) 보유 10 신규 2/3 (일반 0/1) 대기 0 확인중 0 진입가능=슬롯 없음 미트리거 사유: 유지 11, 전일종가하회 9, VWAP하회 3, 음봉 1
2026-10-06 13:29:05.599 | INFO     | stock_bot.swing.live:_eod_timer:914 - 1329 WS 연결 등록 34/34 재연결 14회 틱 213,745 (마지막 0초전) · 감시 24 (틱수신 24 · 확정봉 2112) 보유 10 신규 2/3 (일반 0/1) 대기 0 확인중 0 진입가능=슬롯 없음 미트리거 사유: 전일종가하회 10, 유지 9, VWAP하회 3, 음봉 1, 저점근접 1
2026-10-06 13:32:06.128 | INFO     | stock_bot.swing.live:_eod_timer:914 - 1332 WS 연결 등록 34/34 재연결 14회 틱 215,890 (마지막 0초전) · 감시 24 (틱수신 24 · 확정봉 2136) 보유 10 신규 2/3 (일반 0/1) 대기 0 확인중 0 진입가능=슬롯 없음 미트리거 사유: 전일종가하회 10, 유지 10, VWAP하회 3, 눌림반등 1
2026-10-06 13:35:06.633 | INFO     | stock_bot.swing.live:_eod_timer:914 - 1335 WS 연결 등록 34/34 재연결 14회 틱 217,679 (마지막 0초전) · 감시 24 (틱수신 24 · 확정봉 2160) 보유 10 신규 2/3 (일반 0/1) 대기 0 확인중 0 진입가능=슬롯 없음 미트리거 사유: 전일종가하회 10, 유지 10, VWAP하회 2, 눌림반등 1, 저점근접 1
2026-10-06 13:38:07.103 | INFO     | stock_bot.swing.live:_eod_timer:914 - 1338 WS 연결 등록 34/34 재연결 14회 틱 219,437 (마지막 0초전) · 감시 24 (틱수신 24 · 확정봉 2184) 보유 10 신규 2/3 (일반 0/1) 대기 0 확인중 0 진입가능=슬롯 없음 미트리거 사유: 전일종가하회 10, 유지 9, VWAP하회 3, 음봉 1, 저점근접 1
2026-10-06 13:41:07.629 | INFO     | stock_bot.swing.live:_eod_timer:914 - 1341 WS 연결 등록 34/34 재연결 14회 틱 221,306 (마지막 0초전) · 감시 24 (틱수신 24 · 확정봉 2208) 보유 10 신규 2/3 (일반 0/1) 대기 0 확인중 0 진입가능=슬롯 없음 미트리거 사유: 전일종가하회 10, 유지 8, VWAP하회 4, 음봉 1, 저점근접 1
2026-10-06 13:44:08.199 | INFO     | stock_bot.swing.live:_eod_timer:914 - 1344 WS 연결 등록 34/34 재연결 14회 틱 222,984 (마지막 0초전) · 감시 24 (틱수신 24 · 확정봉 2232) 보유 10 신규 2/3 (일반 0/1) 대기 0 확인중 0 진입가능=슬롯 없음 미트리거 사유: 전일종가하회 10, 유지 9, VWAP하회 3, 음봉 1, 저점근접 1
2026-10-06 13:47:08.817 | INFO     | stock_bot.swing.live:_eod_timer:914 - 1347 WS 연결 등록 34/34 재연결 14회 틱 225,090 (마지막 0초전) · 감시 24 (틱수신 24 · 확정봉 2256) 보유 10 신규 2/3 (일반 0/1) 대기 0 확인중 0 진입가능=슬롯 없음 미트리거 사유: 전일종가하회 11, 유지 8, VWAP하회 4, 눌림반등 1
2026-10-06 13:50:09.413 | INFO     | stock_bot.swing.live:_eod_timer:914 - 1350 WS 연결 등록 34/34 재연결 14회 틱 227,417 (마지막 0초전) · 감시 24 (틱수신 24 · 확정봉 2280) 보유 10 신규 2/3 (일반 0/1) 대기 0 확인중 0 진입가능=슬롯 없음 미트리거 사유: 전일종가하회 12, 유지 7, VWAP하회 4, 음봉 1
2026-10-06 13:53:11.361 | INFO     | stock_bot.swing.live:_eod_timer:914 - 1353 WS 연결 등록 34/34 재연결 14회 틱 229,527 (마지막 0초전) · 감시 24 (틱수신 24 · 확정봉 2304) 보유 10 신규 2/3 (일반 0/1) 대기 0 확인중 0 진입가능=슬롯 없음 미트리거 사유: 전일종가하회 11, 유지 8, VWAP하회 4, 음봉 1
2026-10-06 13:56:11.924 | INFO     | stock_bot.swing.live:_eod_timer:914 - 1356 WS 연결 등록 34/34 재연결 14회 틱 231,517 (마지막 0초전) · 감시 24 (틱수신 24 · 확정봉 2328) 보유 10 신규 2/3 (일반 0/1) 대기 0 확인중 0 진입가능=슬롯 없음 미트리거 사유: 전일종가하회 11, 유지 8, VWAP하회 4, 저점근접 1
2026-10-06 13:59:12.507 | INFO     | stock_bot.swing.live:_eod_timer:914 - 1359 WS 연결 등록 34/34 재연결 14회 틱 233,586 (마지막 0초전) · 감시 24 (틱수신 24 · 확정봉 2352) 보유 10 신규 2/3 (일반 0/1) 대기 0 확인중 0 진입가능=슬롯 없음 미트리거 사유: 전일종가하회 10, 유지 8, VWAP하회 4, 눌림반등 1, 저점근접 1
2026-10-06 14:00:01.504 | WARNING  | stock_bot.broker.kis_ws:run:342 - 연결 끊김(15회차): ConnectionClosedError no close frame received or sent — 접속 유지 3599초, 1초 후 재접속
2026-10-06 14:00:01.506 | WARNING  | stock_bot.swing.live:on_gap:303 - WS 끊김 — 재접속 먼저, REST 백필 34종목은 백그라운드
2026-10-06 14:00:06.758 | INFO     | stock_bot.broker.kis_ws:_session:360 - ws 접속 ws://ops.koreainvestment.com:31000 (34종목)
2026-10-06 14:00:07.069 | INFO     | stock_bot.broker.kis_ws:_register:265 - 등록 34/34건
2026-10-06 14:00:07.104 | INFO     | stock_bot.swing.live:on_tick:258 - WS 복구 — 틱 공백 6초
2026-10-06 14:02:12.672 | INFO     | stock_bot.swing.live:_eod_timer:914 - 1402 WS 연결 등록 34/34 재연결 15회 틱 235,927 (마지막 0초전) · 감시 24 (틱수신 24 · 확정봉 2376) 보유 10 신규 2/3 (일반 0/1) 대기 0 확인중 0 진입가능=슬롯 없음 미트리거 사유: 전일종가하회 10, 유지 8, VWAP하회 5, 음봉 1
2026-10-06 14:03:19.036 | INFO     | stock_bot.swing.live:_backfill:337 - REST 백필 완료 34/34종목 (실패 0) — 틱 공백 6초 · 세션 고저 갱신
2026-10-06 14:05:14.724 | INFO     | stock_bot.swing.live:_eod_timer:914 - 1405 WS 연결 등록 34/34 재연결 15회 틱 237,936 (마지막 0초전) · 감시 24 (틱수신 24 · 확정봉 2400) 보유 10 신규 2/3 (일반 0/1) 대기 0 확인중 0 진입가능=슬롯 없음 미트리거 사유: 전일종가하회 10, 유지 8, VWAP하회 4, 음봉 1, 저점근접 1
2026-10-06 14:08:15.398 | INFO     | stock_bot.swing.live:_eod_timer:914 - 1408 WS 연결 등록 34/34 재연결 15회 틱 240,335 (마지막 0초전) · 감시 24 (틱수신 24 · 확정봉 2424) 보유 10 신규 2/3 (일반 0/1) 대기 0 확인중 0 진입가능=슬롯 없음 미트리거 사유: 전일종가하회 10, 유지 9, VWAP하회 4, 음봉 1
2026-10-06 14:11:18.065 | INFO     | stock_bot.swing.live:_eod_timer:914 - 1411 WS 연결 등록 34/34 재연결 15회 틱 242,902 (마지막 0초전) · 감시 24 (틱수신 24 · 확정봉 2448) 보유 10 신규 2/3 (일반 0/1) 대기 0 확인중 0 진입가능=슬롯 없음 미트리거 사유: 전일종가하회 9, 유지 9, VWAP하회 4, 음봉 1, 저점근접 1
2026-10-06 14:14:18.679 | INFO     | stock_bot.swing.live:_eod_timer:914 - 1414 WS 연결 등록 34/34 재연결 15회 틱 245,321 (마지막 0초전) · 감시 24 (틱수신 24 · 확정봉 2472) 보유 10 신규 2/3 (일반 0/1) 대기 0 확인중 0 진입가능=슬롯 없음 미트리거 사유: 전일종가하회 9, 유지 9, VWAP하회 4, 음봉 1, 저점근접 1
2026-10-06 14:17:20.669 | INFO     | stock_bot.swing.live:_eod_timer:914 - 1417 WS 연결 등록 34/34 재연결 15회 틱 247,504 (마지막 0초전) · 감시 24 (틱수신 24 · 확정봉 2496) 보유 10 신규 2/3 (일반 0/1) 대기 0 확인중 0 진입가능=슬롯 없음 미트리거 사유: 유지 10, 전일종가하회 9, VWAP하회 3, 음봉 1, 저점근접 1
2026-10-06 14:20:21.256 | INFO     | stock_bot.swing.live:_eod_timer:914 - 1420 WS 연결 등록 34/34 재연결 15회 틱 249,655 (마지막 0초전) · 감시 24 (틱수신 24 · 확정봉 2520) 보유 10 신규 2/3 (일반 0/1) 대기 0 확인중 0 진입가능=슬롯 없음 미트리거 사유: 유지 11, 전일종가하회 9, VWAP하회 2, 음봉 1, 저점근접 1
2026-10-06 14:23:21.817 | INFO     | stock_bot.swing.live:_eod_timer:914 - 1423 WS 연결 등록 34/34 재연결 15회 틱 251,769 (마지막 1초전) · 감시 24 (틱수신 24 · 확정봉 2544) 보유 10 신규 2/3 (일반 0/1) 대기 0 확인중 0 진입가능=슬롯 없음 미트리거 사유: 유지 10, 전일종가하회 9, VWAP하회 3, 음봉 1, 저점근접 1
2026-10-06 14:26:22.389 | INFO     | stock_bot.swing.live:_eod_timer:914 - 1426 WS 연결 등록 34/34 재연결 15회 틱 253,875 (마지막 0초전) · 감시 24 (틱수신 24 · 확정봉 2568) 보유 10 신규 2/3 (일반 0/1) 대기 0 확인중 0 진입가능=슬롯 없음 미트리거 사유: 전일종가하회 10, 유지 10, VWAP하회 3, 저점근접 1
2026-10-06 14:29:22.996 | INFO     | stock_bot.swing.live:_eod_timer:914 - 1429 WS 연결 등록 34/34 재연결 15회 틱 255,988 (마지막 0초전) · 감시 24 (틱수신 24 · 확정봉 2592) 보유 10 신규 2/3 (일반 0/1) 대기 0 확인중 0 진입가능=슬롯 없음 미트리거 사유: 전일종가하회 10, 유지 10, VWAP하회 3, 음봉 1
2026-10-06 14:32:23.610 | INFO     | stock_bot.swing.live:_eod_timer:914 - 1432 WS 연결 등록 34/34 재연결 15회 틱 258,217 (마지막 0초전) · 감시 24 (틱수신 24 · 확정봉 2616) 보유 10 신규 2/3 (일반 0/1) 대기 0 확인중 0 진입가능=슬롯 없음 미트리거 사유: 전일종가하회 11, 유지 8, VWAP하회 4, 음봉 1
2026-10-06 14:35:24.224 | INFO     | stock_bot.swing.live:_eod_timer:914 - 1435 WS 연결 등록 34/34 재연결 15회 틱 260,385 (마지막 0초전) · 감시 24 (틱수신 24 · 확정봉 2640) 보유 10 신규 2/3 (일반 0/1) 대기 0 확인중 0 진입가능=슬롯 없음 미트리거 사유: 전일종가하회 10, 유지 8, VWAP하회 5, 음봉 1
2026-10-06 14:38:24.818 | INFO     | stock_bot.swing.live:_eod_timer:914 - 1438 WS 연결 등록 34/34 재연결 15회 틱 262,466 (마지막 1초전) · 감시 24 (틱수신 24 · 확정봉 2664) 보유 10 신규 2/3 (일반 0/1) 대기 0 확인중 0 진입가능=슬롯 없음 미트리거 사유: 전일종가하회 11, 유지 8, VWAP하회 4, 음봉 1
2026-10-06 14:41:25.400 | INFO     | stock_bot.swing.live:_eod_timer:914 - 1441 WS 연결 등록 34/34 재연결 15회 틱 264,722 (마지막 0초전) · 감시 24 (틱수신 24 · 확정봉 2688) 보유 10 신규 2/3 (일반 0/1) 대기 0 확인중 0 진입가능=슬롯 없음 미트리거 사유: 전일종가하회 11, 유지 8, VWAP하회 4, 음봉 1
2026-10-06 14:44:25.990 | INFO     | stock_bot.swing.live:_eod_timer:914 - 1444 WS 연결 등록 34/34 재연결 15회 틱 267,177 (마지막 0초전) · 감시 24 (틱수신 24 · 확정봉 2712) 보유 10 신규 2/3 (일반 0/1) 대기 0 확인중 0 진입가능=슬롯 없음 미트리거 사유: 전일종가하회 10, 유지 8, VWAP하회 5, 음봉 1
2026-10-06 14:47:26.569 | INFO     | stock_bot.swing.live:_eod_timer:914 - 1447 WS 연결 등록 34/34 재연결 15회 틱 269,421 (마지막 0초전) · 감시 24 (틱수신 24 · 확정봉 2736) 보유 10 신규 2/3 (일반 0/1) 대기 0 확인중 0 진입가능=슬롯 없음 미트리거 사유: 전일종가하회 11, 유지 10, VWAP하회 2, 음봉 1
2026-10-06 14:50:27.166 | INFO     | stock_bot.swing.live:_eod_timer:914 - 1450 WS 연결 등록 34/34 재연결 15회 틱 271,790 (마지막 0초전) · 감시 24 (틱수신 24 · 확정봉 2760) 보유 10 신규 2/3 (일반 0/1) 대기 0 확인중 0 진입가능=슬롯 없음 미트리거 사유: 전일종가하회 11, 유지 10, VWAP하회 2, 눌림반등 1
2026-10-06 14:53:27.689 | INFO     | stock_bot.swing.live:_eod_timer:914 - 1453 WS 연결 등록 34/34 재연결 15회 틱 274,212 (마지막 0초전) · 감시 24 (틱수신 24 · 확정봉 2784) 보유 10 신규 2/3 (일반 0/1) 대기 0 확인중 0 진입가능=슬롯 없음 미트리거 사유: 전일종가하회 11, 유지 10, VWAP하회 2, 음봉 1
2026-10-06 14:56:28.303 | INFO     | stock_bot.swing.live:_eod_timer:914 - 1456 WS 연결 등록 34/34 재연결 15회 틱 276,726 (마지막 0초전) · 감시 24 (틱수신 24 · 확정봉 2808) 보유 10 신규 2/3 (일반 0/1) 대기 0 확인중 0 진입가능=슬롯 없음 미트리거 사유: 전일종가하회 11, 유지 10, VWAP하회 2, 음봉 1
2026-10-06 14:59:29.138 | INFO     | stock_bot.swing.live:_eod_timer:914 - 1459 WS 연결 등록 34/34 재연결 15회 틱 279,210 (마지막 0초전) · 감시 24 (틱수신 24 · 확정봉 2832) 보유 10 신규 2/3 (일반 0/1) 대기 0 확인중 0 진입가능=슬롯 없음 미트리거 사유: 전일종가하회 11, 유지 10, VWAP하회 2, 저점근접 1
2026-10-06 15:00:01.569 | WARNING  | stock_bot.broker.kis_ws:run:342 - 연결 끊김(16회차): ConnectionClosedError no close frame received or sent — 접속 유지 3599초, 1초 후 재접속
2026-10-06 15:00:01.571 | WARNING  | stock_bot.swing.live:on_gap:303 - WS 끊김 — 재접속 먼저, REST 백필 34종목은 백그라운드
2026-10-06 15:00:10.438 | INFO     | stock_bot.broker.kis_ws:_session:360 - ws 접속 ws://ops.koreainvestment.com:31000 (34종목)
2026-10-06 15:00:10.713 | INFO     | stock_bot.swing.live:on_tick:258 - WS 복구 — 틱 공백 9초
2026-10-06 15:00:10.824 | INFO     | stock_bot.broker.kis_ws:_register:265 - 등록 34/34건
2026-10-06 15:02:31.397 | INFO     | stock_bot.swing.live:_eod_timer:914 - 1502 WS 연결 등록 34/34 재연결 16회 틱 281,717 (마지막 0초전) · 감시 24 (틱수신 24 · 확정봉 2856) 보유 10 신규 2/3 (일반 0/1) 대기 0 확인중 0 진입가능=슬롯 없음 미트리거 사유: 전일종가하회 11, 유지 10, VWAP하회 2, 음봉 1
2026-10-06 15:03:30.987 | INFO     | stock_bot.swing.live:_backfill:337 - REST 백필 완료 34/34종목 (실패 0) — 틱 공백 9초 · 세션 고저 갱신
2026-10-06 15:05:31.978 | INFO     | stock_bot.swing.live:_eod_timer:914 - 1505 WS 연결 등록 34/34 재연결 16회 틱 284,293 (마지막 0초전) · 감시 24 (틱수신 24 · 확정봉 2880) 보유 10 신규 2/3 (일반 0/1) 대기 0 확인중 0 진입가능=슬롯 없음 미트리거 사유: 전일종가하회 11, 유지 9, VWAP하회 3, 눌림반등 1
2026-10-06 15:08:33.089 | INFO     | stock_bot.swing.live:_eod_timer:914 - 1508 WS 연결 등록 34/34 재연결 16회 틱 286,924 (마지막 0초전) · 감시 24 (틱수신 24 · 확정봉 2904) 보유 10 신규 2/3 (일반 0/1) 대기 0 확인중 0 진입가능=슬롯 없음 미트리거 사유: 전일종가하회 10, 유지 9, VWAP하회 4, 음봉 1
2026-10-06 15:11:33.714 | INFO     | stock_bot.swing.live:_eod_timer:914 - 1511 WS 연결 등록 34/34 재연결 16회 틱 289,592 (마지막 0초전) · 감시 24 (틱수신 24 · 확정봉 2928) 보유 10 신규 2/3 (일반 0/1) 대기 0 확인중 0 진입가능=슬롯 없음 미트리거 사유: 전일종가하회 11, 유지 9, VWAP하회 3, 음봉 1
2026-10-06 15:14:34.335 | INFO     | stock_bot.swing.live:_eod_timer:914 - 1514 WS 연결 등록 34/34 재연결 16회 틱 292,373 (마지막 0초전) · 감시 24 (틱수신 24 · 확정봉 2952) 보유 10 신규 2/3 (일반 0/1) 대기 0 확인중 0 진입가능=슬롯 없음 미트리거 사유: 전일종가하회 11, 유지 9, VWAP하회 3, 음봉 1
2026-10-06 15:15:01.050 | INFO     | stock_bot.swing.live:_note:459 - 트리거 감지 232140 MOMENTUM 유지 @18,100 → 미진입: 시간후
2026-10-06 15:15:02.286 | INFO     | stock_bot.swing.live:_note:459 - 트리거 감지 144960 MOMENTUM 유지 @13,820 → 미진입: 시간후
2026-10-06 15:15:02.290 | INFO     | stock_bot.swing.live:_note:459 - 트리거 감지 047050 FLOW_INST 유지 @57,300 → 미진입: 시간후
2026-10-06 15:15:09.119 | INFO     | stock_bot.swing.live:_note:459 - 트리거 감지 009155 FLOW_PULLBACK 유지 @540,000 → 미진입: 시간후
2026-10-06 15:17:36.190 | INFO     | stock_bot.swing.live:_eod_timer:914 - 1517 WS 연결 등록 34/34 재연결 16회 틱 294,992 (마지막 0초전) · 감시 24 (틱수신 24 · 확정봉 2976) 보유 10 신규 2/3 (일반 0/1) 대기 0 확인중 0 진입가능=시간후 미트리거 사유: 전일종가하회 10, 유지 9, VWAP하회 4, 음봉 1
2026-10-06 15:18:00.187 | INFO     | stock_bot.swing.live:_note:459 - 트리거 감지 128940 FLOW_PULLBACK 유지 @523,000 → 미진입: 시간후
2026-10-06 15:18:00.191 | INFO     | stock_bot.swing.live:_note:459 - 트리거 감지 124500 MOMENTUM 유지 @29,900 → 미진입: 시간후
2026-10-06 15:18:00.199 | INFO     | stock_bot.swing.live:_note:459 - 트리거 감지 006730 FLOW_FORGN 유지 @11,480 → 미진입: 시간후
2026-10-06 15:18:00.415 | INFO     | stock_bot.swing.live:_note:459 - 트리거 감지 090460 MOMENTUM 유지 @22,450 → 미진입: 시간후
2026-10-06 15:18:00.855 | INFO     | stock_bot.swing.live:_note:459 - 트리거 감지 031980 MOMENTUM 유지 @196,900 → 미진입: 시간후
2026-10-06 15:18:01.286 | INFO     | stock_bot.swing.live:eod:736 - 15:18 마감 판정 — 보유 10
2026-10-06 15:18:11.797 | INFO     | stock_bot.swing.live:eod:766 - 마감 요약: WS 연결 등록 34/34 재연결 16회 틱 295,361 (마지막 11초전) · 감시 24 (틱수신 24 · 확정봉 2993) 보유 10 신규 2/3 (일반 0/1) 대기 0 확인중 0 진입가능=시간후 미트리거 사유: 유지 11, 전일종가하회 9, VWAP하회 3, 음봉 1
2026-10-06 15:18:12.470 | INFO     | stock_bot.swing.live:_note:459 - 트리거 감지 078350 MOMENTUM 유지 @36,350 → 미진입: 시간후
2026-10-06 15:18:12.826 | INFO     | stock_bot.swing.live:_note:459 - 트리거 감지 053800 MOMENTUM 유지 @89,000 → 미진입: 시간후
2026-10-06 15:31:01.070 | INFO     | stock_bot.swing.live:run:968 - WS 종료 1531 — WS 연결 등록 34/34 재연결 16회 틱 297,350 (마지막 30초전)
2026-10-06 15:45:57.196 | INFO     | stock_bot.live.runner:_is_trading_day:671 - 거래일 판정 2026-10-06 → 거래일 (출처: exchange_calendars)
2026-10-06 15:52:00.092 | INFO     | stock_bot.swing.collector:collect_daily:494 - collect_daily 100/2772 ok=100 fail=0 333s
2026-10-06 15:57:18.682 | INFO     | stock_bot.swing.collector:collect_daily:494 - collect_daily 200/2772 ok=200 fail=0 651s
2026-10-06 16:02:42.914 | INFO     | stock_bot.swing.collector:collect_daily:494 - collect_daily 300/2772 ok=300 fail=0 975s
2026-10-06 16:07:46.669 | INFO     | stock_bot.swing.collector:collect_daily:494 - collect_daily 400/2772 ok=400 fail=0 1279s
2026-10-06 16:13:11.978 | INFO     | stock_bot.swing.collector:collect_daily:494 - collect_daily 500/2772 ok=500 fail=0 1604s
2026-10-06 16:18:17.466 | INFO     | stock_bot.swing.collector:collect_daily:494 - collect_daily 600/2772 ok=600 fail=0 1910s
2026-10-06 16:23:17.760 | INFO     | stock_bot.swing.collector:collect_daily:494 - collect_daily 700/2772 ok=700 fail=0 2210s
2026-10-06 16:28:35.484 | INFO     | stock_bot.swing.collector:collect_daily:494 - collect_daily 800/2772 ok=800 fail=0 2528s
2026-10-06 16:34:24.707 | INFO     | stock_bot.swing.collector:collect_daily:494 - collect_daily 900/2772 ok=900 fail=0 2877s
2026-10-06 16:39:54.517 | INFO     | stock_bot.swing.collector:collect_daily:494 - collect_daily 1000/2772 ok=1000 fail=0 3207s
2026-10-06 16:45:15.361 | INFO     | stock_bot.swing.collector:collect_daily:494 - collect_daily 1100/2772 ok=1100 fail=0 3528s
2026-10-06 16:50:16.747 | INFO     | stock_bot.swing.collector:collect_daily:494 - collect_daily 1200/2772 ok=1200 fail=0 3829s
2026-10-06 16:55:18.585 | INFO     | stock_bot.swing.collector:collect_daily:494 - collect_daily 1300/2772 ok=1300 fail=0 4131s
2026-10-06 17:00:32.598 | INFO     | stock_bot.swing.collector:collect_daily:494 - collect_daily 1400/2772 ok=1400 fail=0 4445s
2026-10-06 17:06:25.046 | INFO     | stock_bot.swing.collector:collect_daily:494 - collect_daily 1500/2772 ok=1500 fail=0 4798s
2026-10-06 17:11:49.678 | INFO     | stock_bot.swing.collector:collect_daily:494 - collect_daily 1600/2772 ok=1600 fail=0 5122s
2026-10-06 17:17:16.335 | INFO     | stock_bot.swing.collector:collect_daily:494 - collect_daily 1700/2772 ok=1700 fail=0 5449s
2026-10-06 17:22:16.414 | INFO     | stock_bot.swing.collector:collect_daily:494 - collect_daily 1800/2772 ok=1800 fail=0 5749s
2026-10-06 17:27:16.656 | INFO     | stock_bot.swing.collector:collect_daily:494 - collect_daily 1900/2772 ok=1900 fail=0 6049s
2026-10-06 17:32:17.698 | INFO     | stock_bot.swing.collector:collect_daily:494 - collect_daily 2000/2772 ok=2000 fail=0 6350s
2026-10-06 17:37:17.846 | INFO     | stock_bot.swing.collector:collect_daily:494 - collect_daily 2100/2772 ok=2100 fail=0 6650s
2026-10-06 17:42:19.557 | INFO     | stock_bot.swing.collector:collect_daily:494 - collect_daily 2200/2772 ok=2200 fail=0 6952s
2026-10-06 17:47:19.601 | INFO     | stock_bot.swing.collector:collect_daily:494 - collect_daily 2300/2772 ok=2300 fail=0 7252s
2026-10-06 17:53:11.748 | INFO     | stock_bot.swing.collector:collect_daily:494 - collect_daily 2400/2772 ok=2400 fail=0 7604s
2026-10-06 17:58:17.503 | INFO     | stock_bot.swing.collector:collect_daily:494 - collect_daily 2500/2772 ok=2500 fail=0 7910s
2026-10-06 18:03:17.924 | INFO     | stock_bot.swing.collector:collect_daily:494 - collect_daily 2600/2772 ok=2600 fail=0 8210s
2026-10-06 18:08:20.952 | INFO     | stock_bot.swing.collector:collect_daily:494 - collect_daily 2700/2772 ok=2700 fail=0 8513s
2026-10-06 18:17:31.025 | INFO     | stock_bot.swing.daily_scan:scan:140 - scan 20261006: panel 2751종목, strategies=['MOMENTUM', 'FLOW_FORGN', 'GAPGO', 'VALUE_MOM', 'PULLBACK'], trend=True
2026-10-06 18:33:39.611 | INFO     | stock_bot.swing.daily_scan:run_nightly_scan:348 - scan 20261006: 신호 460건(게이트통과 26), 후보 풀 50 (풀 밖 0) → 축 하한 20 탈락 12 → 감시 12(예비 0 포함)종목
2026-10-06 18:33:39.638 | INFO     | stock_bot.swing.daily_scan:run_nightly_scan:353 - 축 채움률: setup 100% / value 100% / quality 100% / growth 100% / flow 100% / liq 100% / prog 100%
2026-10-06 18:33:39.644 | INFO     | __main__:main:107 - nightly 20261006 ok: universe=2766 | collect ok=2772 fail=0 skipped=0 | index+1 | complete=2766/2772 (100%) | signals=460 watch=12 | 10062s
