2026-09-22 08:50:21.201 | INFO     | stock_bot.swing.live:_recover_positions:164 - 보유 복구 041830 MEANREV 100주 @57,425 손절 45,940 익절 64,316 (진입 20260916) 규칙 stop20/tp0/trail0>0/t30/ma0
2026-09-22 08:50:21.204 | INFO     | stock_bot.swing.live:_recover_positions:164 - 보유 복구 004800 VALUE_PURE 64주 @155,423 손절 124,338 익절 174,074 (진입 20260916) 규칙 stop20/tp0/trail0>0/t30/ma0
2026-09-22 08:50:21.205 | INFO     | stock_bot.swing.live:_recover_positions:164 - 보유 복구 078930 MEANREV 86주 @115,130 손절 92,104 익절 128,946 (진입 20260917) 규칙 stop20/tp0/trail0>0/t30/ma0
2026-09-22 08:50:21.206 | INFO     | stock_bot.swing.live:_recover_positions:164 - 보유 복구 001450 FLOW_FORGN 198주 @50,709 손절 40,567 익절 56,794 (진입 20260917) 규칙 stop20/tp0/trail0>0/t30/ma0
2026-09-22 08:50:21.207 | INFO     | stock_bot.swing.live:_recover_positions:164 - 보유 복구 062040 FLOW_BOTH 48주 @206,833 손절 165,466 익절 231,653 (진입 20260918) 규칙 stop20/tp0/trail0>0/t30/ma0
2026-09-22 08:50:21.208 | INFO     | stock_bot.swing.live:_recover_positions:164 - 보유 복구 051160 FLOW_FORGN 406주 @12,313 손절 9,850 익절 14,160 (진입 20260921) 규칙 stop20/tp0/trail0>0/t30/ma0
2026-09-22 08:50:21.209 | INFO     | stock_bot.swing.live:_recover_positions:164 - 보유 복구 332570 FLOW_BOTH 548주 @9,119 손절 7,295 익절 없음 (진입 20260921) 규칙 stop20/tp0/trail0>0/t30/ma0
2026-09-22 08:50:21.211 | INFO     | stock_bot.swing.live:_recover_positions:164 - 보유 복구 096530 FLOW_BOTH 144주 @34,495 손절 27,596 익절 없음 (진입 20260921) 규칙 stop20/tp0/trail0>0/t30/ma0
2026-09-22 08:50:25.080 | INFO     | stock_bot.swing.live:_load_watchlist:201 - 감시 리스트 20260921 적재: 후보 30 → 감시 24 (슬롯 30) 상위: 092870 75, 036540 75, 072950 74, 032940 74, 024840 74
2026-09-22 08:50:25.082 | INFO     | stock_bot.swing.live:_load_watchlist:204 - 우선 등급 6종목 (종합≥80 없음 → 순위 1~10): 092870 75, 024840 74, 265740 73, 072950 74, 036540 75, 032940 74
2026-09-22 08:50:25.108 | INFO     | stock_bot.swing.live:prepare:120 - 진입 규칙: 창 093000~151500 종합점수 하한 60 모음 창 20초 하루 상한 3 · 우선 등급 종합≥80(없으면 순위 1~10) 즉시 6종목 · 일반 등급 다음 1봉 유지 확인, 하루 1건 · 오늘 체결 0 (일반 0)
2026-09-22 08:50:25.109 | INFO     | stock_bot.swing.live:prepare:127 - 20260922 준비: 보유 8 신규감시 24 (wl=20260921) 레짐=True mult=1.0
2026-09-22 08:50:25.114 | INFO     | stock_bot.swing.live:run:751 - WS 시작 — 구독 32종목 (보유 8 감시 24) 봉 180초 저장봉 60초
2026-09-22 08:50:25.722 | INFO     | stock_bot.broker.kis_ws:_session:360 - ws 접속 ws://ops.koreainvestment.com:31000 (32종목)
2026-09-22 08:50:26.155 | INFO     | stock_bot.broker.kis_ws:_register:265 - 등록 32/32건
2026-09-22 08:53:25.947 | INFO     | stock_bot.swing.live:_eod_timer:731 - 0853 WS 연결 등록 32/32 틱 0 (마지막 없음) · 감시 24 (틱수신 0 · 확정봉 0) 보유 8 신규 0/3 (일반 0/1) 대기 0 확인중 0 진입가능=시간전 미트리거 사유: -
2026-09-22 08:56:26.014 | INFO     | stock_bot.swing.live:_eod_timer:731 - 0856 WS 연결 등록 32/32 틱 0 (마지막 없음) · 감시 24 (틱수신 0 · 확정봉 0) 보유 8 신규 0/3 (일반 0/1) 대기 0 확인중 0 진입가능=시간전 미트리거 사유: -
2026-09-22 08:59:26.081 | INFO     | stock_bot.swing.live:_eod_timer:731 - 0859 WS 연결 등록 32/32 틱 0 (마지막 없음) · 감시 24 (틱수신 0 · 확정봉 0) 보유 8 신규 0/3 (일반 0/1) 대기 0 확인중 0 진입가능=시간전 미트리거 사유: -
2026-09-22 09:00:02.061 | WARNING  | stock_bot.broker.kis_ws:run:342 - 연결 끊김(1회차): ConnectionClosedError no close frame received or sent — 접속 유지 577초, 1초 후 재접속
2026-09-22 09:00:02.062 | WARNING  | stock_bot.swing.live:on_gap:288 - WS 끊김 — 재접속 먼저, REST 백필 32종목은 백그라운드
2026-09-22 09:00:03.233 | INFO     | stock_bot.broker.kis_ws:_session:360 - ws 접속 ws://ops.koreainvestment.com:31000 (32종목)
2026-09-22 09:00:03.403 | INFO     | stock_bot.swing.live:on_tick:238 - 첫 틱 수신 332570 @9,390 — WS 데이터 흐름 시작
2026-09-22 09:00:03.405 | INFO     | stock_bot.swing.live:on_tick:243 - WS 복구 — 틱 공백 1초
2026-09-22 09:00:03.558 | INFO     | stock_bot.broker.kis_ws:_register:265 - 등록 32/32건
2026-09-22 09:01:53.345 | INFO     | stock_bot.swing.live:_backfill:322 - REST 백필 완료 32/32종목 (실패 0) — 틱 공백 1초 · 세션 고저 갱신
2026-09-22 09:02:26.132 | INFO     | stock_bot.swing.live:_eod_timer:731 - 0902 WS 연결 등록 32/32 재연결 1회 틱 4,171 (마지막 0초전) · 감시 24 (틱수신 24 · 확정봉 0) 보유 8 신규 0/3 (일반 0/1) 대기 0 확인중 0 진입가능=시간전 미트리거 사유: -
2026-09-22 09:03:00.226 | INFO     | stock_bot.swing.live:_note:416 - 트리거 감지 119850 MOMENTUM 유지 @54,300 → 미진입: 시간전
2026-09-22 09:03:00.666 | INFO     | stock_bot.swing.live:_note:416 - 트리거 감지 002990 MEANREV 눌림반등 @13,680 → 미진입: 시간전
2026-09-22 09:03:00.672 | INFO     | stock_bot.swing.live:_note:416 - 트리거 감지 092870 MOMENTUM 유지 @38,700 → 미진입: 시간전
2026-09-22 09:03:01.559 | INFO     | stock_bot.swing.live:_note:416 - 트리거 감지 024840 MOMENTUM 유지 @6,420 → 미진입: 시간전
2026-09-22 09:03:01.768 | INFO     | stock_bot.swing.live:_note:416 - 트리거 감지 003350 MOMENTUM 유지 @15,590 → 미진입: 시간전
2026-09-22 09:03:02.421 | INFO     | stock_bot.swing.live:_note:416 - 트리거 감지 032940 MOMENTUM 유지 @9,560 → 미진입: 시간전
2026-09-22 09:03:03.285 | INFO     | stock_bot.swing.live:_note:416 - 트리거 감지 098120 MOMENTUM 유지 @57,800 → 미진입: 시간전
2026-09-22 09:03:04.364 | INFO     | stock_bot.swing.live:_note:416 - 트리거 감지 004490 MEANREV 눌림반등 @59,600 → 미진입: 시간전
2026-09-22 09:03:05.028 | INFO     | stock_bot.swing.live:_note:416 - 트리거 감지 047770 MOMENTUM 유지 @3,760 → 미진입: 시간전
2026-09-22 09:05:26.185 | INFO     | stock_bot.swing.live:_eod_timer:731 - 0905 WS 연결 등록 32/32 재연결 1회 틱 9,979 (마지막 0초전) · 감시 24 (틱수신 24 · 확정봉 24) 보유 8 신규 0/3 (일반 0/1) 대기 0 확인중 0 진입가능=시간전 미트리거 사유: 유지 7, 전일종가하회 7, 저점근접 3, 음봉 2, VWAP하회 2
2026-09-22 09:06:01.536 | INFO     | stock_bot.swing.live:_note:416 - 트리거 감지 072950 MOMENTUM 유지 @13,750 → 미진입: 시간전
2026-09-22 09:06:01.546 | INFO     | stock_bot.swing.live:_note:416 - 트리거 감지 079650 MEANREV 눌림반등 @6,120 → 미진입: 시간전
2026-09-22 09:06:03.267 | INFO     | stock_bot.swing.live:_note:416 - 트리거 감지 265740 MOMENTUM 유지 @7,900 → 미진입: 시간전
2026-09-22 09:08:26.248 | INFO     | stock_bot.swing.live:_eod_timer:731 - 0908 WS 연결 등록 32/32 재연결 1회 틱 15,657 (마지막 0초전) · 감시 24 (틱수신 24 · 확정봉 48) 보유 8 신규 0/3 (일반 0/1) 대기 0 확인중 0 진입가능=시간전 미트리거 사유: 전일종가하회 9, 유지 6, 저점근접 3, 눌림반등 2, 음봉 2
2026-09-22 09:09:01.084 | INFO     | stock_bot.swing.live:_note:416 - 트리거 감지 073240 MEANREV 눌림반등 @6,860 → 미진입: 시간전
2026-09-22 09:09:03.229 | INFO     | stock_bot.swing.live:_note:416 - 트리거 감지 375500 MOMENTUM 유지 @86,300 → 미진입: 시간전
2026-09-22 09:11:26.313 | INFO     | stock_bot.swing.live:_eod_timer:731 - 0911 WS 연결 등록 32/32 재연결 1회 틱 20,755 (마지막 0초전) · 감시 24 (틱수신 24 · 확정봉 72) 보유 8 신규 0/3 (일반 0/1) 대기 0 확인중 0 진입가능=시간전 미트리거 사유: 전일종가하회 9, 유지 6, VWAP하회 3, 음봉 2, 눌림반등 2
2026-09-22 09:14:26.381 | INFO     | stock_bot.swing.live:_eod_timer:731 - 0914 WS 연결 등록 32/32 재연결 1회 틱 25,474 (마지막 0초전) · 감시 24 (틱수신 24 · 확정봉 96) 보유 8 신규 0/3 (일반 0/1) 대기 0 확인중 0 진입가능=시간전 미트리거 사유: 전일종가하회 11, 유지 4, 음봉 4, VWAP하회 3, 미눌림 1
2026-09-22 09:15:11.115 | INFO     | stock_bot.swing.live:_note:416 - 트리거 감지 446540 MOMENTUM 유지 @9,300 → 미진입: 시간전
2026-09-22 09:17:26.437 | INFO     | stock_bot.swing.live:_eod_timer:731 - 0917 WS 연결 등록 32/32 재연결 1회 틱 30,014 (마지막 0초전) · 감시 24 (틱수신 24 · 확정봉 120) 보유 8 신규 0/3 (일반 0/1) 대기 0 확인중 0 진입가능=시간전 미트리거 사유: 전일종가하회 9, VWAP하회 5, 유지 4, 음봉 4, 저점근접 1
2026-09-22 09:18:00.091 | INFO     | stock_bot.swing.live:_note:416 - 트리거 감지 232140 MOMENTUM 유지 @14,580 → 미진입: 시간전
2026-09-22 09:18:00.518 | INFO     | stock_bot.swing.live:_note:416 - 트리거 감지 067290 MOMENTUM 유지 @3,275 → 미진입: 시간전
2026-09-22 09:18:03.482 | INFO     | stock_bot.swing.live:_note:416 - 트리거 감지 263860 MOMENTUM 유지 @17,190 → 미진입: 시간전
2026-09-22 09:20:26.494 | INFO     | stock_bot.swing.live:_eod_timer:731 - 0920 WS 연결 등록 32/32 재연결 1회 틱 34,731 (마지막 0초전) · 감시 24 (틱수신 24 · 확정봉 144) 보유 8 신규 0/3 (일반 0/1) 대기 0 확인중 0 진입가능=시간전 미트리거 사유: 유지 7, 전일종가하회 7, VWAP하회 4, 음봉 2, 저점근접 2
2026-09-22 09:23:26.548 | INFO     | stock_bot.swing.live:_eod_timer:731 - 0923 WS 연결 등록 32/32 재연결 1회 틱 39,100 (마지막 0초전) · 감시 24 (틱수신 24 · 확정봉 168) 보유 8 신규 0/3 (일반 0/1) 대기 0 확인중 0 진입가능=시간전 미트리거 사유: 전일종가하회 12, 유지 6, 음봉 3, VWAP하회 2, 미눌림 1
2026-09-22 09:26:26.613 | INFO     | stock_bot.swing.live:_eod_timer:731 - 0926 WS 연결 등록 32/32 재연결 1회 틱 43,639 (마지막 0초전) · 감시 24 (틱수신 24 · 확정봉 192) 보유 8 신규 0/3 (일반 0/1) 대기 0 확인중 0 진입가능=시간전 미트리거 사유: 전일종가하회 11, 유지 7, 음봉 2, VWAP하회 2, 눌림반등 1
2026-09-22 09:29:26.674 | INFO     | stock_bot.swing.live:_eod_timer:731 - 0929 WS 연결 등록 32/32 재연결 1회 틱 47,883 (마지막 0초전) · 감시 24 (틱수신 24 · 확정봉 216) 보유 8 신규 0/3 (일반 0/1) 대기 0 확인중 0 진입가능=시간전 미트리거 사유: 전일종가하회 11, 유지 6, 음봉 3, VWAP하회 2, 미눌림 1
2026-09-22 09:30:00.093 | INFO     | stock_bot.swing.live:_maybe_enter:457 - 트리거 047770 MOMENTUM 유지 @3,785 종합 70 — 일반 등급(<80) → 다음 1봉 유지 확인 대기
2026-09-22 09:30:00.276 | INFO     | stock_bot.swing.live:_maybe_enter:457 - 트리거 119850 MOMENTUM 유지 @56,000 종합 71 — 일반 등급(<80) → 다음 1봉 유지 확인 대기
2026-09-22 09:30:00.285 | INFO     | stock_bot.swing.live:_maybe_enter:457 - 트리거 232140 MOMENTUM 유지 @14,670 종합 70 — 일반 등급(<80) → 다음 1봉 유지 확인 대기
2026-09-22 09:30:00.300 | INFO     | stock_bot.swing.live:_maybe_enter:463 - 트리거 024840 MOMENTUM 유지 @6,870 종합 74 우선★ — 20초 모음 창 대기 (1건)
2026-09-22 09:30:03.044 | INFO     | stock_bot.swing.live:_maybe_enter:457 - 트리거 098120 MOMENTUM 유지 @58,800 종합 70 — 일반 등급(<80) → 다음 1봉 유지 확인 대기
2026-09-22 09:30:03.671 | INFO     | stock_bot.swing.live:_maybe_enter:457 - 트리거 263860 MOMENTUM 유지 @17,400 종합 72 — 일반 등급(<80) → 다음 1봉 유지 확인 대기
2026-09-22 09:30:12.356 | INFO     | stock_bot.swing.live:_maybe_enter:457 - 트리거 446540 MOMENTUM 유지 @9,370 종합 71 — 일반 등급(<80) → 다음 1봉 유지 확인 대기
2026-09-22 09:30:20.766 | INFO     | stock_bot.swing.live:_flush_armed:479 - 진입 순서(우선 등급 → 종합점수순): 024840 74 우선★
2026-09-22 09:30:20.774 | INFO     | stock_bot.swing.live:_enter:500 - 진입 시도 024840 MOMENTUM 유지 @6,870 x727 종합 74 우선★
2026-09-22 09:30:20.780 | INFO     | stock_bot.swing.state:arm:46 - [paper] ARMED 024840 MOMENTUM trigger=유지 bar=0927 px=6870 x727 exit=stop20/tp0/trail0>0/t30/ma0 tier=priority score=74
2026-09-22 09:30:31.244 | INFO     | stock_bot.broker.kis:place_order:712 - order: buy 024840 727 -> 모의투자 매수주문이 완료 되었습니다.
2026-09-22 09:30:41.999 | INFO     | stock_bot.swing.orders:_place_market:197 - [paper] buy 024840 주문 0000008173 체결 727/727 @ 6,781
2026-09-22 09:30:42.004 | INFO     | stock_bot.swing.state:transition:57 - [paper] ARMED → ENTERED 024840 {'shares': 727, 'entry_px': 6781.0}
2026-09-22 09:30:42.008 | INFO     | stock_bot.swing.state:transition:57 - [paper] ENTERED → HOLDING 024840 {'shares': 727, 'entry_px': 6781.0}
2026-09-22 09:30:42.167 | INFO     | stock_bot.swing.live:_enter:561 - 진입 체결 024840 MOMENTUM 727주 @6,781 손절 5,425 익절 없음 규칙 stop20/tp0/trail0>0/t30/ma0 우선★ (신규 1/3 일반 0/1)
2026-09-22 09:32:26.730 | INFO     | stock_bot.swing.live:_eod_timer:731 - 0932 WS 연결 등록 32/32 재연결 1회 틱 52,415 (마지막 0초전) · 감시 23 (틱수신 23 · 확정봉 230) 보유 9 신규 1/3 (일반 0/1) 대기 0 확인중 6 진입가능=OK 미트리거 사유: 전일종가하회 12, 유지 5, 음봉 4, 미눌림 1, VWAP하회 1
2026-09-22 09:33:00.178 | INFO     | stock_bot.swing.live:_maybe_enter:461 - 일반 등급 047770 MOMENTUM 유지 — 다음 봉 유지 확인 → 진입 진행
2026-09-22 09:33:00.179 | INFO     | stock_bot.swing.live:_maybe_enter:463 - 트리거 047770 MOMENTUM 유지 @3,780 종합 70 일반 — 20초 모음 창 대기 (1건)
2026-09-22 09:33:00.368 | INFO     | stock_bot.swing.live:_maybe_enter:461 - 일반 등급 232140 MOMENTUM 유지 — 다음 봉 유지 확인 → 진입 진행
2026-09-22 09:33:00.369 | INFO     | stock_bot.swing.live:_maybe_enter:463 - 트리거 232140 MOMENTUM 유지 @14,780 종합 70 일반 — 20초 모음 창 대기 (2건)
2026-09-22 09:33:00.584 | INFO     | stock_bot.swing.live:_maybe_enter:461 - 일반 등급 263860 MOMENTUM 유지 — 다음 봉 유지 확인 → 진입 진행
2026-09-22 09:33:00.585 | INFO     | stock_bot.swing.live:_maybe_enter:463 - 트리거 263860 MOMENTUM 유지 @17,400 종합 72 일반 — 20초 모음 창 대기 (3건)
2026-09-22 09:33:02.051 | INFO     | stock_bot.swing.live:_maybe_enter:461 - 일반 등급 119850 MOMENTUM 유지 — 다음 봉 유지 확인 → 진입 진행
2026-09-22 09:33:02.052 | INFO     | stock_bot.swing.live:_maybe_enter:463 - 트리거 119850 MOMENTUM 유지 @55,700 종합 71 일반 — 20초 모음 창 대기 (4건)
2026-09-22 09:33:03.757 | INFO     | stock_bot.swing.live:_maybe_enter:461 - 일반 등급 098120 MOMENTUM 유지 — 다음 봉 유지 확인 → 진입 진행
2026-09-22 09:33:03.758 | INFO     | stock_bot.swing.live:_maybe_enter:463 - 트리거 098120 MOMENTUM 유지 @59,100 종합 70 일반 — 20초 모음 창 대기 (5건)
2026-09-22 09:33:07.332 | INFO     | stock_bot.swing.live:_maybe_enter:461 - 일반 등급 446540 MOMENTUM 유지 — 다음 봉 유지 확인 → 진입 진행
2026-09-22 09:33:07.333 | INFO     | stock_bot.swing.live:_maybe_enter:463 - 트리거 446540 MOMENTUM 유지 @9,420 종합 71 일반 — 20초 모음 창 대기 (6건)
2026-09-22 09:33:20.604 | INFO     | stock_bot.swing.live:_flush_armed:479 - 진입 순서(우선 등급 → 종합점수순): 263860 72 일반 > 446540 71 일반 > 119850 71 일반 > 098120 70 일반 > 232140 70 일반 > 047770 70 일반
2026-09-22 09:33:20.608 | INFO     | stock_bot.swing.live:_enter:500 - 진입 시도 263860 MOMENTUM 유지 @17,400 x287 종합 72 일반
2026-09-22 09:33:20.612 | INFO     | stock_bot.swing.state:arm:46 - [paper] ARMED 263860 MOMENTUM trigger=유지 bar=0930 px=17400 x287 exit=stop20/tp0/trail0>0/t30/ma0 tier=normal score=72
2026-09-22 09:33:30.289 | INFO     | stock_bot.broker.kis:place_order:712 - order: buy 263860 287 -> 모의투자 매수주문이 완료 되었습니다.
2026-09-22 09:33:58.047 | INFO     | stock_bot.swing.orders:_place_market:197 - [paper] buy 263860 주문 0000008593 체결 287/287 @ 17,400
2026-09-22 09:33:58.052 | INFO     | stock_bot.swing.state:transition:57 - [paper] ARMED → ENTERED 263860 {'shares': 287, 'entry_px': 17400.0}
2026-09-22 09:33:58.057 | INFO     | stock_bot.swing.state:transition:57 - [paper] ENTERED → HOLDING 263860 {'shares': 287, 'entry_px': 17400.0}
2026-09-22 09:33:58.123 | INFO     | stock_bot.swing.live:_enter:561 - 진입 체결 263860 MOMENTUM 287주 @17,400 손절 13,920 익절 없음 규칙 stop20/tp0/trail0>0/t30/ma0 일반 (신규 2/3 일반 1/1)
2026-09-22 09:33:58.632 | INFO     | stock_bot.swing.live:_note:416 - 446540 MOMENTUM 종합 71 일반 → 미진입: 슬롯 없음 (점수 순 뒤로 밀림)
2026-09-22 09:33:58.636 | INFO     | stock_bot.swing.live:_note:416 - 119850 MOMENTUM 종합 71 일반 → 미진입: 슬롯 없음 (점수 순 뒤로 밀림)
2026-09-22 09:33:58.639 | INFO     | stock_bot.swing.live:_note:416 - 098120 MOMENTUM 종합 70 일반 → 미진입: 슬롯 없음 (점수 순 뒤로 밀림)
2026-09-22 09:33:58.643 | INFO     | stock_bot.swing.live:_note:416 - 232140 MOMENTUM 종합 70 일반 → 미진입: 슬롯 없음 (점수 순 뒤로 밀림)
2026-09-22 09:33:58.647 | INFO     | stock_bot.swing.live:_note:416 - 047770 MOMENTUM 종합 70 일반 → 미진입: 슬롯 없음 (점수 순 뒤로 밀림)
2026-09-22 09:35:26.800 | INFO     | stock_bot.swing.live:_eod_timer:731 - 0935 WS 연결 등록 32/32 재연결 1회 틱 56,317 (마지막 0초전) · 감시 22 (틱수신 22 · 확정봉 242) 보유 10 신규 2/3 (일반 1/1) 대기 0 확인중 0 진입가능=슬롯 없음 미트리거 사유: 전일종가하회 10, 유지 5, 음봉 4, VWAP하회 2, 미눌림 1
2026-09-22 09:38:26.862 | INFO     | stock_bot.swing.live:_eod_timer:731 - 0938 WS 연결 등록 32/32 재연결 1회 틱 60,082 (마지막 0초전) · 감시 22 (틱수신 22 · 확정봉 264) 보유 10 신규 2/3 (일반 1/1) 대기 0 확인중 0 진입가능=슬롯 없음 미트리거 사유: 전일종가하회 10, 유지 5, 음봉 4, VWAP하회 2, 미눌림 1
2026-09-22 09:41:26.923 | INFO     | stock_bot.swing.live:_eod_timer:731 - 0941 WS 연결 등록 32/32 재연결 1회 틱 63,636 (마지막 0초전) · 감시 22 (틱수신 22 · 확정봉 286) 보유 10 신규 2/3 (일반 1/1) 대기 0 확인중 0 진입가능=슬롯 없음 미트리거 사유: 전일종가하회 12, 유지 4, VWAP하회 2, 음봉 2, 저점근접 1
2026-09-22 09:42:01.954 | INFO     | stock_bot.swing.live:_note:416 - 트리거 감지 002990 MEANREV 눌림반등 @13,490 → 미진입: 슬롯 없음
2026-09-22 09:44:26.990 | INFO     | stock_bot.swing.live:_eod_timer:731 - 0944 WS 연결 등록 32/32 재연결 1회 틱 66,794 (마지막 0초전) · 감시 22 (틱수신 22 · 확정봉 308) 보유 10 신규 2/3 (일반 1/1) 대기 0 확인중 0 진입가능=슬롯 없음 미트리거 사유: 전일종가하회 11, 유지 4, VWAP하회 2, 음봉 2, 저점근접 1
2026-09-22 09:47:27.059 | INFO     | stock_bot.swing.live:_eod_timer:731 - 0947 WS 연결 등록 32/32 재연결 1회 틱 69,781 (마지막 0초전) · 감시 22 (틱수신 22 · 확정봉 330) 보유 10 신규 2/3 (일반 1/1) 대기 0 확인중 0 진입가능=슬롯 없음 미트리거 사유: 전일종가하회 13, 유지 4, 음봉 2, VWAP하회 1, 저점근접 1
2026-09-22 09:50:27.117 | INFO     | stock_bot.swing.live:_eod_timer:731 - 0950 WS 연결 등록 32/32 재연결 1회 틱 72,582 (마지막 0초전) · 감시 22 (틱수신 22 · 확정봉 352) 보유 10 신규 2/3 (일반 1/1) 대기 0 확인중 0 진입가능=슬롯 없음 미트리거 사유: 전일종가하회 11, VWAP하회 3, 유지 3, 음봉 3, 저점근접 1
2026-09-22 09:51:12.096 | INFO     | stock_bot.swing.live:_note:416 - 트리거 감지 073240 MEANREV 눌림반등 @6,860 → 미진입: 슬롯 없음
2026-09-22 09:53:27.175 | INFO     | stock_bot.swing.live:_eod_timer:731 - 0953 WS 연결 등록 32/32 재연결 1회 틱 75,417 (마지막 0초전) · 감시 22 (틱수신 22 · 확정봉 374) 보유 10 신규 2/3 (일반 1/1) 대기 0 확인중 0 진입가능=슬롯 없음 미트리거 사유: 전일종가하회 13, VWAP하회 3, 유지 3, 눌림반등 1, 저점근접 1
2026-09-22 09:56:27.245 | INFO     | stock_bot.swing.live:_eod_timer:731 - 0956 WS 연결 등록 32/32 재연결 1회 틱 78,284 (마지막 0초전) · 감시 22 (틱수신 22 · 확정봉 396) 보유 10 신규 2/3 (일반 1/1) 대기 0 확인중 0 진입가능=슬롯 없음 미트리거 사유: 전일종가하회 12, VWAP하회 3, 유지 3, 음봉 3, 미눌림 1
2026-09-22 09:59:27.304 | INFO     | stock_bot.swing.live:_eod_timer:731 - 0959 WS 연결 등록 32/32 재연결 1회 틱 81,126 (마지막 0초전) · 감시 22 (틱수신 22 · 확정봉 418) 보유 10 신규 2/3 (일반 1/1) 대기 0 확인중 0 진입가능=슬롯 없음 미트리거 사유: 전일종가하회 12, 유지 4, VWAP하회 3, 음봉 1, 저점근접 1
2026-09-22 10:00:00.234 | INFO     | stock_bot.swing.live:_note:416 - 트리거 감지 036540 MOMENTUM 유지 @10,630 → 미진입: 슬롯 없음
2026-09-22 10:00:02.170 | WARNING  | stock_bot.broker.kis_ws:run:342 - 연결 끊김(2회차): ConnectionClosedError no close frame received or sent — 접속 유지 3599초, 1초 후 재접속
2026-09-22 10:00:02.172 | WARNING  | stock_bot.swing.live:on_gap:288 - WS 끊김 — 재접속 먼저, REST 백필 32종목은 백그라운드
2026-09-22 10:00:07.901 | INFO     | stock_bot.broker.kis_ws:_session:360 - ws 접속 ws://ops.koreainvestment.com:31000 (32종목)
2026-09-22 10:00:08.944 | INFO     | stock_bot.swing.live:on_tick:243 - WS 복구 — 틱 공백 7초
2026-09-22 10:00:09.076 | INFO     | stock_bot.broker.kis_ws:_register:265 - 등록 32/32건
2026-09-22 10:00:09.164 | INFO     | stock_bot.swing.live:_note:416 - 트리거 감지 067290 MOMENTUM 유지 @3,280 → 미진입: 슬롯 없음
2026-09-22 10:00:13.708 | INFO     | stock_bot.swing.live:_note:416 - 트리거 감지 004490 MEANREV 눌림반등 @59,200 → 미진입: 슬롯 없음
2026-09-22 10:01:55.990 | INFO     | stock_bot.swing.live:_backfill:322 - REST 백필 완료 32/32종목 (실패 0) — 틱 공백 7초 · 세션 고저 갱신
2026-09-22 10:02:27.986 | INFO     | stock_bot.swing.live:_eod_timer:731 - 1002 WS 연결 등록 32/32 재연결 2회 틱 84,405 (마지막 0초전) · 감시 22 (틱수신 22 · 확정봉 440) 보유 10 신규 2/3 (일반 1/1) 대기 0 확인중 0 진입가능=슬롯 없음 미트리거 사유: 전일종가하회 9, 유지 6, VWAP하회 3, 눌림반등 2, 저점근접 1
2026-09-22 10:03:00.294 | INFO     | stock_bot.swing.live:_note:416 - 트리거 감지 079650 MEANREV 눌림반등 @6,100 → 미진입: 슬롯 없음
2026-09-22 10:05:28.042 | INFO     | stock_bot.swing.live:_eod_timer:731 - 1005 WS 연결 등록 32/32 재연결 2회 틱 88,227 (마지막 0초전) · 감시 22 (틱수신 22 · 확정봉 462) 보유 10 신규 2/3 (일반 1/1) 대기 0 확인중 0 진입가능=슬롯 없음 미트리거 사유: 전일종가하회 9, 유지 6, 눌림반등 2, 음봉 2, VWAP하회 2
2026-09-22 10:08:28.105 | INFO     | stock_bot.swing.live:_eod_timer:731 - 1008 WS 연결 등록 32/32 재연결 2회 틱 92,657 (마지막 0초전) · 감시 22 (틱수신 22 · 확정봉 484) 보유 10 신규 2/3 (일반 1/1) 대기 0 확인중 0 진입가능=슬롯 없음 미트리거 사유: 전일종가하회 10, 유지 6, 음봉 3, 미눌림 1, VWAP하회 1
2026-09-22 10:11:28.303 | INFO     | stock_bot.swing.live:_eod_timer:731 - 1011 WS 연결 등록 32/32 재연결 2회 틱 96,654 (마지막 0초전) · 감시 22 (틱수신 22 · 확정봉 506) 보유 10 신규 2/3 (일반 1/1) 대기 0 확인중 0 진입가능=슬롯 없음 미트리거 사유: 전일종가하회 11, 유지 6, 음봉 3, 눌림반등 1, 미눌림 1
2026-09-22 10:14:28.412 | INFO     | stock_bot.swing.live:_eod_timer:731 - 1014 WS 연결 등록 32/32 재연결 2회 틱 100,604 (마지막 0초전) · 감시 22 (틱수신 22 · 확정봉 528) 보유 10 신규 2/3 (일반 1/1) 대기 0 확인중 0 진입가능=슬롯 없음 미트리거 사유: 전일종가하회 12, 유지 5, 음봉 2, 눌림반등 2, 미눌림 1
2026-09-22 10:17:28.483 | INFO     | stock_bot.swing.live:_eod_timer:731 - 1017 WS 연결 등록 32/32 재연결 2회 틱 104,729 (마지막 0초전) · 감시 22 (틱수신 22 · 확정봉 550) 보유 10 신규 2/3 (일반 1/1) 대기 0 확인중 0 진입가능=슬롯 없음 미트리거 사유: 전일종가하회 11, 유지 4, 음봉 3, VWAP하회 2, 저점근접 1
2026-09-22 10:20:28.550 | INFO     | stock_bot.swing.live:_eod_timer:731 - 1020 WS 연결 등록 32/32 재연결 2회 틱 108,397 (마지막 0초전) · 감시 22 (틱수신 22 · 확정봉 572) 보유 10 신규 2/3 (일반 1/1) 대기 0 확인중 0 진입가능=슬롯 없음 미트리거 사유: 전일종가하회 11, 유지 5, 눌림반등 2, 음봉 2, VWAP하회 1
2026-09-22 10:23:28.639 | INFO     | stock_bot.swing.live:_eod_timer:731 - 1023 WS 연결 등록 32/32 재연결 2회 틱 111,681 (마지막 0초전) · 감시 22 (틱수신 22 · 확정봉 594) 보유 10 신규 2/3 (일반 1/1) 대기 0 확인중 0 진입가능=슬롯 없음 미트리거 사유: 전일종가하회 11, 유지 5, 음봉 2, VWAP하회 1, 눌림반등 1
2026-09-22 10:26:28.725 | INFO     | stock_bot.swing.live:_eod_timer:731 - 1026 WS 연결 등록 32/32 재연결 2회 틱 114,777 (마지막 0초전) · 감시 22 (틱수신 22 · 확정봉 616) 보유 10 신규 2/3 (일반 1/1) 대기 0 확인중 0 진입가능=슬롯 없음 미트리거 사유: 전일종가하회 12, 유지 4, 눌림반등 4, VWAP하회 1, 미눌림 1
2026-09-22 10:29:28.791 | INFO     | stock_bot.swing.live:_eod_timer:731 - 1029 WS 연결 등록 32/32 재연결 2회 틱 118,455 (마지막 0초전) · 감시 22 (틱수신 22 · 확정봉 638) 보유 10 신규 2/3 (일반 1/1) 대기 0 확인중 0 진입가능=슬롯 없음 미트리거 사유: 전일종가하회 12, 유지 5, 음봉 4, 미눌림 1
2026-09-22 10:32:28.852 | INFO     | stock_bot.swing.live:_eod_timer:731 - 1032 WS 연결 등록 32/32 재연결 2회 틱 121,421 (마지막 0초전) · 감시 22 (틱수신 22 · 확정봉 660) 보유 10 신규 2/3 (일반 1/1) 대기 0 확인중 0 진입가능=슬롯 없음 미트리거 사유: 전일종가하회 11, 유지 5, 음봉 3, 눌림반등 1, 미눌림 1
2026-09-22 10:35:28.954 | INFO     | stock_bot.swing.live:_eod_timer:731 - 1035 WS 연결 등록 32/32 재연결 2회 틱 124,363 (마지막 0초전) · 감시 22 (틱수신 22 · 확정봉 682) 보유 10 신규 2/3 (일반 1/1) 대기 0 확인중 0 진입가능=슬롯 없음 미트리거 사유: 전일종가하회 11, 유지 5, 음봉 3, 미눌림 1, VWAP하회 1
2026-09-22 10:38:29.014 | INFO     | stock_bot.swing.live:_eod_timer:731 - 1038 WS 연결 등록 32/32 재연결 2회 틱 127,353 (마지막 0초전) · 감시 22 (틱수신 22 · 확정봉 704) 보유 10 신규 2/3 (일반 1/1) 대기 0 확인중 0 진입가능=슬롯 없음 미트리거 사유: 전일종가하회 11, 유지 5, 음봉 4, 미눌림 1, VWAP하회 1
2026-09-22 10:41:29.086 | INFO     | stock_bot.swing.live:_eod_timer:731 - 1041 WS 연결 등록 32/32 재연결 2회 틱 129,947 (마지막 0초전) · 감시 22 (틱수신 22 · 확정봉 726) 보유 10 신규 2/3 (일반 1/1) 대기 0 확인중 0 진입가능=슬롯 없음 미트리거 사유: 전일종가하회 12, 유지 5, 눌림반등 2, 음봉 2, 미눌림 1
2026-09-22 10:44:29.141 | INFO     | stock_bot.swing.live:_eod_timer:731 - 1044 WS 연결 등록 32/32 재연결 2회 틱 132,319 (마지막 0초전) · 감시 22 (틱수신 22 · 확정봉 748) 보유 10 신규 2/3 (일반 1/1) 대기 0 확인중 0 진입가능=슬롯 없음 미트리거 사유: 전일종가하회 12, 유지 5, 음봉 3, 눌림반등 1, 미눌림 1
2026-09-22 10:47:29.197 | INFO     | stock_bot.swing.live:_eod_timer:731 - 1047 WS 연결 등록 32/32 재연결 2회 틱 134,585 (마지막 0초전) · 감시 22 (틱수신 22 · 확정봉 770) 보유 10 신규 2/3 (일반 1/1) 대기 0 확인중 0 진입가능=슬롯 없음 미트리거 사유: 전일종가하회 13, 유지 5, 눌림반등 2, 저점근접 1, 미눌림 1
2026-09-22 10:50:29.254 | INFO     | stock_bot.swing.live:_eod_timer:731 - 1050 WS 연결 등록 32/32 재연결 2회 틱 136,981 (마지막 0초전) · 감시 22 (틱수신 22 · 확정봉 792) 보유 10 신규 2/3 (일반 1/1) 대기 0 확인중 0 진입가능=슬롯 없음 미트리거 사유: 전일종가하회 11, 유지 5, 음봉 3, 미눌림 1, VWAP하회 1
2026-09-22 10:53:29.312 | INFO     | stock_bot.swing.live:_eod_timer:731 - 1053 WS 연결 등록 32/32 재연결 2회 틱 139,110 (마지막 0초전) · 감시 22 (틱수신 22 · 확정봉 814) 보유 10 신규 2/3 (일반 1/1) 대기 0 확인중 0 진입가능=슬롯 없음 미트리거 사유: 전일종가하회 12, 유지 3, 음봉 3, VWAP하회 2, 미눌림 1
2026-09-22 10:56:29.369 | INFO     | stock_bot.swing.live:_eod_timer:731 - 1056 WS 연결 등록 32/32 재연결 2회 틱 141,414 (마지막 0초전) · 감시 22 (틱수신 22 · 확정봉 836) 보유 10 신규 2/3 (일반 1/1) 대기 0 확인중 0 진입가능=슬롯 없음 미트리거 사유: 전일종가하회 13, 유지 4, 음봉 2, VWAP하회 1, 눌림반등 1
2026-09-22 10:57:01.650 | INFO     | stock_bot.swing.live:_note:416 - 트리거 감지 375500 MOMENTUM 유지 @85,400 → 미진입: 슬롯 없음
2026-09-22 10:59:29.426 | INFO     | stock_bot.swing.live:_eod_timer:731 - 1059 WS 연결 등록 32/32 재연결 2회 틱 143,628 (마지막 0초전) · 감시 22 (틱수신 22 · 확정봉 858) 보유 10 신규 2/3 (일반 1/1) 대기 0 확인중 0 진입가능=슬롯 없음 미트리거 사유: 전일종가하회 11, 유지 5, 음봉 3, VWAP하회 1, 눌림반등 1
2026-09-22 11:00:02.193 | WARNING  | stock_bot.broker.kis_ws:run:342 - 연결 끊김(3회차): ConnectionClosedError no close frame received or sent — 접속 유지 3599초, 1초 후 재접속
2026-09-22 11:00:02.195 | WARNING  | stock_bot.swing.live:on_gap:288 - WS 끊김 — 재접속 먼저, REST 백필 32종목은 백그라운드
2026-09-22 11:00:09.992 | INFO     | stock_bot.broker.kis_ws:_session:360 - ws 접속 ws://ops.koreainvestment.com:31000 (32종목)
2026-09-22 11:00:10.289 | INFO     | stock_bot.swing.live:on_tick:243 - WS 복구 — 틱 공백 8초
2026-09-22 11:00:10.433 | INFO     | stock_bot.broker.kis_ws:_register:265 - 등록 32/32건
2026-09-22 11:02:00.230 | INFO     | stock_bot.swing.live:_backfill:322 - REST 백필 완료 32/32종목 (실패 0) — 틱 공백 8초 · 세션 고저 갱신
2026-09-22 11:02:31.402 | INFO     | stock_bot.swing.live:_eod_timer:731 - 1102 WS 연결 등록 32/32 재연결 3회 틱 145,701 (마지막 0초전) · 감시 22 (틱수신 22 · 확정봉 880) 보유 10 신규 2/3 (일반 1/1) 대기 0 확인중 0 진입가능=슬롯 없음 미트리거 사유: 전일종가하회 12, 음봉 4, 유지 3, VWAP하회 2, 미눌림 1
2026-09-22 11:05:31.561 | INFO     | stock_bot.swing.live:_eod_timer:731 - 1105 WS 연결 등록 32/32 재연결 3회 틱 148,227 (마지막 0초전) · 감시 22 (틱수신 22 · 확정봉 902) 보유 10 신규 2/3 (일반 1/1) 대기 0 확인중 0 진입가능=슬롯 없음 미트리거 사유: 전일종가하회 12, 유지 3, 음봉 2, VWAP하회 2, 눌림반등 2
2026-09-22 11:08:33.551 | INFO     | stock_bot.swing.live:_eod_timer:731 - 1108 WS 연결 등록 32/32 재연결 3회 틱 150,050 (마지막 0초전) · 감시 22 (틱수신 22 · 확정봉 924) 보유 10 신규 2/3 (일반 1/1) 대기 0 확인중 0 진입가능=슬롯 없음 미트리거 사유: 전일종가하회 13, VWAP하회 3, 유지 2, 음봉 2, 눌림반등 1
2026-09-22 11:11:33.614 | INFO     | stock_bot.swing.live:_eod_timer:731 - 1111 WS 연결 등록 32/32 재연결 3회 틱 152,031 (마지막 0초전) · 감시 22 (틱수신 22 · 확정봉 946) 보유 10 신규 2/3 (일반 1/1) 대기 0 확인중 0 진입가능=슬롯 없음 미트리거 사유: 전일종가하회 11, 유지 3, VWAP하회 3, 눌림반등 2, 음봉 1
2026-09-22 11:14:33.687 | INFO     | stock_bot.swing.live:_eod_timer:731 - 1114 WS 연결 등록 32/32 재연결 3회 틱 154,064 (마지막 0초전) · 감시 22 (틱수신 22 · 확정봉 968) 보유 10 신규 2/3 (일반 1/1) 대기 0 확인중 0 진입가능=슬롯 없음 미트리거 사유: 전일종가하회 11, 음봉 4, 유지 3, VWAP하회 3, 미눌림 1
2026-09-22 11:17:33.751 | INFO     | stock_bot.swing.live:_eod_timer:731 - 1117 WS 연결 등록 32/32 재연결 3회 틱 156,016 (마지막 0초전) · 감시 22 (틱수신 22 · 확정봉 990) 보유 10 신규 2/3 (일반 1/1) 대기 0 확인중 0 진입가능=슬롯 없음 미트리거 사유: 전일종가하회 12, 유지 4, VWAP하회 2, 음봉 1, 저점근접 1
2026-09-22 11:20:33.812 | INFO     | stock_bot.swing.live:_eod_timer:731 - 1120 WS 연결 등록 32/32 재연결 3회 틱 157,879 (마지막 0초전) · 감시 22 (틱수신 22 · 확정봉 1012) 보유 10 신규 2/3 (일반 1/1) 대기 0 확인중 0 진입가능=슬롯 없음 미트리거 사유: 전일종가하회 11, 음봉 4, 유지 3, VWAP하회 3, 미눌림 1
2026-09-22 11:23:33.883 | INFO     | stock_bot.swing.live:_eod_timer:731 - 1123 WS 연결 등록 32/32 재연결 3회 틱 159,899 (마지막 0초전) · 감시 22 (틱수신 22 · 확정봉 1034) 보유 10 신규 2/3 (일반 1/1) 대기 0 확인중 0 진입가능=슬롯 없음 미트리거 사유: 전일종가하회 12, 유지 3, VWAP하회 3, 음봉 2, 눌림반등 1
2026-09-22 11:26:33.938 | INFO     | stock_bot.swing.live:_eod_timer:731 - 1126 WS 연결 등록 32/32 재연결 3회 틱 161,704 (마지막 0초전) · 감시 22 (틱수신 22 · 확정봉 1056) 보유 10 신규 2/3 (일반 1/1) 대기 0 확인중 0 진입가능=슬롯 없음 미트리거 사유: 전일종가하회 11, 유지 3, VWAP하회 3, 음봉 2, 눌림반등 2
2026-09-22 11:29:33.990 | INFO     | stock_bot.swing.live:_eod_timer:731 - 1129 WS 연결 등록 32/32 재연결 3회 틱 163,468 (마지막 0초전) · 감시 22 (틱수신 22 · 확정봉 1078) 보유 10 신규 2/3 (일반 1/1) 대기 0 확인중 0 진입가능=슬롯 없음 미트리거 사유: 전일종가하회 11, VWAP하회 4, 음봉 3, 유지 2, 미눌림 1
2026-09-22 11:32:34.047 | INFO     | stock_bot.swing.live:_eod_timer:731 - 1132 WS 연결 등록 32/32 재연결 3회 틱 165,244 (마지막 0초전) · 감시 22 (틱수신 22 · 확정봉 1100) 보유 10 신규 2/3 (일반 1/1) 대기 0 확인중 0 진입가능=슬롯 없음 미트리거 사유: 전일종가하회 12, VWAP하회 4, 음봉 3, 유지 2, 미눌림 1
2026-09-22 11:35:34.103 | INFO     | stock_bot.swing.live:_eod_timer:731 - 1135 WS 연결 등록 32/32 재연결 3회 틱 166,849 (마지막 0초전) · 감시 22 (틱수신 22 · 확정봉 1122) 보유 10 신규 2/3 (일반 1/1) 대기 0 확인중 0 진입가능=슬롯 없음 미트리거 사유: 전일종가하회 11, VWAP하회 4, 유지 2, 음봉 2, 눌림반등 2
2026-09-22 11:38:34.163 | INFO     | stock_bot.swing.live:_eod_timer:731 - 1138 WS 연결 등록 32/32 재연결 3회 틱 168,426 (마지막 0초전) · 감시 22 (틱수신 22 · 확정봉 1144) 보유 10 신규 2/3 (일반 1/1) 대기 0 확인중 0 진입가능=슬롯 없음 미트리거 사유: 전일종가하회 11, VWAP하회 4, 음봉 3, 유지 2, 눌림반등 1
2026-09-22 11:41:34.223 | INFO     | stock_bot.swing.live:_eod_timer:731 - 1141 WS 연결 등록 32/32 재연결 3회 틱 169,965 (마지막 0초전) · 감시 22 (틱수신 22 · 확정봉 1166) 보유 10 신규 2/3 (일반 1/1) 대기 0 확인중 0 진입가능=슬롯 없음 미트리거 사유: 전일종가하회 11, 유지 3, 음봉 3, VWAP하회 3, 미눌림 1
2026-09-22 11:44:34.283 | INFO     | stock_bot.swing.live:_eod_timer:731 - 1144 WS 연결 등록 32/32 재연결 3회 틱 171,476 (마지막 0초전) · 감시 22 (틱수신 22 · 확정봉 1188) 보유 10 신규 2/3 (일반 1/1) 대기 0 확인중 0 진입가능=슬롯 없음 미트리거 사유: 전일종가하회 11, 유지 3, VWAP하회 3, 음봉 2, 눌림반등 2
2026-09-22 11:47:34.341 | INFO     | stock_bot.swing.live:_eod_timer:731 - 1147 WS 연결 등록 32/32 재연결 3회 틱 173,084 (마지막 0초전) · 감시 22 (틱수신 22 · 확정봉 1210) 보유 10 신규 2/3 (일반 1/1) 대기 0 확인중 0 진입가능=슬롯 없음 미트리거 사유: 전일종가하회 13, VWAP하회 4, 음봉 3, 유지 1, 미눌림 1
2026-09-22 11:50:34.404 | INFO     | stock_bot.swing.live:_eod_timer:731 - 1150 WS 연결 등록 32/32 재연결 3회 틱 174,593 (마지막 0초전) · 감시 22 (틱수신 22 · 확정봉 1232) 보유 10 신규 2/3 (일반 1/1) 대기 0 확인중 0 진입가능=슬롯 없음 미트리거 사유: 전일종가하회 12, VWAP하회 4, 음봉 4, 유지 1, 미눌림 1
2026-09-22 11:53:34.462 | INFO     | stock_bot.swing.live:_eod_timer:731 - 1153 WS 연결 등록 32/32 재연결 3회 틱 176,070 (마지막 0초전) · 감시 22 (틱수신 22 · 확정봉 1254) 보유 10 신규 2/3 (일반 1/1) 대기 0 확인중 0 진입가능=슬롯 없음 미트리거 사유: 전일종가하회 12, VWAP하회 5, 음봉 4, 미눌림 1
2026-09-22 11:56:34.521 | INFO     | stock_bot.swing.live:_eod_timer:731 - 1156 WS 연결 등록 32/32 재연결 3회 틱 177,438 (마지막 0초전) · 감시 22 (틱수신 22 · 확정봉 1276) 보유 10 신규 2/3 (일반 1/1) 대기 0 확인중 0 진입가능=슬롯 없음 미트리거 사유: 전일종가하회 12, VWAP하회 5, 음봉 2, 눌림반등 2, 미눌림 1
2026-09-22 11:59:34.570 | INFO     | stock_bot.swing.live:_eod_timer:731 - 1159 WS 연결 등록 32/32 재연결 3회 틱 178,817 (마지막 0초전) · 감시 22 (틱수신 22 · 확정봉 1298) 보유 10 신규 2/3 (일반 1/1) 대기 0 확인중 0 진입가능=슬롯 없음 미트리거 사유: 전일종가하회 13, VWAP하회 4, 눌림반등 2, 유지 1, 음봉 1
2026-09-22 12:00:02.184 | WARNING  | stock_bot.broker.kis_ws:run:342 - 연결 끊김(4회차): ConnectionClosedError no close frame received or sent — 접속 유지 3599초, 1초 후 재접속
2026-09-22 12:00:02.186 | WARNING  | stock_bot.swing.live:on_gap:288 - WS 끊김 — 재접속 먼저, REST 백필 32종목은 백그라운드
2026-09-22 12:00:07.903 | INFO     | stock_bot.broker.kis_ws:_session:360 - ws 접속 ws://ops.koreainvestment.com:31000 (32종목)
2026-09-22 12:00:08.221 | INFO     | stock_bot.swing.live:on_tick:243 - WS 복구 — 틱 공백 6초
2026-09-22 12:00:08.322 | INFO     | stock_bot.broker.kis_ws:_register:265 - 등록 32/32건
2026-09-22 12:02:30.214 | INFO     | stock_bot.swing.live:_backfill:322 - REST 백필 완료 32/32종목 (실패 0) — 틱 공백 6초 · 세션 고저 갱신
2026-09-22 12:02:37.984 | INFO     | stock_bot.swing.live:_eod_timer:731 - 1202 WS 연결 등록 32/32 재연결 4회 틱 180,305 (마지막 0초전) · 감시 22 (틱수신 22 · 확정봉 1320) 보유 10 신규 2/3 (일반 1/1) 대기 0 확인중 0 진입가능=슬롯 없음 미트리거 사유: 전일종가하회 12, VWAP하회 4, 눌림반등 3, 유지 1, 음봉 1
2026-09-22 12:05:38.039 | INFO     | stock_bot.swing.live:_eod_timer:731 - 1205 WS 연결 등록 32/32 재연결 4회 틱 181,698 (마지막 0초전) · 감시 22 (틱수신 22 · 확정봉 1342) 보유 10 신규 2/3 (일반 1/1) 대기 0 확인중 0 진입가능=슬롯 없음 미트리거 사유: 전일종가하회 12, VWAP하회 3, 음봉 3, 유지 2, 눌림반등 1
2026-09-22 12:08:38.098 | INFO     | stock_bot.swing.live:_eod_timer:731 - 1208 WS 연결 등록 32/32 재연결 4회 틱 183,056 (마지막 0초전) · 감시 22 (틱수신 22 · 확정봉 1364) 보유 10 신규 2/3 (일반 1/1) 대기 0 확인중 0 진입가능=슬롯 없음 미트리거 사유: 전일종가하회 12, VWAP하회 4, 음봉 2, 유지 1, 저점근접 1
2026-09-22 12:09:05.398 | INFO     | stock_bot.swing.live:_note:416 - 트리거 감지 092870 MOMENTUM 유지 @38,200 → 미진입: 슬롯 없음
2026-09-22 12:11:38.164 | INFO     | stock_bot.swing.live:_eod_timer:731 - 1211 WS 연결 등록 32/32 재연결 4회 틱 184,441 (마지막 0초전) · 감시 22 (틱수신 22 · 확정봉 1386) 보유 10 신규 2/3 (일반 1/1) 대기 0 확인중 0 진입가능=슬롯 없음 미트리거 사유: 전일종가하회 11, VWAP하회 5, 음봉 3, 저점근접 1, 유지 1
2026-09-22 12:14:38.220 | INFO     | stock_bot.swing.live:_eod_timer:731 - 1214 WS 연결 등록 32/32 재연결 4회 틱 185,829 (마지막 0초전) · 감시 22 (틱수신 22 · 확정봉 1408) 보유 10 신규 2/3 (일반 1/1) 대기 0 확인중 0 진입가능=슬롯 없음 미트리거 사유: 전일종가하회 12, VWAP하회 4, 음봉 3, 유지 1, 저점근접 1
2026-09-22 12:17:38.277 | INFO     | stock_bot.swing.live:_eod_timer:731 - 1217 WS 연결 등록 32/32 재연결 4회 틱 187,266 (마지막 0초전) · 감시 22 (틱수신 22 · 확정봉 1430) 보유 10 신규 2/3 (일반 1/1) 대기 0 확인중 0 진입가능=슬롯 없음 미트리거 사유: 전일종가하회 10, VWAP하회 4, 음봉 4, 유지 3, 미눌림 1
2026-09-22 12:20:38.337 | INFO     | stock_bot.swing.live:_eod_timer:731 - 1220 WS 연결 등록 32/32 재연결 4회 틱 188,695 (마지막 0초전) · 감시 22 (틱수신 22 · 확정봉 1452) 보유 10 신규 2/3 (일반 1/1) 대기 0 확인중 0 진입가능=슬롯 없음 미트리거 사유: 전일종가하회 10, VWAP하회 4, 유지 3, 음봉 3, 미눌림 1
2026-09-22 12:23:38.389 | INFO     | stock_bot.swing.live:_eod_timer:731 - 1223 WS 연결 등록 32/32 재연결 4회 틱 190,010 (마지막 0초전) · 감시 22 (틱수신 22 · 확정봉 1474) 보유 10 신규 2/3 (일반 1/1) 대기 0 확인중 0 진입가능=슬롯 없음 미트리거 사유: 전일종가하회 10, VWAP하회 4, 유지 3, 음봉 3, 미눌림 1
2026-09-22 12:26:38.440 | INFO     | stock_bot.swing.live:_eod_timer:731 - 1226 WS 연결 등록 32/32 재연결 4회 틱 191,393 (마지막 0초전) · 감시 22 (틱수신 22 · 확정봉 1496) 보유 10 신규 2/3 (일반 1/1) 대기 0 확인중 0 진입가능=슬롯 없음 미트리거 사유: 전일종가하회 11, VWAP하회 4, 음봉 4, 유지 2, 미눌림 1
2026-09-22 12:29:38.492 | INFO     | stock_bot.swing.live:_eod_timer:731 - 1229 WS 연결 등록 32/32 재연결 4회 틱 192,621 (마지막 0초전) · 감시 22 (틱수신 22 · 확정봉 1518) 보유 10 신규 2/3 (일반 1/1) 대기 0 확인중 0 진입가능=슬롯 없음 미트리거 사유: 전일종가하회 13, VWAP하회 4, 음봉 2, 유지 1, 미눌림 1
2026-09-22 12:32:38.551 | INFO     | stock_bot.swing.live:_eod_timer:731 - 1232 WS 연결 등록 32/32 재연결 4회 틱 193,920 (마지막 0초전) · 감시 22 (틱수신 22 · 확정봉 1540) 보유 10 신규 2/3 (일반 1/1) 대기 0 확인중 0 진입가능=슬롯 없음 미트리거 사유: 전일종가하회 12, VWAP하회 4, 음봉 3, 유지 1, 눌림반등 1
2026-09-22 12:35:38.624 | INFO     | stock_bot.swing.live:_eod_timer:731 - 1235 WS 연결 등록 32/32 재연결 4회 틱 195,242 (마지막 0초전) · 감시 22 (틱수신 22 · 확정봉 1562) 보유 10 신규 2/3 (일반 1/1) 대기 0 확인중 0 진입가능=슬롯 없음 미트리거 사유: 전일종가하회 11, VWAP하회 4, 음봉 3, 유지 2, 저점근접 1
2026-09-22 12:38:38.673 | INFO     | stock_bot.swing.live:_eod_timer:731 - 1238 WS 연결 등록 32/32 재연결 4회 틱 196,637 (마지막 0초전) · 감시 22 (틱수신 22 · 확정봉 1584) 보유 10 신규 2/3 (일반 1/1) 대기 0 확인중 0 진입가능=슬롯 없음 미트리거 사유: 전일종가하회 12, VWAP하회 4, 음봉 3, 유지 1, 저점근접 1
2026-09-22 12:41:38.731 | INFO     | stock_bot.swing.live:_eod_timer:731 - 1241 WS 연결 등록 32/32 재연결 4회 틱 197,968 (마지막 0초전) · 감시 22 (틱수신 22 · 확정봉 1606) 보유 10 신규 2/3 (일반 1/1) 대기 0 확인중 0 진입가능=슬롯 없음 미트리거 사유: 전일종가하회 11, VWAP하회 4, 음봉 3, 유지 2, 저점근접 1
2026-09-22 12:44:38.787 | INFO     | stock_bot.swing.live:_eod_timer:731 - 1244 WS 연결 등록 32/32 재연결 4회 틱 199,216 (마지막 0초전) · 감시 22 (틱수신 22 · 확정봉 1628) 보유 10 신규 2/3 (일반 1/1) 대기 0 확인중 0 진입가능=슬롯 없음 미트리거 사유: 전일종가하회 11, VWAP하회 4, 음봉 3, 유지 2, 저점근접 1
2026-09-22 12:47:38.845 | INFO     | stock_bot.swing.live:_eod_timer:731 - 1247 WS 연결 등록 32/32 재연결 4회 틱 200,617 (마지막 0초전) · 감시 22 (틱수신 22 · 확정봉 1650) 보유 10 신규 2/3 (일반 1/1) 대기 0 확인중 0 진입가능=슬롯 없음 미트리거 사유: 전일종가하회 11, VWAP하회 4, 음봉 3, 유지 2, 저점근접 1
2026-09-22 12:50:38.905 | INFO     | stock_bot.swing.live:_eod_timer:731 - 1250 WS 연결 등록 32/32 재연결 4회 틱 202,035 (마지막 0초전) · 감시 22 (틱수신 22 · 확정봉 1672) 보유 10 신규 2/3 (일반 1/1) 대기 0 확인중 0 진입가능=슬롯 없음 미트리거 사유: 전일종가하회 11, VWAP하회 4, 음봉 3, 유지 2, 눌림반등 1
2026-09-22 12:53:38.953 | INFO     | stock_bot.swing.live:_eod_timer:731 - 1253 WS 연결 등록 32/32 재연결 4회 틱 203,515 (마지막 0초전) · 감시 22 (틱수신 22 · 확정봉 1694) 보유 10 신규 2/3 (일반 1/1) 대기 0 확인중 0 진입가능=슬롯 없음 미트리거 사유: 전일종가하회 10, VWAP하회 4, 음봉 4, 유지 3, 미눌림 1
2026-09-22 12:56:39.008 | INFO     | stock_bot.swing.live:_eod_timer:731 - 1256 WS 연결 등록 32/32 재연결 4회 틱 205,127 (마지막 0초전) · 감시 22 (틱수신 22 · 확정봉 1716) 보유 10 신규 2/3 (일반 1/1) 대기 0 확인중 0 진입가능=슬롯 없음 미트리거 사유: 전일종가하회 10, VWAP하회 4, 유지 3, 음봉 3, 저점근접 1
2026-09-22 12:59:39.073 | INFO     | stock_bot.swing.live:_eod_timer:731 - 1259 WS 연결 등록 32/32 재연결 4회 틱 206,686 (마지막 0초전) · 감시 22 (틱수신 22 · 확정봉 1738) 보유 10 신규 2/3 (일반 1/1) 대기 0 확인중 0 진입가능=슬롯 없음 미트리거 사유: 전일종가하회 11, VWAP하회 4, 음봉 3, 유지 2, 미눌림 1
2026-09-22 13:00:02.234 | WARNING  | stock_bot.broker.kis_ws:run:342 - 연결 끊김(5회차): ConnectionClosedError no close frame received or sent — 접속 유지 3599초, 1초 후 재접속
2026-09-22 13:00:02.238 | WARNING  | stock_bot.swing.live:on_gap:288 - WS 끊김 — 재접속 먼저, REST 백필 32종목은 백그라운드
2026-09-22 13:00:06.976 | INFO     | stock_bot.broker.kis_ws:_session:360 - ws 접속 ws://ops.koreainvestment.com:31000 (32종목)
2026-09-22 13:00:07.255 | INFO     | stock_bot.swing.live:on_tick:243 - WS 복구 — 틱 공백 5초
2026-09-22 13:00:07.330 | INFO     | stock_bot.broker.kis_ws:_register:265 - 등록 32/32건
2026-09-22 13:02:21.760 | INFO     | stock_bot.swing.live:_backfill:322 - REST 백필 완료 32/32종목 (실패 0) — 틱 공백 5초 · 세션 고저 갱신
2026-09-22 13:02:42.039 | INFO     | stock_bot.swing.live:_eod_timer:731 - 1302 WS 연결 등록 32/32 재연결 5회 틱 208,380 (마지막 0초전) · 감시 22 (틱수신 22 · 확정봉 1760) 보유 10 신규 2/3 (일반 1/1) 대기 0 확인중 0 진입가능=슬롯 없음 미트리거 사유: 전일종가하회 11, VWAP하회 4, 음봉 4, 유지 2, 미눌림 1
2026-09-22 13:05:42.099 | INFO     | stock_bot.swing.live:_eod_timer:731 - 1305 WS 연결 등록 32/32 재연결 5회 틱 210,100 (마지막 0초전) · 감시 22 (틱수신 22 · 확정봉 1782) 보유 10 신규 2/3 (일반 1/1) 대기 0 확인중 0 진입가능=슬롯 없음 미트리거 사유: 전일종가하회 11, VWAP하회 4, 음봉 4, 유지 2, 미눌림 1
2026-09-22 13:08:42.936 | INFO     | stock_bot.swing.live:_eod_timer:731 - 1308 WS 연결 등록 32/32 재연결 5회 틱 211,720 (마지막 0초전) · 감시 22 (틱수신 22 · 확정봉 1804) 보유 10 신규 2/3 (일반 1/1) 대기 0 확인중 0 진입가능=슬롯 없음 미트리거 사유: 전일종가하회 10, VWAP하회 4, 음봉 4, 유지 3, 미눌림 1
2026-09-22 13:11:42.985 | INFO     | stock_bot.swing.live:_eod_timer:731 - 1311 WS 연결 등록 32/32 재연결 5회 틱 213,411 (마지막 0초전) · 감시 22 (틱수신 22 · 확정봉 1826) 보유 10 신규 2/3 (일반 1/1) 대기 0 확인중 0 진입가능=슬롯 없음 미트리거 사유: 전일종가하회 12, VWAP하회 5, 음봉 2, 유지 2, 미눌림 1
2026-09-22 13:14:43.033 | INFO     | stock_bot.swing.live:_eod_timer:731 - 1314 WS 연결 등록 32/32 재연결 5회 틱 215,131 (마지막 0초전) · 감시 22 (틱수신 22 · 확정봉 1848) 보유 10 신규 2/3 (일반 1/1) 대기 0 확인중 0 진입가능=슬롯 없음 미트리거 사유: 전일종가하회 10, VWAP하회 5, 음봉 2, 유지 2, 저점근접 1
2026-09-22 13:17:43.083 | INFO     | stock_bot.swing.live:_eod_timer:731 - 1317 WS 연결 등록 32/32 재연결 5회 틱 216,862 (마지막 0초전) · 감시 22 (틱수신 22 · 확정봉 1870) 보유 10 신규 2/3 (일반 1/1) 대기 0 확인중 0 진입가능=슬롯 없음 미트리거 사유: 전일종가하회 11, VWAP하회 5, 음봉 3, 유지 2, 미눌림 1
2026-09-22 13:20:43.134 | INFO     | stock_bot.swing.live:_eod_timer:731 - 1320 WS 연결 등록 32/32 재연결 5회 틱 218,687 (마지막 0초전) · 감시 22 (틱수신 22 · 확정봉 1892) 보유 10 신규 2/3 (일반 1/1) 대기 0 확인중 0 진입가능=슬롯 없음 미트리거 사유: 전일종가하회 11, VWAP하회 5, 음봉 3, 유지 2, 미눌림 1
2026-09-22 13:23:43.188 | INFO     | stock_bot.swing.live:_eod_timer:731 - 1323 WS 연결 등록 32/32 재연결 5회 틱 220,323 (마지막 0초전) · 감시 22 (틱수신 22 · 확정봉 1914) 보유 10 신규 2/3 (일반 1/1) 대기 0 확인중 0 진입가능=슬롯 없음 미트리거 사유: 전일종가하회 11, VWAP하회 5, 음봉 3, 유지 2, 미눌림 1
2026-09-22 13:26:43.929 | INFO     | stock_bot.swing.live:_eod_timer:731 - 1326 WS 연결 등록 32/32 재연결 5회 틱 222,157 (마지막 0초전) · 감시 22 (틱수신 22 · 확정봉 1936) 보유 10 신규 2/3 (일반 1/1) 대기 0 확인중 0 진입가능=슬롯 없음 미트리거 사유: 전일종가하회 10, VWAP하회 5, 음봉 4, 유지 2, 미눌림 1
2026-09-22 13:29:43.976 | INFO     | stock_bot.swing.live:_eod_timer:731 - 1329 WS 연결 등록 32/32 재연결 5회 틱 224,002 (마지막 0초전) · 감시 22 (틱수신 22 · 확정봉 1958) 보유 10 신규 2/3 (일반 1/1) 대기 0 확인중 0 진입가능=슬롯 없음 미트리거 사유: 전일종가하회 10, VWAP하회 5, 음봉 4, 유지 2, 미눌림 1
2026-09-22 13:32:44.026 | INFO     | stock_bot.swing.live:_eod_timer:731 - 1332 WS 연결 등록 32/32 재연결 5회 틱 226,096 (마지막 0초전) · 감시 22 (틱수신 22 · 확정봉 1980) 보유 10 신규 2/3 (일반 1/1) 대기 0 확인중 0 진입가능=슬롯 없음 미트리거 사유: 전일종가하회 10, VWAP하회 5, 음봉 3, 유지 2, 저점근접 1
2026-09-22 13:35:44.079 | INFO     | stock_bot.swing.live:_eod_timer:731 - 1335 WS 연결 등록 32/32 재연결 5회 틱 228,350 (마지막 0초전) · 감시 22 (틱수신 22 · 확정봉 2002) 보유 10 신규 2/3 (일반 1/1) 대기 0 확인중 0 진입가능=슬롯 없음 미트리거 사유: 전일종가하회 11, VWAP하회 4, 음봉 4, 유지 2, 미눌림 1
2026-09-22 13:38:44.132 | INFO     | stock_bot.swing.live:_eod_timer:731 - 1338 WS 연결 등록 32/32 재연결 5회 틱 230,466 (마지막 0초전) · 감시 22 (틱수신 22 · 확정봉 2024) 보유 10 신규 2/3 (일반 1/1) 대기 0 확인중 0 진입가능=슬롯 없음 미트리거 사유: 전일종가하회 13, VWAP하회 3, 음봉 2, 유지 2, 저점근접 1
2026-09-22 13:41:44.177 | INFO     | stock_bot.swing.live:_eod_timer:731 - 1341 WS 연결 등록 32/32 재연결 5회 틱 232,540 (마지막 0초전) · 감시 22 (틱수신 22 · 확정봉 2046) 보유 10 신규 2/3 (일반 1/1) 대기 0 확인중 0 진입가능=슬롯 없음 미트리거 사유: 전일종가하회 13, VWAP하회 4, 음봉 2, 저점근접 1, 미눌림 1
2026-09-22 13:44:44.227 | INFO     | stock_bot.swing.live:_eod_timer:731 - 1344 WS 연결 등록 32/32 재연결 5회 틱 234,596 (마지막 0초전) · 감시 22 (틱수신 22 · 확정봉 2068) 보유 10 신규 2/3 (일반 1/1) 대기 0 확인중 0 진입가능=슬롯 없음 미트리거 사유: 전일종가하회 14, 음봉 4, VWAP하회 3, 미눌림 1
2026-09-22 13:47:44.274 | INFO     | stock_bot.swing.live:_eod_timer:731 - 1347 WS 연결 등록 32/32 재연결 5회 틱 236,616 (마지막 0초전) · 감시 22 (틱수신 22 · 확정봉 2090) 보유 10 신규 2/3 (일반 1/1) 대기 0 확인중 0 진입가능=슬롯 없음 미트리거 사유: 전일종가하회 15, VWAP하회 3, 저점근접 1, 유지 1, 미눌림 1
2026-09-22 13:50:44.321 | INFO     | stock_bot.swing.live:_eod_timer:731 - 1350 WS 연결 등록 32/32 재연결 5회 틱 238,764 (마지막 0초전) · 감시 22 (틱수신 22 · 확정봉 2112) 보유 10 신규 2/3 (일반 1/1) 대기 0 확인중 0 진입가능=슬롯 없음 미트리거 사유: 전일종가하회 13, 음봉 4, VWAP하회 3, 유지 1, 미눌림 1
2026-09-22 13:53:44.368 | INFO     | stock_bot.swing.live:_eod_timer:731 - 1353 WS 연결 등록 32/32 재연결 5회 틱 240,938 (마지막 0초전) · 감시 22 (틱수신 22 · 확정봉 2134) 보유 10 신규 2/3 (일반 1/1) 대기 0 확인중 0 진입가능=슬롯 없음 미트리거 사유: 전일종가하회 13, 음봉 4, VWAP하회 3, 유지 1, 미눌림 1
2026-09-22 13:56:44.419 | INFO     | stock_bot.swing.live:_eod_timer:731 - 1356 WS 연결 등록 32/32 재연결 5회 틱 242,932 (마지막 0초전) · 감시 22 (틱수신 22 · 확정봉 2156) 보유 10 신규 2/3 (일반 1/1) 대기 0 확인중 0 진입가능=슬롯 없음 미트리거 사유: 전일종가하회 13, VWAP하회 3, 음봉 3, 저점근접 1, 유지 1
2026-09-22 13:59:44.473 | INFO     | stock_bot.swing.live:_eod_timer:731 - 1359 WS 연결 등록 32/32 재연결 5회 틱 244,991 (마지막 0초전) · 감시 22 (틱수신 22 · 확정봉 2178) 보유 10 신규 2/3 (일반 1/1) 대기 0 확인중 0 진입가능=슬롯 없음 미트리거 사유: 전일종가하회 14, VWAP하회 3, 음봉 3, 유지 1, 미눌림 1
2026-09-22 14:00:02.275 | WARNING  | stock_bot.broker.kis_ws:run:342 - 연결 끊김(6회차): ConnectionClosedError no close frame received or sent — 접속 유지 3599초, 1초 후 재접속
2026-09-22 14:00:02.276 | WARNING  | stock_bot.swing.live:on_gap:288 - WS 끊김 — 재접속 먼저, REST 백필 32종목은 백그라운드
2026-09-22 14:00:08.418 | INFO     | stock_bot.broker.kis_ws:_session:360 - ws 접속 ws://ops.koreainvestment.com:31000 (32종목)
2026-09-22 14:00:08.522 | INFO     | stock_bot.swing.live:on_tick:243 - WS 복구 — 틱 공백 6초
2026-09-22 14:00:08.810 | INFO     | stock_bot.broker.kis_ws:_register:265 - 등록 32/32건
2026-09-22 14:02:48.480 | INFO     | stock_bot.swing.live:_eod_timer:731 - 1402 WS 연결 등록 32/32 재연결 6회 틱 247,171 (마지막 0초전) · 감시 22 (틱수신 22 · 확정봉 2200) 보유 10 신규 2/3 (일반 1/1) 대기 0 확인중 0 진입가능=슬롯 없음 미트리거 사유: 전일종가하회 14, VWAP하회 3, 음봉 2, 저점근접 1, 유지 1
2026-09-22 14:03:19.618 | INFO     | stock_bot.swing.live:_backfill:322 - REST 백필 완료 32/32종목 (실패 0) — 틱 공백 6초 · 세션 고저 갱신
2026-09-22 14:05:48.538 | INFO     | stock_bot.swing.live:_eod_timer:731 - 1405 WS 연결 등록 32/32 재연결 6회 틱 249,335 (마지막 0초전) · 감시 22 (틱수신 22 · 확정봉 2222) 보유 10 신규 2/3 (일반 1/1) 대기 0 확인중 0 진입가능=슬롯 없음 미트리거 사유: 전일종가하회 14, VWAP하회 3, 음봉 3, 유지 1, 미눌림 1
2026-09-22 14:08:48.590 | INFO     | stock_bot.swing.live:_eod_timer:731 - 1408 WS 연결 등록 32/32 재연결 6회 틱 251,394 (마지막 0초전) · 감시 22 (틱수신 22 · 확정봉 2244) 보유 10 신규 2/3 (일반 1/1) 대기 0 확인중 0 진입가능=슬롯 없음 미트리거 사유: 전일종가하회 14, VWAP하회 3, 음봉 2, 눌림반등 1, 유지 1
2026-09-22 14:11:48.639 | INFO     | stock_bot.swing.live:_eod_timer:731 - 1411 WS 연결 등록 32/32 재연결 6회 틱 253,432 (마지막 0초전) · 감시 22 (틱수신 22 · 확정봉 2266) 보유 10 신규 2/3 (일반 1/1) 대기 0 확인중 0 진입가능=슬롯 없음 미트리거 사유: 전일종가하회 13, VWAP하회 4, 음봉 2, 유지 1, 미눌림 1
2026-09-22 14:14:48.690 | INFO     | stock_bot.swing.live:_eod_timer:731 - 1414 WS 연결 등록 32/32 재연결 6회 틱 255,286 (마지막 0초전) · 감시 22 (틱수신 22 · 확정봉 2288) 보유 10 신규 2/3 (일반 1/1) 대기 0 확인중 0 진입가능=슬롯 없음 미트리거 사유: 전일종가하회 13, VWAP하회 4, 음봉 2, 유지 1, 미눌림 1
2026-09-22 14:17:48.740 | INFO     | stock_bot.swing.live:_eod_timer:731 - 1417 WS 연결 등록 32/32 재연결 6회 틱 257,305 (마지막 0초전) · 감시 22 (틱수신 22 · 확정봉 2310) 보유 10 신규 2/3 (일반 1/1) 대기 0 확인중 0 진입가능=슬롯 없음 미트리거 사유: 전일종가하회 12, VWAP하회 4, 음봉 4, 유지 1, 미눌림 1
2026-09-22 14:20:48.793 | INFO     | stock_bot.swing.live:_eod_timer:731 - 1420 WS 연결 등록 32/32 재연결 6회 틱 259,471 (마지막 0초전) · 감시 22 (틱수신 22 · 확정봉 2332) 보유 10 신규 2/3 (일반 1/1) 대기 0 확인중 0 진입가능=슬롯 없음 미트리거 사유: 전일종가하회 13, VWAP하회 4, 음봉 3, 유지 1, 미눌림 1
2026-09-22 14:23:48.843 | INFO     | stock_bot.swing.live:_eod_timer:731 - 1423 WS 연결 등록 32/32 재연결 6회 틱 261,813 (마지막 0초전) · 감시 22 (틱수신 22 · 확정봉 2354) 보유 10 신규 2/3 (일반 1/1) 대기 0 확인중 0 진입가능=슬롯 없음 미트리거 사유: 전일종가하회 14, 음봉 4, VWAP하회 3, 미눌림 1
2026-09-22 14:26:48.894 | INFO     | stock_bot.swing.live:_eod_timer:731 - 1426 WS 연결 등록 32/32 재연결 6회 틱 263,943 (마지막 0초전) · 감시 22 (틱수신 22 · 확정봉 2376) 보유 10 신규 2/3 (일반 1/1) 대기 0 확인중 0 진입가능=슬롯 없음 미트리거 사유: 전일종가하회 14, VWAP하회 3, 음봉 2, 저점근접 1, 미눌림 1
2026-09-22 14:29:48.949 | INFO     | stock_bot.swing.live:_eod_timer:731 - 1429 WS 연결 등록 32/32 재연결 6회 틱 266,173 (마지막 0초전) · 감시 22 (틱수신 22 · 확정봉 2398) 보유 10 신규 2/3 (일반 1/1) 대기 0 확인중 0 진입가능=슬롯 없음 미트리거 사유: 전일종가하회 15, VWAP하회 3, 음봉 3, 미눌림 1
2026-09-22 14:32:48.999 | INFO     | stock_bot.swing.live:_eod_timer:731 - 1432 WS 연결 등록 32/32 재연결 6회 틱 268,296 (마지막 0초전) · 감시 22 (틱수신 22 · 확정봉 2420) 보유 10 신규 2/3 (일반 1/1) 대기 0 확인중 0 진입가능=슬롯 없음 미트리거 사유: 전일종가하회 14, VWAP하회 4, 음봉 3, 미눌림 1
2026-09-22 14:35:49.054 | INFO     | stock_bot.swing.live:_eod_timer:731 - 1435 WS 연결 등록 32/32 재연결 6회 틱 270,430 (마지막 0초전) · 감시 22 (틱수신 22 · 확정봉 2442) 보유 10 신규 2/3 (일반 1/1) 대기 0 확인중 0 진입가능=슬롯 없음 미트리거 사유: 전일종가하회 14, VWAP하회 3, 음봉 2, 저점근접 1, 미눌림 1
2026-09-22 14:38:49.115 | INFO     | stock_bot.swing.live:_eod_timer:731 - 1438 WS 연결 등록 32/32 재연결 6회 틱 272,662 (마지막 0초전) · 감시 22 (틱수신 22 · 확정봉 2464) 보유 10 신규 2/3 (일반 1/1) 대기 0 확인중 0 진입가능=슬롯 없음 미트리거 사유: 전일종가하회 14, VWAP하회 4, 음봉 2, 저점근접 1, 미눌림 1
2026-09-22 14:41:49.163 | INFO     | stock_bot.swing.live:_eod_timer:731 - 1441 WS 연결 등록 32/32 재연결 6회 틱 274,871 (마지막 0초전) · 감시 22 (틱수신 22 · 확정봉 2486) 보유 10 신규 2/3 (일반 1/1) 대기 0 확인중 0 진입가능=슬롯 없음 미트리거 사유: 전일종가하회 15, VWAP하회 4, 저점근접 1, 미눌림 1, 음봉 1
2026-09-22 14:44:49.230 | INFO     | stock_bot.swing.live:_eod_timer:731 - 1444 WS 연결 등록 32/32 재연결 6회 틱 277,113 (마지막 0초전) · 감시 22 (틱수신 22 · 확정봉 2508) 보유 10 신규 2/3 (일반 1/1) 대기 0 확인중 0 진입가능=슬롯 없음 미트리거 사유: 전일종가하회 13, VWAP하회 4, 음봉 3, 눌림반등 1, 미눌림 1
2026-09-22 14:47:49.284 | INFO     | stock_bot.swing.live:_eod_timer:731 - 1447 WS 연결 등록 32/32 재연결 6회 틱 279,361 (마지막 0초전) · 감시 22 (틱수신 22 · 확정봉 2530) 보유 10 신규 2/3 (일반 1/1) 대기 0 확인중 0 진입가능=슬롯 없음 미트리거 사유: 전일종가하회 15, VWAP하회 4, 음봉 2, 미눌림 1
2026-09-22 14:50:49.343 | INFO     | stock_bot.swing.live:_eod_timer:731 - 1450 WS 연결 등록 32/32 재연결 6회 틱 281,844 (마지막 0초전) · 감시 22 (틱수신 22 · 확정봉 2552) 보유 10 신규 2/3 (일반 1/1) 대기 0 확인중 0 진입가능=슬롯 없음 미트리거 사유: 전일종가하회 14, VWAP하회 4, 음봉 3, 미눌림 1
2026-09-22 14:53:49.398 | INFO     | stock_bot.swing.live:_eod_timer:731 - 1453 WS 연결 등록 32/32 재연결 6회 틱 284,231 (마지막 0초전) · 감시 22 (틱수신 22 · 확정봉 2574) 보유 10 신규 2/3 (일반 1/1) 대기 0 확인중 0 진입가능=슬롯 없음 미트리거 사유: 전일종가하회 13, VWAP하회 4, 음봉 3, 눌림반등 1, 미눌림 1
2026-09-22 14:56:49.588 | INFO     | stock_bot.swing.live:_eod_timer:731 - 1456 WS 연결 등록 32/32 재연결 6회 틱 286,514 (마지막 0초전) · 감시 22 (틱수신 22 · 확정봉 2596) 보유 10 신규 2/3 (일반 1/1) 대기 0 확인중 0 진입가능=슬롯 없음 미트리거 사유: 전일종가하회 14, VWAP하회 4, 음봉 2, 눌림반등 1, 미눌림 1
2026-09-22 14:59:49.688 | INFO     | stock_bot.swing.live:_eod_timer:731 - 1459 WS 연결 등록 32/32 재연결 6회 틱 288,768 (마지막 0초전) · 감시 22 (틱수신 22 · 확정봉 2618) 보유 10 신규 2/3 (일반 1/1) 대기 0 확인중 0 진입가능=슬롯 없음 미트리거 사유: 전일종가하회 14, VWAP하회 4, 음봉 2, 눌림반등 1, 미눌림 1
2026-09-22 15:00:01.333 | WARNING  | stock_bot.broker.kis_ws:run:342 - 연결 끊김(7회차): ConnectionClosedError no close frame received or sent — 접속 유지 3598초, 1초 후 재접속
2026-09-22 15:00:01.334 | WARNING  | stock_bot.swing.live:on_gap:288 - WS 끊김 — 재접속 먼저, REST 백필 32종목은 백그라운드
2026-09-22 15:00:10.611 | INFO     | stock_bot.broker.kis_ws:_session:360 - ws 접속 ws://ops.koreainvestment.com:31000 (32종목)
2026-09-22 15:00:10.954 | INFO     | stock_bot.swing.live:on_tick:243 - WS 복구 — 틱 공백 10초
2026-09-22 15:00:11.017 | INFO     | stock_bot.broker.kis_ws:_register:265 - 등록 32/32건
2026-09-22 15:02:50.690 | INFO     | stock_bot.swing.live:_eod_timer:731 - 1502 WS 연결 등록 32/32 재연결 7회 틱 290,791 (마지막 0초전) · 감시 22 (틱수신 22 · 확정봉 2640) 보유 10 신규 2/3 (일반 1/1) 대기 0 확인중 0 진입가능=슬롯 없음 미트리거 사유: 전일종가하회 12, VWAP하회 4, 음봉 3, 눌림반등 1, 미눌림 1
2026-09-22 15:03:25.951 | INFO     | stock_bot.swing.live:_backfill:322 - REST 백필 완료 32/32종목 (실패 0) — 틱 공백 10초 · 세션 고저 갱신
2026-09-22 15:05:50.745 | INFO     | stock_bot.swing.live:_eod_timer:731 - 1505 WS 연결 등록 32/32 재연결 7회 틱 292,713 (마지막 0초전) · 감시 22 (틱수신 22 · 확정봉 2662) 보유 10 신규 2/3 (일반 1/1) 대기 0 확인중 0 진입가능=슬롯 없음 미트리거 사유: 전일종가하회 13, VWAP하회 4, 음봉 4, 미눌림 1
2026-09-22 15:08:50.809 | INFO     | stock_bot.swing.live:_eod_timer:731 - 1508 WS 연결 등록 32/32 재연결 7회 틱 294,657 (마지막 0초전) · 감시 22 (틱수신 22 · 확정봉 2684) 보유 10 신규 2/3 (일반 1/1) 대기 0 확인중 0 진입가능=슬롯 없음 미트리거 사유: 전일종가하회 13, VWAP하회 4, 음봉 3, 미눌림 1, 눌림반등 1
2026-09-22 15:11:50.860 | INFO     | stock_bot.swing.live:_eod_timer:731 - 1511 WS 연결 등록 32/32 재연결 7회 틱 296,565 (마지막 0초전) · 감시 22 (틱수신 22 · 확정봉 2706) 보유 10 신규 2/3 (일반 1/1) 대기 0 확인중 0 진입가능=슬롯 없음 미트리거 사유: 전일종가하회 13, VWAP하회 4, 음봉 3, 눌림반등 1, 미눌림 1
2026-09-22 15:14:50.911 | INFO     | stock_bot.swing.live:_eod_timer:731 - 1514 WS 연결 등록 32/32 재연결 7회 틱 298,663 (마지막 0초전) · 감시 22 (틱수신 22 · 확정봉 2728) 보유 10 신규 2/3 (일반 1/1) 대기 0 확인중 0 진입가능=슬롯 없음 미트리거 사유: 전일종가하회 13, VWAP하회 4, 음봉 4, 미눌림 1
2026-09-22 15:15:02.999 | INFO     | stock_bot.swing.live:_note:416 - 트리거 감지 002990 MEANREV 눌림반등 @13,240 → 미진입: 시간후
2026-09-22 15:17:50.959 | INFO     | stock_bot.swing.live:_eod_timer:731 - 1517 WS 연결 등록 32/32 재연결 7회 틱 300,753 (마지막 0초전) · 감시 22 (틱수신 22 · 확정봉 2750) 보유 10 신규 2/3 (일반 1/1) 대기 0 확인중 0 진입가능=시간후 미트리거 사유: 전일종가하회 13, VWAP하회 4, 음봉 3, 눌림반등 1, 미눌림 1
2026-09-22 15:20:00.995 | INFO     | stock_bot.swing.live:eod:641 - 15:20 마감 판정 — 보유 10
2026-09-22 15:20:13.702 | INFO     | stock_bot.swing.live:eod:669 - 마감 요약: WS 연결 등록 32/32 재연결 7회 틱 302,451 (마지막 14초전) · 감시 22 (틱수신 22 · 확정봉 2772) 보유 10 신규 2/3 (일반 1/1) 대기 0 확인중 0 진입가능=시간후 미트리거 사유: 전일종가하회 13, VWAP하회 4, 음봉 4, 미눌림 1
2026-09-22 15:30:20.628 | INFO     | stock_bot.swing.live:_note:416 - 트리거 감지 004490 MEANREV 눌림반등 @59,500 → 미진입: 시간후
2026-09-22 15:31:00.579 | INFO     | stock_bot.swing.live:run:763 - WS 종료 1531 — WS 연결 등록 32/32 재연결 7회 틱 302,483 (마지막 30초전)
2026-09-22 15:51:23.412 | INFO     | stock_bot.swing.collector:collect_daily:494 - collect_daily 100/2767 ok=100 fail=0 334s
2026-09-22 15:57:34.878 | INFO     | stock_bot.swing.collector:collect_daily:494 - collect_daily 200/2767 ok=200 fail=0 706s
2026-09-22 16:03:07.136 | INFO     | stock_bot.swing.collector:collect_daily:494 - collect_daily 300/2767 ok=300 fail=0 1038s
2026-09-22 16:08:34.312 | INFO     | stock_bot.swing.collector:collect_daily:494 - collect_daily 400/2767 ok=400 fail=0 1365s
2026-09-22 16:15:01.147 | INFO     | stock_bot.swing.collector:collect_daily:494 - collect_daily 500/2767 ok=500 fail=0 1752s
2026-09-22 16:20:57.736 | INFO     | stock_bot.swing.collector:collect_daily:494 - collect_daily 600/2767 ok=600 fail=0 2109s
2026-09-22 16:29:55.752 | INFO     | stock_bot.swing.collector:collect_daily:494 - collect_daily 700/2767 ok=700 fail=0 2647s
2026-09-22 16:38:14.249 | INFO     | stock_bot.swing.collector:collect_daily:494 - collect_daily 800/2767 ok=800 fail=0 3145s
2026-09-22 16:46:52.823 | INFO     | stock_bot.swing.collector:collect_daily:494 - collect_daily 900/2767 ok=900 fail=0 3664s
2026-09-22 16:52:06.026 | INFO     | stock_bot.swing.collector:collect_daily:494 - collect_daily 1000/2767 ok=1000 fail=0 3977s
2026-09-22 16:57:45.920 | INFO     | stock_bot.swing.collector:collect_daily:494 - collect_daily 1100/2767 ok=1100 fail=0 4317s
2026-09-22 17:03:52.787 | INFO     | stock_bot.swing.collector:collect_daily:494 - collect_daily 1200/2767 ok=1200 fail=0 4684s
2026-09-22 17:09:54.901 | INFO     | stock_bot.swing.collector:collect_daily:494 - collect_daily 1300/2767 ok=1300 fail=0 5046s
2026-09-22 17:16:13.961 | INFO     | stock_bot.swing.collector:collect_daily:494 - collect_daily 1400/2767 ok=1400 fail=0 5425s
2026-09-22 17:23:26.366 | WARNING  | stock_bot.broker.kis:_get_with_retry:285 - KIS investor 093920 타임아웃 — 3회 재시도 모두 실패
2026-09-22 17:23:26.371 | ERROR    | __main__:main:72 - nightly 20260922 fail: The read operation timed out
Traceback (most recent call last):

  File "/usr/local/lib/python3.11/site-packages/httpx/_transports/default.py", line 101, in map_httpcore_exceptions
    yield
  File "/usr/local/lib/python3.11/site-packages/httpx/_transports/default.py", line 250, in handle_request
    resp = self._pool.handle_request(req)
           │    │     │              └ <Request [b'GET']>
           │    │     └ <function ConnectionPool.handle_request at 0x7f7e8ae480>
           │    └ <ConnectionPool [Requests: 0 active, 0 queued | Connections: 0 active, 0 idle]>
           └ <httpx.HTTPTransport object at 0x7f7e8445d0>
  File "/usr/local/lib/python3.11/site-packages/httpcore/_sync/connection_pool.py", line 256, in handle_request
    raise exc from None
  File "/usr/local/lib/python3.11/site-packages/httpcore/_sync/connection_pool.py", line 236, in handle_request
    response = connection.handle_request(
               │          └ <function HTTPConnection.handle_request at 0x7f7e8ad760>
               └ <HTTPConnection ['https://openapivts.koreainvestment.com:29443', HTTP/1.1, CLOSED, Request Count: 1]>
  File "/usr/local/lib/python3.11/site-packages/httpcore/_sync/connection.py", line 103, in handle_request
    return self._connection.handle_request(request)
           │    │           │              └ <Request [b'GET']>
           │    │           └ <function HTTP11Connection.handle_request at 0x7f7e8ac5e0>
           │    └ <HTTP11Connection ['https://openapivts.koreainvestment.com:29443', CLOSED, Request Count: 1]>
           └ <HTTPConnection ['https://openapivts.koreainvestment.com:29443', HTTP/1.1, CLOSED, Request Count: 1]>
  File "/usr/local/lib/python3.11/site-packages/httpcore/_sync/http11.py", line 136, in handle_request
    raise exc
  File "/usr/local/lib/python3.11/site-packages/httpcore/_sync/http11.py", line 106, in handle_request
    ) = self._receive_response_headers(**kwargs)
        │    │                           └ {'request': <Request [b'GET']>}
        │    └ <function HTTP11Connection._receive_response_headers at 0x7f7e8ac860>
        └ <HTTP11Connection ['https://openapivts.koreainvestment.com:29443', CLOSED, Request Count: 1]>
  File "/usr/local/lib/python3.11/site-packages/httpcore/_sync/http11.py", line 177, in _receive_response_headers
    event = self._receive_event(timeout=timeout)
            │    │                      └ 30.0
            │    └ <function HTTP11Connection._receive_event at 0x7f7e8ac9a0>
            └ <HTTP11Connection ['https://openapivts.koreainvestment.com:29443', CLOSED, Request Count: 1]>
  File "/usr/local/lib/python3.11/site-packages/httpcore/_sync/http11.py", line 217, in _receive_event
    data = self._network_stream.read(
           │    │               └ <function SyncStream.read at 0x7f7e9228e0>
           │    └ <httpcore._backends.sync.SyncStream object at 0x7f7f3dcad0>
           └ <HTTP11Connection ['https://openapivts.koreainvestment.com:29443', CLOSED, Request Count: 1]>
  File "/usr/local/lib/python3.11/site-packages/httpcore/_backends/sync.py", line 126, in read
    with map_exceptions(exc_map):
         │              └ {<class 'TimeoutError'>: <class 'httpcore.ReadTimeout'>, <class 'OSError'>: <class 'httpcore.ReadError'>}
         └ <function map_exceptions at 0x7f7e9216c0>
  File "/usr/local/lib/python3.11/contextlib.py", line 158, in __exit__
    self.gen.throw(typ, value, traceback)
    │    │   │     │    │      └ <traceback object at 0x7f7e5603c0>
    │    │   │     │    └ TimeoutError('The read operation timed out')
    │    │   │     └ <class 'TimeoutError'>
    │    │   └ <method 'throw' of 'generator' objects>
    │    └ <generator object map_exceptions at 0x7f7e7f2a40>
    └ <contextlib._GeneratorContextManager object at 0x7f7e561990>
  File "/usr/local/lib/python3.11/site-packages/httpcore/_exceptions.py", line 14, in map_exceptions
    raise to_exc(exc) from exc
          └ <class 'httpcore.ReadTimeout'>

httpcore.ReadTimeout: The read operation timed out


The above exception was the direct cause of the following exception:


Traceback (most recent call last):

  File "/app/scripts/swing_nightly.py", line 79, in <module>
    sys.exit(main())
    │   │    └ <function main at 0x7f92cb04a0>
    │   └ <built-in function exit>
    └ <module 'sys' (built-in)>

> File "/app/scripts/swing_nightly.py", line 54, in main
    r = collector.collect_daily(codes, budget_sec=a.budget_sec,
        │         │             │                 │ └ 14400
        │         │             │                 └ Namespace(date='20260922', budget_sec=14400, no_collect=False, min_ratio=0.9)
        │         │             └ ['000020', '000040', '000050', '000070', '000080', '000087', '000100', '000105', '000120', '000140', '000145', '000150', '000...
        │         └ <function collect_daily at 0x7f81892f20>
        └ <module 'stock_bot.swing.collector' from '/app/stock_bot/swing/collector.py'>

  File "/app/stock_bot/swing/collector.py", line 481, in collect_daily
    store.upsert_flow(fetch_investor(b, code))
    │     │           │              │  └ '093920'
    │     │           │              └ <stock_bot.swing.collector.DataBroker object at 0x7f7f48dd90>
    │     │           └ <function fetch_investor at 0x7f81892840>
    │     └ <function upsert_flow at 0x7f81891080>
    └ <module 'stock_bot.swing.store' from '/app/stock_bot/swing/store.py'>

  File "/app/stock_bot/swing/collector.py", line 155, in fetch_investor
    j = b.get_json("/uapi/domestic-stock/v1/quotations/inquire-investor", "FHKST01010900",
        │ └ <function DataBroker.get_json at 0x7f818925c0>
        └ <stock_bot.swing.collector.DataBroker object at 0x7f7f48dd90>

  File "/app/stock_bot/swing/collector.py", line 92, in get_json
    r = self._get_with_retry(path, tr_id, params, label=label, attempts=4)
        │    │               │     │      │             └ 'investor 093920'
        │    │               │     │      └ {'FID_COND_MRKT_DIV_CODE': 'J', 'FID_INPUT_ISCD': '093920'}
        │    │               │     └ 'FHKST01010900'
        │    │               └ '/uapi/domestic-stock/v1/quotations/inquire-investor'
        │    └ <function KISBroker._get_with_retry at 0x7f81858220>
        └ <stock_bot.swing.collector.DataBroker object at 0x7f7f48dd90>

  File "/app/stock_bot/broker/kis.py", line 260, in _get_with_retry
    resp = self._client.get(path, headers=self._headers(tr_id), params=params)
           │    │       │   │             │    │        │              └ {'FID_COND_MRKT_DIV_CODE': 'J', 'FID_INPUT_ISCD': '093920'}
           │    │       │   │             │    │        └ 'FHKST01010900'
           │    │       │   │             │    └ <function KISBroker._headers at 0x7f8198ff60>
           │    │       │   │             └ <stock_bot.swing.collector.DataBroker object at 0x7f7f48dd90>
           │    │       │   └ '/uapi/domestic-stock/v1/quotations/inquire-investor'
           │    │       └ <function Client.get at 0x7f9150d9e0>
           │    └ <httpx.Client object at 0x7f7e9da5d0>
           └ <stock_bot.swing.collector.DataBroker object at 0x7f7f48dd90>

  File "/usr/local/lib/python3.11/site-packages/httpx/_client.py", line 1053, in get
    return self.request(
           │    └ <function Client.request at 0x7f9150d580>
           └ <httpx.Client object at 0x7f7e9da5d0>
  File "/usr/local/lib/python3.11/site-packages/httpx/_client.py", line 825, in request
    return self.send(request, auth=auth, follow_redirects=follow_redirects)
           │    │    │             │                      └ <httpx._client.UseClientDefault object at 0x7f91825b50>
           │    │    │             └ <httpx._client.UseClientDefault object at 0x7f91825b50>
           │    │    └ <Request('GET', 'https://openapivts.koreainvestment.com:29443/uapi/domestic-stock/v1/quotations/inquire-investor?FID_COND_MRK...
           │    └ <function Client.send at 0x7f9150d760>
           └ <httpx.Client object at 0x7f7e9da5d0>
  File "/usr/local/lib/python3.11/site-packages/httpx/_client.py", line 914, in send
    response = self._send_handling_auth(
               │    └ <function Client._send_handling_auth at 0x7f9150d800>
               └ <httpx.Client object at 0x7f7e9da5d0>
  File "/usr/local/lib/python3.11/site-packages/httpx/_client.py", line 942, in _send_handling_auth
    response = self._send_handling_redirects(
               │    └ <function Client._send_handling_redirects at 0x7f9150d8a0>
               └ <httpx.Client object at 0x7f7e9da5d0>
  File "/usr/local/lib/python3.11/site-packages/httpx/_client.py", line 979, in _send_handling_redirects
    response = self._send_single_request(request)
               │    │                    └ <Request('GET', 'https://openapivts.koreainvestment.com:29443/uapi/domestic-stock/v1/quotations/inquire-investor?FID_COND_MRK...
               │    └ <function Client._send_single_request at 0x7f9150d940>
               └ <httpx.Client object at 0x7f7e9da5d0>
  File "/usr/local/lib/python3.11/site-packages/httpx/_client.py", line 1014, in _send_single_request
    response = transport.handle_request(request)
               │         │              └ <Request('GET', 'https://openapivts.koreainvestment.com:29443/uapi/domestic-stock/v1/quotations/inquire-investor?FID_COND_MRK...
               │         └ <function HTTPTransport.handle_request at 0x7f9147ade0>
               └ <httpx.HTTPTransport object at 0x7f7e8445d0>
  File "/usr/local/lib/python3.11/site-packages/httpx/_transports/default.py", line 249, in handle_request
    with map_httpcore_exceptions():
         └ <function map_httpcore_exceptions at 0x7f9147a8e0>
  File "/usr/local/lib/python3.11/contextlib.py", line 158, in __exit__
    self.gen.throw(typ, value, traceback)
    │    │   │     │    │      └ <traceback object at 0x7f7e5605c0>
    │    │   │     │    └ ReadTimeout(TimeoutError('The read operation timed out'))
    │    │   │     └ <class 'httpcore.ReadTimeout'>
    │    │   └ <method 'throw' of 'generator' objects>
    │    └ <generator object map_httpcore_exceptions at 0x7f7e99c040>
    └ <contextlib._GeneratorContextManager object at 0x7f7e57e5d0>
  File "/usr/local/lib/python3.11/site-packages/httpx/_transports/default.py", line 118, in map_httpcore_exceptions
    raise mapped_exc(message) from exc
          │          └ 'The read operation timed out'
          └ <class 'httpx.ReadTimeout'>

httpx.ReadTimeout: The read operation timed out
