2026-10-08 08:50:56.491 | INFO     | stock_bot.live.runner:_is_trading_day:671 - 거래일 판정 2026-10-08 → 거래일 (출처: exchange_calendars)
2026-10-08 08:50:56.741 | INFO     | stock_bot.swing.live:_recover_positions:173 - 보유 복구 041830 MEANREV 100주 @57,425 손절 45,940 익절 64,316 (진입 20260916) 규칙 stop15/tp0/trail0>0/t20/ma0
2026-10-08 08:50:56.742 | INFO     | stock_bot.swing.live:_recover_positions:173 - 보유 복구 004800 VALUE_PURE 64주 @155,423 손절 124,338 익절 174,074 (진입 20260916) 규칙 stop20/tp0/trail0>0/t30/ma0
2026-10-08 08:50:56.743 | INFO     | stock_bot.swing.live:_recover_positions:173 - 보유 복구 078930 MEANREV 86주 @115,130 손절 92,104 익절 128,946 (진입 20260917) 규칙 stop15/tp0/trail0>0/t20/ma0
2026-10-08 08:50:56.745 | INFO     | stock_bot.swing.live:_recover_positions:173 - 보유 복구 001450 FLOW_FORGN 198주 @50,709 손절 40,567 익절 56,794 (진입 20260917) 규칙 stop15/tp0/trail0>0/t20/ma0
2026-10-08 08:50:56.746 | INFO     | stock_bot.swing.live:_recover_positions:173 - 보유 복구 332570 FLOW_BOTH 548주 @9,119 손절 7,295 익절 없음 (진입 20260921) 규칙 stop20/tp0/trail0>0/t30/ma0
2026-10-08 08:50:56.747 | INFO     | stock_bot.swing.live:_recover_positions:173 - 보유 복구 024840 MOMENTUM 727주 @6,781 손절 5,425 익절 없음 (진입 20260922) 규칙 stop15/tp0/trail0>0/t20/ma0
2026-10-08 08:50:56.748 | INFO     | stock_bot.swing.live:_recover_positions:173 - 보유 복구 092870 FLOW_FORGN 93주 @53,396 손절 45,387 익절 없음 (진입 20261006) 규칙 stop15/tp0/trail0>0/t20/ma0
2026-10-08 08:50:56.749 | INFO     | stock_bot.swing.live:_recover_positions:173 - 보유 복구 036540 MOMENTUM 406주 @12,298 손절 10,453 익절 없음 (진입 20261006) 규칙 stop15/tp0/trail0>0/t20/ma0
2026-10-08 08:50:56.750 | INFO     | stock_bot.swing.live:_recover_positions:173 - 보유 복구 253590 MOMENTUM 307주 @16,280 손절 13,838 익절 없음 (진입 20261007) 규칙 stop15/tp0/trail0>0/t20/ma0
2026-10-08 08:50:56.751 | INFO     | stock_bot.swing.live:_recover_positions:173 - 보유 복구 006400 FLOW_FORGN 8주 @573,000 손절 487,050 익절 없음 (진입 20261007) 규칙 stop15/tp0/trail0>0/t20/ma0
2026-10-08 08:50:56.814 | INFO     | stock_bot.swing.live:_load_watchlist:216 - 감시 리스트 20261007 적재: 후보 9 → 감시 9 (슬롯 30) 상위: 096530 73, 098460 72, 251970 64, 356860 63, 020150 57
2026-10-08 08:50:56.816 | INFO     | stock_bot.swing.live:_load_watchlist:219 - 우선 등급 9종목 (종합≥80 없음 → 순위 1~10): 356860 63, 089030 47, 229640 50, 161580 51, 098460 72, 112610 53, 096530 73, 020150 57, 251970 64
2026-10-08 08:50:56.899 | INFO     | stock_bot.swing.live:prepare:129 - 진입 규칙: 창 093000~151500 종합점수 하한 60 모음 창 20초 하루 상한 3 · 우선 등급 종합≥80(없으면 순위 1~10) 즉시 9종목 · 일반 등급 다음 1봉 유지 확인, 하루 1건 · 오늘 체결 0 (일반 0)
2026-10-08 08:50:56.900 | INFO     | stock_bot.swing.live:prepare:136 - 20261008 준비: 보유 10 신규감시 9 (wl=20261007) 레짐=True mult=1.0
2026-10-08 08:50:56.902 | INFO     | stock_bot.swing.live:run:956 - WS 시작 — 구독 19종목 (보유 10 감시 9) 봉 180초 저장봉 60초
2026-10-08 08:50:57.702 | INFO     | stock_bot.broker.kis_ws:_session:360 - ws 접속 ws://ops.koreainvestment.com:31000 (19종목)
2026-10-08 08:50:58.012 | INFO     | stock_bot.broker.kis_ws:_register:265 - 등록 19/19건
2026-10-08 08:53:57.912 | INFO     | stock_bot.swing.live:_eod_timer:914 - 0853 WS 연결 등록 19/19 틱 0 (마지막 없음) · 감시 9 (틱수신 0 · 확정봉 0) 보유 10 신규 0/3 (일반 0/1) 대기 0 확인중 0 진입가능=시간전 미트리거 사유: -
2026-10-08 08:56:57.986 | INFO     | stock_bot.swing.live:_eod_timer:914 - 0856 WS 연결 등록 19/19 틱 0 (마지막 없음) · 감시 9 (틱수신 0 · 확정봉 0) 보유 10 신규 0/3 (일반 0/1) 대기 0 확인중 0 진입가능=시간전 미트리거 사유: -
2026-10-08 08:59:58.042 | INFO     | stock_bot.swing.live:_eod_timer:914 - 0859 WS 연결 등록 19/19 틱 0 (마지막 없음) · 감시 9 (틱수신 0 · 확정봉 0) 보유 10 신규 0/3 (일반 0/1) 대기 0 확인중 0 진입가능=시간전 미트리거 사유: -
2026-10-08 09:00:01.890 | WARNING  | stock_bot.broker.kis_ws:run:342 - 연결 끊김(1회차): ConnectionClosedError no close frame received or sent — 접속 유지 544초, 1초 후 재접속
2026-10-08 09:00:01.892 | WARNING  | stock_bot.swing.live:on_gap:303 - WS 끊김 — 재접속 먼저, REST 백필 19종목은 백그라운드
2026-10-08 09:00:03.322 | INFO     | stock_bot.broker.kis_ws:_session:360 - ws 접속 ws://ops.koreainvestment.com:31000 (19종목)
2026-10-08 09:00:03.555 | INFO     | stock_bot.broker.kis_ws:_register:265 - 등록 19/19건
2026-10-08 09:00:05.263 | INFO     | stock_bot.swing.live:on_tick:253 - 첫 틱 수신 078930 @109,300 — WS 데이터 흐름 시작
2026-10-08 09:00:05.265 | INFO     | stock_bot.swing.live:on_tick:258 - WS 복구 — 틱 공백 3초
2026-10-08 09:01:14.424 | INFO     | stock_bot.swing.live:_backfill:337 - REST 백필 완료 19/19종목 (실패 0) — 틱 공백 3초 · 세션 고저 갱신
2026-10-08 09:02:58.804 | INFO     | stock_bot.swing.live:_eod_timer:914 - 0902 WS 연결 등록 19/19 재연결 1회 틱 2,649 (마지막 0초전) · 감시 9 (틱수신 9 · 확정봉 0) 보유 10 신규 0/3 (일반 0/1) 대기 0 확인중 0 진입가능=시간전 미트리거 사유: -
2026-10-08 09:03:00.539 | INFO     | stock_bot.swing.live:_note:459 - 트리거 감지 020150 MOMENTUM 유지 @54,800 → 미진입: 시간전
2026-10-08 09:03:00.979 | INFO     | stock_bot.swing.live:_note:459 - 트리거 감지 356860 MOMENTUM 유지 @50,800 → 미진입: 시간전
2026-10-08 09:03:01.195 | INFO     | stock_bot.swing.live:_note:459 - 트리거 감지 096530 MOMENTUM 유지 @39,400 → 미진입: 시간전
2026-10-08 09:05:59.291 | INFO     | stock_bot.swing.live:_eod_timer:914 - 0905 WS 연결 등록 19/19 재연결 1회 틱 5,412 (마지막 0초전) · 감시 9 (틱수신 9 · 확정봉 9) 보유 10 신규 0/3 (일반 0/1) 대기 0 확인중 0 진입가능=시간전 미트리거 사유: 전일종가하회 5, 유지 3, 저점근접 1
2026-10-08 09:06:00.294 | INFO     | stock_bot.swing.live:_note:459 - 트리거 감지 098460 MOMENTUM 유지 @36,650 → 미진입: 시간전
2026-10-08 09:06:02.667 | INFO     | stock_bot.swing.live:_note:459 - 트리거 감지 089030 FLOW_FORGN 유지 @54,300 → 미진입: 시간전
2026-10-08 09:08:59.794 | INFO     | stock_bot.swing.live:_eod_timer:914 - 0908 WS 연결 등록 19/19 재연결 1회 틱 7,889 (마지막 0초전) · 감시 9 (틱수신 9 · 확정봉 18) 보유 10 신규 0/3 (일반 0/1) 대기 0 확인중 0 진입가능=시간전 미트리거 사유: 전일종가하회 5, 유지 3, VWAP하회 1
2026-10-08 09:09:00.820 | INFO     | stock_bot.swing.live:_note:459 - 트리거 감지 161580 MOMENTUM 유지 @41,650 → 미진입: 시간전
2026-10-08 09:12:00.278 | INFO     | stock_bot.swing.live:_eod_timer:914 - 0912 WS 연결 등록 19/19 재연결 1회 틱 9,922 (마지막 0초전) · 감시 9 (틱수신 9 · 확정봉 27) 보유 10 신규 0/3 (일반 0/1) 대기 0 확인중 0 진입가능=시간전 미트리거 사유: 전일종가하회 5, 유지 3, 저점근접 1
2026-10-08 09:15:00.739 | INFO     | stock_bot.swing.live:_eod_timer:914 - 0915 WS 연결 등록 19/19 재연결 1회 틱 11,862 (마지막 0초전) · 감시 9 (틱수신 9 · 확정봉 40) 보유 10 신규 0/3 (일반 0/1) 대기 0 확인중 0 진입가능=시간전 미트리거 사유: 전일종가하회 6, 유지 2, 저점근접 1
2026-10-08 09:18:01.189 | INFO     | stock_bot.swing.live:_eod_timer:914 - 0918 WS 연결 등록 19/19 재연결 1회 틱 13,859 (마지막 0초전) · 감시 9 (틱수신 9 · 확정봉 47) 보유 10 신규 0/3 (일반 0/1) 대기 0 확인중 0 진입가능=시간전 미트리거 사유: 전일종가하회 5, 유지 3, VWAP하회 1
2026-10-08 09:21:01.176 | INFO     | stock_bot.swing.live:_note:459 - 트리거 감지 229640 MOMENTUM 유지 @69,300 → 미진입: 시간전
2026-10-08 09:21:01.699 | INFO     | stock_bot.swing.live:_eod_timer:914 - 0921 WS 연결 등록 19/19 재연결 1회 틱 16,353 (마지막 0초전) · 감시 9 (틱수신 9 · 확정봉 60) 보유 10 신규 0/3 (일반 0/1) 대기 0 확인중 0 진입가능=시간전 미트리거 사유: 유지 5, 전일종가하회 4
2026-10-08 09:24:02.176 | INFO     | stock_bot.swing.live:_eod_timer:914 - 0924 WS 연결 등록 19/19 재연결 1회 틱 18,646 (마지막 0초전) · 감시 9 (틱수신 9 · 확정봉 71) 보유 10 신규 0/3 (일반 0/1) 대기 0 확인중 0 진입가능=시간전 미트리거 사유: 유지 6, 전일종가하회 3
2026-10-08 09:27:02.659 | INFO     | stock_bot.swing.live:_eod_timer:914 - 0927 WS 연결 등록 19/19 재연결 1회 틱 20,646 (마지막 0초전) · 감시 9 (틱수신 9 · 확정봉 76) 보유 10 신규 0/3 (일반 0/1) 대기 0 확인중 0 진입가능=시간전 미트리거 사유: 전일종가하회 5, 유지 4
2026-10-08 09:30:00.682 | INFO     | stock_bot.swing.live:_note:459 - 트리거 감지 098460 MOMENTUM 유지 @37,050 → 미진입: 슬롯 없음
2026-10-08 09:30:01.322 | INFO     | stock_bot.swing.live:_note:459 - 트리거 감지 161580 MOMENTUM 유지 @41,750 → 미진입: 슬롯 없음
2026-10-08 09:30:03.203 | INFO     | stock_bot.swing.live:_note:459 - 트리거 감지 356860 MOMENTUM 유지 @51,900 → 미진입: 슬롯 없음
2026-10-08 09:30:03.246 | INFO     | stock_bot.swing.live:_eod_timer:914 - 0930 WS 연결 등록 19/19 재연결 1회 틱 22,325 (마지막 0초전) · 감시 9 (틱수신 9 · 확정봉 89) 보유 10 신규 0/3 (일반 0/1) 대기 0 확인중 0 진입가능=슬롯 없음 미트리거 사유: 전일종가하회 6, 유지 3
2026-10-08 09:30:06.373 | INFO     | stock_bot.swing.live:_note:459 - 트리거 감지 020150 MOMENTUM 유지 @54,150 → 미진입: 슬롯 없음
2026-10-08 09:33:03.879 | INFO     | stock_bot.swing.live:_eod_timer:914 - 0933 WS 연결 등록 19/19 재연결 1회 틱 24,228 (마지막 0초전) · 감시 9 (틱수신 9 · 확정봉 97) 보유 10 신규 0/3 (일반 0/1) 대기 0 확인중 0 진입가능=슬롯 없음 미트리거 사유: 전일종가하회 5, 유지 4
2026-10-08 09:33:04.193 | INFO     | stock_bot.swing.live:_note:459 - 트리거 감지 089030 FLOW_FORGN 유지 @54,100 → 미진입: 슬롯 없음
2026-10-08 09:36:00.379 | INFO     | stock_bot.swing.live:_note:459 - 트리거 감지 229640 MOMENTUM 유지 @69,700 → 미진입: 슬롯 없음
2026-10-08 09:36:07.998 | INFO     | stock_bot.swing.live:_eod_timer:914 - 0936 WS 연결 등록 19/19 재연결 1회 틱 26,571 (마지막 1초전) · 감시 9 (틱수신 9 · 확정봉 108) 보유 10 신규 0/3 (일반 0/1) 대기 0 확인중 0 진입가능=슬롯 없음 미트리거 사유: 유지 6, 전일종가하회 3
2026-10-08 09:39:08.476 | INFO     | stock_bot.swing.live:_eod_timer:914 - 0939 WS 연결 등록 19/19 재연결 1회 틱 28,677 (마지막 0초전) · 감시 9 (틱수신 9 · 확정봉 115) 보유 10 신규 0/3 (일반 0/1) 대기 0 확인중 0 진입가능=슬롯 없음 미트리거 사유: 유지 6, 전일종가하회 3
2026-10-08 09:42:08.990 | INFO     | stock_bot.swing.live:_eod_timer:914 - 0942 WS 연결 등록 19/19 재연결 1회 틱 30,645 (마지막 1초전) · 감시 9 (틱수신 9 · 확정봉 125) 보유 10 신규 0/3 (일반 0/1) 대기 0 확인중 0 진입가능=슬롯 없음 미트리거 사유: 유지 6, 전일종가하회 3
2026-10-08 09:45:10.004 | INFO     | stock_bot.swing.live:_eod_timer:914 - 0945 WS 연결 등록 19/19 재연결 1회 틱 32,736 (마지막 0초전) · 감시 9 (틱수신 9 · 확정봉 135) 보유 10 신규 0/3 (일반 0/1) 대기 0 확인중 0 진입가능=슬롯 없음 미트리거 사유: 유지 6, 전일종가하회 3
2026-10-08 09:48:10.539 | INFO     | stock_bot.swing.live:_eod_timer:914 - 0948 WS 연결 등록 19/19 재연결 1회 틱 34,802 (마지막 0초전) · 감시 9 (틱수신 9 · 확정봉 143) 보유 10 신규 0/3 (일반 0/1) 대기 0 확인중 0 진입가능=슬롯 없음 미트리거 사유: 유지 6, 전일종가하회 3
2026-10-08 09:48:11.997 | INFO     | stock_bot.swing.live:_note:459 - 트리거 감지 112610 MOMENTUM 유지 @57,400 → 미진입: 슬롯 없음
2026-10-08 09:51:11.031 | INFO     | stock_bot.swing.live:_eod_timer:914 - 0951 WS 연결 등록 19/19 재연결 1회 틱 37,053 (마지막 0초전) · 감시 9 (틱수신 9 · 확정봉 153) 보유 10 신규 0/3 (일반 0/1) 대기 0 확인중 0 진입가능=슬롯 없음 미트리거 사유: 유지 7, 전일종가하회 2
2026-10-08 09:54:13.621 | INFO     | stock_bot.swing.live:_eod_timer:914 - 0954 WS 연결 등록 19/19 재연결 1회 틱 39,458 (마지막 0초전) · 감시 9 (틱수신 9 · 확정봉 162) 보유 10 신규 0/3 (일반 0/1) 대기 0 확인중 0 진입가능=슬롯 없음 미트리거 사유: 유지 7, 전일종가하회 2
2026-10-08 09:57:14.301 | INFO     | stock_bot.swing.live:_eod_timer:914 - 0957 WS 연결 등록 19/19 재연결 1회 틱 41,493 (마지막 0초전) · 감시 9 (틱수신 9 · 확정봉 171) 보유 10 신규 0/3 (일반 0/1) 대기 0 확인중 0 진입가능=슬롯 없음 미트리거 사유: 유지 7, 전일종가하회 2
2026-10-08 10:00:02.040 | WARNING  | stock_bot.broker.kis_ws:run:342 - 연결 끊김(2회차): ConnectionClosedError no close frame received or sent — 접속 유지 3599초, 1초 후 재접속
2026-10-08 10:00:02.042 | WARNING  | stock_bot.swing.live:on_gap:303 - WS 끊김 — 재접속 먼저, REST 백필 19종목은 백그라운드
2026-10-08 10:00:06.327 | INFO     | stock_bot.broker.kis_ws:_session:360 - ws 접속 ws://ops.koreainvestment.com:31000 (19종목)
2026-10-08 10:00:06.646 | INFO     | stock_bot.swing.live:on_tick:258 - WS 복구 — 틱 공백 5초
2026-10-08 10:00:06.674 | INFO     | stock_bot.broker.kis_ws:_register:265 - 등록 19/19건
2026-10-08 10:00:16.496 | INFO     | stock_bot.swing.live:_eod_timer:914 - 1000 WS 연결 등록 19/19 재연결 2회 틱 43,398 (마지막 0초전) · 감시 9 (틱수신 9 · 확정봉 180) 보유 10 신규 0/3 (일반 0/1) 대기 0 확인중 0 진입가능=슬롯 없음 미트리거 사유: 유지 6, 전일종가하회 3
2026-10-08 10:01:58.607 | INFO     | stock_bot.swing.live:_backfill:337 - REST 백필 완료 19/19종목 (실패 0) — 틱 공백 5초 · 세션 고저 갱신
2026-10-08 10:03:17.006 | INFO     | stock_bot.swing.live:_eod_timer:914 - 1003 WS 연결 등록 19/19 재연결 2회 틱 45,379 (마지막 0초전) · 감시 9 (틱수신 9 · 확정봉 189) 보유 10 신규 0/3 (일반 0/1) 대기 0 확인중 0 진입가능=슬롯 없음 미트리거 사유: 유지 6, 전일종가하회 3
2026-10-08 10:06:17.632 | INFO     | stock_bot.swing.live:_eod_timer:914 - 1006 WS 연결 등록 19/19 재연결 2회 틱 47,355 (마지막 0초전) · 감시 9 (틱수신 9 · 확정봉 198) 보유 10 신규 0/3 (일반 0/1) 대기 0 확인중 0 진입가능=슬롯 없음 미트리거 사유: 유지 7, 전일종가하회 2
2026-10-08 10:09:18.139 | INFO     | stock_bot.swing.live:_eod_timer:914 - 1009 WS 연결 등록 19/19 재연결 2회 틱 49,169 (마지막 0초전) · 감시 9 (틱수신 9 · 확정봉 207) 보유 10 신규 0/3 (일반 0/1) 대기 0 확인중 0 진입가능=슬롯 없음 미트리거 사유: 유지 7, 전일종가하회 2
2026-10-08 10:12:18.712 | INFO     | stock_bot.swing.live:_eod_timer:914 - 1012 WS 연결 등록 19/19 재연결 2회 틱 51,029 (마지막 0초전) · 감시 9 (틱수신 9 · 확정봉 216) 보유 10 신규 0/3 (일반 0/1) 대기 0 확인중 0 진입가능=슬롯 없음 미트리거 사유: 유지 7, 전일종가하회 2
2026-10-08 10:15:19.254 | INFO     | stock_bot.swing.live:_eod_timer:914 - 1015 WS 연결 등록 19/19 재연결 2회 틱 53,161 (마지막 0초전) · 감시 9 (틱수신 9 · 확정봉 225) 보유 10 신규 0/3 (일반 0/1) 대기 0 확인중 0 진입가능=슬롯 없음 미트리거 사유: 유지 6, 전일종가하회 3
2026-10-08 10:18:19.797 | INFO     | stock_bot.swing.live:_eod_timer:914 - 1018 WS 연결 등록 19/19 재연결 2회 틱 55,254 (마지막 0초전) · 감시 9 (틱수신 9 · 확정봉 234) 보유 10 신규 0/3 (일반 0/1) 대기 0 확인중 0 진입가능=슬롯 없음 미트리거 사유: 유지 6, 전일종가하회 3
2026-10-08 10:21:20.389 | INFO     | stock_bot.swing.live:_eod_timer:914 - 1021 WS 연결 등록 19/19 재연결 2회 틱 57,272 (마지막 0초전) · 감시 9 (틱수신 9 · 확정봉 243) 보유 10 신규 0/3 (일반 0/1) 대기 0 확인중 0 진입가능=슬롯 없음 미트리거 사유: 유지 6, 전일종가하회 3
2026-10-08 10:24:23.957 | INFO     | stock_bot.swing.live:_eod_timer:914 - 1024 WS 연결 등록 19/19 재연결 2회 틱 59,086 (마지막 0초전) · 감시 9 (틱수신 9 · 확정봉 252) 보유 10 신규 0/3 (일반 0/1) 대기 0 확인중 0 진입가능=슬롯 없음 미트리거 사유: 유지 6, 전일종가하회 3
2026-10-08 10:27:24.486 | INFO     | stock_bot.swing.live:_eod_timer:914 - 1027 WS 연결 등록 19/19 재연결 2회 틱 60,934 (마지막 0초전) · 감시 9 (틱수신 9 · 확정봉 261) 보유 10 신규 0/3 (일반 0/1) 대기 0 확인중 0 진입가능=슬롯 없음 미트리거 사유: 유지 6, 전일종가하회 3
2026-10-08 10:30:27.487 | INFO     | stock_bot.swing.live:_eod_timer:914 - 1030 WS 연결 등록 19/19 재연결 2회 틱 62,839 (마지막 0초전) · 감시 9 (틱수신 9 · 확정봉 270) 보유 10 신규 0/3 (일반 0/1) 대기 0 확인중 0 진입가능=슬롯 없음 미트리거 사유: 유지 6, 전일종가하회 3
2026-10-08 10:33:30.688 | INFO     | stock_bot.swing.live:_eod_timer:914 - 1033 WS 연결 등록 19/19 재연결 2회 틱 64,337 (마지막 0초전) · 감시 9 (틱수신 9 · 확정봉 279) 보유 10 신규 0/3 (일반 0/1) 대기 0 확인중 0 진입가능=슬롯 없음 미트리거 사유: 유지 6, 전일종가하회 3
2026-10-08 10:36:32.224 | INFO     | stock_bot.swing.live:_eod_timer:914 - 1036 WS 연결 등록 19/19 재연결 2회 틱 65,764 (마지막 0초전) · 감시 9 (틱수신 9 · 확정봉 288) 보유 10 신규 0/3 (일반 0/1) 대기 0 확인중 0 진입가능=슬롯 없음 미트리거 사유: 유지 6, 전일종가하회 3
2026-10-08 10:39:36.985 | INFO     | stock_bot.swing.live:_eod_timer:914 - 1039 WS 연결 등록 19/19 재연결 2회 틱 67,206 (마지막 0초전) · 감시 9 (틱수신 9 · 확정봉 297) 보유 10 신규 0/3 (일반 0/1) 대기 0 확인중 0 진입가능=슬롯 없음 미트리거 사유: 유지 6, 전일종가하회 3
2026-10-08 10:42:37.981 | INFO     | stock_bot.swing.live:_eod_timer:914 - 1042 WS 연결 등록 19/19 재연결 2회 틱 68,665 (마지막 0초전) · 감시 9 (틱수신 9 · 확정봉 306) 보유 10 신규 0/3 (일반 0/1) 대기 0 확인중 0 진입가능=슬롯 없음 미트리거 사유: 유지 6, 전일종가하회 3
2026-10-08 10:45:38.537 | INFO     | stock_bot.swing.live:_eod_timer:914 - 1045 WS 연결 등록 19/19 재연결 2회 틱 70,132 (마지막 0초전) · 감시 9 (틱수신 9 · 확정봉 315) 보유 10 신규 0/3 (일반 0/1) 대기 0 확인중 0 진입가능=슬롯 없음 미트리거 사유: 유지 6, 전일종가하회 3
2026-10-08 10:48:40.628 | INFO     | stock_bot.swing.live:_eod_timer:914 - 1048 WS 연결 등록 19/19 재연결 2회 틱 71,635 (마지막 0초전) · 감시 9 (틱수신 9 · 확정봉 324) 보유 10 신규 0/3 (일반 0/1) 대기 0 확인중 0 진입가능=슬롯 없음 미트리거 사유: 유지 6, 전일종가하회 3
2026-10-08 10:51:41.191 | INFO     | stock_bot.swing.live:_eod_timer:914 - 1051 WS 연결 등록 19/19 재연결 2회 틱 73,236 (마지막 0초전) · 감시 9 (틱수신 9 · 확정봉 333) 보유 10 신규 0/3 (일반 0/1) 대기 0 확인중 0 진입가능=슬롯 없음 미트리거 사유: 유지 6, 전일종가하회 3
2026-10-08 10:54:41.680 | INFO     | stock_bot.swing.live:_eod_timer:914 - 1054 WS 연결 등록 19/19 재연결 2회 틱 74,700 (마지막 0초전) · 감시 9 (틱수신 9 · 확정봉 342) 보유 10 신규 0/3 (일반 0/1) 대기 0 확인중 0 진입가능=슬롯 없음 미트리거 사유: 유지 6, 전일종가하회 3
2026-10-08 10:57:42.222 | INFO     | stock_bot.swing.live:_eod_timer:914 - 1057 WS 연결 등록 19/19 재연결 2회 틱 76,081 (마지막 0초전) · 감시 9 (틱수신 9 · 확정봉 351) 보유 10 신규 0/3 (일반 0/1) 대기 0 확인중 0 진입가능=슬롯 없음 미트리거 사유: 유지 6, 전일종가하회 3
2026-10-08 11:00:02.104 | WARNING  | stock_bot.broker.kis_ws:run:342 - 연결 끊김(3회차): ConnectionClosedError no close frame received or sent — 접속 유지 3599초, 1초 후 재접속
2026-10-08 11:00:02.106 | WARNING  | stock_bot.swing.live:on_gap:303 - WS 끊김 — 재접속 먼저, REST 백필 19종목은 백그라운드
2026-10-08 11:00:10.441 | INFO     | stock_bot.broker.kis_ws:_session:360 - ws 접속 ws://ops.koreainvestment.com:31000 (19종목)
2026-10-08 11:00:10.693 | INFO     | stock_bot.broker.kis_ws:_register:265 - 등록 19/19건
2026-10-08 11:00:10.740 | INFO     | stock_bot.swing.live:on_tick:258 - WS 복구 — 틱 공백 9초
2026-10-08 11:00:45.590 | INFO     | stock_bot.swing.live:_eod_timer:914 - 1100 WS 연결 등록 19/19 재연결 3회 틱 77,269 (마지막 0초전) · 감시 9 (틱수신 9 · 확정봉 360) 보유 10 신규 0/3 (일반 0/1) 대기 0 확인중 0 진입가능=슬롯 없음 미트리거 사유: 유지 6, 전일종가하회 3
2026-10-08 11:01:57.153 | INFO     | stock_bot.swing.live:_backfill:337 - REST 백필 완료 19/19종목 (실패 0) — 틱 공백 9초 · 세션 고저 갱신
2026-10-08 11:03:47.286 | INFO     | stock_bot.swing.live:_eod_timer:914 - 1103 WS 연결 등록 19/19 재연결 3회 틱 78,643 (마지막 0초전) · 감시 9 (틱수신 9 · 확정봉 369) 보유 10 신규 0/3 (일반 0/1) 대기 0 확인중 0 진입가능=슬롯 없음 미트리거 사유: 유지 6, 전일종가하회 3
2026-10-08 11:06:49.144 | INFO     | stock_bot.swing.live:_eod_timer:914 - 1106 WS 연결 등록 19/19 재연결 3회 틱 79,928 (마지막 0초전) · 감시 9 (틱수신 9 · 확정봉 378) 보유 10 신규 0/3 (일반 0/1) 대기 0 확인중 0 진입가능=슬롯 없음 미트리거 사유: 유지 6, 전일종가하회 3
2026-10-08 11:09:53.114 | INFO     | stock_bot.swing.live:_eod_timer:914 - 1109 WS 연결 등록 19/19 재연결 3회 틱 81,189 (마지막 0초전) · 감시 9 (틱수신 9 · 확정봉 387) 보유 10 신규 0/3 (일반 0/1) 대기 0 확인중 0 진입가능=슬롯 없음 미트리거 사유: 유지 6, 전일종가하회 3
2026-10-08 11:12:53.657 | INFO     | stock_bot.swing.live:_eod_timer:914 - 1112 WS 연결 등록 19/19 재연결 3회 틱 82,561 (마지막 0초전) · 감시 9 (틱수신 9 · 확정봉 396) 보유 10 신규 0/3 (일반 0/1) 대기 0 확인중 0 진입가능=슬롯 없음 미트리거 사유: 유지 6, 전일종가하회 3
2026-10-08 11:15:54.289 | INFO     | stock_bot.swing.live:_eod_timer:914 - 1115 WS 연결 등록 19/19 재연결 3회 틱 84,001 (마지막 0초전) · 감시 9 (틱수신 9 · 확정봉 405) 보유 10 신규 0/3 (일반 0/1) 대기 0 확인중 0 진입가능=슬롯 없음 미트리거 사유: 유지 6, 전일종가하회 3
2026-10-08 11:18:54.807 | INFO     | stock_bot.swing.live:_eod_timer:914 - 1118 WS 연결 등록 19/19 재연결 3회 틱 85,192 (마지막 0초전) · 감시 9 (틱수신 9 · 확정봉 414) 보유 10 신규 0/3 (일반 0/1) 대기 0 확인중 0 진입가능=슬롯 없음 미트리거 사유: 유지 6, 전일종가하회 3
2026-10-08 11:21:55.357 | INFO     | stock_bot.swing.live:_eod_timer:914 - 1121 WS 연결 등록 19/19 재연결 3회 틱 86,375 (마지막 0초전) · 감시 9 (틱수신 9 · 확정봉 423) 보유 10 신규 0/3 (일반 0/1) 대기 0 확인중 0 진입가능=슬롯 없음 미트리거 사유: 유지 5, 전일종가하회 3, VWAP하회 1
2026-10-08 11:24:55.858 | INFO     | stock_bot.swing.live:_eod_timer:914 - 1124 WS 연결 등록 19/19 재연결 3회 틱 87,520 (마지막 0초전) · 감시 9 (틱수신 9 · 확정봉 432) 보유 10 신규 0/3 (일반 0/1) 대기 0 확인중 0 진입가능=슬롯 없음 미트리거 사유: 유지 6, 전일종가하회 3
2026-10-08 11:27:59.275 | INFO     | stock_bot.swing.live:_eod_timer:914 - 1127 WS 연결 등록 19/19 재연결 3회 틱 88,632 (마지막 0초전) · 감시 9 (틱수신 9 · 확정봉 441) 보유 10 신규 0/3 (일반 0/1) 대기 0 확인중 0 진입가능=슬롯 없음 미트리거 사유: 유지 6, 전일종가하회 3
2026-10-08 11:31:02.192 | INFO     | stock_bot.swing.live:_eod_timer:914 - 1131 WS 연결 등록 19/19 재연결 3회 틱 89,763 (마지막 0초전) · 감시 9 (틱수신 9 · 확정봉 450) 보유 10 신규 0/3 (일반 0/1) 대기 0 확인중 0 진입가능=슬롯 없음 미트리거 사유: 유지 6, 전일종가하회 3
2026-10-08 11:34:02.834 | INFO     | stock_bot.swing.live:_eod_timer:914 - 1134 WS 연결 등록 19/19 재연결 3회 틱 90,708 (마지막 0초전) · 감시 9 (틱수신 9 · 확정봉 459) 보유 10 신규 0/3 (일반 0/1) 대기 0 확인중 0 진입가능=슬롯 없음 미트리거 사유: 유지 6, 전일종가하회 3
2026-10-08 11:37:03.468 | INFO     | stock_bot.swing.live:_eod_timer:914 - 1137 WS 연결 등록 19/19 재연결 3회 틱 91,845 (마지막 0초전) · 감시 9 (틱수신 9 · 확정봉 468) 보유 10 신규 0/3 (일반 0/1) 대기 0 확인중 0 진입가능=슬롯 없음 미트리거 사유: 유지 6, 전일종가하회 3
2026-10-08 11:40:03.976 | INFO     | stock_bot.swing.live:_eod_timer:914 - 1140 WS 연결 등록 19/19 재연결 3회 틱 92,923 (마지막 0초전) · 감시 9 (틱수신 9 · 확정봉 477) 보유 10 신규 0/3 (일반 0/1) 대기 0 확인중 0 진입가능=슬롯 없음 미트리거 사유: 유지 6, 전일종가하회 3
2026-10-08 11:43:04.506 | INFO     | stock_bot.swing.live:_eod_timer:914 - 1143 WS 연결 등록 19/19 재연결 3회 틱 93,952 (마지막 0초전) · 감시 9 (틱수신 9 · 확정봉 486) 보유 10 신규 0/3 (일반 0/1) 대기 0 확인중 0 진입가능=슬롯 없음 미트리거 사유: 유지 5, 전일종가하회 3, VWAP하회 1
2026-10-08 11:46:05.040 | INFO     | stock_bot.swing.live:_eod_timer:914 - 1146 WS 연결 등록 19/19 재연결 3회 틱 94,856 (마지막 0초전) · 감시 9 (틱수신 9 · 확정봉 495) 보유 10 신규 0/3 (일반 0/1) 대기 0 확인중 0 진입가능=슬롯 없음 미트리거 사유: 유지 5, 전일종가하회 3, VWAP하회 1
2026-10-08 11:49:05.528 | INFO     | stock_bot.swing.live:_eod_timer:914 - 1149 WS 연결 등록 19/19 재연결 3회 틱 95,848 (마지막 0초전) · 감시 9 (틱수신 9 · 확정봉 504) 보유 10 신규 0/3 (일반 0/1) 대기 0 확인중 0 진입가능=슬롯 없음 미트리거 사유: 유지 5, 전일종가하회 3, VWAP하회 1
2026-10-08 11:52:06.080 | INFO     | stock_bot.swing.live:_eod_timer:914 - 1152 WS 연결 등록 19/19 재연결 3회 틱 97,004 (마지막 0초전) · 감시 9 (틱수신 9 · 확정봉 513) 보유 10 신규 0/3 (일반 0/1) 대기 0 확인중 0 진입가능=슬롯 없음 미트리거 사유: 유지 5, 전일종가하회 3, VWAP하회 1
2026-10-08 11:55:06.580 | INFO     | stock_bot.swing.live:_eod_timer:914 - 1155 WS 연결 등록 19/19 재연결 3회 틱 98,131 (마지막 0초전) · 감시 9 (틱수신 9 · 확정봉 522) 보유 10 신규 0/3 (일반 0/1) 대기 0 확인중 0 진입가능=슬롯 없음 미트리거 사유: 유지 5, 전일종가하회 3, VWAP하회 1
2026-10-08 11:58:07.132 | INFO     | stock_bot.swing.live:_eod_timer:914 - 1158 WS 연결 등록 19/19 재연결 3회 틱 99,195 (마지막 0초전) · 감시 9 (틱수신 9 · 확정봉 531) 보유 10 신규 0/3 (일반 0/1) 대기 0 확인중 0 진입가능=슬롯 없음 미트리거 사유: 유지 5, 전일종가하회 3, VWAP하회 1
2026-10-08 12:00:02.165 | WARNING  | stock_bot.broker.kis_ws:run:342 - 연결 끊김(4회차): ConnectionClosedError no close frame received or sent — 접속 유지 3599초, 1초 후 재접속
2026-10-08 12:00:02.173 | WARNING  | stock_bot.swing.live:on_gap:303 - WS 끊김 — 재접속 먼저, REST 백필 19종목은 백그라운드
2026-10-08 12:00:08.291 | INFO     | stock_bot.broker.kis_ws:_session:360 - ws 접속 ws://ops.koreainvestment.com:31000 (19종목)
2026-10-08 12:00:08.607 | INFO     | stock_bot.broker.kis_ws:_register:265 - 등록 19/19건
2026-10-08 12:00:08.746 | INFO     | stock_bot.swing.live:on_tick:258 - WS 복구 — 틱 공백 7초
2026-10-08 12:01:08.651 | INFO     | stock_bot.swing.live:_eod_timer:914 - 1201 WS 연결 등록 19/19 재연결 4회 틱 100,202 (마지막 0초전) · 감시 9 (틱수신 9 · 확정봉 540) 보유 10 신규 0/3 (일반 0/1) 대기 0 확인중 0 진입가능=슬롯 없음 미트리거 사유: 유지 5, 전일종가하회 3, VWAP하회 1
2026-10-08 12:02:05.474 | INFO     | stock_bot.swing.live:_backfill:337 - REST 백필 완료 19/19종목 (실패 0) — 틱 공백 7초 · 세션 고저 갱신
2026-10-08 12:04:09.449 | INFO     | stock_bot.swing.live:_eod_timer:914 - 1204 WS 연결 등록 19/19 재연결 4회 틱 101,154 (마지막 0초전) · 감시 9 (틱수신 9 · 확정봉 549) 보유 10 신규 0/3 (일반 0/1) 대기 0 확인중 0 진입가능=슬롯 없음 미트리거 사유: 유지 5, 전일종가하회 3, VWAP하회 1
2026-10-08 12:07:10.008 | INFO     | stock_bot.swing.live:_eod_timer:914 - 1207 WS 연결 등록 19/19 재연결 4회 틱 102,069 (마지막 0초전) · 감시 9 (틱수신 9 · 확정봉 558) 보유 10 신규 0/3 (일반 0/1) 대기 0 확인중 0 진입가능=슬롯 없음 미트리거 사유: 유지 5, 전일종가하회 3, VWAP하회 1
2026-10-08 12:10:10.499 | INFO     | stock_bot.swing.live:_eod_timer:914 - 1210 WS 연결 등록 19/19 재연결 4회 틱 102,970 (마지막 0초전) · 감시 9 (틱수신 9 · 확정봉 567) 보유 10 신규 0/3 (일반 0/1) 대기 0 확인중 0 진입가능=슬롯 없음 미트리거 사유: 유지 5, 전일종가하회 3, VWAP하회 1
2026-10-08 12:13:11.022 | INFO     | stock_bot.swing.live:_eod_timer:914 - 1213 WS 연결 등록 19/19 재연결 4회 틱 103,882 (마지막 0초전) · 감시 9 (틱수신 9 · 확정봉 576) 보유 10 신규 0/3 (일반 0/1) 대기 0 확인중 0 진입가능=슬롯 없음 미트리거 사유: 유지 5, 전일종가하회 3, VWAP하회 1
2026-10-08 12:16:11.620 | INFO     | stock_bot.swing.live:_eod_timer:914 - 1216 WS 연결 등록 19/19 재연결 4회 틱 104,932 (마지막 0초전) · 감시 9 (틱수신 9 · 확정봉 585) 보유 10 신규 0/3 (일반 0/1) 대기 0 확인중 0 진입가능=슬롯 없음 미트리거 사유: 유지 5, 전일종가하회 3, VWAP하회 1
2026-10-08 12:19:12.965 | INFO     | stock_bot.swing.live:_eod_timer:914 - 1219 WS 연결 등록 19/19 재연결 4회 틱 106,014 (마지막 0초전) · 감시 9 (틱수신 9 · 확정봉 593) 보유 10 신규 0/3 (일반 0/1) 대기 0 확인중 0 진입가능=슬롯 없음 미트리거 사유: 유지 5, 전일종가하회 3, VWAP하회 1
2026-10-08 12:22:13.532 | INFO     | stock_bot.swing.live:_eod_timer:914 - 1222 WS 연결 등록 19/19 재연결 4회 틱 106,978 (마지막 0초전) · 감시 9 (틱수신 9 · 확정봉 603) 보유 10 신규 0/3 (일반 0/1) 대기 0 확인중 0 진입가능=슬롯 없음 미트리거 사유: 유지 5, 전일종가하회 3, VWAP하회 1
2026-10-08 12:25:14.018 | INFO     | stock_bot.swing.live:_eod_timer:914 - 1225 WS 연결 등록 19/19 재연결 4회 틱 107,869 (마지막 1초전) · 감시 9 (틱수신 9 · 확정봉 612) 보유 10 신규 0/3 (일반 0/1) 대기 0 확인중 0 진입가능=슬롯 없음 미트리거 사유: 유지 5, 전일종가하회 3, VWAP하회 1
2026-10-08 12:28:14.525 | INFO     | stock_bot.swing.live:_eod_timer:914 - 1228 WS 연결 등록 19/19 재연결 4회 틱 108,875 (마지막 0초전) · 감시 9 (틱수신 9 · 확정봉 621) 보유 10 신규 0/3 (일반 0/1) 대기 0 확인중 0 진입가능=슬롯 없음 미트리거 사유: 유지 5, 전일종가하회 3, VWAP하회 1
2026-10-08 12:31:21.003 | INFO     | stock_bot.swing.live:_eod_timer:914 - 1231 WS 연결 등록 19/19 재연결 4회 틱 109,855 (마지막 6초전) · 감시 9 (틱수신 9 · 확정봉 630) 보유 10 신규 0/3 (일반 0/1) 대기 0 확인중 0 진입가능=슬롯 없음 미트리거 사유: 유지 5, 전일종가하회 3, VWAP하회 1
2026-10-08 12:34:23.269 | INFO     | stock_bot.swing.live:_eod_timer:914 - 1234 WS 연결 등록 19/19 재연결 4회 틱 110,715 (마지막 0초전) · 감시 9 (틱수신 9 · 확정봉 639) 보유 10 신규 0/3 (일반 0/1) 대기 0 확인중 0 진입가능=슬롯 없음 미트리거 사유: 유지 5, 전일종가하회 3, VWAP하회 1
2026-10-08 12:37:25.028 | INFO     | stock_bot.swing.live:_eod_timer:914 - 1237 WS 연결 등록 19/19 재연결 4회 틱 111,639 (마지막 1초전) · 감시 9 (틱수신 9 · 확정봉 648) 보유 10 신규 0/3 (일반 0/1) 대기 0 확인중 0 진입가능=슬롯 없음 미트리거 사유: 유지 5, 전일종가하회 3, VWAP하회 1
2026-10-08 12:40:25.565 | INFO     | stock_bot.swing.live:_eod_timer:914 - 1240 WS 연결 등록 19/19 재연결 4회 틱 112,634 (마지막 0초전) · 감시 9 (틱수신 9 · 확정봉 657) 보유 10 신규 0/3 (일반 0/1) 대기 0 확인중 0 진입가능=슬롯 없음 미트리거 사유: 유지 4, 전일종가하회 3, VWAP하회 2
2026-10-08 12:43:26.058 | INFO     | stock_bot.swing.live:_eod_timer:914 - 1243 WS 연결 등록 19/19 재연결 4회 틱 113,655 (마지막 0초전) · 감시 9 (틱수신 9 · 확정봉 666) 보유 10 신규 0/3 (일반 0/1) 대기 0 확인중 0 진입가능=슬롯 없음 미트리거 사유: 유지 4, 전일종가하회 3, VWAP하회 2
2026-10-08 12:46:26.631 | INFO     | stock_bot.swing.live:_eod_timer:914 - 1246 WS 연결 등록 19/19 재연결 4회 틱 114,699 (마지막 0초전) · 감시 9 (틱수신 9 · 확정봉 675) 보유 10 신규 0/3 (일반 0/1) 대기 0 확인중 0 진입가능=슬롯 없음 미트리거 사유: 유지 4, 전일종가하회 3, VWAP하회 2
2026-10-08 12:49:27.231 | INFO     | stock_bot.swing.live:_eod_timer:914 - 1249 WS 연결 등록 19/19 재연결 4회 틱 115,649 (마지막 1초전) · 감시 9 (틱수신 9 · 확정봉 684) 보유 10 신규 0/3 (일반 0/1) 대기 0 확인중 0 진입가능=슬롯 없음 미트리거 사유: 유지 4, 전일종가하회 3, VWAP하회 2
2026-10-08 12:52:27.889 | INFO     | stock_bot.swing.live:_eod_timer:914 - 1252 WS 연결 등록 19/19 재연결 4회 틱 116,793 (마지막 0초전) · 감시 9 (틱수신 9 · 확정봉 693) 보유 10 신규 0/3 (일반 0/1) 대기 0 확인중 0 진입가능=슬롯 없음 미트리거 사유: 유지 4, 전일종가하회 3, VWAP하회 2
2026-10-08 12:55:28.590 | INFO     | stock_bot.swing.live:_eod_timer:914 - 1255 WS 연결 등록 19/19 재연결 4회 틱 118,079 (마지막 0초전) · 감시 9 (틱수신 9 · 확정봉 702) 보유 10 신규 0/3 (일반 0/1) 대기 0 확인중 0 진입가능=슬롯 없음 미트리거 사유: 전일종가하회 4, 유지 3, VWAP하회 2
2026-10-08 12:58:29.228 | INFO     | stock_bot.swing.live:_eod_timer:914 - 1258 WS 연결 등록 19/19 재연결 4회 틱 119,551 (마지막 0초전) · 감시 9 (틱수신 9 · 확정봉 711) 보유 10 신규 0/3 (일반 0/1) 대기 0 확인중 0 진입가능=슬롯 없음 미트리거 사유: 전일종가하회 4, VWAP하회 4, 유지 1
2026-10-08 13:00:02.240 | WARNING  | stock_bot.broker.kis_ws:run:342 - 연결 끊김(5회차): ConnectionClosedError no close frame received or sent — 접속 유지 3599초, 1초 후 재접속
2026-10-08 13:00:02.243 | WARNING  | stock_bot.swing.live:on_gap:303 - WS 끊김 — 재접속 먼저, REST 백필 19종목은 백그라운드
2026-10-08 13:00:08.588 | INFO     | stock_bot.broker.kis_ws:_session:360 - ws 접속 ws://ops.koreainvestment.com:31000 (19종목)
2026-10-08 13:00:08.874 | INFO     | stock_bot.broker.kis_ws:_register:265 - 등록 19/19건
2026-10-08 13:00:08.924 | INFO     | stock_bot.swing.live:on_tick:258 - WS 복구 — 틱 공백 7초
2026-10-08 13:01:33.962 | INFO     | stock_bot.swing.live:_eod_timer:914 - 1301 WS 연결 등록 19/19 재연결 5회 틱 120,968 (마지막 1초전) · 감시 9 (틱수신 9 · 확정봉 720) 보유 10 신규 0/3 (일반 0/1) 대기 0 확인중 0 진입가능=슬롯 없음 미트리거 사유: 전일종가하회 4, VWAP하회 4, 유지 1
2026-10-08 13:02:21.334 | INFO     | stock_bot.swing.live:_backfill:337 - REST 백필 완료 19/19종목 (실패 0) — 틱 공백 7초 · 세션 고저 갱신
2026-10-08 13:04:34.659 | INFO     | stock_bot.swing.live:_eod_timer:914 - 1304 WS 연결 등록 19/19 재연결 5회 틱 122,316 (마지막 0초전) · 감시 9 (틱수신 9 · 확정봉 729) 보유 10 신규 0/3 (일반 0/1) 대기 0 확인중 0 진입가능=슬롯 없음 미트리거 사유: 전일종가하회 4, VWAP하회 4, 유지 1
2026-10-08 13:07:35.299 | INFO     | stock_bot.swing.live:_eod_timer:914 - 1307 WS 연결 등록 19/19 재연결 5회 틱 123,392 (마지막 0초전) · 감시 9 (틱수신 9 · 확정봉 738) 보유 10 신규 0/3 (일반 0/1) 대기 0 확인중 0 진입가능=슬롯 없음 미트리거 사유: 전일종가하회 4, VWAP하회 4, 유지 1
2026-10-08 13:10:35.931 | INFO     | stock_bot.swing.live:_eod_timer:914 - 1310 WS 연결 등록 19/19 재연결 5회 틱 124,528 (마지막 0초전) · 감시 9 (틱수신 9 · 확정봉 747) 보유 10 신규 0/3 (일반 0/1) 대기 0 확인중 0 진입가능=슬롯 없음 미트리거 사유: 전일종가하회 4, VWAP하회 4, 유지 1
2026-10-08 13:13:36.567 | INFO     | stock_bot.swing.live:_eod_timer:914 - 1313 WS 연결 등록 19/19 재연결 5회 틱 125,567 (마지막 0초전) · 감시 9 (틱수신 9 · 확정봉 756) 보유 10 신규 0/3 (일반 0/1) 대기 0 확인중 0 진입가능=슬롯 없음 미트리거 사유: 전일종가하회 4, VWAP하회 4, 유지 1
2026-10-08 13:16:37.228 | INFO     | stock_bot.swing.live:_eod_timer:914 - 1316 WS 연결 등록 19/19 재연결 5회 틱 126,803 (마지막 0초전) · 감시 9 (틱수신 9 · 확정봉 765) 보유 10 신규 0/3 (일반 0/1) 대기 0 확인중 0 진입가능=슬롯 없음 미트리거 사유: 전일종가하회 4, VWAP하회 4, 유지 1
2026-10-08 13:19:37.903 | INFO     | stock_bot.swing.live:_eod_timer:914 - 1319 WS 연결 등록 19/19 재연결 5회 틱 127,962 (마지막 0초전) · 감시 9 (틱수신 9 · 확정봉 774) 보유 10 신규 0/3 (일반 0/1) 대기 0 확인중 0 진입가능=슬롯 없음 미트리거 사유: 전일종가하회 4, VWAP하회 4, 유지 1
2026-10-08 13:22:38.527 | INFO     | stock_bot.swing.live:_eod_timer:914 - 1322 WS 연결 등록 19/19 재연결 5회 틱 129,121 (마지막 0초전) · 감시 9 (틱수신 9 · 확정봉 783) 보유 10 신규 0/3 (일반 0/1) 대기 0 확인중 0 진입가능=슬롯 없음 미트리거 사유: 전일종가하회 4, VWAP하회 3, 유지 2
2026-10-08 13:25:39.168 | INFO     | stock_bot.swing.live:_eod_timer:914 - 1325 WS 연결 등록 19/19 재연결 5회 틱 130,321 (마지막 0초전) · 감시 9 (틱수신 9 · 확정봉 792) 보유 10 신규 0/3 (일반 0/1) 대기 0 확인중 0 진입가능=슬롯 없음 미트리거 사유: 전일종가하회 4, VWAP하회 3, 유지 2
2026-10-08 13:28:39.824 | INFO     | stock_bot.swing.live:_eod_timer:914 - 1328 WS 연결 등록 19/19 재연결 5회 틱 131,608 (마지막 0초전) · 감시 9 (틱수신 9 · 확정봉 801) 보유 10 신규 0/3 (일반 0/1) 대기 0 확인중 0 진입가능=슬롯 없음 미트리거 사유: 전일종가하회 3, VWAP하회 3, 유지 3
2026-10-08 13:31:40.433 | INFO     | stock_bot.swing.live:_eod_timer:914 - 1331 WS 연결 등록 19/19 재연결 5회 틱 132,888 (마지막 0초전) · 감시 9 (틱수신 9 · 확정봉 810) 보유 10 신규 0/3 (일반 0/1) 대기 0 확인중 0 진입가능=슬롯 없음 미트리거 사유: 전일종가하회 3, VWAP하회 3, 유지 3
2026-10-08 13:34:41.063 | INFO     | stock_bot.swing.live:_eod_timer:914 - 1334 WS 연결 등록 19/19 재연결 5회 틱 134,098 (마지막 0초전) · 감시 9 (틱수신 9 · 확정봉 819) 보유 10 신규 0/3 (일반 0/1) 대기 0 확인중 0 진입가능=슬롯 없음 미트리거 사유: 전일종가하회 3, VWAP하회 3, 유지 3
2026-10-08 13:37:41.666 | INFO     | stock_bot.swing.live:_eod_timer:914 - 1337 WS 연결 등록 19/19 재연결 5회 틱 135,500 (마지막 0초전) · 감시 9 (틱수신 9 · 확정봉 828) 보유 10 신규 0/3 (일반 0/1) 대기 0 확인중 0 진입가능=슬롯 없음 미트리거 사유: 유지 4, 전일종가하회 3, VWAP하회 2
2026-10-08 13:40:42.316 | INFO     | stock_bot.swing.live:_eod_timer:914 - 1340 WS 연결 등록 19/19 재연결 5회 틱 136,732 (마지막 0초전) · 감시 9 (틱수신 9 · 확정봉 837) 보유 10 신규 0/3 (일반 0/1) 대기 0 확인중 0 진입가능=슬롯 없음 미트리거 사유: 유지 4, 전일종가하회 3, VWAP하회 2
2026-10-08 13:43:42.961 | INFO     | stock_bot.swing.live:_eod_timer:914 - 1343 WS 연결 등록 19/19 재연결 5회 틱 137,924 (마지막 0초전) · 감시 9 (틱수신 9 · 확정봉 846) 보유 10 신규 0/3 (일반 0/1) 대기 0 확인중 0 진입가능=슬롯 없음 미트리거 사유: 유지 4, 전일종가하회 3, VWAP하회 2
2026-10-08 13:46:43.583 | INFO     | stock_bot.swing.live:_eod_timer:914 - 1346 WS 연결 등록 19/19 재연결 5회 틱 139,112 (마지막 0초전) · 감시 9 (틱수신 9 · 확정봉 855) 보유 10 신규 0/3 (일반 0/1) 대기 0 확인중 0 진입가능=슬롯 없음 미트리거 사유: 유지 4, 전일종가하회 3, VWAP하회 2
2026-10-08 13:49:44.223 | INFO     | stock_bot.swing.live:_eod_timer:914 - 1349 WS 연결 등록 19/19 재연결 5회 틱 140,345 (마지막 0초전) · 감시 9 (틱수신 9 · 확정봉 864) 보유 10 신규 0/3 (일반 0/1) 대기 0 확인중 0 진입가능=슬롯 없음 미트리거 사유: 유지 4, 전일종가하회 3, VWAP하회 2
2026-10-08 13:52:44.850 | INFO     | stock_bot.swing.live:_eod_timer:914 - 1352 WS 연결 등록 19/19 재연결 5회 틱 141,712 (마지막 0초전) · 감시 9 (틱수신 9 · 확정봉 873) 보유 10 신규 0/3 (일반 0/1) 대기 0 확인중 0 진입가능=슬롯 없음 미트리거 사유: 유지 4, 전일종가하회 3, VWAP하회 2
2026-10-08 13:55:45.482 | INFO     | stock_bot.swing.live:_eod_timer:914 - 1355 WS 연결 등록 19/19 재연결 5회 틱 143,121 (마지막 0초전) · 감시 9 (틱수신 9 · 확정봉 882) 보유 10 신규 0/3 (일반 0/1) 대기 0 확인중 0 진입가능=슬롯 없음 미트리거 사유: 유지 5, 전일종가하회 3, VWAP하회 1
2026-10-08 13:58:46.107 | INFO     | stock_bot.swing.live:_eod_timer:914 - 1358 WS 연결 등록 19/19 재연결 5회 틱 144,743 (마지막 0초전) · 감시 9 (틱수신 9 · 확정봉 891) 보유 10 신규 0/3 (일반 0/1) 대기 0 확인중 0 진입가능=슬롯 없음 미트리거 사유: 유지 4, 전일종가하회 3, VWAP하회 2
2026-10-08 14:00:02.118 | WARNING  | stock_bot.broker.kis_ws:run:342 - 연결 끊김(6회차): ConnectionClosedError no close frame received or sent — 접속 유지 3599초, 1초 후 재접속
2026-10-08 14:00:02.119 | WARNING  | stock_bot.swing.live:on_gap:303 - WS 끊김 — 재접속 먼저, REST 백필 19종목은 백그라운드
2026-10-08 14:00:08.948 | INFO     | stock_bot.broker.kis_ws:_session:360 - ws 접속 ws://ops.koreainvestment.com:31000 (19종목)
2026-10-08 14:00:09.162 | INFO     | stock_bot.broker.kis_ws:_register:265 - 등록 19/19건
2026-10-08 14:00:09.618 | INFO     | stock_bot.swing.live:on_tick:258 - WS 복구 — 틱 공백 7초
2026-10-08 14:01:49.341 | INFO     | stock_bot.swing.live:_eod_timer:914 - 1401 WS 연결 등록 19/19 재연결 6회 틱 146,362 (마지막 0초전) · 감시 9 (틱수신 9 · 확정봉 900) 보유 10 신규 0/3 (일반 0/1) 대기 0 확인중 0 진입가능=슬롯 없음 미트리거 사유: 유지 4, 전일종가하회 3, VWAP하회 2
2026-10-08 14:04:06.610 | INFO     | stock_bot.swing.live:_backfill:337 - REST 백필 완료 19/19종목 (실패 0) — 틱 공백 7초 · 세션 고저 갱신
2026-10-08 14:04:49.982 | INFO     | stock_bot.swing.live:_eod_timer:914 - 1404 WS 연결 등록 19/19 재연결 6회 틱 147,683 (마지막 0초전) · 감시 9 (틱수신 9 · 확정봉 909) 보유 10 신규 0/3 (일반 0/1) 대기 0 확인중 0 진입가능=슬롯 없음 미트리거 사유: 유지 4, 전일종가하회 3, VWAP하회 2
2026-10-08 14:07:50.635 | INFO     | stock_bot.swing.live:_eod_timer:914 - 1407 WS 연결 등록 19/19 재연결 6회 틱 149,089 (마지막 0초전) · 감시 9 (틱수신 9 · 확정봉 918) 보유 10 신규 0/3 (일반 0/1) 대기 0 확인중 0 진입가능=슬롯 없음 미트리거 사유: 유지 4, 전일종가하회 3, VWAP하회 2
2026-10-08 14:10:51.272 | INFO     | stock_bot.swing.live:_eod_timer:914 - 1410 WS 연결 등록 19/19 재연결 6회 틱 150,425 (마지막 0초전) · 감시 9 (틱수신 9 · 확정봉 927) 보유 10 신규 0/3 (일반 0/1) 대기 0 확인중 0 진입가능=슬롯 없음 미트리거 사유: 유지 4, 전일종가하회 3, VWAP하회 2
2026-10-08 14:13:51.876 | INFO     | stock_bot.swing.live:_eod_timer:914 - 1413 WS 연결 등록 19/19 재연결 6회 틱 151,834 (마지막 0초전) · 감시 9 (틱수신 9 · 확정봉 936) 보유 10 신규 0/3 (일반 0/1) 대기 0 확인중 0 진입가능=슬롯 없음 미트리거 사유: 유지 5, 전일종가하회 3, VWAP하회 1
2026-10-08 14:16:52.528 | INFO     | stock_bot.swing.live:_eod_timer:914 - 1416 WS 연결 등록 19/19 재연결 6회 틱 153,569 (마지막 0초전) · 감시 9 (틱수신 9 · 확정봉 945) 보유 10 신규 0/3 (일반 0/1) 대기 0 확인중 0 진입가능=슬롯 없음 미트리거 사유: 유지 4, 전일종가하회 3, VWAP하회 2
2026-10-08 14:19:53.157 | INFO     | stock_bot.swing.live:_eod_timer:914 - 1419 WS 연결 등록 19/19 재연결 6회 틱 155,316 (마지막 0초전) · 감시 9 (틱수신 9 · 확정봉 954) 보유 10 신규 0/3 (일반 0/1) 대기 0 확인중 0 진입가능=슬롯 없음 미트리거 사유: 유지 4, 전일종가하회 3, VWAP하회 2
2026-10-08 14:22:53.800 | INFO     | stock_bot.swing.live:_eod_timer:914 - 1422 WS 연결 등록 19/19 재연결 6회 틱 157,029 (마지막 0초전) · 감시 9 (틱수신 9 · 확정봉 963) 보유 10 신규 0/3 (일반 0/1) 대기 0 확인중 0 진입가능=슬롯 없음 미트리거 사유: 유지 4, 전일종가하회 3, VWAP하회 2
2026-10-08 14:25:54.448 | INFO     | stock_bot.swing.live:_eod_timer:914 - 1425 WS 연결 등록 19/19 재연결 6회 틱 158,693 (마지막 0초전) · 감시 9 (틱수신 9 · 확정봉 972) 보유 10 신규 0/3 (일반 0/1) 대기 0 확인중 0 진입가능=슬롯 없음 미트리거 사유: 유지 4, 전일종가하회 3, VWAP하회 2
2026-10-08 14:28:55.096 | INFO     | stock_bot.swing.live:_eod_timer:914 - 1428 WS 연결 등록 19/19 재연결 6회 틱 160,560 (마지막 1초전) · 감시 9 (틱수신 9 · 확정봉 981) 보유 10 신규 0/3 (일반 0/1) 대기 0 확인중 0 진입가능=슬롯 없음 미트리거 사유: 유지 5, 전일종가하회 3, VWAP하회 1
2026-10-08 14:31:55.745 | INFO     | stock_bot.swing.live:_eod_timer:914 - 1431 WS 연결 등록 19/19 재연결 6회 틱 162,437 (마지막 0초전) · 감시 9 (틱수신 9 · 확정봉 990) 보유 10 신규 0/3 (일반 0/1) 대기 0 확인중 0 진입가능=슬롯 없음 미트리거 사유: 유지 5, 전일종가하회 3, VWAP하회 1
2026-10-08 14:34:56.352 | INFO     | stock_bot.swing.live:_eod_timer:914 - 1434 WS 연결 등록 19/19 재연결 6회 틱 164,268 (마지막 0초전) · 감시 9 (틱수신 9 · 확정봉 999) 보유 10 신규 0/3 (일반 0/1) 대기 0 확인중 0 진입가능=슬롯 없음 미트리거 사유: 유지 5, 전일종가하회 3, VWAP하회 1
2026-10-08 14:37:56.965 | INFO     | stock_bot.swing.live:_eod_timer:914 - 1437 WS 연결 등록 19/19 재연결 6회 틱 166,103 (마지막 0초전) · 감시 9 (틱수신 9 · 확정봉 1008) 보유 10 신규 0/3 (일반 0/1) 대기 0 확인중 0 진입가능=슬롯 없음 미트리거 사유: 유지 5, 전일종가하회 3, VWAP하회 1
2026-10-08 14:40:57.585 | INFO     | stock_bot.swing.live:_eod_timer:914 - 1440 WS 연결 등록 19/19 재연결 6회 틱 167,935 (마지막 0초전) · 감시 9 (틱수신 9 · 확정봉 1017) 보유 10 신규 0/3 (일반 0/1) 대기 0 확인중 0 진입가능=슬롯 없음 미트리거 사유: 유지 5, 전일종가하회 3, VWAP하회 1
2026-10-08 14:43:58.216 | INFO     | stock_bot.swing.live:_eod_timer:914 - 1443 WS 연결 등록 19/19 재연결 6회 틱 169,977 (마지막 0초전) · 감시 9 (틱수신 9 · 확정봉 1026) 보유 10 신규 0/3 (일반 0/1) 대기 0 확인중 0 진입가능=슬롯 없음 미트리거 사유: 유지 4, 전일종가하회 3, VWAP하회 2
2026-10-08 14:46:58.845 | INFO     | stock_bot.swing.live:_eod_timer:914 - 1446 WS 연결 등록 19/19 재연결 6회 틱 172,154 (마지막 0초전) · 감시 9 (틱수신 9 · 확정봉 1035) 보유 10 신규 0/3 (일반 0/1) 대기 0 확인중 0 진입가능=슬롯 없음 미트리거 사유: 유지 4, 전일종가하회 3, VWAP하회 2
2026-10-08 14:49:59.497 | INFO     | stock_bot.swing.live:_eod_timer:914 - 1449 WS 연결 등록 19/19 재연결 6회 틱 174,156 (마지막 0초전) · 감시 9 (틱수신 9 · 확정봉 1044) 보유 10 신규 0/3 (일반 0/1) 대기 0 확인중 0 진입가능=슬롯 없음 미트리거 사유: 유지 4, 전일종가하회 3, VWAP하회 2
2026-10-08 14:53:00.115 | INFO     | stock_bot.swing.live:_eod_timer:914 - 1453 WS 연결 등록 19/19 재연결 6회 틱 176,153 (마지막 0초전) · 감시 9 (틱수신 9 · 확정봉 1053) 보유 10 신규 0/3 (일반 0/1) 대기 0 확인중 0 진입가능=슬롯 없음 미트리거 사유: 유지 4, 전일종가하회 3, VWAP하회 2
2026-10-08 14:56:00.715 | INFO     | stock_bot.swing.live:_eod_timer:914 - 1456 WS 연결 등록 19/19 재연결 6회 틱 178,111 (마지막 0초전) · 감시 9 (틱수신 9 · 확정봉 1062) 보유 10 신규 0/3 (일반 0/1) 대기 0 확인중 0 진입가능=슬롯 없음 미트리거 사유: 유지 4, 전일종가하회 3, VWAP하회 2
2026-10-08 14:59:01.337 | INFO     | stock_bot.swing.live:_eod_timer:914 - 1459 WS 연결 등록 19/19 재연결 6회 틱 180,242 (마지막 0초전) · 감시 9 (틱수신 9 · 확정봉 1071) 보유 10 신규 0/3 (일반 0/1) 대기 0 확인중 0 진입가능=슬롯 없음 미트리거 사유: 유지 4, 전일종가하회 3, VWAP하회 2
2026-10-08 15:00:02.124 | WARNING  | stock_bot.broker.kis_ws:run:342 - 연결 끊김(7회차): ConnectionClosedError no close frame received or sent — 접속 유지 3599초, 1초 후 재접속
2026-10-08 15:00:02.125 | WARNING  | stock_bot.swing.live:on_gap:303 - WS 끊김 — 재접속 먼저, REST 백필 19종목은 백그라운드
2026-10-08 15:00:12.201 | INFO     | stock_bot.broker.kis_ws:_session:360 - ws 접속 ws://ops.koreainvestment.com:31000 (19종목)
2026-10-08 15:00:12.389 | INFO     | stock_bot.broker.kis_ws:_register:265 - 등록 19/19건
2026-10-08 15:00:12.467 | INFO     | stock_bot.swing.live:on_tick:258 - WS 복구 — 틱 공백 10초
2026-10-08 15:02:02.614 | INFO     | stock_bot.swing.live:_eod_timer:914 - 1502 WS 연결 등록 19/19 재연결 7회 틱 182,152 (마지막 0초전) · 감시 9 (틱수신 9 · 확정봉 1080) 보유 10 신규 0/3 (일반 0/1) 대기 0 확인중 0 진입가능=슬롯 없음 미트리거 사유: 유지 4, 전일종가하회 3, VWAP하회 2
2026-10-08 15:04:01.034 | INFO     | stock_bot.swing.live:_backfill:337 - REST 백필 완료 19/19종목 (실패 0) — 틱 공백 10초 · 세션 고저 갱신
2026-10-08 15:05:03.274 | INFO     | stock_bot.swing.live:_eod_timer:914 - 1505 WS 연결 등록 19/19 재연결 7회 틱 183,944 (마지막 0초전) · 감시 9 (틱수신 9 · 확정봉 1089) 보유 10 신규 0/3 (일반 0/1) 대기 0 확인중 0 진입가능=슬롯 없음 미트리거 사유: 유지 4, 전일종가하회 3, VWAP하회 2
2026-10-08 15:08:03.877 | INFO     | stock_bot.swing.live:_eod_timer:914 - 1508 WS 연결 등록 19/19 재연결 7회 틱 185,776 (마지막 0초전) · 감시 9 (틱수신 9 · 확정봉 1098) 보유 10 신규 0/3 (일반 0/1) 대기 0 확인중 0 진입가능=슬롯 없음 미트리거 사유: 유지 5, 전일종가하회 3, VWAP하회 1
2026-10-08 15:11:04.528 | INFO     | stock_bot.swing.live:_eod_timer:914 - 1511 WS 연결 등록 19/19 재연결 7회 틱 187,578 (마지막 0초전) · 감시 9 (틱수신 9 · 확정봉 1107) 보유 10 신규 0/3 (일반 0/1) 대기 0 확인중 0 진입가능=슬롯 없음 미트리거 사유: 유지 5, 전일종가하회 3, VWAP하회 1
2026-10-08 15:14:05.240 | INFO     | stock_bot.swing.live:_eod_timer:914 - 1514 WS 연결 등록 19/19 재연결 7회 틱 189,466 (마지막 0초전) · 감시 9 (틱수신 9 · 확정봉 1116) 보유 10 신규 0/3 (일반 0/1) 대기 0 확인중 0 진입가능=슬롯 없음 미트리거 사유: 유지 4, 전일종가하회 3, VWAP하회 2
2026-10-08 15:15:03.825 | INFO     | stock_bot.swing.live:_note:459 - 트리거 감지 089030 FLOW_FORGN 유지 @55,400 → 미진입: 시간후
2026-10-08 15:17:06.966 | INFO     | stock_bot.swing.live:_eod_timer:914 - 1517 WS 연결 등록 19/19 재연결 7회 틱 191,180 (마지막 1초전) · 감시 9 (틱수신 9 · 확정봉 1125) 보유 10 신규 0/3 (일반 0/1) 대기 0 확인중 0 진입가능=시간후 미트리거 사유: 유지 4, 전일종가하회 3, VWAP하회 2
2026-10-08 15:18:00.202 | INFO     | stock_bot.swing.live:_note:459 - 트리거 감지 356860 MOMENTUM 유지 @53,900 → 미진입: 시간후
2026-10-08 15:18:00.430 | INFO     | stock_bot.swing.live:_note:459 - 트리거 감지 020150 MOMENTUM 유지 @55,900 → 미진입: 시간후
2026-10-08 15:18:00.644 | INFO     | stock_bot.swing.live:_note:459 - 트리거 감지 229640 MOMENTUM 유지 @73,200 → 미진입: 시간후
2026-10-08 15:18:02.160 | INFO     | stock_bot.swing.live:eod:736 - 15:18 마감 판정 — 보유 10
2026-10-08 15:18:02.821 | INFO     | stock_bot.swing.live:eod:766 - 마감 요약: WS 연결 등록 19/19 재연결 7회 틱 191,585 (마지막 1초전) · 감시 9 (틱수신 9 · 확정봉 1132) 보유 10 신규 0/3 (일반 0/1) 대기 0 확인중 0 진입가능=시간후 미트리거 사유: 유지 4, 전일종가하회 3, VWAP하회 2
2026-10-08 15:31:00.544 | INFO     | stock_bot.swing.live:run:968 - WS 종료 1531 — WS 연결 등록 19/19 재연결 7회 틱 192,722 (마지막 30초전)
2026-10-08 15:46:02.813 | INFO     | stock_bot.live.runner:_is_trading_day:671 - 거래일 판정 2026-10-08 → 거래일 (출처: exchange_calendars)
2026-10-08 15:51:31.585 | INFO     | stock_bot.swing.collector:collect_daily:494 - collect_daily 100/2772 ok=100 fail=0 300s
2026-10-08 15:56:32.387 | INFO     | stock_bot.swing.collector:collect_daily:494 - collect_daily 200/2772 ok=200 fail=0 600s
2026-10-08 16:01:34.748 | INFO     | stock_bot.swing.collector:collect_daily:494 - collect_daily 300/2772 ok=300 fail=0 903s
2026-10-08 16:06:47.924 | INFO     | stock_bot.swing.collector:collect_daily:494 - collect_daily 400/2772 ok=400 fail=0 1216s
2026-10-08 16:11:53.643 | INFO     | stock_bot.swing.collector:collect_daily:494 - collect_daily 500/2772 ok=500 fail=0 1522s
2026-10-08 16:17:07.074 | INFO     | stock_bot.swing.collector:collect_daily:494 - collect_daily 600/2772 ok=600 fail=0 1835s
2026-10-08 16:22:16.917 | INFO     | stock_bot.swing.collector:collect_daily:494 - collect_daily 700/2772 ok=700 fail=0 2145s
2026-10-08 16:27:27.628 | INFO     | stock_bot.swing.collector:collect_daily:494 - collect_daily 800/2772 ok=800 fail=0 2456s
2026-10-08 16:33:12.122 | INFO     | stock_bot.swing.collector:collect_daily:494 - collect_daily 900/2772 ok=900 fail=0 2800s
2026-10-08 16:38:52.591 | INFO     | stock_bot.swing.collector:collect_daily:494 - collect_daily 1000/2772 ok=1000 fail=0 3141s
2026-10-08 16:43:53.419 | INFO     | stock_bot.swing.collector:collect_daily:494 - collect_daily 1100/2772 ok=1100 fail=0 3441s
2026-10-08 16:49:22.671 | INFO     | stock_bot.swing.collector:collect_daily:494 - collect_daily 1200/2772 ok=1200 fail=0 3771s
2026-10-08 16:54:22.711 | INFO     | stock_bot.swing.collector:collect_daily:494 - collect_daily 1300/2772 ok=1300 fail=0 4071s
2026-10-08 16:59:23.669 | INFO     | stock_bot.swing.collector:collect_daily:494 - collect_daily 1400/2772 ok=1400 fail=0 4372s
2026-10-08 17:04:24.470 | INFO     | stock_bot.swing.collector:collect_daily:494 - collect_daily 1500/2772 ok=1500 fail=0 4672s
2026-10-08 17:10:04.785 | INFO     | stock_bot.swing.collector:collect_daily:494 - collect_daily 1600/2772 ok=1600 fail=0 5013s
2026-10-08 17:15:05.269 | INFO     | stock_bot.swing.collector:collect_daily:494 - collect_daily 1700/2772 ok=1700 fail=0 5313s
2026-10-08 17:20:05.866 | INFO     | stock_bot.swing.collector:collect_daily:494 - collect_daily 1800/2772 ok=1800 fail=0 5614s
2026-10-08 17:25:09.165 | INFO     | stock_bot.swing.collector:collect_daily:494 - collect_daily 1900/2772 ok=1900 fail=0 5917s
2026-10-08 17:30:09.250 | INFO     | stock_bot.swing.collector:collect_daily:494 - collect_daily 2000/2772 ok=2000 fail=0 6217s
2026-10-08 17:35:10.212 | INFO     | stock_bot.swing.collector:collect_daily:494 - collect_daily 2100/2772 ok=2100 fail=0 6518s
2026-10-08 17:40:10.898 | INFO     | stock_bot.swing.collector:collect_daily:494 - collect_daily 2200/2772 ok=2200 fail=0 6819s
2026-10-08 17:45:23.294 | INFO     | stock_bot.swing.collector:collect_daily:494 - collect_daily 2300/2772 ok=2300 fail=0 7131s
2026-10-08 17:50:24.402 | INFO     | stock_bot.swing.collector:collect_daily:494 - collect_daily 2400/2772 ok=2400 fail=0 7432s
2026-10-08 17:55:49.278 | INFO     | stock_bot.swing.collector:collect_daily:494 - collect_daily 2500/2772 ok=2500 fail=0 7757s
2026-10-08 18:01:33.986 | INFO     | stock_bot.swing.collector:collect_daily:494 - collect_daily 2600/2772 ok=2600 fail=0 8102s
2026-10-08 18:06:36.248 | INFO     | stock_bot.swing.collector:collect_daily:494 - collect_daily 2700/2772 ok=2700 fail=0 8404s
2026-10-08 18:14:40.269 | INFO     | stock_bot.swing.daily_scan:scan:140 - scan 20261008: panel 2751종목, strategies=['MOMENTUM', 'FLOW_FORGN', 'GAPGO', 'VALUE_MOM', 'PULLBACK'], trend=True
2026-10-08 18:31:14.901 | INFO     | stock_bot.swing.daily_scan:run_nightly_scan:348 - scan 20261008: 신호 385건(게이트통과 22), 후보 풀 50 (풀 밖 0) → 축 하한 20 탈락 12 → 감시 10(예비 0 포함)종목
2026-10-08 18:31:14.928 | INFO     | stock_bot.swing.daily_scan:run_nightly_scan:353 - 축 채움률: setup 100% / value 100% / quality 100% / growth 100% / flow 100% / liq 100% / prog 100%
2026-10-08 18:31:14.935 | INFO     | __main__:main:107 - nightly 20261008 ok: universe=2765 | collect ok=2772 fail=0 skipped=0 | index+1 | complete=2765/2772 (100%) | signals=385 watch=10 | 9912s
