2026-09-29 08:50:57.843 | INFO     | stock_bot.live.runner:_is_trading_day:661 - 거래일 판정 2026-09-29 → 거래일 (출처: exchange_calendars)
2026-09-29 08:50:58.070 | INFO     | stock_bot.swing.live:_recover_positions:165 - 보유 복구 041830 MEANREV 100주 @57,425 손절 45,940 익절 64,316 (진입 20260916) 규칙 stop20/tp0/trail0>0/t30/ma0
2026-09-29 08:50:58.071 | INFO     | stock_bot.swing.live:_recover_positions:165 - 보유 복구 004800 VALUE_PURE 64주 @155,423 손절 124,338 익절 174,074 (진입 20260916) 규칙 stop20/tp0/trail0>0/t30/ma0
2026-09-29 08:50:58.072 | INFO     | stock_bot.swing.live:_recover_positions:165 - 보유 복구 078930 MEANREV 86주 @115,130 손절 92,104 익절 128,946 (진입 20260917) 규칙 stop20/tp0/trail0>0/t30/ma0
2026-09-29 08:50:58.073 | INFO     | stock_bot.swing.live:_recover_positions:165 - 보유 복구 001450 FLOW_FORGN 198주 @50,709 손절 40,567 익절 56,794 (진입 20260917) 규칙 stop20/tp0/trail0>0/t30/ma0
2026-09-29 08:50:58.075 | INFO     | stock_bot.swing.live:_recover_positions:165 - 보유 복구 062040 FLOW_BOTH 48주 @206,833 손절 165,466 익절 231,653 (진입 20260918) 규칙 stop20/tp0/trail0>0/t30/ma0
2026-09-29 08:50:58.075 | INFO     | stock_bot.swing.live:_recover_positions:165 - 보유 복구 051160 FLOW_FORGN 406주 @12,313 손절 9,850 익절 14,160 (진입 20260921) 규칙 stop20/tp0/trail0>0/t30/ma0
2026-09-29 08:50:58.077 | INFO     | stock_bot.swing.live:_recover_positions:165 - 보유 복구 332570 FLOW_BOTH 548주 @9,119 손절 7,295 익절 없음 (진입 20260921) 규칙 stop20/tp0/trail0>0/t30/ma0
2026-09-29 08:50:58.078 | INFO     | stock_bot.swing.live:_recover_positions:165 - 보유 복구 096530 FLOW_BOTH 144주 @34,495 손절 27,596 익절 없음 (진입 20260921) 규칙 stop20/tp0/trail0>0/t30/ma0
2026-09-29 08:50:58.078 | INFO     | stock_bot.swing.live:_recover_positions:165 - 보유 복구 024840 MOMENTUM 727주 @6,781 손절 5,425 익절 없음 (진입 20260922) 규칙 stop20/tp0/trail0>0/t30/ma0
2026-09-29 08:50:58.079 | INFO     | stock_bot.swing.live:_recover_positions:165 - 보유 복구 263860 MOMENTUM 287주 @17,400 손절 13,920 익절 없음 (진입 20260922) 규칙 stop20/tp0/trail0>0/t30/ma0
2026-09-29 08:50:58.107 | INFO     | stock_bot.swing.live:_load_watchlist:202 - 감시 리스트 20260928 적재: 후보 38 → 감시 30 (슬롯 30) 상위: 092870 79, 009155 76, 036540 75, 073240 74, 425420 72
2026-09-29 08:50:58.109 | INFO     | stock_bot.swing.live:_load_watchlist:205 - 우선 등급 8종목 (종합≥80 없음 → 순위 1~10): 009155 76, 011200 71, 425420 72, 036540 75, 073240 74, 000370 71, 144960 71, 092870 79
2026-09-29 08:50:58.147 | INFO     | stock_bot.swing.live:prepare:121 - 진입 규칙: 창 093000~151500 종합점수 하한 60 모음 창 20초 하루 상한 3 · 우선 등급 종합≥80(없으면 순위 1~10) 즉시 8종목 · 일반 등급 다음 1봉 유지 확인, 하루 1건 · 오늘 체결 0 (일반 0)
2026-09-29 08:50:58.149 | INFO     | stock_bot.swing.live:prepare:128 - 20260929 준비: 보유 10 신규감시 30 (wl=20260928) 레짐=True mult=1.0
2026-09-29 08:50:58.151 | INFO     | stock_bot.swing.live:run:807 - WS 시작 — 구독 40종목 (보유 10 감시 30) 봉 180초 저장봉 60초
2026-09-29 08:50:58.778 | INFO     | stock_bot.broker.kis_ws:_session:360 - ws 접속 ws://ops.koreainvestment.com:31000 (40종목)
2026-09-29 08:50:59.220 | INFO     | stock_bot.broker.kis_ws:_register:265 - 등록 40/40건
2026-09-29 08:53:58.983 | INFO     | stock_bot.swing.live:_eod_timer:765 - 0853 WS 연결 등록 40/40 틱 0 (마지막 없음) · 감시 30 (틱수신 0 · 확정봉 0) 보유 10 신규 0/3 (일반 0/1) 대기 0 확인중 0 진입가능=시간전 미트리거 사유: -
2026-09-29 08:56:59.050 | INFO     | stock_bot.swing.live:_eod_timer:765 - 0856 WS 연결 등록 40/40 틱 0 (마지막 없음) · 감시 30 (틱수신 0 · 확정봉 0) 보유 10 신규 0/3 (일반 0/1) 대기 0 확인중 0 진입가능=시간전 미트리거 사유: -
2026-09-29 08:59:59.113 | INFO     | stock_bot.swing.live:_eod_timer:765 - 0859 WS 연결 등록 40/40 틱 0 (마지막 없음) · 감시 30 (틱수신 0 · 확정봉 0) 보유 10 신규 0/3 (일반 0/1) 대기 0 확인중 0 진입가능=시간전 미트리거 사유: -
2026-09-29 09:00:01.286 | INFO     | stock_bot.swing.live:on_tick:239 - 첫 틱 수신 005180 @87,000 — WS 데이터 흐름 시작
2026-09-29 09:00:01.894 | WARNING  | stock_bot.broker.kis_ws:run:342 - 연결 끊김(1회차): ConnectionClosedError no close frame received or sent — 접속 유지 543초, 1초 후 재접속
2026-09-29 09:00:01.896 | WARNING  | stock_bot.swing.live:on_gap:289 - WS 끊김 — 재접속 먼저, REST 백필 40종목은 백그라운드
2026-09-29 09:00:03.694 | INFO     | stock_bot.broker.kis_ws:_session:360 - ws 접속 ws://ops.koreainvestment.com:31000 (40종목)
2026-09-29 09:00:04.085 | INFO     | stock_bot.broker.kis_ws:_register:265 - 등록 40/40건
2026-09-29 09:00:04.138 | INFO     | stock_bot.swing.live:on_tick:244 - WS 복구 — 틱 공백 2초
2026-09-29 09:02:59.166 | INFO     | stock_bot.swing.live:_eod_timer:765 - 0902 WS 연결 등록 40/40 재연결 1회 틱 4,431 (마지막 0초전) · 감시 30 (틱수신 30 · 확정봉 0) 보유 10 신규 0/3 (일반 0/1) 대기 0 확인중 0 진입가능=시간전 미트리거 사유: -
2026-09-29 09:03:00.122 | INFO     | stock_bot.swing.live:_note:445 - 트리거 감지 092870 MOMENTUM 유지 @47,850 → 미진입: 시간전
2026-09-29 09:03:00.324 | INFO     | stock_bot.swing.live:_note:445 - 트리거 감지 011070 FLOW_INST 유지 @585,000 → 미진입: 시간전
2026-09-29 09:03:00.332 | INFO     | stock_bot.swing.live:_note:445 - 트리거 감지 000990 MOMENTUM 유지 @131,800 → 미진입: 시간전
2026-09-29 09:03:00.335 | INFO     | stock_bot.swing.live:_note:445 - 트리거 감지 425420 MOMENTUM 유지 @63,400 → 미진입: 시간전
2026-09-29 09:03:00.569 | INFO     | stock_bot.swing.live:_note:445 - 트리거 감지 232140 MOMENTUM 유지 @13,930 → 미진입: 시간전
2026-09-29 09:03:01.652 | INFO     | stock_bot.swing.live:_note:445 - 트리거 감지 009155 FLOW_PULLBACK 유지 @530,000 → 미진입: 시간전
2026-09-29 09:03:47.353 | INFO     | stock_bot.swing.live:_backfill:323 - REST 백필 완료 40/40종목 (실패 0) — 틱 공백 2초 · 세션 고저 갱신
2026-09-29 09:05:59.232 | INFO     | stock_bot.swing.live:_eod_timer:765 - 0905 WS 연결 등록 40/40 재연결 1회 틱 8,690 (마지막 0초전) · 감시 30 (틱수신 30 · 확정봉 30) 보유 10 신규 0/3 (일반 0/1) 대기 0 확인중 0 진입가능=시간전 미트리거 사유: 전일종가하회 14, 저점근접 6, 유지 6, VWAP하회 3, 음봉 1
2026-09-29 09:06:01.843 | INFO     | stock_bot.swing.live:_note:445 - 트리거 감지 010950 FLOW_BOTH 유지 @163,100 → 미진입: 시간전
2026-09-29 09:06:02.033 | INFO     | stock_bot.swing.live:_note:445 - 트리거 감지 011200 FLOW_PULLBACK 유지 @21,400 → 미진입: 시간전
2026-09-29 09:08:59.306 | INFO     | stock_bot.swing.live:_eod_timer:765 - 0908 WS 연결 등록 40/40 재연결 1회 틱 12,552 (마지막 0초전) · 감시 30 (틱수신 30 · 확정봉 60) 보유 10 신규 0/3 (일반 0/1) 대기 0 확인중 0 진입가능=시간전 미트리거 사유: 전일종가하회 18, VWAP하회 5, 저점근접 4, 유지 3
2026-09-29 09:09:00.638 | INFO     | stock_bot.swing.live:_note:445 - 트리거 감지 066570 FLOW_PULLBACK 유지 @214,250 → 미진입: 시간전
2026-09-29 09:09:00.866 | INFO     | stock_bot.swing.live:_note:445 - 트리거 감지 036540 MOMENTUM 유지 @10,620 → 미진입: 시간전
2026-09-29 09:09:01.065 | INFO     | stock_bot.swing.live:_note:445 - 트리거 감지 144960 MOMENTUM 유지 @12,640 → 미진입: 시간전
2026-09-29 09:09:07.776 | INFO     | stock_bot.swing.live:_note:445 - 트리거 감지 088350 MOMENTUM 유지 @5,810 → 미진입: 시간전
2026-09-29 09:11:59.363 | INFO     | stock_bot.swing.live:_eod_timer:765 - 0911 WS 연결 등록 40/40 재연결 1회 틱 16,390 (마지막 0초전) · 감시 30 (틱수신 30 · 확정봉 90) 보유 10 신규 0/3 (일반 0/1) 대기 0 확인중 0 진입가능=시간전 미트리거 사유: 전일종가하회 18, 유지 10, VWAP하회 1, 음봉 1
2026-09-29 09:12:03.529 | INFO     | stock_bot.swing.live:_note:445 - 트리거 감지 003230 MEANREV 눌림반등 @1,219,000 → 미진입: 시간전
2026-09-29 09:12:04.184 | INFO     | stock_bot.swing.live:_note:445 - 트리거 감지 004370 FLOW_BOTH 유지 @398,000 → 미진입: 시간전
2026-09-29 09:14:59.426 | INFO     | stock_bot.swing.live:_eod_timer:765 - 0914 WS 연결 등록 40/40 재연결 1회 틱 19,775 (마지막 0초전) · 감시 30 (틱수신 30 · 확정봉 120) 보유 10 신규 0/3 (일반 0/1) 대기 0 확인중 0 진입가능=시간전 미트리거 사유: 전일종가하회 17, 유지 7, VWAP하회 4, 저점근접 1, 눌림반등 1
2026-09-29 09:15:00.361 | INFO     | stock_bot.swing.live:_note:445 - 트리거 감지 241710 MOMENTUM 유지 @127,000 → 미진입: 시간전
2026-09-29 09:17:59.481 | INFO     | stock_bot.swing.live:_eod_timer:765 - 0917 WS 연결 등록 40/40 재연결 1회 틱 23,366 (마지막 0초전) · 감시 30 (틱수신 30 · 확정봉 150) 보유 10 신규 0/3 (일반 0/1) 대기 0 확인중 0 진입가능=시간전 미트리거 사유: 전일종가하회 15, 유지 9, VWAP하회 4, 눌림반등 1, 저점근접 1
2026-09-29 09:18:01.203 | INFO     | stock_bot.swing.live:_note:445 - 트리거 감지 064760 MOMENTUM 유지 @285,000 → 미진입: 시간전
2026-09-29 09:20:59.535 | INFO     | stock_bot.swing.live:_eod_timer:765 - 0920 WS 연결 등록 40/40 재연결 1회 틱 26,814 (마지막 0초전) · 감시 30 (틱수신 30 · 확정봉 180) 보유 10 신규 0/3 (일반 0/1) 대기 0 확인중 0 진입가능=시간전 미트리거 사유: 전일종가하회 17, 유지 6, VWAP하회 5, 저점근접 1, 음봉 1
2026-09-29 09:21:04.907 | INFO     | stock_bot.swing.live:_note:445 - 트리거 감지 257720 MOMENTUM 유지 @38,950 → 미진입: 시간전
2026-09-29 09:23:59.585 | INFO     | stock_bot.swing.live:_eod_timer:765 - 0923 WS 연결 등록 40/40 재연결 1회 틱 29,783 (마지막 0초전) · 감시 30 (틱수신 30 · 확정봉 210) 보유 10 신규 0/3 (일반 0/1) 대기 0 확인중 0 진입가능=시간전 미트리거 사유: 전일종가하회 15, VWAP하회 7, 유지 7, 눌림반등 1
2026-09-29 09:24:03.590 | INFO     | stock_bot.swing.live:_note:445 - 트리거 감지 161890 FLOW_PULLBACK 유지 @148,000 → 미진입: 시간전
2026-09-29 09:24:10.660 | INFO     | stock_bot.swing.live:_note:445 - 트리거 감지 192820 MOMENTUM 유지 @271,000 → 미진입: 시간전
2026-09-29 09:26:59.640 | INFO     | stock_bot.swing.live:_eod_timer:765 - 0926 WS 연결 등록 40/40 재연결 1회 틱 32,330 (마지막 0초전) · 감시 30 (틱수신 30 · 확정봉 240) 보유 10 신규 0/3 (일반 0/1) 대기 0 확인중 0 진입가능=시간전 미트리거 사유: 전일종가하회 14, 유지 8, VWAP하회 7, 음봉 1
2026-09-29 09:29:59.708 | INFO     | stock_bot.swing.live:_eod_timer:765 - 0929 WS 연결 등록 40/40 재연결 1회 틱 34,866 (마지막 0초전) · 감시 30 (틱수신 30 · 확정봉 270) 보유 10 신규 0/3 (일반 0/1) 대기 0 확인중 0 진입가능=시간전 미트리거 사유: 전일종가하회 17, VWAP하회 7, 유지 4, 눌림반등 1, 저점근접 1
2026-09-29 09:30:00.150 | INFO     | stock_bot.swing.live:_note:445 - 트리거 감지 066570 FLOW_PULLBACK 유지 @214,000 → 미진입: 슬롯 없음
2026-09-29 09:30:00.173 | INFO     | stock_bot.swing.live:_note:445 - 트리거 감지 257720 MOMENTUM 유지 @38,650 → 미진입: 슬롯 없음
2026-09-29 09:30:00.334 | INFO     | stock_bot.swing.live:_note:445 - 트리거 감지 003230 MEANREV 눌림반등 @1,240,000 → 미진입: 슬롯 없음
2026-09-29 09:30:01.799 | INFO     | stock_bot.swing.live:_note:445 - 트리거 감지 232140 MOMENTUM 유지 @13,920 → 미진입: 슬롯 없음
2026-09-29 09:30:02.857 | INFO     | stock_bot.swing.live:_note:445 - 트리거 감지 192820 MOMENTUM 유지 @270,500 → 미진입: 슬롯 없음
2026-09-29 09:30:03.498 | INFO     | stock_bot.swing.live:_note:445 - 트리거 감지 004370 FLOW_BOTH 유지 @403,000 → 미진입: 슬롯 없음
2026-09-29 09:30:43.181 | INFO     | stock_bot.swing.live:_note:445 - 트리거 감지 009155 FLOW_PULLBACK 유지 @529,000 → 미진입: 슬롯 없음
2026-09-29 09:33:01.402 | INFO     | stock_bot.swing.live:_note:445 - 트리거 감지 036540 MOMENTUM 유지 @10,610 → 미진입: 슬롯 없음
2026-09-29 09:33:01.803 | INFO     | stock_bot.swing.live:_eod_timer:765 - 0933 WS 연결 등록 40/40 재연결 1회 틱 37,499 (마지막 0초전) · 감시 30 (틱수신 30 · 확정봉 313) 보유 10 신규 0/3 (일반 0/1) 대기 0 확인중 0 진입가능=슬롯 없음 미트리거 사유: 전일종가하회 16, VWAP하회 7, 유지 6, 눌림반등 1
2026-09-29 09:33:02.435 | INFO     | stock_bot.swing.live:_note:445 - 트리거 감지 425420 MOMENTUM 유지 @64,000 → 미진입: 슬롯 없음
2026-09-29 09:33:07.857 | INFO     | stock_bot.swing.live:_note:445 - 트리거 감지 128940 FLOW_PULLBACK 유지 @501,000 → 미진입: 슬롯 없음
2026-09-29 09:36:01.858 | INFO     | stock_bot.swing.live:_eod_timer:765 - 0936 WS 연결 등록 40/40 재연결 1회 틱 40,066 (마지막 0초전) · 감시 30 (틱수신 30 · 확정봉 340) 보유 10 신규 0/3 (일반 0/1) 대기 0 확인중 0 진입가능=슬롯 없음 미트리거 사유: 전일종가하회 16, VWAP하회 7, 유지 6, 음봉 1
2026-09-29 09:39:01.916 | INFO     | stock_bot.swing.live:_eod_timer:765 - 0939 WS 연결 등록 40/40 재연결 1회 틱 42,423 (마지막 0초전) · 감시 30 (틱수신 30 · 확정봉 368) 보유 10 신규 0/3 (일반 0/1) 대기 0 확인중 0 진입가능=슬롯 없음 미트리거 사유: 전일종가하회 18, VWAP하회 8, 유지 3, 음봉 1
2026-09-29 09:39:11.179 | INFO     | stock_bot.swing.live:_note:445 - 트리거 감지 066575 FLOW_PULLBACK 유지 @72,800 → 미진입: 슬롯 없음
2026-09-29 09:42:00.551 | INFO     | stock_bot.swing.live:_note:445 - 트리거 감지 064760 MOMENTUM 유지 @283,500 → 미진입: 슬롯 없음
2026-09-29 09:42:01.971 | INFO     | stock_bot.swing.live:_eod_timer:765 - 0942 WS 연결 등록 40/40 재연결 1회 틱 44,873 (마지막 0초전) · 감시 30 (틱수신 30 · 확정봉 398) 보유 10 신규 0/3 (일반 0/1) 대기 0 확인중 0 진입가능=슬롯 없음 미트리거 사유: 전일종가하회 16, VWAP하회 7, 유지 6, 눌림반등 1
2026-09-29 09:45:02.030 | INFO     | stock_bot.swing.live:_eod_timer:765 - 0945 WS 연결 등록 40/40 재연결 1회 틱 47,264 (마지막 0초전) · 감시 30 (틱수신 30 · 확정봉 433) 보유 10 신규 0/3 (일반 0/1) 대기 0 확인중 0 진입가능=슬롯 없음 미트리거 사유: 전일종가하회 20, VWAP하회 5, 유지 4, 눌림반등 1
2026-09-29 09:48:00.513 | INFO     | stock_bot.swing.live:_note:445 - 트리거 감지 241710 MOMENTUM 유지 @126,200 → 미진입: 슬롯 없음
2026-09-29 09:48:02.081 | INFO     | stock_bot.swing.live:_eod_timer:765 - 0948 WS 연결 등록 40/40 재연결 1회 틱 50,121 (마지막 0초전) · 감시 30 (틱수신 30 · 확정봉 465) 보유 10 신규 0/3 (일반 0/1) 대기 0 확인중 0 진입가능=슬롯 없음 미트리거 사유: 전일종가하회 19, 유지 5, VWAP하회 4, 눌림반등 1, 저점근접 1
2026-09-29 09:51:02.131 | INFO     | stock_bot.swing.live:_eod_timer:765 - 0951 WS 연결 등록 40/40 재연결 1회 틱 52,833 (마지막 0초전) · 감시 30 (틱수신 30 · 확정봉 496) 보유 10 신규 0/3 (일반 0/1) 대기 0 확인중 0 진입가능=슬롯 없음 미트리거 사유: 전일종가하회 20, 유지 5, VWAP하회 3, 눌림반등 1, 저점근접 1
2026-09-29 09:54:02.182 | INFO     | stock_bot.swing.live:_eod_timer:765 - 0954 WS 연결 등록 40/40 재연결 1회 틱 55,398 (마지막 0초전) · 감시 30 (틱수신 30 · 확정봉 523) 보유 10 신규 0/3 (일반 0/1) 대기 0 확인중 0 진입가능=슬롯 없음 미트리거 사유: 전일종가하회 20, 유지 5, VWAP하회 3, 음봉 1, 저점근접 1
2026-09-29 09:57:02.232 | INFO     | stock_bot.swing.live:_eod_timer:765 - 0957 WS 연결 등록 40/40 재연결 1회 틱 57,752 (마지막 0초전) · 감시 30 (틱수신 30 · 확정봉 547) 보유 10 신규 0/3 (일반 0/1) 대기 0 확인중 0 진입가능=슬롯 없음 미트리거 사유: 전일종가하회 21, 유지 5, VWAP하회 2, 음봉 1, 저점근접 1
2026-09-29 10:00:02.006 | WARNING  | stock_bot.broker.kis_ws:run:342 - 연결 끊김(2회차): ConnectionClosedError no close frame received or sent — 접속 유지 3599초, 1초 후 재접속
2026-09-29 10:00:02.009 | WARNING  | stock_bot.swing.live:on_gap:289 - WS 끊김 — 재접속 먼저, REST 백필 40종목은 백그라운드
2026-09-29 10:00:02.286 | INFO     | stock_bot.swing.live:_eod_timer:765 - 1000 WS 끊김 등록 40/40 재연결 2회 틱 60,029 (마지막 1초전) · 감시 30 (틱수신 30 · 확정봉 592) 보유 10 신규 0/3 (일반 0/1) 대기 0 확인중 0 진입가능=슬롯 없음 미트리거 사유: 전일종가하회 22, VWAP하회 3, 유지 3, 음봉 1, 저점근접 1
2026-09-29 10:00:04.648 | INFO     | stock_bot.broker.kis_ws:_session:360 - ws 접속 ws://ops.koreainvestment.com:31000 (40종목)
2026-09-29 10:00:04.976 | INFO     | stock_bot.swing.live:on_tick:244 - WS 복구 — 틱 공백 3초
2026-09-29 10:00:05.088 | INFO     | stock_bot.broker.kis_ws:_register:265 - 등록 40/40건
2026-09-29 10:02:34.395 | INFO     | stock_bot.swing.live:_backfill:323 - REST 백필 완료 40/40종목 (실패 0) — 틱 공백 3초 · 세션 고저 갱신
2026-09-29 10:03:01.346 | INFO     | stock_bot.swing.live:_note:445 - 트리거 감지 161890 FLOW_PULLBACK 유지 @148,400 → 미진입: 슬롯 없음
2026-09-29 10:03:02.353 | INFO     | stock_bot.swing.live:_eod_timer:765 - 1003 WS 연결 등록 40/40 재연결 2회 틱 62,455 (마지막 0초전) · 감시 30 (틱수신 30 · 확정봉 611) 보유 10 신규 0/3 (일반 0/1) 대기 0 확인중 0 진입가능=슬롯 없음 미트리거 사유: 전일종가하회 20, 유지 5, VWAP하회 4, 음봉 1
2026-09-29 10:06:02.405 | INFO     | stock_bot.swing.live:_eod_timer:765 - 1006 WS 연결 등록 40/40 재연결 2회 틱 64,512 (마지막 0초전) · 감시 30 (틱수신 30 · 확정봉 642) 보유 10 신규 0/3 (일반 0/1) 대기 0 확인중 0 진입가능=슬롯 없음 미트리거 사유: 전일종가하회 20, 유지 6, VWAP하회 2, 눌림반등 1, 저점근접 1
2026-09-29 10:09:02.462 | INFO     | stock_bot.swing.live:_eod_timer:765 - 1009 WS 연결 등록 40/40 재연결 2회 틱 66,582 (마지막 0초전) · 감시 30 (틱수신 30 · 확정봉 673) 보유 10 신규 0/3 (일반 0/1) 대기 0 확인중 0 진입가능=슬롯 없음 미트리거 사유: 전일종가하회 21, 유지 5, VWAP하회 2, 음봉 1, 저점근접 1
2026-09-29 10:12:02.519 | INFO     | stock_bot.swing.live:_eod_timer:765 - 1012 WS 연결 등록 40/40 재연결 2회 틱 68,590 (마지막 0초전) · 감시 30 (틱수신 30 · 확정봉 705) 보유 10 신규 0/3 (일반 0/1) 대기 0 확인중 0 진입가능=슬롯 없음 미트리거 사유: 전일종가하회 21, 유지 5, VWAP하회 2, 음봉 1, 저점근접 1
2026-09-29 10:15:02.579 | INFO     | stock_bot.swing.live:_eod_timer:765 - 1015 WS 연결 등록 40/40 재연결 2회 틱 70,833 (마지막 0초전) · 감시 30 (틱수신 30 · 확정봉 737) 보유 10 신규 0/3 (일반 0/1) 대기 0 확인중 0 진입가능=슬롯 없음 미트리거 사유: 전일종가하회 19, 유지 7, VWAP하회 2, 눌림반등 1, 저점근접 1
2026-09-29 10:18:02.633 | INFO     | stock_bot.swing.live:_eod_timer:765 - 1018 WS 연결 등록 40/40 재연결 2회 틱 72,828 (마지막 0초전) · 감시 30 (틱수신 30 · 확정봉 764) 보유 10 신규 0/3 (일반 0/1) 대기 0 확인중 0 진입가능=슬롯 없음 미트리거 사유: 전일종가하회 20, 유지 6, VWAP하회 3, 눌림반등 1
2026-09-29 10:21:02.692 | INFO     | stock_bot.swing.live:_eod_timer:765 - 1021 WS 연결 등록 40/40 재연결 2회 틱 74,994 (마지막 0초전) · 감시 30 (틱수신 30 · 확정봉 797) 보유 10 신규 0/3 (일반 0/1) 대기 0 확인중 0 진입가능=슬롯 없음 미트리거 사유: 전일종가하회 20, 유지 6, VWAP하회 2, 음봉 1, 저점근접 1
2026-09-29 10:24:02.752 | INFO     | stock_bot.swing.live:_eod_timer:765 - 1024 WS 연결 등록 40/40 재연결 2회 틱 77,036 (마지막 0초전) · 감시 30 (틱수신 30 · 확정봉 824) 보유 10 신규 0/3 (일반 0/1) 대기 0 확인중 0 진입가능=슬롯 없음 미트리거 사유: 전일종가하회 19, 유지 7, VWAP하회 3, 음봉 1
2026-09-29 10:24:04.910 | INFO     | stock_bot.swing.live:_note:445 - 트리거 감지 144960 MOMENTUM 유지 @12,450 → 미진입: 슬롯 없음
2026-09-29 10:27:02.806 | INFO     | stock_bot.swing.live:_eod_timer:765 - 1027 WS 연결 등록 40/40 재연결 2회 틱 79,135 (마지막 0초전) · 감시 30 (틱수신 30 · 확정봉 857) 보유 10 신규 0/3 (일반 0/1) 대기 0 확인중 0 진입가능=슬롯 없음 미트리거 사유: 전일종가하회 18, 유지 8, VWAP하회 3, 음봉 1
2026-09-29 10:30:00.915 | INFO     | stock_bot.swing.live:_note:445 - 트리거 감지 000990 MOMENTUM 유지 @133,900 → 미진입: 슬롯 없음
2026-09-29 10:30:02.160 | INFO     | stock_bot.swing.live:_note:445 - 트리거 감지 000370 MOMENTUM 유지 @7,920 → 미진입: 슬롯 없음
2026-09-29 10:30:02.880 | INFO     | stock_bot.swing.live:_eod_timer:765 - 1030 WS 연결 등록 40/40 재연결 2회 틱 81,127 (마지막 0초전) · 감시 30 (틱수신 30 · 확정봉 887) 보유 10 신규 0/3 (일반 0/1) 대기 0 확인중 0 진입가능=슬롯 없음 미트리거 사유: 전일종가하회 16, 유지 10, VWAP하회 3, 음봉 1
2026-09-29 10:33:00.859 | INFO     | stock_bot.swing.live:_note:445 - 트리거 감지 088350 MOMENTUM 유지 @5,820 → 미진입: 슬롯 없음
2026-09-29 10:33:02.935 | INFO     | stock_bot.swing.live:_eod_timer:765 - 1033 WS 연결 등록 40/40 재연결 2회 틱 83,470 (마지막 0초전) · 감시 30 (틱수신 30 · 확정봉 916) 보유 10 신규 0/3 (일반 0/1) 대기 0 확인중 0 진입가능=슬롯 없음 미트리거 사유: 전일종가하회 15, 유지 11, VWAP하회 3, 음봉 1
2026-09-29 10:36:02.998 | INFO     | stock_bot.swing.live:_eod_timer:765 - 1036 WS 연결 등록 40/40 재연결 2회 틱 85,518 (마지막 0초전) · 감시 30 (틱수신 30 · 확정봉 950) 보유 10 신규 0/3 (일반 0/1) 대기 0 확인중 0 진입가능=슬롯 없음 미트리거 사유: 전일종가하회 16, 유지 10, VWAP하회 3, 음봉 1
2026-09-29 10:39:03.060 | INFO     | stock_bot.swing.live:_eod_timer:765 - 1039 WS 연결 등록 40/40 재연결 2회 틱 87,502 (마지막 0초전) · 감시 30 (틱수신 30 · 확정봉 970) 보유 10 신규 0/3 (일반 0/1) 대기 0 확인중 0 진입가능=슬롯 없음 미트리거 사유: 전일종가하회 16, 유지 10, VWAP하회 3, 음봉 1
2026-09-29 10:42:03.114 | INFO     | stock_bot.swing.live:_eod_timer:765 - 1042 WS 연결 등록 40/40 재연결 2회 틱 89,547 (마지막 0초전) · 감시 30 (틱수신 30 · 확정봉 1008) 보유 10 신규 0/3 (일반 0/1) 대기 0 확인중 0 진입가능=슬롯 없음 미트리거 사유: 전일종가하회 15, 유지 10, VWAP하회 4, 음봉 1
2026-09-29 10:45:00.963 | INFO     | stock_bot.swing.live:_note:445 - 트리거 감지 011070 FLOW_INST 유지 @580,000 → 미진입: 슬롯 없음
2026-09-29 10:45:03.181 | INFO     | stock_bot.swing.live:_eod_timer:765 - 1045 WS 연결 등록 40/40 재연결 2회 틱 91,700 (마지막 0초전) · 감시 30 (틱수신 30 · 확정봉 1038) 보유 10 신규 0/3 (일반 0/1) 대기 0 확인중 0 진입가능=슬롯 없음 미트리거 사유: 전일종가하회 15, 유지 11, VWAP하회 3, 음봉 1
2026-09-29 10:48:03.240 | INFO     | stock_bot.swing.live:_eod_timer:765 - 1048 WS 연결 등록 40/40 재연결 2회 틱 93,868 (마지막 0초전) · 감시 30 (틱수신 30 · 확정봉 1065) 보유 10 신규 0/3 (일반 0/1) 대기 0 확인중 0 진입가능=슬롯 없음 미트리거 사유: 전일종가하회 15, 유지 11, VWAP하회 3, 음봉 1
2026-09-29 10:48:04.720 | INFO     | stock_bot.swing.live:_note:445 - 트리거 감지 092870 MOMENTUM 유지 @47,400 → 미진입: 슬롯 없음
2026-09-29 10:51:03.296 | INFO     | stock_bot.swing.live:_eod_timer:765 - 1051 WS 연결 등록 40/40 재연결 2회 틱 96,053 (마지막 0초전) · 감시 30 (틱수신 30 · 확정봉 1093) 보유 10 신규 0/3 (일반 0/1) 대기 0 확인중 0 진입가능=슬롯 없음 미트리거 사유: 전일종가하회 15, 유지 12, VWAP하회 2, 음봉 1
2026-09-29 10:54:03.361 | INFO     | stock_bot.swing.live:_eod_timer:765 - 1054 WS 연결 등록 40/40 재연결 2회 틱 98,243 (마지막 0초전) · 감시 30 (틱수신 30 · 확정봉 1128) 보유 10 신규 0/3 (일반 0/1) 대기 0 확인중 0 진입가능=슬롯 없음 미트리거 사유: 전일종가하회 14, 유지 12, VWAP하회 3, 음봉 1
2026-09-29 10:54:03.681 | INFO     | stock_bot.swing.live:_note:445 - 트리거 감지 053800 MOMENTUM 유지 @74,550 → 미진입: 슬롯 없음
2026-09-29 10:57:03.418 | INFO     | stock_bot.swing.live:_eod_timer:765 - 1057 WS 연결 등록 40/40 재연결 2회 틱 100,285 (마지막 0초전) · 감시 30 (틱수신 30 · 확정봉 1157) 보유 10 신규 0/3 (일반 0/1) 대기 0 확인중 0 진입가능=슬롯 없음 미트리거 사유: 전일종가하회 14, 유지 13, VWAP하회 2, 음봉 1
2026-09-29 11:00:02.018 | WARNING  | stock_bot.broker.kis_ws:run:342 - 연결 끊김(3회차): ConnectionClosedError no close frame received or sent — 접속 유지 3599초, 1초 후 재접속
2026-09-29 11:00:02.023 | WARNING  | stock_bot.swing.live:on_gap:289 - WS 끊김 — 재접속 먼저, REST 백필 40종목은 백그라운드
2026-09-29 11:00:05.941 | INFO     | stock_bot.broker.kis_ws:_session:360 - ws 접속 ws://ops.koreainvestment.com:31000 (40종목)
2026-09-29 11:00:05.966 | INFO     | stock_bot.swing.live:_eod_timer:765 - 1100 WS 끊김 등록 40/40 재연결 3회 틱 102,443 (마지막 4초전) · 감시 30 (틱수신 30 · 확정봉 1188) 보유 10 신규 0/3 (일반 0/1) 대기 0 확인중 0 진입가능=슬롯 없음 미트리거 사유: 전일종가하회 13, 유지 13, VWAP하회 3, 눌림반등 1
2026-09-29 11:00:06.114 | INFO     | stock_bot.swing.live:on_tick:244 - WS 복구 — 틱 공백 4초
2026-09-29 11:00:06.472 | INFO     | stock_bot.broker.kis_ws:_register:265 - 등록 40/40건
2026-09-29 11:01:33.442 | INFO     | stock_bot.swing.live:_backfill:323 - REST 백필 완료 40/40종목 (실패 0) — 틱 공백 4초 · 세션 고저 갱신
2026-09-29 11:03:06.021 | INFO     | stock_bot.swing.live:_eod_timer:765 - 1103 WS 연결 등록 40/40 재연결 3회 틱 104,657 (마지막 0초전) · 감시 30 (틱수신 30 · 확정봉 1224) 보유 10 신규 0/3 (일반 0/1) 대기 0 확인중 0 진입가능=슬롯 없음 미트리거 사유: 전일종가하회 13, 유지 13, VWAP하회 3, 음봉 1
2026-09-29 11:06:06.080 | INFO     | stock_bot.swing.live:_eod_timer:765 - 1106 WS 연결 등록 40/40 재연결 3회 틱 106,728 (마지막 0초전) · 감시 30 (틱수신 30 · 확정봉 1250) 보유 10 신규 0/3 (일반 0/1) 대기 0 확인중 0 진입가능=슬롯 없음 미트리거 사유: 유지 14, 전일종가하회 13, VWAP하회 2, 음봉 1
2026-09-29 11:09:06.131 | INFO     | stock_bot.swing.live:_eod_timer:765 - 1109 WS 연결 등록 40/40 재연결 3회 틱 108,776 (마지막 0초전) · 감시 30 (틱수신 30 · 확정봉 1282) 보유 10 신규 0/3 (일반 0/1) 대기 0 확인중 0 진입가능=슬롯 없음 미트리거 사유: 유지 15, 전일종가하회 12, VWAP하회 1, 눌림반등 1, 저점근접 1
2026-09-29 11:12:06.184 | INFO     | stock_bot.swing.live:_eod_timer:765 - 1112 WS 연결 등록 40/40 재연결 3회 틱 110,939 (마지막 0초전) · 감시 30 (틱수신 30 · 확정봉 1314) 보유 10 신규 0/3 (일반 0/1) 대기 0 확인중 0 진입가능=슬롯 없음 미트리거 사유: 유지 15, 전일종가하회 12, VWAP하회 1, 눌림반등 1, 저점근접 1
2026-09-29 11:15:06.246 | INFO     | stock_bot.swing.live:_eod_timer:765 - 1115 WS 연결 등록 40/40 재연결 3회 틱 113,036 (마지막 0초전) · 감시 30 (틱수신 30 · 확정봉 1342) 보유 10 신규 0/3 (일반 0/1) 대기 0 확인중 0 진입가능=슬롯 없음 미트리거 사유: 유지 15, 전일종가하회 12, VWAP하회 1, 눌림반등 1, 저점근접 1
2026-09-29 11:18:06.308 | INFO     | stock_bot.swing.live:_eod_timer:765 - 1118 WS 연결 등록 40/40 재연결 3회 틱 115,169 (마지막 0초전) · 감시 30 (틱수신 30 · 확정봉 1375) 보유 10 신규 0/3 (일반 0/1) 대기 0 확인중 0 진입가능=슬롯 없음 미트리거 사유: 유지 14, 전일종가하회 13, VWAP하회 1, 눌림반등 1, 저점근접 1
2026-09-29 11:21:06.662 | INFO     | stock_bot.swing.live:_eod_timer:765 - 1121 WS 연결 등록 40/40 재연결 3회 틱 117,273 (마지막 0초전) · 감시 30 (틱수신 30 · 확정봉 1403) 보유 10 신규 0/3 (일반 0/1) 대기 0 확인중 0 진입가능=슬롯 없음 미트리거 사유: 유지 14, 전일종가하회 13, VWAP하회 2, 눌림반등 1
2026-09-29 11:24:08.208 | INFO     | stock_bot.swing.live:_eod_timer:765 - 1124 WS 연결 등록 40/40 재연결 3회 틱 119,316 (마지막 0초전) · 감시 30 (틱수신 30 · 확정봉 1431) 보유 10 신규 0/3 (일반 0/1) 대기 0 확인중 0 진입가능=슬롯 없음 미트리거 사유: 유지 14, 전일종가하회 13, VWAP하회 2, 눌림반등 1
2026-09-29 11:27:08.873 | INFO     | stock_bot.swing.live:_eod_timer:765 - 1127 WS 연결 등록 40/40 재연결 3회 틱 121,355 (마지막 0초전) · 감시 30 (틱수신 30 · 확정봉 1463) 보유 10 신규 0/3 (일반 0/1) 대기 0 확인중 0 진입가능=슬롯 없음 미트리거 사유: 전일종가하회 15, 유지 12, VWAP하회 2, 음봉 1
2026-09-29 11:30:08.931 | INFO     | stock_bot.swing.live:_eod_timer:765 - 1130 WS 연결 등록 40/40 재연결 3회 틱 123,373 (마지막 0초전) · 감시 30 (틱수신 30 · 확정봉 1492) 보유 10 신규 0/3 (일반 0/1) 대기 0 확인중 0 진입가능=슬롯 없음 미트리거 사유: 유지 14, 전일종가하회 13, VWAP하회 2, 눌림반등 1
2026-09-29 11:33:08.988 | INFO     | stock_bot.swing.live:_eod_timer:765 - 1133 WS 연결 등록 40/40 재연결 3회 틱 125,471 (마지막 0초전) · 감시 30 (틱수신 30 · 확정봉 1524) 보유 10 신규 0/3 (일반 0/1) 대기 0 확인중 0 진입가능=슬롯 없음 미트리거 사유: 전일종가하회 14, 유지 14, 음봉 1, VWAP하회 1
2026-09-29 11:36:09.056 | INFO     | stock_bot.swing.live:_eod_timer:765 - 1136 WS 연결 등록 40/40 재연결 3회 틱 127,523 (마지막 0초전) · 감시 30 (틱수신 30 · 확정봉 1557) 보유 10 신규 0/3 (일반 0/1) 대기 0 확인중 0 진입가능=슬롯 없음 미트리거 사유: 전일종가하회 15, 유지 11, VWAP하회 2, 음봉 1, 저점근접 1
2026-09-29 11:39:09.114 | INFO     | stock_bot.swing.live:_eod_timer:765 - 1139 WS 연결 등록 40/40 재연결 3회 틱 129,497 (마지막 0초전) · 감시 30 (틱수신 30 · 확정봉 1585) 보유 10 신규 0/3 (일반 0/1) 대기 0 확인중 0 진입가능=슬롯 없음 미트리거 사유: 전일종가하회 14, 유지 14, 음봉 1, VWAP하회 1
2026-09-29 11:42:09.167 | INFO     | stock_bot.swing.live:_eod_timer:765 - 1142 WS 연결 등록 40/40 재연결 3회 틱 131,561 (마지막 0초전) · 감시 30 (틱수신 30 · 확정봉 1612) 보유 10 신규 0/3 (일반 0/1) 대기 0 확인중 0 진입가능=슬롯 없음 미트리거 사유: 유지 15, 전일종가하회 13, 음봉 1, 저점근접 1
2026-09-29 11:45:09.230 | INFO     | stock_bot.swing.live:_eod_timer:765 - 1145 WS 연결 등록 40/40 재연결 3회 틱 133,686 (마지막 0초전) · 감시 30 (틱수신 30 · 확정봉 1645) 보유 10 신규 0/3 (일반 0/1) 대기 0 확인중 0 진입가능=슬롯 없음 미트리거 사유: 유지 15, 전일종가하회 13, 음봉 1, VWAP하회 1
2026-09-29 11:48:09.298 | INFO     | stock_bot.swing.live:_eod_timer:765 - 1148 WS 연결 등록 40/40 재연결 3회 틱 135,666 (마지막 0초전) · 감시 30 (틱수신 30 · 확정봉 1675) 보유 10 신규 0/3 (일반 0/1) 대기 0 확인중 0 진입가능=슬롯 없음 미트리거 사유: 유지 15, 전일종가하회 13, 눌림반등 1, 저점근접 1
2026-09-29 11:51:09.352 | INFO     | stock_bot.swing.live:_eod_timer:765 - 1151 WS 연결 등록 40/40 재연결 3회 틱 137,763 (마지막 0초전) · 감시 30 (틱수신 30 · 확정봉 1705) 보유 10 신규 0/3 (일반 0/1) 대기 0 확인중 0 진입가능=슬롯 없음 미트리거 사유: 전일종가하회 14, 유지 12, VWAP하회 2, 눌림반등 1, 저점근접 1
2026-09-29 11:54:09.417 | INFO     | stock_bot.swing.live:_eod_timer:765 - 1154 WS 연결 등록 40/40 재연결 3회 틱 139,727 (마지막 0초전) · 감시 30 (틱수신 30 · 확정봉 1735) 보유 10 신규 0/3 (일반 0/1) 대기 0 확인중 0 진입가능=슬롯 없음 미트리거 사유: 전일종가하회 15, 유지 12, VWAP하회 1, 음봉 1, 저점근접 1
2026-09-29 11:57:09.505 | INFO     | stock_bot.swing.live:_eod_timer:765 - 1157 WS 연결 등록 40/40 재연결 3회 틱 141,676 (마지막 0초전) · 감시 30 (틱수신 30 · 확정봉 1766) 보유 10 신규 0/3 (일반 0/1) 대기 0 확인중 0 진입가능=슬롯 없음 미트리거 사유: 전일종가하회 15, 유지 12, VWAP하회 1, 음봉 1, 저점근접 1
2026-09-29 12:00:01.982 | WARNING  | stock_bot.broker.kis_ws:run:342 - 연결 끊김(4회차): ConnectionClosedError no close frame received or sent — 접속 유지 3599초, 1초 후 재접속
2026-09-29 12:00:01.984 | WARNING  | stock_bot.swing.live:on_gap:289 - WS 끊김 — 재접속 먼저, REST 백필 40종목은 백그라운드
2026-09-29 12:00:11.797 | INFO     | stock_bot.broker.kis_ws:_session:360 - ws 접속 ws://ops.koreainvestment.com:31000 (40종목)
2026-09-29 12:00:11.820 | INFO     | stock_bot.swing.live:_eod_timer:765 - 1200 WS 끊김 등록 40/40 재연결 4회 틱 143,587 (마지막 10초전) · 감시 30 (틱수신 30 · 확정봉 1787) 보유 10 신규 0/3 (일반 0/1) 대기 0 확인중 0 진입가능=슬롯 없음 미트리거 사유: 전일종가하회 14, 유지 13, VWAP하회 1, 음봉 1, 저점근접 1
2026-09-29 12:00:12.230 | INFO     | stock_bot.broker.kis_ws:_register:265 - 등록 40/40건
2026-09-29 12:00:12.243 | INFO     | stock_bot.swing.live:on_tick:244 - WS 복구 — 틱 공백 10초
2026-09-29 12:02:49.531 | INFO     | stock_bot.swing.live:_backfill:323 - REST 백필 완료 40/40종목 (실패 0) — 틱 공백 10초 · 세션 고저 갱신
2026-09-29 12:03:12.279 | INFO     | stock_bot.swing.live:_eod_timer:765 - 1203 WS 연결 등록 40/40 재연결 4회 틱 145,547 (마지막 0초전) · 감시 30 (틱수신 30 · 확정봉 1826) 보유 10 신규 0/3 (일반 0/1) 대기 0 확인중 0 진입가능=슬롯 없음 미트리거 사유: 전일종가하회 14, 유지 14, 음봉 1, 저점근접 1
2026-09-29 12:06:12.336 | INFO     | stock_bot.swing.live:_eod_timer:765 - 1206 WS 연결 등록 40/40 재연결 4회 틱 147,330 (마지막 0초전) · 감시 30 (틱수신 30 · 확정봉 1859) 보유 10 신규 0/3 (일반 0/1) 대기 0 확인중 0 진입가능=슬롯 없음 미트리거 사유: 전일종가하회 15, 유지 12, VWAP하회 2, 음봉 1
2026-09-29 12:09:13.563 | INFO     | stock_bot.swing.live:_eod_timer:765 - 1209 WS 연결 등록 40/40 재연결 4회 틱 149,057 (마지막 0초전) · 감시 30 (틱수신 30 · 확정봉 1885) 보유 10 신규 0/3 (일반 0/1) 대기 0 확인중 0 진입가능=슬롯 없음 미트리거 사유: 전일종가하회 15, 유지 12, 눌림반등 1, 저점근접 1, VWAP하회 1
2026-09-29 12:12:13.841 | INFO     | stock_bot.swing.live:_eod_timer:765 - 1212 WS 연결 등록 40/40 재연결 4회 틱 150,791 (마지막 0초전) · 감시 30 (틱수신 30 · 확정봉 1916) 보유 10 신규 0/3 (일반 0/1) 대기 0 확인중 0 진입가능=슬롯 없음 미트리거 사유: 전일종가하회 15, 유지 12, VWAP하회 2, 음봉 1
2026-09-29 12:15:13.911 | INFO     | stock_bot.swing.live:_eod_timer:765 - 1215 WS 연결 등록 40/40 재연결 4회 틱 152,522 (마지막 0초전) · 감시 30 (틱수신 30 · 확정봉 1944) 보유 10 신규 0/3 (일반 0/1) 대기 0 확인중 0 진입가능=슬롯 없음 미트리거 사유: 전일종가하회 15, 유지 13, 음봉 1, 저점근접 1
2026-09-29 12:18:13.964 | INFO     | stock_bot.swing.live:_eod_timer:765 - 1218 WS 연결 등록 40/40 재연결 4회 틱 154,361 (마지막 0초전) · 감시 30 (틱수신 30 · 확정봉 1979) 보유 10 신규 0/3 (일반 0/1) 대기 0 확인중 0 진입가능=슬롯 없음 미트리거 사유: 전일종가하회 15, 유지 13, 음봉 1, 저점근접 1
2026-09-29 12:21:14.015 | INFO     | stock_bot.swing.live:_eod_timer:765 - 1221 WS 연결 등록 40/40 재연결 4회 틱 156,050 (마지막 8초전) · 감시 30 (틱수신 30 · 확정봉 2000) 보유 10 신규 0/3 (일반 0/1) 대기 0 확인중 0 진입가능=슬롯 없음 미트리거 사유: 전일종가하회 15, 유지 13, 음봉 1, 저점근접 1
2026-09-29 12:24:15.699 | INFO     | stock_bot.swing.live:_eod_timer:765 - 1224 WS 연결 등록 40/40 재연결 4회 틱 157,819 (마지막 0초전) · 감시 30 (틱수신 30 · 확정봉 2038) 보유 10 신규 0/3 (일반 0/1) 대기 0 확인중 0 진입가능=슬롯 없음 미트리거 사유: 전일종가하회 15, 유지 12, VWAP하회 1, 눌림반등 1, 저점근접 1
2026-09-29 12:27:15.759 | INFO     | stock_bot.swing.live:_eod_timer:765 - 1227 WS 연결 등록 40/40 재연결 4회 틱 159,574 (마지막 0초전) · 감시 30 (틱수신 30 · 확정봉 2065) 보유 10 신규 0/3 (일반 0/1) 대기 0 확인중 0 진입가능=슬롯 없음 미트리거 사유: 전일종가하회 15, 유지 12, VWAP하회 1, 눌림반등 1, 저점근접 1
2026-09-29 12:30:16.788 | INFO     | stock_bot.swing.live:_eod_timer:765 - 1230 WS 연결 등록 40/40 재연결 4회 틱 161,313 (마지막 0초전) · 감시 30 (틱수신 30 · 확정봉 2099) 보유 10 신규 0/3 (일반 0/1) 대기 0 확인중 0 진입가능=슬롯 없음 미트리거 사유: 전일종가하회 15, 유지 12, VWAP하회 1, 음봉 1, 저점근접 1
2026-09-29 12:33:16.847 | INFO     | stock_bot.swing.live:_eod_timer:765 - 1233 WS 연결 등록 40/40 재연결 4회 틱 163,047 (마지막 0초전) · 감시 30 (틱수신 30 · 확정봉 2129) 보유 10 신규 0/3 (일반 0/1) 대기 0 확인중 0 진입가능=슬롯 없음 미트리거 사유: 전일종가하회 15, 유지 13, 음봉 1, VWAP하회 1
2026-09-29 12:36:16.906 | INFO     | stock_bot.swing.live:_eod_timer:765 - 1236 WS 연결 등록 40/40 재연결 4회 틱 164,877 (마지막 0초전) · 감시 30 (틱수신 30 · 확정봉 2154) 보유 10 신규 0/3 (일반 0/1) 대기 0 확인중 0 진입가능=슬롯 없음 미트리거 사유: 전일종가하회 15, 유지 13, 눌림반등 1, VWAP하회 1
2026-09-29 12:39:16.965 | INFO     | stock_bot.swing.live:_eod_timer:765 - 1239 WS 연결 등록 40/40 재연결 4회 틱 166,764 (마지막 0초전) · 감시 30 (틱수신 30 · 확정봉 2187) 보유 10 신규 0/3 (일반 0/1) 대기 0 확인중 0 진입가능=슬롯 없음 미트리거 사유: 전일종가하회 15, 유지 13, 눌림반등 1, VWAP하회 1
2026-09-29 12:42:18.714 | INFO     | stock_bot.swing.live:_eod_timer:765 - 1242 WS 연결 등록 40/40 재연결 4회 틱 168,692 (마지막 0초전) · 감시 30 (틱수신 30 · 확정봉 2220) 보유 10 신규 0/3 (일반 0/1) 대기 0 확인중 0 진입가능=슬롯 없음 미트리거 사유: 전일종가하회 15, 유지 13, 음봉 1, 저점근접 1
2026-09-29 12:45:18.776 | INFO     | stock_bot.swing.live:_eod_timer:765 - 1245 WS 연결 등록 40/40 재연결 4회 틱 170,602 (마지막 0초전) · 감시 30 (틱수신 30 · 확정봉 2250) 보유 10 신규 0/3 (일반 0/1) 대기 0 확인중 0 진입가능=슬롯 없음 미트리거 사유: 전일종가하회 15, 유지 13, 음봉 1, VWAP하회 1
2026-09-29 12:48:18.834 | INFO     | stock_bot.swing.live:_eod_timer:765 - 1248 WS 연결 등록 40/40 재연결 4회 틱 172,477 (마지막 0초전) · 감시 30 (틱수신 30 · 확정봉 2278) 보유 10 신규 0/3 (일반 0/1) 대기 0 확인중 0 진입가능=슬롯 없음 미트리거 사유: 전일종가하회 15, 유지 11, VWAP하회 3, 음봉 1
2026-09-29 12:51:18.890 | INFO     | stock_bot.swing.live:_eod_timer:765 - 1251 WS 연결 등록 40/40 재연결 4회 틱 174,250 (마지막 0초전) · 감시 30 (틱수신 30 · 확정봉 2306) 보유 10 신규 0/3 (일반 0/1) 대기 0 확인중 0 진입가능=슬롯 없음 미트리거 사유: 전일종가하회 15, 유지 11, VWAP하회 3, 음봉 1
2026-09-29 12:54:19.070 | INFO     | stock_bot.swing.live:_eod_timer:765 - 1254 WS 연결 등록 40/40 재연결 4회 틱 176,037 (마지막 0초전) · 감시 30 (틱수신 30 · 확정봉 2337) 보유 10 신규 0/3 (일반 0/1) 대기 0 확인중 0 진입가능=슬롯 없음 미트리거 사유: 전일종가하회 15, 유지 12, VWAP하회 2, 눌림반등 1
2026-09-29 12:57:19.140 | INFO     | stock_bot.swing.live:_eod_timer:765 - 1257 WS 연결 등록 40/40 재연결 4회 틱 177,813 (마지막 0초전) · 감시 30 (틱수신 30 · 확정봉 2368) 보유 10 신규 0/3 (일반 0/1) 대기 0 확인중 0 진입가능=슬롯 없음 미트리거 사유: 전일종가하회 15, 유지 11, VWAP하회 3, 음봉 1
2026-09-29 13:00:01.991 | WARNING  | stock_bot.broker.kis_ws:run:342 - 연결 끊김(5회차): ConnectionClosedError no close frame received or sent — 접속 유지 3599초, 1초 후 재접속
2026-09-29 13:00:01.995 | WARNING  | stock_bot.swing.live:on_gap:289 - WS 끊김 — 재접속 먼저, REST 백필 40종목은 백그라운드
2026-09-29 13:00:07.609 | INFO     | stock_bot.broker.kis_ws:_session:360 - ws 접속 ws://ops.koreainvestment.com:31000 (40종목)
2026-09-29 13:00:07.997 | INFO     | stock_bot.broker.kis_ws:_register:265 - 등록 40/40건
2026-09-29 13:00:08.092 | INFO     | stock_bot.swing.live:on_tick:244 - WS 복구 — 틱 공백 6초
2026-09-29 13:00:22.638 | INFO     | stock_bot.swing.live:_eod_timer:765 - 1300 WS 연결 등록 40/40 재연결 5회 틱 179,774 (마지막 0초전) · 감시 30 (틱수신 30 · 확정봉 2399) 보유 10 신규 0/3 (일반 0/1) 대기 0 확인중 0 진입가능=슬롯 없음 미트리거 사유: 전일종가하회 16, 유지 11, VWAP하회 2, 눌림반등 1
2026-09-29 13:03:05.958 | INFO     | stock_bot.swing.live:_backfill:323 - REST 백필 완료 40/40종목 (실패 0) — 틱 공백 6초 · 세션 고저 갱신
2026-09-29 13:03:25.069 | INFO     | stock_bot.swing.live:_eod_timer:765 - 1303 WS 연결 등록 40/40 재연결 5회 틱 181,746 (마지막 0초전) · 감시 30 (틱수신 30 · 확정봉 2430) 보유 10 신규 0/3 (일반 0/1) 대기 0 확인중 0 진입가능=슬롯 없음 미트리거 사유: 전일종가하회 16, 유지 9, VWAP하회 3, 음봉 1, 저점근접 1
2026-09-29 13:06:25.120 | INFO     | stock_bot.swing.live:_eod_timer:765 - 1306 WS 연결 등록 40/40 재연결 5회 틱 183,807 (마지막 0초전) · 감시 30 (틱수신 30 · 확정봉 2458) 보유 10 신규 0/3 (일반 0/1) 대기 0 확인중 0 진입가능=슬롯 없음 미트리거 사유: 전일종가하회 16, 유지 10, VWAP하회 2, 음봉 1, 저점근접 1
2026-09-29 13:09:25.172 | INFO     | stock_bot.swing.live:_eod_timer:765 - 1309 WS 연결 등록 40/40 재연결 5회 틱 185,711 (마지막 0초전) · 감시 30 (틱수신 30 · 확정봉 2490) 보유 10 신규 0/3 (일반 0/1) 대기 0 확인중 0 진입가능=슬롯 없음 미트리거 사유: 전일종가하회 16, 유지 10, VWAP하회 3, 눌림반등 1
2026-09-29 13:12:25.222 | INFO     | stock_bot.swing.live:_eod_timer:765 - 1312 WS 연결 등록 40/40 재연결 5회 틱 187,656 (마지막 0초전) · 감시 30 (틱수신 30 · 확정봉 2520) 보유 10 신규 0/3 (일반 0/1) 대기 0 확인중 0 진입가능=슬롯 없음 미트리거 사유: 전일종가하회 16, 유지 10, VWAP하회 3, 눌림반등 1
2026-09-29 13:15:25.277 | INFO     | stock_bot.swing.live:_eod_timer:765 - 1315 WS 연결 등록 40/40 재연결 5회 틱 189,632 (마지막 0초전) · 감시 30 (틱수신 30 · 확정봉 2548) 보유 10 신규 0/3 (일반 0/1) 대기 0 확인중 0 진입가능=슬롯 없음 미트리거 사유: 전일종가하회 16, 유지 10, VWAP하회 3, 음봉 1
2026-09-29 13:18:25.421 | INFO     | stock_bot.swing.live:_eod_timer:765 - 1318 WS 연결 등록 40/40 재연결 5회 틱 191,878 (마지막 0초전) · 감시 30 (틱수신 30 · 확정봉 2579) 보유 10 신규 0/3 (일반 0/1) 대기 0 확인중 0 진입가능=슬롯 없음 미트리거 사유: 전일종가하회 16, 유지 9, VWAP하회 4, 음봉 1
2026-09-29 13:21:25.476 | INFO     | stock_bot.swing.live:_eod_timer:765 - 1321 WS 연결 등록 40/40 재연결 5회 틱 194,197 (마지막 0초전) · 감시 30 (틱수신 30 · 확정봉 2609) 보유 10 신규 0/3 (일반 0/1) 대기 0 확인중 0 진입가능=슬롯 없음 미트리거 사유: 전일종가하회 15, 유지 10, VWAP하회 4, 음봉 1
2026-09-29 13:24:25.529 | INFO     | stock_bot.swing.live:_eod_timer:765 - 1324 WS 연결 등록 40/40 재연결 5회 틱 196,233 (마지막 0초전) · 감시 30 (틱수신 30 · 확정봉 2640) 보유 10 신규 0/3 (일반 0/1) 대기 0 확인중 0 진입가능=슬롯 없음 미트리거 사유: 전일종가하회 14, 유지 12, VWAP하회 3, 음봉 1
2026-09-29 13:27:25.581 | INFO     | stock_bot.swing.live:_eod_timer:765 - 1327 WS 연결 등록 40/40 재연결 5회 틱 198,310 (마지막 0초전) · 감시 30 (틱수신 30 · 확정봉 2669) 보유 10 신규 0/3 (일반 0/1) 대기 0 확인중 0 진입가능=슬롯 없음 미트리거 사유: 전일종가하회 14, 유지 12, VWAP하회 3, 눌림반등 1
2026-09-29 13:30:25.634 | INFO     | stock_bot.swing.live:_eod_timer:765 - 1330 WS 연결 등록 40/40 재연결 5회 틱 200,438 (마지막 0초전) · 감시 30 (틱수신 30 · 확정봉 2698) 보유 10 신규 0/3 (일반 0/1) 대기 0 확인중 0 진입가능=슬롯 없음 미트리거 사유: 전일종가하회 14, 유지 14, 음봉 1, VWAP하회 1
2026-09-29 13:33:25.684 | INFO     | stock_bot.swing.live:_eod_timer:765 - 1333 WS 연결 등록 40/40 재연결 5회 틱 202,671 (마지막 0초전) · 감시 30 (틱수신 30 · 확정봉 2730) 보유 10 신규 0/3 (일반 0/1) 대기 0 확인중 0 진입가능=슬롯 없음 미트리거 사유: 전일종가하회 14, 유지 13, VWAP하회 2, 눌림반등 1
2026-09-29 13:36:25.736 | INFO     | stock_bot.swing.live:_eod_timer:765 - 1336 WS 연결 등록 40/40 재연결 5회 틱 204,747 (마지막 0초전) · 감시 30 (틱수신 30 · 확정봉 2760) 보유 10 신규 0/3 (일반 0/1) 대기 0 확인중 0 진입가능=슬롯 없음 미트리거 사유: 전일종가하회 15, 유지 12, VWAP하회 2, 음봉 1
2026-09-29 13:39:25.789 | INFO     | stock_bot.swing.live:_eod_timer:765 - 1339 WS 연결 등록 40/40 재연결 5회 틱 207,060 (마지막 0초전) · 감시 30 (틱수신 30 · 확정봉 2789) 보유 10 신규 0/3 (일반 0/1) 대기 0 확인중 0 진입가능=슬롯 없음 미트리거 사유: 전일종가하회 15, 유지 13, 음봉 1, VWAP하회 1
2026-09-29 13:42:25.847 | INFO     | stock_bot.swing.live:_eod_timer:765 - 1342 WS 연결 등록 40/40 재연결 5회 틱 209,324 (마지막 0초전) · 감시 30 (틱수신 30 · 확정봉 2819) 보유 10 신규 0/3 (일반 0/1) 대기 0 확인중 0 진입가능=슬롯 없음 미트리거 사유: 전일종가하회 15, 유지 13, 음봉 1, VWAP하회 1
2026-09-29 13:45:25.899 | INFO     | stock_bot.swing.live:_eod_timer:765 - 1345 WS 연결 등록 40/40 재연결 5회 틱 211,623 (마지막 0초전) · 감시 30 (틱수신 30 · 확정봉 2849) 보유 10 신규 0/3 (일반 0/1) 대기 0 확인중 0 진입가능=슬롯 없음 미트리거 사유: 전일종가하회 15, 유지 14, 눌림반등 1
2026-09-29 13:48:25.950 | INFO     | stock_bot.swing.live:_eod_timer:765 - 1348 WS 연결 등록 40/40 재연결 5회 틱 213,878 (마지막 0초전) · 감시 30 (틱수신 30 · 확정봉 2879) 보유 10 신규 0/3 (일반 0/1) 대기 0 확인중 0 진입가능=슬롯 없음 미트리거 사유: 전일종가하회 15, 유지 13, 음봉 1, VWAP하회 1
2026-09-29 13:51:26.000 | INFO     | stock_bot.swing.live:_eod_timer:765 - 1351 WS 연결 등록 40/40 재연결 5회 틱 216,082 (마지막 0초전) · 감시 30 (틱수신 30 · 확정봉 2910) 보유 10 신규 0/3 (일반 0/1) 대기 0 확인중 0 진입가능=슬롯 없음 미트리거 사유: 전일종가하회 15, 유지 13, 눌림반등 1, VWAP하회 1
2026-09-29 13:54:26.056 | INFO     | stock_bot.swing.live:_eod_timer:765 - 1354 WS 연결 등록 40/40 재연결 5회 틱 218,343 (마지막 0초전) · 감시 30 (틱수신 30 · 확정봉 2939) 보유 10 신규 0/3 (일반 0/1) 대기 0 확인중 0 진입가능=슬롯 없음 미트리거 사유: 전일종가하회 15, 유지 13, 음봉 1, VWAP하회 1
2026-09-29 13:57:26.107 | INFO     | stock_bot.swing.live:_eod_timer:765 - 1357 WS 연결 등록 40/40 재연결 5회 틱 220,654 (마지막 0초전) · 감시 30 (틱수신 30 · 확정봉 2969) 보유 10 신규 0/3 (일반 0/1) 대기 0 확인중 0 진입가능=슬롯 없음 미트리거 사유: 전일종가하회 15, 유지 13, 음봉 1, VWAP하회 1
2026-09-29 14:00:01.983 | WARNING  | stock_bot.broker.kis_ws:run:342 - 연결 끊김(6회차): ConnectionClosedError no close frame received or sent — 접속 유지 3599초, 1초 후 재접속
2026-09-29 14:00:01.984 | WARNING  | stock_bot.swing.live:on_gap:289 - WS 끊김 — 재접속 먼저, REST 백필 40종목은 백그라운드
2026-09-29 14:00:10.642 | INFO     | stock_bot.broker.kis_ws:_session:360 - ws 접속 ws://ops.koreainvestment.com:31000 (40종목)
2026-09-29 14:00:10.891 | INFO     | stock_bot.swing.live:on_tick:244 - WS 복구 — 틱 공백 9초
2026-09-29 14:00:11.094 | INFO     | stock_bot.broker.kis_ws:_register:265 - 등록 40/40건
2026-09-29 14:00:30.662 | INFO     | stock_bot.swing.live:_eod_timer:765 - 1400 WS 연결 등록 40/40 재연결 6회 틱 222,936 (마지막 0초전) · 감시 30 (틱수신 30 · 확정봉 3000) 보유 10 신규 0/3 (일반 0/1) 대기 0 확인중 0 진입가능=슬롯 없음 미트리거 사유: 전일종가하회 15, 유지 14, 음봉 1
2026-09-29 14:03:02.629 | INFO     | stock_bot.swing.live:_backfill:323 - REST 백필 완료 40/40종목 (실패 0) — 틱 공백 9초 · 세션 고저 갱신
2026-09-29 14:03:30.947 | INFO     | stock_bot.swing.live:_eod_timer:765 - 1403 WS 연결 등록 40/40 재연결 6회 틱 225,454 (마지막 0초전) · 감시 30 (틱수신 30 · 확정봉 3029) 보유 10 신규 0/3 (일반 0/1) 대기 0 확인중 0 진입가능=슬롯 없음 미트리거 사유: 전일종가하회 15, 유지 14, 눌림반등 1
2026-09-29 14:06:31.001 | INFO     | stock_bot.swing.live:_eod_timer:765 - 1406 WS 연결 등록 40/40 재연결 6회 틱 227,897 (마지막 0초전) · 감시 30 (틱수신 30 · 확정봉 3060) 보유 10 신규 0/3 (일반 0/1) 대기 0 확인중 0 진입가능=슬롯 없음 미트리거 사유: 전일종가하회 15, 유지 13, 눌림반등 1, VWAP하회 1
2026-09-29 14:09:31.061 | INFO     | stock_bot.swing.live:_eod_timer:765 - 1409 WS 연결 등록 40/40 재연결 6회 틱 230,606 (마지막 0초전) · 감시 30 (틱수신 30 · 확정봉 3090) 보유 10 신규 0/3 (일반 0/1) 대기 0 확인중 0 진입가능=슬롯 없음 미트리거 사유: 전일종가하회 15, 유지 13, 음봉 1, VWAP하회 1
2026-09-29 14:12:31.115 | INFO     | stock_bot.swing.live:_eod_timer:765 - 1412 WS 연결 등록 40/40 재연결 6회 틱 233,532 (마지막 0초전) · 감시 30 (틱수신 30 · 확정봉 3120) 보유 10 신규 0/3 (일반 0/1) 대기 0 확인중 0 진입가능=슬롯 없음 미트리거 사유: 전일종가하회 15, 유지 14, 눌림반등 1
2026-09-29 14:15:31.164 | INFO     | stock_bot.swing.live:_eod_timer:765 - 1415 WS 연결 등록 40/40 재연결 6회 틱 236,308 (마지막 0초전) · 감시 30 (틱수신 30 · 확정봉 3150) 보유 10 신규 0/3 (일반 0/1) 대기 0 확인중 0 진입가능=슬롯 없음 미트리거 사유: 전일종가하회 15, 유지 14, 음봉 1
2026-09-29 14:18:31.220 | INFO     | stock_bot.swing.live:_eod_timer:765 - 1418 WS 연결 등록 40/40 재연결 6회 틱 239,147 (마지막 0초전) · 감시 30 (틱수신 30 · 확정봉 3180) 보유 10 신규 0/3 (일반 0/1) 대기 0 확인중 0 진입가능=슬롯 없음 미트리거 사유: 유지 15, 전일종가하회 14, 눌림반등 1
2026-09-29 14:21:31.272 | INFO     | stock_bot.swing.live:_eod_timer:765 - 1421 WS 연결 등록 40/40 재연결 6회 틱 242,212 (마지막 0초전) · 감시 30 (틱수신 30 · 확정봉 3210) 보유 10 신규 0/3 (일반 0/1) 대기 0 확인중 0 진입가능=슬롯 없음 미트리거 사유: 전일종가하회 15, 유지 14, 음봉 1
2026-09-29 14:24:31.330 | INFO     | stock_bot.swing.live:_eod_timer:765 - 1424 WS 연결 등록 40/40 재연결 6회 틱 245,098 (마지막 0초전) · 감시 30 (틱수신 30 · 확정봉 3240) 보유 10 신규 0/3 (일반 0/1) 대기 0 확인중 0 진입가능=슬롯 없음 미트리거 사유: 전일종가하회 15, 유지 14, 음봉 1
2026-09-29 14:27:31.383 | INFO     | stock_bot.swing.live:_eod_timer:765 - 1427 WS 연결 등록 40/40 재연결 6회 틱 248,229 (마지막 0초전) · 감시 30 (틱수신 30 · 확정봉 3270) 보유 10 신규 0/3 (일반 0/1) 대기 0 확인중 0 진입가능=슬롯 없음 미트리거 사유: 전일종가하회 15, 유지 14, 음봉 1
2026-09-29 14:30:31.437 | INFO     | stock_bot.swing.live:_eod_timer:765 - 1430 WS 연결 등록 40/40 재연결 6회 틱 251,274 (마지막 0초전) · 감시 30 (틱수신 30 · 확정봉 3300) 보유 10 신규 0/3 (일반 0/1) 대기 0 확인중 0 진입가능=슬롯 없음 미트리거 사유: 전일종가하회 15, 유지 14, 음봉 1
2026-09-29 14:33:31.527 | INFO     | stock_bot.swing.live:_eod_timer:765 - 1433 WS 연결 등록 40/40 재연결 6회 틱 254,368 (마지막 0초전) · 감시 30 (틱수신 30 · 확정봉 3330) 보유 10 신규 0/3 (일반 0/1) 대기 0 확인중 0 진입가능=슬롯 없음 미트리거 사유: 전일종가하회 15, 유지 14, 음봉 1
2026-09-29 14:36:31.587 | INFO     | stock_bot.swing.live:_eod_timer:765 - 1436 WS 연결 등록 40/40 재연결 6회 틱 257,543 (마지막 0초전) · 감시 30 (틱수신 30 · 확정봉 3360) 보유 10 신규 0/3 (일반 0/1) 대기 0 확인중 0 진입가능=슬롯 없음 미트리거 사유: 전일종가하회 15, 유지 12, VWAP하회 2, 음봉 1
2026-09-29 14:39:31.657 | INFO     | stock_bot.swing.live:_eod_timer:765 - 1439 WS 연결 등록 40/40 재연결 6회 틱 260,657 (마지막 0초전) · 감시 30 (틱수신 30 · 확정봉 3389) 보유 10 신규 0/3 (일반 0/1) 대기 0 확인중 0 진입가능=슬롯 없음 미트리거 사유: 전일종가하회 15, 유지 12, VWAP하회 2, 음봉 1
2026-09-29 14:42:31.778 | INFO     | stock_bot.swing.live:_eod_timer:765 - 1442 WS 연결 등록 40/40 재연결 6회 틱 263,832 (마지막 0초전) · 감시 30 (틱수신 30 · 확정봉 3420) 보유 10 신규 0/3 (일반 0/1) 대기 0 확인중 0 진입가능=슬롯 없음 미트리거 사유: 전일종가하회 15, 유지 12, VWAP하회 2, 눌림반등 1
2026-09-29 14:45:31.896 | INFO     | stock_bot.swing.live:_eod_timer:765 - 1445 WS 연결 등록 40/40 재연결 6회 틱 266,988 (마지막 0초전) · 감시 30 (틱수신 30 · 확정봉 3450) 보유 10 신규 0/3 (일반 0/1) 대기 0 확인중 0 진입가능=슬롯 없음 미트리거 사유: 전일종가하회 15, 유지 14, 눌림반등 1
2026-09-29 14:48:31.996 | INFO     | stock_bot.swing.live:_eod_timer:765 - 1448 WS 연결 등록 40/40 재연결 6회 틱 270,182 (마지막 0초전) · 감시 30 (틱수신 30 · 확정봉 3480) 보유 10 신규 0/3 (일반 0/1) 대기 0 확인중 0 진입가능=슬롯 없음 미트리거 사유: 전일종가하회 15, 유지 13, 눌림반등 1, VWAP하회 1
2026-09-29 14:51:32.457 | INFO     | stock_bot.swing.live:_eod_timer:765 - 1451 WS 연결 등록 40/40 재연결 6회 틱 273,481 (마지막 0초전) · 감시 30 (틱수신 30 · 확정봉 3510) 보유 10 신규 0/3 (일반 0/1) 대기 0 확인중 0 진입가능=슬롯 없음 미트리거 사유: 전일종가하회 15, 유지 14, 음봉 1
2026-09-29 14:54:32.519 | INFO     | stock_bot.swing.live:_eod_timer:765 - 1454 WS 연결 등록 40/40 재연결 6회 틱 276,878 (마지막 0초전) · 감시 30 (틱수신 30 · 확정봉 3540) 보유 10 신규 0/3 (일반 0/1) 대기 0 확인중 0 진입가능=슬롯 없음 미트리거 사유: 전일종가하회 15, 유지 14, 눌림반등 1
2026-09-29 14:57:02.179 | INFO     | stock_bot.swing.live:_note:445 - 트리거 감지 073240 MOMENTUM 유지 @6,840 → 미진입: 슬롯 없음
2026-09-29 14:57:32.596 | INFO     | stock_bot.swing.live:_eod_timer:765 - 1457 WS 연결 등록 40/40 재연결 6회 틱 280,382 (마지막 0초전) · 감시 30 (틱수신 30 · 확정봉 3570) 보유 10 신규 0/3 (일반 0/1) 대기 0 확인중 0 진입가능=슬롯 없음 미트리거 사유: 유지 15, 전일종가하회 14, 음봉 1
2026-09-29 15:00:03.424 | WARNING  | stock_bot.broker.kis_ws:run:342 - 연결 끊김(7회차): ConnectionClosedError no close frame received or sent — 접속 유지 3600초, 1초 후 재접속
2026-09-29 15:00:03.428 | WARNING  | stock_bot.swing.live:on_gap:289 - WS 끊김 — 재접속 먼저, REST 백필 40종목은 백그라운드
2026-09-29 15:00:05.414 | INFO     | stock_bot.broker.kis_ws:_session:360 - ws 접속 ws://ops.koreainvestment.com:31000 (40종목)
2026-09-29 15:00:05.751 | INFO     | stock_bot.swing.live:on_tick:244 - WS 복구 — 틱 공백 2초
2026-09-29 15:00:06.006 | INFO     | stock_bot.broker.kis_ws:_register:265 - 등록 40/40건
2026-09-29 15:00:33.401 | INFO     | stock_bot.swing.live:_eod_timer:765 - 1500 WS 연결 등록 40/40 재연결 7회 틱 283,844 (마지막 0초전) · 감시 30 (틱수신 30 · 확정봉 3600) 보유 10 신규 0/3 (일반 0/1) 대기 0 확인중 0 진입가능=슬롯 없음 미트리거 사유: 유지 15, 전일종가하회 14, 눌림반등 1
2026-09-29 15:02:47.907 | INFO     | stock_bot.swing.live:_backfill:323 - REST 백필 완료 40/40종목 (실패 0) — 틱 공백 2초 · 세션 고저 갱신
2026-09-29 15:03:35.673 | INFO     | stock_bot.swing.live:_eod_timer:765 - 1503 WS 연결 등록 40/40 재연결 7회 틱 286,717 (마지막 0초전) · 감시 30 (틱수신 30 · 확정봉 3630) 보유 10 신규 0/3 (일반 0/1) 대기 0 확인중 0 진입가능=슬롯 없음 미트리거 사유: 전일종가하회 15, 유지 14, 눌림반등 1
2026-09-29 15:06:36.709 | INFO     | stock_bot.swing.live:_eod_timer:765 - 1506 WS 연결 등록 40/40 재연결 7회 틱 289,653 (마지막 0초전) · 감시 30 (틱수신 30 · 확정봉 3660) 보유 10 신규 0/3 (일반 0/1) 대기 0 확인중 0 진입가능=슬롯 없음 미트리거 사유: 유지 15, 전일종가하회 14, 음봉 1
2026-09-29 15:09:36.773 | INFO     | stock_bot.swing.live:_eod_timer:765 - 1509 WS 연결 등록 40/40 재연결 7회 틱 292,637 (마지막 0초전) · 감시 30 (틱수신 30 · 확정봉 3690) 보유 10 신규 0/3 (일반 0/1) 대기 0 확인중 0 진입가능=슬롯 없음 미트리거 사유: 유지 15, 전일종가하회 14, 음봉 1
2026-09-29 15:12:37.797 | INFO     | stock_bot.swing.live:_eod_timer:765 - 1512 WS 연결 등록 40/40 재연결 7회 틱 295,816 (마지막 0초전) · 감시 30 (틱수신 30 · 확정봉 3720) 보유 10 신규 0/3 (일반 0/1) 대기 0 확인중 0 진입가능=슬롯 없음 미트리거 사유: 유지 17, 전일종가하회 12, 눌림반등 1
2026-09-29 15:15:01.014 | INFO     | stock_bot.swing.live:_note:445 - 트리거 감지 088350 MOMENTUM 유지 @5,810 → 미진입: 시간후
2026-09-29 15:15:01.215 | INFO     | stock_bot.swing.live:_note:445 - 트리거 감지 144960 MOMENTUM 유지 @12,990 → 미진입: 시간후
2026-09-29 15:15:01.223 | INFO     | stock_bot.swing.live:_note:445 - 트리거 감지 073240 MOMENTUM 유지 @6,850 → 미진입: 시간후
2026-09-29 15:15:01.229 | INFO     | stock_bot.swing.live:_note:445 - 트리거 감지 066575 FLOW_PULLBACK 유지 @73,800 → 미진입: 시간후
2026-09-29 15:15:01.242 | INFO     | stock_bot.swing.live:_note:445 - 트리거 감지 003230 MEANREV 눌림반등 @1,223,000 → 미진입: 시간후
2026-09-29 15:15:02.057 | INFO     | stock_bot.swing.live:_note:445 - 트리거 감지 053800 MOMENTUM 유지 @76,600 → 미진입: 시간후
2026-09-29 15:15:02.679 | INFO     | stock_bot.swing.live:_note:445 - 트리거 감지 064760 MOMENTUM 유지 @299,500 → 미진입: 시간후
2026-09-29 15:15:06.642 | INFO     | stock_bot.swing.live:_note:445 - 트리거 감지 128940 FLOW_PULLBACK 유지 @508,000 → 미진입: 시간후
2026-09-29 15:15:10.364 | INFO     | stock_bot.swing.live:_note:445 - 트리거 감지 192820 MOMENTUM 유지 @277,500 → 미진입: 시간후
2026-09-29 15:15:13.668 | INFO     | stock_bot.swing.live:_note:445 - 트리거 감지 004370 FLOW_BOTH 유지 @411,000 → 미진입: 시간후
2026-09-29 15:15:37.858 | INFO     | stock_bot.swing.live:_eod_timer:765 - 1515 WS 연결 등록 40/40 재연결 7회 틱 298,991 (마지막 0초전) · 감시 30 (틱수신 30 · 확정봉 3750) 보유 10 신규 0/3 (일반 0/1) 대기 0 확인중 0 진입가능=시간후 미트리거 사유: 유지 18, 전일종가하회 11, 눌림반등 1
2026-09-29 15:18:00.154 | INFO     | stock_bot.swing.live:_note:445 - 트리거 감지 241710 MOMENTUM 유지 @130,000 → 미진입: 시간후
2026-09-29 15:18:00.369 | INFO     | stock_bot.swing.live:_note:445 - 트리거 감지 000990 MOMENTUM 유지 @139,500 → 미진입: 시간후
2026-09-29 15:18:00.555 | INFO     | stock_bot.swing.live:_note:445 - 트리거 감지 161890 FLOW_PULLBACK 유지 @149,900 → 미진입: 시간후
2026-09-29 15:18:00.575 | INFO     | stock_bot.swing.live:_note:445 - 트리거 감지 092870 MOMENTUM 유지 @48,100 → 미진입: 시간후
2026-09-29 15:18:00.781 | INFO     | stock_bot.swing.live:_note:445 - 트리거 감지 009155 FLOW_PULLBACK 유지 @531,000 → 미진입: 시간후
2026-09-29 15:18:00.998 | INFO     | stock_bot.swing.live:_note:445 - 트리거 감지 011070 FLOW_INST 유지 @585,000 → 미진입: 시간후
2026-09-29 15:18:02.459 | INFO     | stock_bot.swing.live:_note:445 - 트리거 감지 232140 MOMENTUM 유지 @14,200 → 미진입: 시간후
2026-09-29 15:18:37.918 | INFO     | stock_bot.swing.live:_eod_timer:765 - 1518 WS 연결 등록 40/40 재연결 7회 틱 301,885 (마지막 0초전) · 감시 30 (틱수신 30 · 확정봉 3780) 보유 10 신규 0/3 (일반 0/1) 대기 0 확인중 0 진입가능=시간후 미트리거 사유: 유지 15, 전일종가하회 14, 음봉 1
2026-09-29 15:20:02.945 | INFO     | stock_bot.swing.live:eod:673 - 15:20 마감 판정 — 보유 10
2026-09-29 15:20:17.030 | INFO     | stock_bot.swing.live:eod:703 - 마감 요약: WS 연결 등록 40/40 재연결 7회 틱 303,672 (마지막 17초전) · 감시 30 (틱수신 30 · 확정봉 3780) 보유 10 신규 0/3 (일반 0/1) 대기 0 확인중 0 진입가능=시간후 미트리거 사유: 유지 15, 전일종가하회 14, 음봉 1
2026-09-29 15:30:15.155 | INFO     | stock_bot.swing.live:_note:445 - 트리거 감지 425420 MOMENTUM 유지 @63,400 → 미진입: 시간후
2026-09-29 15:31:01.467 | INFO     | stock_bot.swing.live:_note:445 - 트리거 감지 036540 MOMENTUM 유지 @10,550 → 미진입: 시간후
2026-09-29 15:31:01.509 | INFO     | stock_bot.swing.live:run:819 - WS 종료 1531 — WS 연결 등록 40/40 재연결 7회 틱 303,712 (마지막 31초전)
2026-09-29 15:46:05.956 | INFO     | stock_bot.live.runner:_is_trading_day:661 - 거래일 판정 2026-09-29 → 거래일 (출처: exchange_calendars)
2026-09-29 15:52:51.945 | INFO     | stock_bot.swing.collector:collect_daily:494 - collect_daily 100/2770 ok=100 fail=0 379s
2026-09-29 15:59:00.655 | INFO     | stock_bot.swing.collector:collect_daily:494 - collect_daily 200/2770 ok=200 fail=0 747s
2026-09-29 16:07:16.959 | INFO     | stock_bot.swing.collector:collect_daily:494 - collect_daily 300/2770 ok=300 fail=0 1244s
2026-09-29 16:13:32.846 | INFO     | stock_bot.swing.collector:collect_daily:494 - collect_daily 400/2770 ok=400 fail=0 1619s
2026-09-29 16:21:36.297 | INFO     | stock_bot.swing.collector:collect_daily:494 - collect_daily 500/2770 ok=500 fail=0 2103s
2026-09-29 16:28:08.843 | INFO     | stock_bot.swing.collector:collect_daily:494 - collect_daily 600/2770 ok=600 fail=0 2495s
2026-09-29 16:34:39.240 | INFO     | stock_bot.swing.collector:collect_daily:494 - collect_daily 700/2770 ok=700 fail=0 2886s
2026-09-29 16:45:47.443 | INFO     | stock_bot.swing.collector:collect_daily:494 - collect_daily 800/2770 ok=800 fail=0 3554s
2026-09-29 16:51:50.460 | INFO     | stock_bot.swing.collector:collect_daily:494 - collect_daily 900/2770 ok=900 fail=0 3917s
2026-09-29 16:58:05.913 | INFO     | stock_bot.swing.collector:collect_daily:494 - collect_daily 1000/2770 ok=1000 fail=0 4293s
2026-09-29 17:04:55.981 | INFO     | stock_bot.swing.collector:collect_daily:494 - collect_daily 1100/2770 ok=1100 fail=0 4703s
2026-09-29 17:11:54.245 | INFO     | stock_bot.swing.collector:collect_daily:494 - collect_daily 1200/2770 ok=1200 fail=0 5121s
2026-09-29 17:18:52.222 | INFO     | stock_bot.swing.collector:collect_daily:494 - collect_daily 1300/2770 ok=1300 fail=0 5539s
2026-09-29 17:26:15.543 | INFO     | stock_bot.swing.collector:collect_daily:494 - collect_daily 1400/2770 ok=1400 fail=0 5982s
2026-09-29 17:31:39.267 | INFO     | stock_bot.swing.collector:collect_daily:494 - collect_daily 1500/2770 ok=1500 fail=0 6306s
2026-09-29 17:36:55.484 | INFO     | stock_bot.swing.collector:collect_daily:494 - collect_daily 1600/2770 ok=1600 fail=0 6622s
2026-09-29 17:42:47.357 | INFO     | stock_bot.swing.collector:collect_daily:494 - collect_daily 1700/2770 ok=1700 fail=0 6974s
2026-09-29 17:48:13.952 | INFO     | stock_bot.swing.collector:collect_daily:494 - collect_daily 1800/2770 ok=1800 fail=0 7301s
2026-09-29 17:53:20.393 | INFO     | stock_bot.swing.collector:collect_daily:494 - collect_daily 1900/2770 ok=1900 fail=0 7607s
2026-09-29 17:58:52.504 | INFO     | stock_bot.swing.collector:collect_daily:494 - collect_daily 2000/2770 ok=2000 fail=0 7939s
2026-09-29 18:06:53.233 | INFO     | stock_bot.swing.collector:collect_daily:494 - collect_daily 2100/2770 ok=2100 fail=0 8420s
2026-09-29 18:14:12.579 | INFO     | stock_bot.swing.collector:collect_daily:494 - collect_daily 2200/2770 ok=2200 fail=0 8859s
2026-09-29 18:20:43.022 | INFO     | stock_bot.swing.collector:collect_daily:494 - collect_daily 2300/2770 ok=2300 fail=0 9250s
2026-09-29 18:25:56.210 | INFO     | stock_bot.swing.collector:collect_daily:494 - collect_daily 2400/2770 ok=2400 fail=0 9563s
2026-09-29 18:31:50.747 | INFO     | stock_bot.swing.collector:collect_daily:494 - collect_daily 2500/2770 ok=2500 fail=0 9917s
2026-09-29 18:39:24.609 | INFO     | stock_bot.swing.collector:collect_daily:494 - collect_daily 2600/2770 ok=2600 fail=0 10371s
2026-09-29 18:45:32.860 | INFO     | stock_bot.swing.collector:collect_daily:494 - collect_daily 2700/2770 ok=2700 fail=0 10740s
2026-09-29 18:53:22.662 | INFO     | stock_bot.swing.daily_scan:scan:127 - scan 20260929: panel 2750종목, strategies=['NEWHIGH', 'MOMENTUM', 'FLOW_PULLBACK', 'FLOW_FORGN', 'FLOW_INST', 'FLOW_BOTH', 'MEANREV', 'GAPGO'], trend=False
2026-09-29 19:11:57.569 | INFO     | stock_bot.swing.daily_scan:run_nightly_scan:321 - scan 20260929: 신호 3531건(게이트통과 430), 후보 풀 50 (풀 밖 266) → 축 하한 20 탈락 13 → 감시 37(예비 7 포함)종목
2026-09-29 19:11:57.597 | INFO     | stock_bot.swing.daily_scan:run_nightly_scan:326 - 축 채움률: setup 100% / value 97% / quality 97% / growth 97% / flow 100% / liq 100% / prog 100%
2026-09-29 19:11:57.606 | INFO     | __main__:main:107 - nightly 20260929 ok: universe=2765 | collect ok=2770 fail=0 skipped=0 | index+1 | complete=2765/2770 (100%) | signals=3531 watch=37 | 12352s
