2026-09-30 08:50:57.679 | INFO     | stock_bot.live.runner:_is_trading_day:661 - 거래일 판정 2026-09-30 → 거래일 (출처: exchange_calendars)
2026-09-30 08:50:57.910 | INFO     | stock_bot.swing.live:_recover_positions:165 - 보유 복구 041830 MEANREV 100주 @57,425 손절 45,940 익절 64,316 (진입 20260916) 규칙 stop20/tp0/trail0>0/t30/ma0
2026-09-30 08:50:57.911 | INFO     | stock_bot.swing.live:_recover_positions:165 - 보유 복구 004800 VALUE_PURE 64주 @155,423 손절 124,338 익절 174,074 (진입 20260916) 규칙 stop20/tp0/trail0>0/t30/ma0
2026-09-30 08:50:57.912 | INFO     | stock_bot.swing.live:_recover_positions:165 - 보유 복구 078930 MEANREV 86주 @115,130 손절 92,104 익절 128,946 (진입 20260917) 규칙 stop20/tp0/trail0>0/t30/ma0
2026-09-30 08:50:57.914 | INFO     | stock_bot.swing.live:_recover_positions:165 - 보유 복구 001450 FLOW_FORGN 198주 @50,709 손절 40,567 익절 56,794 (진입 20260917) 규칙 stop20/tp0/trail0>0/t30/ma0
2026-09-30 08:50:57.914 | INFO     | stock_bot.swing.live:_recover_positions:165 - 보유 복구 062040 FLOW_BOTH 48주 @206,833 손절 165,466 익절 231,653 (진입 20260918) 규칙 stop20/tp0/trail0>0/t30/ma0
2026-09-30 08:50:57.916 | INFO     | stock_bot.swing.live:_recover_positions:165 - 보유 복구 051160 FLOW_FORGN 406주 @12,313 손절 9,850 익절 14,160 (진입 20260921) 규칙 stop20/tp0/trail0>0/t30/ma0
2026-09-30 08:50:57.917 | INFO     | stock_bot.swing.live:_recover_positions:165 - 보유 복구 332570 FLOW_BOTH 548주 @9,119 손절 7,295 익절 없음 (진입 20260921) 규칙 stop20/tp0/trail0>0/t30/ma0
2026-09-30 08:50:57.918 | INFO     | stock_bot.swing.live:_recover_positions:165 - 보유 복구 096530 FLOW_BOTH 144주 @34,495 손절 27,596 익절 없음 (진입 20260921) 규칙 stop20/tp0/trail0>0/t30/ma0
2026-09-30 08:50:57.918 | INFO     | stock_bot.swing.live:_recover_positions:165 - 보유 복구 024840 MOMENTUM 727주 @6,781 손절 5,425 익절 없음 (진입 20260922) 규칙 stop20/tp0/trail0>0/t30/ma0
2026-09-30 08:50:57.919 | INFO     | stock_bot.swing.live:_recover_positions:165 - 보유 복구 263860 MOMENTUM 287주 @17,400 손절 13,920 익절 없음 (진입 20260922) 규칙 stop20/tp0/trail0>0/t30/ma0
2026-09-30 08:50:57.947 | INFO     | stock_bot.swing.live:_load_watchlist:202 - 감시 리스트 20260929 적재: 후보 37 → 감시 30 (슬롯 30) 상위: 092870 79, 036540 75, 009155 74, 425420 73, 483650 72
2026-09-30 08:50:57.948 | INFO     | stock_bot.swing.live:_load_watchlist:205 - 우선 등급 8종목 (종합≥80 없음 → 순위 1~10): 036540 75, 009155 74, 425420 73, 000370 71, 483650 72, 128940 71, 092870 79, 000990 72
2026-09-30 08:50:57.974 | INFO     | stock_bot.swing.live:prepare:121 - 진입 규칙: 창 093000~151500 종합점수 하한 60 모음 창 20초 하루 상한 3 · 우선 등급 종합≥80(없으면 순위 1~10) 즉시 8종목 · 일반 등급 다음 1봉 유지 확인, 하루 1건 · 오늘 체결 0 (일반 0)
2026-09-30 08:50:57.975 | INFO     | stock_bot.swing.live:prepare:128 - 20260930 준비: 보유 10 신규감시 30 (wl=20260929) 레짐=True mult=1.0
2026-09-30 08:50:57.977 | INFO     | stock_bot.swing.live:run:807 - WS 시작 — 구독 40종목 (보유 10 감시 30) 봉 180초 저장봉 60초
2026-09-30 08:51:18.548 | INFO     | stock_bot.broker.kis_ws:_session:360 - ws 접속 ws://ops.koreainvestment.com:31000 (40종목)
2026-09-30 08:51:19.040 | INFO     | stock_bot.broker.kis_ws:_register:265 - 등록 40/40건
2026-09-30 08:54:18.804 | INFO     | stock_bot.swing.live:_eod_timer:765 - 0854 WS 연결 등록 40/40 틱 0 (마지막 없음) · 감시 30 (틱수신 0 · 확정봉 0) 보유 10 신규 0/3 (일반 0/1) 대기 0 확인중 0 진입가능=시간전 미트리거 사유: -
2026-09-30 08:57:18.866 | INFO     | stock_bot.swing.live:_eod_timer:765 - 0857 WS 연결 등록 40/40 틱 0 (마지막 없음) · 감시 30 (틱수신 0 · 확정봉 0) 보유 10 신규 0/3 (일반 0/1) 대기 0 확인중 0 진입가능=시간전 미트리거 사유: -
2026-09-30 09:00:01.398 | WARNING  | stock_bot.broker.kis_ws:run:342 - 연결 끊김(1회차): ConnectionClosedError no close frame received or sent — 접속 유지 543초, 1초 후 재접속
2026-09-30 09:00:01.399 | WARNING  | stock_bot.swing.live:on_gap:289 - WS 끊김 — 재접속 먼저, REST 백필 40종목은 백그라운드
2026-09-30 09:00:02.539 | INFO     | stock_bot.broker.kis_ws:_session:360 - ws 접속 ws://ops.koreainvestment.com:31000 (40종목)
2026-09-30 09:00:02.969 | INFO     | stock_bot.broker.kis_ws:_register:265 - 등록 40/40건
2026-09-30 09:00:03.049 | INFO     | stock_bot.swing.live:on_tick:239 - 첫 틱 수신 000990 @138,700 — WS 데이터 흐름 시작
2026-09-30 09:00:03.050 | INFO     | stock_bot.swing.live:on_tick:244 - WS 복구 — 틱 공백 2초
2026-09-30 09:00:18.928 | INFO     | stock_bot.swing.live:_eod_timer:765 - 0900 WS 연결 등록 40/40 재연결 1회 틱 230 (마지막 0초전) · 감시 30 (틱수신 18 · 확정봉 0) 보유 10 신규 0/3 (일반 0/1) 대기 0 확인중 0 진입가능=시간전 미트리거 사유: -
2026-09-30 09:01:49.437 | INFO     | stock_bot.swing.live:_backfill:323 - REST 백필 완료 40/40종목 (실패 0) — 틱 공백 2초 · 세션 고저 갱신
2026-09-30 09:03:00.280 | INFO     | stock_bot.swing.live:_note:445 - 트리거 감지 003490 MOMENTUM 유지 @32,400 → 미진입: 시간전
2026-09-30 09:03:00.292 | INFO     | stock_bot.swing.live:_note:445 - 트리거 감지 232140 MOMENTUM 유지 @15,030 → 미진입: 시간전
2026-09-30 09:03:00.296 | INFO     | stock_bot.swing.live:_note:445 - 트리거 감지 073240 MOMENTUM 유지 @6,930 → 미진입: 시간전
2026-09-30 09:03:00.300 | INFO     | stock_bot.swing.live:_note:445 - 트리거 감지 122640 FLOW_FORGN 유지 @33,150 → 미진입: 시간전
2026-09-30 09:03:00.309 | INFO     | stock_bot.swing.live:_note:445 - 트리거 감지 092870 MOMENTUM 유지 @49,750 → 미진입: 시간전
2026-09-30 09:03:00.518 | INFO     | stock_bot.swing.live:_note:445 - 트리거 감지 483650 FLOW_BOTH 유지 @190,200 → 미진입: 시간전
2026-09-30 09:03:00.522 | INFO     | stock_bot.swing.live:_note:445 - 트리거 감지 000990 MOMENTUM 유지 @139,900 → 미진입: 시간전
2026-09-30 09:03:00.939 | INFO     | stock_bot.swing.live:_note:445 - 트리거 감지 161890 FLOW_PULLBACK 유지 @153,000 → 미진입: 시간전
2026-09-30 09:03:01.163 | INFO     | stock_bot.swing.live:_note:445 - 트리거 감지 036540 MOMENTUM 유지 @10,690 → 미진입: 시간전
2026-09-30 09:03:03.501 | INFO     | stock_bot.swing.live:_note:445 - 트리거 감지 192820 FLOW_PULLBACK 유지 @286,500 → 미진입: 시간전
2026-09-30 09:03:06.935 | INFO     | stock_bot.swing.live:_note:445 - 트리거 감지 066575 FLOW_PULLBACK 유지 @74,000 → 미진입: 시간전
2026-09-30 09:03:18.982 | INFO     | stock_bot.swing.live:_eod_timer:765 - 0903 WS 연결 등록 40/40 재연결 1회 틱 5,560 (마지막 0초전) · 감시 30 (틱수신 30 · 확정봉 29) 보유 10 신규 0/3 (일반 0/1) 대기 0 확인중 0 진입가능=시간전 미트리거 사유: 유지 11, 전일종가하회 10, VWAP하회 4, 저점근접 4
2026-09-30 09:03:27.193 | INFO     | stock_bot.swing.live:_note:445 - 트리거 감지 053800 MOMENTUM 유지 @77,100 → 미진입: 시간전
2026-09-30 09:06:00.920 | INFO     | stock_bot.swing.live:_note:445 - 트리거 감지 375500 MOMENTUM 유지 @79,700 → 미진입: 시간전
2026-09-30 09:06:01.562 | INFO     | stock_bot.swing.live:_note:445 - 트리거 감지 144960 MOMENTUM 유지 @13,195 → 미진입: 시간전
2026-09-30 09:06:01.575 | INFO     | stock_bot.swing.live:_note:445 - 트리거 감지 425420 MOMENTUM 유지 @63,700 → 미진입: 시간전
2026-09-30 09:06:01.987 | INFO     | stock_bot.swing.live:_note:445 - 트리거 감지 011200 MOMENTUM 유지 @21,100 → 미진입: 시간전
2026-09-30 09:06:01.990 | INFO     | stock_bot.swing.live:_note:445 - 트리거 감지 066570 FLOW_BOTH 유지 @217,000 → 미진입: 시간전
2026-09-30 09:06:01.995 | INFO     | stock_bot.swing.live:_note:445 - 트리거 감지 010950 MOMENTUM 유지 @161,300 → 미진입: 시간전
2026-09-30 09:06:02.005 | INFO     | stock_bot.swing.live:_note:445 - 트리거 감지 059090 FLOW_BOTH 유지 @22,150 → 미진입: 시간전
2026-09-30 09:06:13.930 | INFO     | stock_bot.swing.live:_note:445 - 트리거 감지 044490 MOMENTUM 유지 @38,350 → 미진입: 시간전
2026-09-30 09:06:19.039 | INFO     | stock_bot.swing.live:_eod_timer:765 - 0906 WS 연결 등록 40/40 재연결 1회 틱 10,697 (마지막 0초전) · 감시 30 (틱수신 30 · 확정봉 60) 보유 10 신규 0/3 (일반 0/1) 대기 0 확인중 0 진입가능=시간전 미트리거 사유: 유지 17, 전일종가하회 7, VWAP하회 4, 저점근접 2
2026-09-30 09:09:19.095 | INFO     | stock_bot.swing.live:_eod_timer:765 - 0909 WS 연결 등록 40/40 재연결 1회 틱 14,998 (마지막 0초전) · 감시 30 (틱수신 30 · 확정봉 90) 보유 10 신규 0/3 (일반 0/1) 대기 0 확인중 0 진입가능=시간전 미트리거 사유: 유지 10, VWAP하회 8, 전일종가하회 7, 저점근접 5
2026-09-30 09:12:19.150 | INFO     | stock_bot.swing.live:_eod_timer:765 - 0912 WS 연결 등록 40/40 재연결 1회 틱 19,440 (마지막 0초전) · 감시 30 (틱수신 30 · 확정봉 120) 보유 10 신규 0/3 (일반 0/1) 대기 0 확인중 0 진입가능=시간전 미트리거 사유: 전일종가하회 11, VWAP하회 10, 유지 5, 저점근접 4
2026-09-30 09:15:19.203 | INFO     | stock_bot.swing.live:_eod_timer:765 - 0915 WS 연결 등록 40/40 재연결 1회 틱 22,985 (마지막 0초전) · 감시 30 (틱수신 30 · 확정봉 150) 보유 10 신규 0/3 (일반 0/1) 대기 0 확인중 0 진입가능=시간전 미트리거 사유: 유지 11, 전일종가하회 9, VWAP하회 8, 저점근접 2
2026-09-30 09:18:19.255 | INFO     | stock_bot.swing.live:_eod_timer:765 - 0918 WS 연결 등록 40/40 재연결 1회 틱 26,578 (마지막 0초전) · 감시 30 (틱수신 30 · 확정봉 178) 보유 10 신규 0/3 (일반 0/1) 대기 0 확인중 0 진입가능=시간전 미트리거 사유: 유지 12, 전일종가하회 10, VWAP하회 5, 저점근접 3
2026-09-30 09:21:19.311 | INFO     | stock_bot.swing.live:_eod_timer:765 - 0921 WS 연결 등록 40/40 재연결 1회 틱 30,301 (마지막 0초전) · 감시 30 (틱수신 30 · 확정봉 210) 보유 10 신규 0/3 (일반 0/1) 대기 0 확인중 0 진입가능=시간전 미트리거 사유: 유지 11, VWAP하회 8, 전일종가하회 8, 저점근접 3
2026-09-30 09:24:19.365 | INFO     | stock_bot.swing.live:_eod_timer:765 - 0924 WS 연결 등록 40/40 재연결 1회 틱 33,646 (마지막 0초전) · 감시 30 (틱수신 30 · 확정봉 239) 보유 10 신규 0/3 (일반 0/1) 대기 0 확인중 0 진입가능=시간전 미트리거 사유: 유지 9, 전일종가하회 9, VWAP하회 7, 저점근접 5
2026-09-30 09:27:01.606 | INFO     | stock_bot.swing.live:_note:445 - 트리거 감지 252990 MOMENTUM 유지 @20,200 → 미진입: 시간전
2026-09-30 09:27:19.431 | INFO     | stock_bot.swing.live:_eod_timer:765 - 0927 WS 연결 등록 40/40 재연결 1회 틱 37,170 (마지막 0초전) · 감시 30 (틱수신 30 · 확정봉 270) 보유 10 신규 0/3 (일반 0/1) 대기 0 확인중 0 진입가능=시간전 미트리거 사유: 유지 10, 전일종가하회 10, VWAP하회 6, 저점근접 4
2026-09-30 09:30:00.114 | INFO     | stock_bot.swing.live:_note:445 - 트리거 감지 232140 MOMENTUM 유지 @15,210 → 미진입: 슬롯 없음
2026-09-30 09:30:00.319 | INFO     | stock_bot.swing.live:_note:445 - 트리거 감지 000990 MOMENTUM 유지 @139,900 → 미진입: 슬롯 없음
2026-09-30 09:30:00.940 | INFO     | stock_bot.swing.live:_note:445 - 트리거 감지 036540 MOMENTUM 유지 @10,890 → 미진입: 슬롯 없음
2026-09-30 09:30:01.363 | INFO     | stock_bot.swing.live:_note:445 - 트리거 감지 053800 MOMENTUM 유지 @78,000 → 미진입: 슬롯 없음
2026-09-30 09:30:01.990 | INFO     | stock_bot.swing.live:_note:445 - 트리거 감지 092870 MOMENTUM 유지 @49,600 → 미진입: 슬롯 없음
2026-09-30 09:30:02.205 | INFO     | stock_bot.swing.live:_note:445 - 트리거 감지 059090 FLOW_BOTH 유지 @23,050 → 미진입: 슬롯 없음
2026-09-30 09:30:02.612 | INFO     | stock_bot.swing.live:_note:445 - 트리거 감지 144960 MOMENTUM 유지 @13,220 → 미진입: 슬롯 없음
2026-09-30 09:30:05.989 | INFO     | stock_bot.swing.live:_note:445 - 트리거 감지 425420 MOMENTUM 유지 @63,800 → 미진입: 슬롯 없음
2026-09-30 09:30:19.478 | INFO     | stock_bot.swing.live:_eod_timer:765 - 0930 WS 연결 등록 40/40 재연결 1회 틱 40,830 (마지막 0초전) · 감시 30 (틱수신 30 · 확정봉 299) 보유 10 신규 0/3 (일반 0/1) 대기 0 확인중 0 진입가능=슬롯 없음 미트리거 사유: 전일종가하회 11, 유지 8, VWAP하회 8, 저점근접 3
2026-09-30 09:30:38.985 | INFO     | stock_bot.swing.live:_note:445 - 트리거 감지 044490 MOMENTUM 유지 @38,150 → 미진입: 슬롯 없음
2026-09-30 09:33:00.161 | INFO     | stock_bot.swing.live:_note:445 - 트리거 감지 252990 MOMENTUM 유지 @20,200 → 미진입: 슬롯 없음
2026-09-30 09:33:01.208 | INFO     | stock_bot.swing.live:_note:445 - 트리거 감지 066570 FLOW_BOTH 유지 @218,000 → 미진입: 슬롯 없음
2026-09-30 09:33:01.419 | INFO     | stock_bot.swing.live:_note:445 - 트리거 감지 010950 MOMENTUM 유지 @160,700 → 미진입: 슬롯 없음
2026-09-30 09:33:04.357 | INFO     | stock_bot.swing.live:_note:445 - 트리거 감지 011200 MOMENTUM 유지 @21,025 → 미진입: 슬롯 없음
2026-09-30 09:33:04.378 | INFO     | stock_bot.swing.live:_note:445 - 트리거 감지 066575 FLOW_PULLBACK 유지 @74,800 → 미진입: 슬롯 없음
2026-09-30 09:33:19.539 | INFO     | stock_bot.swing.live:_eod_timer:765 - 0933 WS 연결 등록 40/40 재연결 1회 틱 44,394 (마지막 0초전) · 감시 30 (틱수신 30 · 확정봉 330) 보유 10 신규 0/3 (일반 0/1) 대기 0 확인중 0 진입가능=슬롯 없음 미트리거 사유: 유지 10, 전일종가하회 9, VWAP하회 7, 저점근접 4
2026-09-30 09:36:01.897 | INFO     | stock_bot.swing.live:_note:445 - 트리거 감지 016360 FLOW_PULLBACK 유지 @89,000 → 미진입: 슬롯 없음
2026-09-30 09:36:15.411 | INFO     | stock_bot.swing.live:_note:445 - 트리거 감지 375500 MOMENTUM 유지 @79,200 → 미진입: 슬롯 없음
2026-09-30 09:36:19.599 | INFO     | stock_bot.swing.live:_eod_timer:765 - 0936 WS 연결 등록 40/40 재연결 1회 틱 48,037 (마지막 0초전) · 감시 30 (틱수신 30 · 확정봉 360) 보유 10 신규 0/3 (일반 0/1) 대기 0 확인중 0 진입가능=슬롯 없음 미트리거 사유: VWAP하회 10, 전일종가하회 10, 유지 9, 저점근접 1
2026-09-30 09:39:19.652 | INFO     | stock_bot.swing.live:_eod_timer:765 - 0939 WS 연결 등록 40/40 재연결 1회 틱 51,459 (마지막 0초전) · 감시 30 (틱수신 30 · 확정봉 390) 보유 10 신규 0/3 (일반 0/1) 대기 0 확인중 0 진입가능=슬롯 없음 미트리거 사유: 전일종가하회 11, VWAP하회 8, 저점근접 6, 유지 5
2026-09-30 09:42:19.719 | INFO     | stock_bot.swing.live:_eod_timer:765 - 0942 WS 연결 등록 40/40 재연결 1회 틱 54,548 (마지막 0초전) · 감시 30 (틱수신 30 · 확정봉 419) 보유 10 신규 0/3 (일반 0/1) 대기 0 확인중 0 진입가능=슬롯 없음 미트리거 사유: 전일종가하회 11, VWAP하회 10, 유지 7, 저점근접 2
2026-09-30 09:45:00.538 | INFO     | stock_bot.swing.live:_note:445 - 트리거 감지 128940 FLOW_PULLBACK 유지 @513,000 → 미진입: 슬롯 없음
2026-09-30 09:45:03.657 | INFO     | stock_bot.swing.live:_note:445 - 트리거 감지 122640 FLOW_FORGN 유지 @33,350 → 미진입: 슬롯 없음
2026-09-30 09:45:19.795 | INFO     | stock_bot.swing.live:_eod_timer:765 - 0945 WS 연결 등록 40/40 재연결 1회 틱 57,524 (마지막 0초전) · 감시 30 (틱수신 30 · 확정봉 449) 보유 10 신규 0/3 (일반 0/1) 대기 0 확인중 0 진입가능=슬롯 없음 미트리거 사유: 유지 10, 전일종가하회 10, VWAP하회 8, 저점근접 2
2026-09-30 09:48:19.849 | INFO     | stock_bot.swing.live:_eod_timer:765 - 0948 WS 연결 등록 40/40 재연결 1회 틱 60,474 (마지막 0초전) · 감시 30 (틱수신 30 · 확정봉 479) 보유 10 신규 0/3 (일반 0/1) 대기 0 확인중 0 진입가능=슬롯 없음 미트리거 사유: 전일종가하회 12, VWAP하회 10, 유지 5, 저점근접 3
2026-09-30 09:51:19.908 | INFO     | stock_bot.swing.live:_eod_timer:765 - 0951 WS 연결 등록 40/40 재연결 1회 틱 63,703 (마지막 0초전) · 감시 30 (틱수신 30 · 확정봉 510) 보유 10 신규 0/3 (일반 0/1) 대기 0 확인중 0 진입가능=슬롯 없음 미트리거 사유: VWAP하회 11, 전일종가하회 11, 유지 4, 저점근접 4
2026-09-30 09:54:19.983 | INFO     | stock_bot.swing.live:_eod_timer:765 - 0954 WS 연결 등록 40/40 재연결 1회 틱 66,604 (마지막 0초전) · 감시 30 (틱수신 30 · 확정봉 539) 보유 10 신규 0/3 (일반 0/1) 대기 0 확인중 0 진입가능=슬롯 없음 미트리거 사유: 전일종가하회 12, VWAP하회 9, 유지 6, 저점근접 3
2026-09-30 09:57:20.041 | INFO     | stock_bot.swing.live:_eod_timer:765 - 0957 WS 연결 등록 40/40 재연결 1회 틱 70,036 (마지막 0초전) · 감시 30 (틱수신 30 · 확정봉 568) 보유 10 신규 0/3 (일반 0/1) 대기 0 확인중 0 진입가능=슬롯 없음 미트리거 사유: 전일종가하회 14, 유지 8, VWAP하회 7, 저점근접 1
2026-09-30 10:00:01.571 | WARNING  | stock_bot.broker.kis_ws:run:342 - 연결 끊김(2회차): ConnectionClosedError no close frame received or sent — 접속 유지 3599초, 1초 후 재접속
2026-09-30 10:00:01.575 | WARNING  | stock_bot.swing.live:on_gap:289 - WS 끊김 — 재접속 먼저, REST 백필 40종목은 백그라운드
2026-09-30 10:00:09.836 | INFO     | stock_bot.broker.kis_ws:_session:360 - ws 접속 ws://ops.koreainvestment.com:31000 (40종목)
2026-09-30 10:00:10.213 | INFO     | stock_bot.swing.live:on_tick:244 - WS 복구 — 틱 공백 9초
2026-09-30 10:00:10.217 | INFO     | stock_bot.broker.kis_ws:_register:265 - 등록 40/40건
2026-09-30 10:00:24.863 | INFO     | stock_bot.swing.live:_eod_timer:765 - 1000 WS 연결 등록 40/40 재연결 2회 틱 72,876 (마지막 0초전) · 감시 30 (틱수신 30 · 확정봉 598) 보유 10 신규 0/3 (일반 0/1) 대기 0 확인중 0 진입가능=슬롯 없음 미트리거 사유: 전일종가하회 14, 유지 8, VWAP하회 7, 저점근접 1
2026-09-30 10:01:38.189 | INFO     | stock_bot.swing.live:_backfill:323 - REST 백필 완료 40/40종목 (실패 0) — 틱 공백 9초 · 세션 고저 갱신
2026-09-30 10:03:24.919 | INFO     | stock_bot.swing.live:_eod_timer:765 - 1003 WS 연결 등록 40/40 재연결 2회 틱 75,657 (마지막 0초전) · 감시 30 (틱수신 30 · 확정봉 629) 보유 10 신규 0/3 (일반 0/1) 대기 0 확인중 0 진입가능=슬롯 없음 미트리거 사유: 전일종가하회 14, 유지 8, VWAP하회 7, 저점근접 1
2026-09-30 10:06:24.974 | INFO     | stock_bot.swing.live:_eod_timer:765 - 1006 WS 연결 등록 40/40 재연결 2회 틱 78,251 (마지막 0초전) · 감시 30 (틱수신 30 · 확정봉 658) 보유 10 신규 0/3 (일반 0/1) 대기 0 확인중 0 진입가능=슬롯 없음 미트리거 사유: 전일종가하회 14, 유지 8, VWAP하회 7, 저점근접 1
2026-09-30 10:09:25.027 | INFO     | stock_bot.swing.live:_eod_timer:765 - 1009 WS 연결 등록 40/40 재연결 2회 틱 80,721 (마지막 0초전) · 감시 30 (틱수신 30 · 확정봉 690) 보유 10 신규 0/3 (일반 0/1) 대기 0 확인중 0 진입가능=슬롯 없음 미트리거 사유: 전일종가하회 15, 유지 6, VWAP하회 6, 저점근접 3
2026-09-30 10:12:25.080 | INFO     | stock_bot.swing.live:_eod_timer:765 - 1012 WS 연결 등록 40/40 재연결 2회 틱 83,092 (마지막 0초전) · 감시 30 (틱수신 30 · 확정봉 719) 보유 10 신규 0/3 (일반 0/1) 대기 0 확인중 0 진입가능=슬롯 없음 미트리거 사유: 전일종가하회 15, VWAP하회 7, 유지 6, 저점근접 2
2026-09-30 10:15:25.203 | INFO     | stock_bot.swing.live:_eod_timer:765 - 1015 WS 연결 등록 40/40 재연결 2회 틱 85,340 (마지막 0초전) · 감시 30 (틱수신 30 · 확정봉 748) 보유 10 신규 0/3 (일반 0/1) 대기 0 확인중 0 진입가능=슬롯 없음 미트리거 사유: 전일종가하회 15, VWAP하회 8, 유지 5, 저점근접 2
2026-09-30 10:18:25.340 | INFO     | stock_bot.swing.live:_eod_timer:765 - 1018 WS 연결 등록 40/40 재연결 2회 틱 87,489 (마지막 0초전) · 감시 30 (틱수신 30 · 확정봉 778) 보유 10 신규 0/3 (일반 0/1) 대기 0 확인중 0 진입가능=슬롯 없음 미트리거 사유: 전일종가하회 15, VWAP하회 8, 유지 6, 저점근접 1
2026-09-30 10:21:25.431 | INFO     | stock_bot.swing.live:_eod_timer:765 - 1021 WS 연결 등록 40/40 재연결 2회 틱 89,817 (마지막 0초전) · 감시 30 (틱수신 30 · 확정봉 810) 보유 10 신규 0/3 (일반 0/1) 대기 0 확인중 0 진입가능=슬롯 없음 미트리거 사유: 전일종가하회 15, VWAP하회 8, 유지 6, 저점근접 1
2026-09-30 10:24:25.524 | INFO     | stock_bot.swing.live:_eod_timer:765 - 1024 WS 연결 등록 40/40 재연결 2회 틱 91,917 (마지막 0초전) · 감시 30 (틱수신 30 · 확정봉 838) 보유 10 신규 0/3 (일반 0/1) 대기 0 확인중 0 진입가능=슬롯 없음 미트리거 사유: 전일종가하회 14, VWAP하회 8, 유지 7, 저점근접 1
2026-09-30 10:27:25.578 | INFO     | stock_bot.swing.live:_eod_timer:765 - 1027 WS 연결 등록 40/40 재연결 2회 틱 94,107 (마지막 0초전) · 감시 30 (틱수신 30 · 확정봉 869) 보유 10 신규 0/3 (일반 0/1) 대기 0 확인중 0 진입가능=슬롯 없음 미트리거 사유: 전일종가하회 14, VWAP하회 9, 유지 6, 저점근접 1
2026-09-30 10:30:25.650 | INFO     | stock_bot.swing.live:_eod_timer:765 - 1030 WS 연결 등록 40/40 재연결 2회 틱 96,148 (마지막 0초전) · 감시 30 (틱수신 30 · 확정봉 899) 보유 10 신규 0/3 (일반 0/1) 대기 0 확인중 0 진입가능=슬롯 없음 미트리거 사유: 전일종가하회 14, VWAP하회 8, 유지 6, 저점근접 2
2026-09-30 10:33:25.712 | INFO     | stock_bot.swing.live:_eod_timer:765 - 1033 WS 연결 등록 40/40 재연결 2회 틱 98,391 (마지막 0초전) · 감시 30 (틱수신 30 · 확정봉 930) 보유 10 신규 0/3 (일반 0/1) 대기 0 확인중 0 진입가능=슬롯 없음 미트리거 사유: 전일종가하회 15, VWAP하회 7, 유지 6, 저점근접 2
2026-09-30 10:36:25.770 | INFO     | stock_bot.swing.live:_eod_timer:765 - 1036 WS 연결 등록 40/40 재연결 2회 틱 100,515 (마지막 0초전) · 감시 30 (틱수신 30 · 확정봉 958) 보유 10 신규 0/3 (일반 0/1) 대기 0 확인중 0 진입가능=슬롯 없음 미트리거 사유: 전일종가하회 16, 유지 7, VWAP하회 6, 저점근접 1
2026-09-30 10:39:25.826 | INFO     | stock_bot.swing.live:_eod_timer:765 - 1039 WS 연결 등록 40/40 재연결 2회 틱 102,676 (마지막 0초전) · 감시 30 (틱수신 30 · 확정봉 989) 보유 10 신규 0/3 (일반 0/1) 대기 0 확인중 0 진입가능=슬롯 없음 미트리거 사유: 전일종가하회 15, 유지 7, VWAP하회 5, 저점근접 3
2026-09-30 10:42:01.143 | INFO     | stock_bot.swing.live:_note:445 - 트리거 감지 073240 MOMENTUM 유지 @6,920 → 미진입: 슬롯 없음
2026-09-30 10:42:25.880 | INFO     | stock_bot.swing.live:_eod_timer:765 - 1042 WS 연결 등록 40/40 재연결 2회 틱 104,982 (마지막 0초전) · 감시 30 (틱수신 30 · 확정봉 1020) 보유 10 신규 0/3 (일반 0/1) 대기 0 확인중 0 진입가능=슬롯 없음 미트리거 사유: 전일종가하회 16, 유지 8, VWAP하회 4, 저점근접 2
2026-09-30 10:45:25.926 | INFO     | stock_bot.swing.live:_eod_timer:765 - 1045 WS 연결 등록 40/40 재연결 2회 틱 107,253 (마지막 0초전) · 감시 30 (틱수신 30 · 확정봉 1049) 보유 10 신규 0/3 (일반 0/1) 대기 0 확인중 0 진입가능=슬롯 없음 미트리거 사유: 전일종가하회 16, 유지 8, VWAP하회 5, 저점근접 1
2026-09-30 10:48:25.982 | INFO     | stock_bot.swing.live:_eod_timer:765 - 1048 WS 연결 등록 40/40 재연결 2회 틱 109,751 (마지막 0초전) · 감시 30 (틱수신 30 · 확정봉 1079) 보유 10 신규 0/3 (일반 0/1) 대기 0 확인중 0 진입가능=슬롯 없음 미트리거 사유: 전일종가하회 17, 유지 7, VWAP하회 5, 저점근접 1
2026-09-30 10:51:26.035 | INFO     | stock_bot.swing.live:_eod_timer:765 - 1051 WS 연결 등록 40/40 재연결 2회 틱 111,924 (마지막 0초전) · 감시 30 (틱수신 30 · 확정봉 1109) 보유 10 신규 0/3 (일반 0/1) 대기 0 확인중 0 진입가능=슬롯 없음 미트리거 사유: 전일종가하회 17, 유지 7, VWAP하회 6
2026-09-30 10:54:26.094 | INFO     | stock_bot.swing.live:_eod_timer:765 - 1054 WS 연결 등록 40/40 재연결 2회 틱 114,002 (마지막 0초전) · 감시 30 (틱수신 30 · 확정봉 1138) 보유 10 신규 0/3 (일반 0/1) 대기 0 확인중 0 진입가능=슬롯 없음 미트리거 사유: 전일종가하회 17, 유지 7, VWAP하회 6
2026-09-30 10:57:26.148 | INFO     | stock_bot.swing.live:_eod_timer:765 - 1057 WS 연결 등록 40/40 재연결 2회 틱 116,062 (마지막 0초전) · 감시 30 (틱수신 30 · 확정봉 1169) 보유 10 신규 0/3 (일반 0/1) 대기 0 확인중 0 진입가능=슬롯 없음 미트리거 사유: 전일종가하회 17, 유지 7, VWAP하회 5, 저점근접 1
2026-09-30 11:00:01.593 | WARNING  | stock_bot.broker.kis_ws:run:342 - 연결 끊김(3회차): ConnectionClosedError no close frame received or sent — 접속 유지 3599초, 1초 후 재접속
2026-09-30 11:00:01.598 | WARNING  | stock_bot.swing.live:on_gap:289 - WS 끊김 — 재접속 먼저, REST 백필 40종목은 백그라운드
2026-09-30 11:00:03.328 | INFO     | stock_bot.broker.kis_ws:_session:360 - ws 접속 ws://ops.koreainvestment.com:31000 (40종목)
2026-09-30 11:00:03.598 | INFO     | stock_bot.swing.live:on_tick:244 - WS 복구 — 틱 공백 2초
2026-09-30 11:00:03.861 | INFO     | stock_bot.broker.kis_ws:_register:265 - 등록 40/40건
2026-09-30 11:00:26.198 | INFO     | stock_bot.swing.live:_eod_timer:765 - 1100 WS 연결 등록 40/40 재연결 3회 틱 117,974 (마지막 0초전) · 감시 30 (틱수신 30 · 확정봉 1199) 보유 10 신규 0/3 (일반 0/1) 대기 0 확인중 0 진입가능=슬롯 없음 미트리거 사유: 전일종가하회 17, 유지 7, VWAP하회 6
2026-09-30 11:01:36.390 | INFO     | stock_bot.swing.live:_backfill:323 - REST 백필 완료 40/40종목 (실패 0) — 틱 공백 2초 · 세션 고저 갱신
2026-09-30 11:03:26.253 | INFO     | stock_bot.swing.live:_eod_timer:765 - 1103 WS 연결 등록 40/40 재연결 3회 틱 119,931 (마지막 0초전) · 감시 30 (틱수신 30 · 확정봉 1229) 보유 10 신규 0/3 (일반 0/1) 대기 0 확인중 0 진입가능=슬롯 없음 미트리거 사유: 전일종가하회 16, 유지 7, VWAP하회 7
2026-09-30 11:06:26.336 | INFO     | stock_bot.swing.live:_eod_timer:765 - 1106 WS 연결 등록 40/40 재연결 3회 틱 121,919 (마지막 0초전) · 감시 30 (틱수신 30 · 확정봉 1258) 보유 10 신규 0/3 (일반 0/1) 대기 0 확인중 0 진입가능=슬롯 없음 미트리거 사유: 전일종가하회 16, 유지 7, VWAP하회 7
2026-09-30 11:09:26.391 | INFO     | stock_bot.swing.live:_eod_timer:765 - 1109 WS 연결 등록 40/40 재연결 3회 틱 123,832 (마지막 0초전) · 감시 30 (틱수신 30 · 확정봉 1290) 보유 10 신규 0/3 (일반 0/1) 대기 0 확인중 0 진입가능=슬롯 없음 미트리거 사유: 전일종가하회 16, 유지 7, VWAP하회 6, 저점근접 1
2026-09-30 11:12:00.321 | INFO     | stock_bot.swing.live:_note:445 - 트리거 감지 003490 MOMENTUM 유지 @31,900 → 미진입: 슬롯 없음
2026-09-30 11:12:26.452 | INFO     | stock_bot.swing.live:_eod_timer:765 - 1112 WS 연결 등록 40/40 재연결 3회 틱 126,083 (마지막 0초전) · 감시 30 (틱수신 30 · 확정봉 1319) 보유 10 신규 0/3 (일반 0/1) 대기 0 확인중 0 진입가능=슬롯 없음 미트리거 사유: 전일종가하회 16, 유지 8, VWAP하회 5, 저점근접 1
2026-09-30 11:15:26.519 | INFO     | stock_bot.swing.live:_eod_timer:765 - 1115 WS 연결 등록 40/40 재연결 3회 틱 128,106 (마지막 0초전) · 감시 30 (틱수신 30 · 확정봉 1349) 보유 10 신규 0/3 (일반 0/1) 대기 0 확인중 0 진입가능=슬롯 없음 미트리거 사유: 전일종가하회 17, VWAP하회 7, 유지 5, 저점근접 1
2026-09-30 11:18:05.287 | INFO     | stock_bot.swing.live:_note:445 - 트리거 감지 483650 FLOW_BOTH 유지 @189,100 → 미진입: 슬롯 없음
2026-09-30 11:18:26.579 | INFO     | stock_bot.swing.live:_eod_timer:765 - 1118 WS 연결 등록 40/40 재연결 3회 틱 130,170 (마지막 0초전) · 감시 30 (틱수신 30 · 확정봉 1380) 보유 10 신규 0/3 (일반 0/1) 대기 0 확인중 0 진입가능=슬롯 없음 미트리거 사유: 전일종가하회 17, 유지 7, VWAP하회 5, 저점근접 1
2026-09-30 11:21:26.643 | INFO     | stock_bot.swing.live:_eod_timer:765 - 1121 WS 연결 등록 40/40 재연결 3회 틱 132,293 (마지막 0초전) · 감시 30 (틱수신 30 · 확정봉 1409) 보유 10 신규 0/3 (일반 0/1) 대기 0 확인중 0 진입가능=슬롯 없음 미트리거 사유: 전일종가하회 17, VWAP하회 6, 유지 5, 저점근접 2
2026-09-30 11:24:26.698 | INFO     | stock_bot.swing.live:_eod_timer:765 - 1124 WS 연결 등록 40/40 재연결 3회 틱 134,379 (마지막 1초전) · 감시 30 (틱수신 30 · 확정봉 1437) 보유 10 신규 0/3 (일반 0/1) 대기 0 확인중 0 진입가능=슬롯 없음 미트리거 사유: 전일종가하회 18, VWAP하회 6, 유지 5, 저점근접 1
2026-09-30 11:27:26.759 | INFO     | stock_bot.swing.live:_eod_timer:765 - 1127 WS 연결 등록 40/40 재연결 3회 틱 136,168 (마지막 0초전) · 감시 30 (틱수신 30 · 확정봉 1469) 보유 10 신규 0/3 (일반 0/1) 대기 0 확인중 0 진입가능=슬롯 없음 미트리거 사유: 전일종가하회 19, 유지 5, VWAP하회 5, 저점근접 1
2026-09-30 11:30:26.983 | INFO     | stock_bot.swing.live:_eod_timer:765 - 1130 WS 연결 등록 40/40 재연결 3회 틱 137,974 (마지막 0초전) · 감시 30 (틱수신 30 · 확정봉 1499) 보유 10 신규 0/3 (일반 0/1) 대기 0 확인중 0 진입가능=슬롯 없음 미트리거 사유: 전일종가하회 19, 유지 5, VWAP하회 5, 저점근접 1
2026-09-30 11:33:27.117 | INFO     | stock_bot.swing.live:_eod_timer:765 - 1133 WS 연결 등록 40/40 재연결 3회 틱 139,901 (마지막 0초전) · 감시 30 (틱수신 30 · 확정봉 1530) 보유 10 신규 0/3 (일반 0/1) 대기 0 확인중 0 진입가능=슬롯 없음 미트리거 사유: 전일종가하회 19, 유지 5, VWAP하회 4, 저점근접 2
2026-09-30 11:36:27.182 | INFO     | stock_bot.swing.live:_eod_timer:765 - 1136 WS 연결 등록 40/40 재연결 3회 틱 142,089 (마지막 0초전) · 감시 30 (틱수신 30 · 확정봉 1558) 보유 10 신규 0/3 (일반 0/1) 대기 0 확인중 0 진입가능=슬롯 없음 미트리거 사유: 전일종가하회 19, 유지 5, VWAP하회 3, 저점근접 3
2026-09-30 11:39:27.986 | INFO     | stock_bot.swing.live:_eod_timer:765 - 1139 WS 연결 등록 40/40 재연결 3회 틱 144,287 (마지막 0초전) · 감시 30 (틱수신 30 · 확정봉 1590) 보유 10 신규 0/3 (일반 0/1) 대기 0 확인중 0 진입가능=슬롯 없음 미트리거 사유: 전일종가하회 21, 유지 4, 저점근접 3, VWAP하회 2
2026-09-30 11:42:28.638 | INFO     | stock_bot.swing.live:_eod_timer:765 - 1142 WS 연결 등록 40/40 재연결 3회 틱 146,416 (마지막 0초전) · 감시 30 (틱수신 30 · 확정봉 1618) 보유 10 신규 0/3 (일반 0/1) 대기 0 확인중 0 진입가능=슬롯 없음 미트리거 사유: 전일종가하회 19, 유지 5, VWAP하회 3, 저점근접 3
2026-09-30 11:45:29.375 | INFO     | stock_bot.swing.live:_eod_timer:765 - 1145 WS 연결 등록 40/40 재연결 3회 틱 148,367 (마지막 0초전) · 감시 30 (틱수신 30 · 확정봉 1649) 보유 10 신규 0/3 (일반 0/1) 대기 0 확인중 0 진입가능=슬롯 없음 미트리거 사유: 전일종가하회 19, VWAP하회 6, 저점근접 3, 유지 2
2026-09-30 11:48:29.440 | INFO     | stock_bot.swing.live:_eod_timer:765 - 1148 WS 연결 등록 40/40 재연결 3회 틱 150,204 (마지막 0초전) · 감시 30 (틱수신 30 · 확정봉 1679) 보유 10 신규 0/3 (일반 0/1) 대기 0 확인중 0 진입가능=슬롯 없음 미트리거 사유: 전일종가하회 20, 유지 4, VWAP하회 3, 저점근접 3
2026-09-30 11:51:30.593 | INFO     | stock_bot.swing.live:_eod_timer:765 - 1151 WS 연결 등록 40/40 재연결 3회 틱 152,079 (마지막 0초전) · 감시 30 (틱수신 30 · 확정봉 1707) 보유 10 신규 0/3 (일반 0/1) 대기 0 확인중 0 진입가능=슬롯 없음 미트리거 사유: 전일종가하회 20, 유지 4, VWAP하회 4, 저점근접 2
2026-09-30 11:54:30.663 | INFO     | stock_bot.swing.live:_eod_timer:765 - 1154 WS 연결 등록 40/40 재연결 3회 틱 153,693 (마지막 0초전) · 감시 30 (틱수신 30 · 확정봉 1739) 보유 10 신규 0/3 (일반 0/1) 대기 0 확인중 0 진입가능=슬롯 없음 미트리거 사유: 전일종가하회 20, 유지 4, VWAP하회 4, 저점근접 2
2026-09-30 11:57:32.070 | INFO     | stock_bot.swing.live:_eod_timer:765 - 1157 WS 연결 등록 40/40 재연결 3회 틱 155,420 (마지막 0초전) · 감시 30 (틱수신 30 · 확정봉 1769) 보유 10 신규 0/3 (일반 0/1) 대기 0 확인중 0 진입가능=슬롯 없음 미트리거 사유: 전일종가하회 20, VWAP하회 5, 유지 3, 저점근접 2
2026-09-30 12:00:01.612 | WARNING  | stock_bot.broker.kis_ws:run:342 - 연결 끊김(4회차): ConnectionClosedError no close frame received or sent — 접속 유지 3599초, 1초 후 재접속
2026-09-30 12:00:01.614 | WARNING  | stock_bot.swing.live:on_gap:289 - WS 끊김 — 재접속 먼저, REST 백필 40종목은 백그라운드
2026-09-30 12:00:03.345 | INFO     | stock_bot.broker.kis_ws:_session:360 - ws 접속 ws://ops.koreainvestment.com:31000 (40종목)
2026-09-30 12:00:03.870 | INFO     | stock_bot.broker.kis_ws:_register:265 - 등록 40/40건
2026-09-30 12:00:04.093 | INFO     | stock_bot.swing.live:on_tick:244 - WS 복구 — 틱 공백 2초
2026-09-30 12:00:32.128 | INFO     | stock_bot.swing.live:_eod_timer:765 - 1200 WS 연결 등록 40/40 재연결 4회 틱 157,095 (마지막 0초전) · 감시 30 (틱수신 30 · 확정봉 1797) 보유 10 신규 0/3 (일반 0/1) 대기 0 확인중 0 진입가능=슬롯 없음 미트리거 사유: 전일종가하회 20, VWAP하회 6, 유지 3, 저점근접 1
2026-09-30 12:02:55.714 | INFO     | stock_bot.swing.live:_backfill:323 - REST 백필 완료 40/40종목 (실패 0) — 틱 공백 2초 · 세션 고저 갱신
2026-09-30 12:03:34.159 | INFO     | stock_bot.swing.live:_eod_timer:765 - 1203 WS 연결 등록 40/40 재연결 4회 틱 158,737 (마지막 0초전) · 감시 30 (틱수신 30 · 확정봉 1830) 보유 10 신규 0/3 (일반 0/1) 대기 0 확인중 0 진입가능=슬롯 없음 미트리거 사유: 전일종가하회 20, VWAP하회 6, 유지 2, 저점근접 2
2026-09-30 12:06:36.881 | INFO     | stock_bot.swing.live:_eod_timer:765 - 1206 WS 연결 등록 40/40 재연결 4회 틱 160,455 (마지막 0초전) · 감시 30 (틱수신 30 · 확정봉 1860) 보유 10 신규 0/3 (일반 0/1) 대기 0 확인중 0 진입가능=슬롯 없음 미트리거 사유: 전일종가하회 19, VWAP하회 7, 유지 2, 저점근접 2
2026-09-30 12:09:37.185 | INFO     | stock_bot.swing.live:_eod_timer:765 - 1209 WS 연결 등록 40/40 재연결 4회 틱 162,070 (마지막 0초전) · 감시 30 (틱수신 30 · 확정봉 1888) 보유 10 신규 0/3 (일반 0/1) 대기 0 확인중 0 진입가능=슬롯 없음 미트리거 사유: 전일종가하회 20, VWAP하회 6, 유지 3, 저점근접 1
2026-09-30 12:12:37.250 | INFO     | stock_bot.swing.live:_eod_timer:765 - 1212 WS 연결 등록 40/40 재연결 4회 틱 163,713 (마지막 0초전) · 감시 30 (틱수신 30 · 확정봉 1920) 보유 10 신규 0/3 (일반 0/1) 대기 0 확인중 0 진입가능=슬롯 없음 미트리거 사유: 전일종가하회 20, VWAP하회 7, 유지 2, 저점근접 1
2026-09-30 12:15:37.659 | INFO     | stock_bot.swing.live:_eod_timer:765 - 1215 WS 연결 등록 40/40 재연결 4회 틱 165,387 (마지막 0초전) · 감시 30 (틱수신 30 · 확정봉 1949) 보유 10 신규 0/3 (일반 0/1) 대기 0 확인중 0 진입가능=슬롯 없음 미트리거 사유: 전일종가하회 20, VWAP하회 7, 유지 2, 저점근접 1
2026-09-30 12:18:37.712 | INFO     | stock_bot.swing.live:_eod_timer:765 - 1218 WS 연결 등록 40/40 재연결 4회 틱 166,972 (마지막 0초전) · 감시 30 (틱수신 30 · 확정봉 1979) 보유 10 신규 0/3 (일반 0/1) 대기 0 확인중 0 진입가능=슬롯 없음 미트리거 사유: 전일종가하회 20, VWAP하회 6, 유지 2, 저점근접 2
2026-09-30 12:21:37.775 | INFO     | stock_bot.swing.live:_eod_timer:765 - 1221 WS 연결 등록 40/40 재연결 4회 틱 168,583 (마지막 0초전) · 감시 30 (틱수신 30 · 확정봉 2009) 보유 10 신규 0/3 (일반 0/1) 대기 0 확인중 0 진입가능=슬롯 없음 미트리거 사유: 전일종가하회 20, VWAP하회 6, 유지 2, 저점근접 2
2026-09-30 12:24:37.856 | INFO     | stock_bot.swing.live:_eod_timer:765 - 1224 WS 연결 등록 40/40 재연결 4회 틱 170,055 (마지막 0초전) · 감시 30 (틱수신 30 · 확정봉 2037) 보유 10 신규 0/3 (일반 0/1) 대기 0 확인중 0 진입가능=슬롯 없음 미트리거 사유: 전일종가하회 20, VWAP하회 6, 유지 2, 저점근접 2
2026-09-30 12:27:37.914 | INFO     | stock_bot.swing.live:_eod_timer:765 - 1227 WS 연결 등록 40/40 재연결 4회 틱 171,614 (마지막 0초전) · 감시 30 (틱수신 30 · 확정봉 2070) 보유 10 신규 0/3 (일반 0/1) 대기 0 확인중 0 진입가능=슬롯 없음 미트리거 사유: 전일종가하회 19, VWAP하회 7, 유지 2, 저점근접 2
2026-09-30 12:30:38.007 | INFO     | stock_bot.swing.live:_eod_timer:765 - 1230 WS 연결 등록 40/40 재연결 4회 틱 173,125 (마지막 0초전) · 감시 30 (틱수신 30 · 확정봉 2098) 보유 10 신규 0/3 (일반 0/1) 대기 0 확인중 0 진입가능=슬롯 없음 미트리거 사유: 전일종가하회 19, VWAP하회 7, 유지 2, 저점근접 2
2026-09-30 12:33:38.785 | INFO     | stock_bot.swing.live:_eod_timer:765 - 1233 WS 연결 등록 40/40 재연결 4회 틱 174,639 (마지막 0초전) · 감시 30 (틱수신 30 · 확정봉 2128) 보유 10 신규 0/3 (일반 0/1) 대기 0 확인중 0 진입가능=슬롯 없음 미트리거 사유: 전일종가하회 19, VWAP하회 7, 유지 2, 저점근접 2
2026-09-30 12:36:38.850 | INFO     | stock_bot.swing.live:_eod_timer:765 - 1236 WS 연결 등록 40/40 재연결 4회 틱 176,291 (마지막 0초전) · 감시 30 (틱수신 30 · 확정봉 2157) 보유 10 신규 0/3 (일반 0/1) 대기 0 확인중 0 진입가능=슬롯 없음 미트리거 사유: 전일종가하회 18, VWAP하회 7, 유지 3, 저점근접 2
2026-09-30 12:39:38.902 | INFO     | stock_bot.swing.live:_eod_timer:765 - 1239 WS 연결 등록 40/40 재연결 4회 틱 177,875 (마지막 0초전) · 감시 30 (틱수신 30 · 확정봉 2189) 보유 10 신규 0/3 (일반 0/1) 대기 0 확인중 0 진입가능=슬롯 없음 미트리거 사유: 전일종가하회 18, VWAP하회 8, 유지 3, 저점근접 1
2026-09-30 12:42:38.962 | INFO     | stock_bot.swing.live:_eod_timer:765 - 1242 WS 연결 등록 40/40 재연결 4회 틱 179,654 (마지막 0초전) · 감시 30 (틱수신 30 · 확정봉 2220) 보유 10 신규 0/3 (일반 0/1) 대기 0 확인중 0 진입가능=슬롯 없음 미트리거 사유: 전일종가하회 19, VWAP하회 7, 유지 3, 저점근접 1
2026-09-30 12:45:39.022 | INFO     | stock_bot.swing.live:_eod_timer:765 - 1245 WS 연결 등록 40/40 재연결 4회 틱 181,314 (마지막 0초전) · 감시 30 (틱수신 30 · 확정봉 2248) 보유 10 신규 0/3 (일반 0/1) 대기 0 확인중 0 진입가능=슬롯 없음 미트리거 사유: 전일종가하회 19, VWAP하회 7, 유지 3, 저점근접 1
2026-09-30 12:48:39.081 | INFO     | stock_bot.swing.live:_eod_timer:765 - 1248 WS 연결 등록 40/40 재연결 4회 틱 183,020 (마지막 0초전) · 감시 30 (틱수신 30 · 확정봉 2278) 보유 10 신규 0/3 (일반 0/1) 대기 0 확인중 0 진입가능=슬롯 없음 미트리거 사유: 전일종가하회 18, VWAP하회 8, 유지 3, 저점근접 1
2026-09-30 12:51:39.155 | INFO     | stock_bot.swing.live:_eod_timer:765 - 1251 WS 연결 등록 40/40 재연결 4회 틱 184,756 (마지막 0초전) · 감시 30 (틱수신 30 · 확정봉 2310) 보유 10 신규 0/3 (일반 0/1) 대기 0 확인중 0 진입가능=슬롯 없음 미트리거 사유: 전일종가하회 18, VWAP하회 7, 유지 4, 저점근접 1
2026-09-30 12:54:39.220 | INFO     | stock_bot.swing.live:_eod_timer:765 - 1254 WS 연결 등록 40/40 재연결 4회 틱 186,477 (마지막 0초전) · 감시 30 (틱수신 30 · 확정봉 2338) 보유 10 신규 0/3 (일반 0/1) 대기 0 확인중 0 진입가능=슬롯 없음 미트리거 사유: 전일종가하회 18, VWAP하회 7, 유지 4, 저점근접 1
2026-09-30 12:57:39.278 | INFO     | stock_bot.swing.live:_eod_timer:765 - 1257 WS 연결 등록 40/40 재연결 4회 틱 188,433 (마지막 0초전) · 감시 30 (틱수신 30 · 확정봉 2369) 보유 10 신규 0/3 (일반 0/1) 대기 0 확인중 0 진입가능=슬롯 없음 미트리거 사유: 전일종가하회 18, VWAP하회 7, 유지 4, 저점근접 1
2026-09-30 13:00:01.611 | WARNING  | stock_bot.broker.kis_ws:run:342 - 연결 끊김(5회차): ConnectionClosedError no close frame received or sent — 접속 유지 3599초, 1초 후 재접속
2026-09-30 13:00:01.616 | WARNING  | stock_bot.swing.live:on_gap:289 - WS 끊김 — 재접속 먼저, REST 백필 40종목은 백그라운드
2026-09-30 13:00:05.770 | INFO     | stock_bot.broker.kis_ws:_session:360 - ws 접속 ws://ops.koreainvestment.com:31000 (40종목)
2026-09-30 13:00:06.096 | INFO     | stock_bot.swing.live:on_tick:244 - WS 복구 — 틱 공백 4초
2026-09-30 13:00:06.202 | INFO     | stock_bot.broker.kis_ws:_register:265 - 등록 40/40건
2026-09-30 13:00:40.807 | INFO     | stock_bot.swing.live:_eod_timer:765 - 1300 WS 연결 등록 40/40 재연결 5회 틱 190,430 (마지막 0초전) · 감시 30 (틱수신 30 · 확정봉 2400) 보유 10 신규 0/3 (일반 0/1) 대기 0 확인중 0 진입가능=슬롯 없음 미트리거 사유: 전일종가하회 18, VWAP하회 8, 유지 3, 저점근접 1
2026-09-30 13:01:35.303 | INFO     | stock_bot.swing.live:_backfill:323 - REST 백필 완료 40/40종목 (실패 0) — 틱 공백 4초 · 세션 고저 갱신
2026-09-30 13:03:40.861 | INFO     | stock_bot.swing.live:_eod_timer:765 - 1303 WS 연결 등록 40/40 재연결 5회 틱 192,159 (마지막 0초전) · 감시 30 (틱수신 30 · 확정봉 2430) 보유 10 신규 0/3 (일반 0/1) 대기 0 확인중 0 진입가능=슬롯 없음 미트리거 사유: 전일종가하회 18, VWAP하회 8, 유지 3, 저점근접 1
2026-09-30 13:06:40.917 | INFO     | stock_bot.swing.live:_eod_timer:765 - 1306 WS 연결 등록 40/40 재연결 5회 틱 193,915 (마지막 0초전) · 감시 30 (틱수신 30 · 확정봉 2460) 보유 10 신규 0/3 (일반 0/1) 대기 0 확인중 0 진입가능=슬롯 없음 미트리거 사유: 전일종가하회 18, VWAP하회 6, 유지 5, 저점근접 1
2026-09-30 13:09:40.976 | INFO     | stock_bot.swing.live:_eod_timer:765 - 1309 WS 연결 등록 40/40 재연결 5회 틱 195,640 (마지막 0초전) · 감시 30 (틱수신 30 · 확정봉 2489) 보유 10 신규 0/3 (일반 0/1) 대기 0 확인중 0 진입가능=슬롯 없음 미트리거 사유: 전일종가하회 18, VWAP하회 6, 유지 5, 저점근접 1
2026-09-30 13:12:41.030 | INFO     | stock_bot.swing.live:_eod_timer:765 - 1312 WS 연결 등록 40/40 재연결 5회 틱 197,501 (마지막 0초전) · 감시 30 (틱수신 30 · 확정봉 2519) 보유 10 신규 0/3 (일반 0/1) 대기 0 확인중 0 진입가능=슬롯 없음 미트리거 사유: 전일종가하회 18, VWAP하회 6, 유지 5, 저점근접 1
2026-09-30 13:15:41.085 | INFO     | stock_bot.swing.live:_eod_timer:765 - 1315 WS 연결 등록 40/40 재연결 5회 틱 199,385 (마지막 0초전) · 감시 30 (틱수신 30 · 확정봉 2550) 보유 10 신규 0/3 (일반 0/1) 대기 0 확인중 0 진입가능=슬롯 없음 미트리거 사유: 전일종가하회 18, VWAP하회 6, 유지 5, 저점근접 1
2026-09-30 13:18:41.137 | INFO     | stock_bot.swing.live:_eod_timer:765 - 1318 WS 연결 등록 40/40 재연결 5회 틱 201,238 (마지막 0초전) · 감시 30 (틱수신 30 · 확정봉 2580) 보유 10 신규 0/3 (일반 0/1) 대기 0 확인중 0 진입가능=슬롯 없음 미트리거 사유: 전일종가하회 18, VWAP하회 7, 유지 4, 저점근접 1
2026-09-30 13:21:41.189 | INFO     | stock_bot.swing.live:_eod_timer:765 - 1321 WS 연결 등록 40/40 재연결 5회 틱 203,180 (마지막 0초전) · 감시 30 (틱수신 30 · 확정봉 2607) 보유 10 신규 0/3 (일반 0/1) 대기 0 확인중 0 진입가능=슬롯 없음 미트리거 사유: 전일종가하회 18, VWAP하회 7, 유지 5
2026-09-30 13:24:41.245 | INFO     | stock_bot.swing.live:_eod_timer:765 - 1324 WS 연결 등록 40/40 재연결 5회 틱 205,044 (마지막 0초전) · 감시 30 (틱수신 30 · 확정봉 2640) 보유 10 신규 0/3 (일반 0/1) 대기 0 확인중 0 진입가능=슬롯 없음 미트리거 사유: 전일종가하회 18, VWAP하회 7, 유지 4, 저점근접 1
2026-09-30 13:27:41.292 | INFO     | stock_bot.swing.live:_eod_timer:765 - 1327 WS 연결 등록 40/40 재연결 5회 틱 207,153 (마지막 0초전) · 감시 30 (틱수신 30 · 확정봉 2669) 보유 10 신규 0/3 (일반 0/1) 대기 0 확인중 0 진입가능=슬롯 없음 미트리거 사유: 전일종가하회 18, VWAP하회 7, 유지 4, 저점근접 1
2026-09-30 13:30:41.341 | INFO     | stock_bot.swing.live:_eod_timer:765 - 1330 WS 연결 등록 40/40 재연결 5회 틱 209,184 (마지막 0초전) · 감시 30 (틱수신 30 · 확정봉 2699) 보유 10 신규 0/3 (일반 0/1) 대기 0 확인중 0 진입가능=슬롯 없음 미트리거 사유: 전일종가하회 18, VWAP하회 8, 유지 4
2026-09-30 13:33:41.533 | INFO     | stock_bot.swing.live:_eod_timer:765 - 1333 WS 연결 등록 40/40 재연결 5회 틱 211,291 (마지막 0초전) · 감시 30 (틱수신 30 · 확정봉 2730) 보유 10 신규 0/3 (일반 0/1) 대기 0 확인중 0 진입가능=슬롯 없음 미트리거 사유: 전일종가하회 18, VWAP하회 8, 유지 4
2026-09-30 13:36:41.586 | INFO     | stock_bot.swing.live:_eod_timer:765 - 1336 WS 연결 등록 40/40 재연결 5회 틱 213,456 (마지막 0초전) · 감시 30 (틱수신 30 · 확정봉 2760) 보유 10 신규 0/3 (일반 0/1) 대기 0 확인중 0 진입가능=슬롯 없음 미트리거 사유: 전일종가하회 18, 유지 6, VWAP하회 6
2026-09-30 13:39:41.642 | INFO     | stock_bot.swing.live:_eod_timer:765 - 1339 WS 연결 등록 40/40 재연결 5회 틱 215,459 (마지막 0초전) · 감시 30 (틱수신 30 · 확정봉 2790) 보유 10 신규 0/3 (일반 0/1) 대기 0 확인중 0 진입가능=슬롯 없음 미트리거 사유: 전일종가하회 18, VWAP하회 7, 유지 5
2026-09-30 13:42:41.696 | INFO     | stock_bot.swing.live:_eod_timer:765 - 1342 WS 연결 등록 40/40 재연결 5회 틱 217,700 (마지막 0초전) · 감시 30 (틱수신 30 · 확정봉 2820) 보유 10 신규 0/3 (일반 0/1) 대기 0 확인중 0 진입가능=슬롯 없음 미트리거 사유: 전일종가하회 18, VWAP하회 7, 유지 5
2026-09-30 13:45:41.748 | INFO     | stock_bot.swing.live:_eod_timer:765 - 1345 WS 연결 등록 40/40 재연결 5회 틱 219,803 (마지막 0초전) · 감시 30 (틱수신 30 · 확정봉 2850) 보유 10 신규 0/3 (일반 0/1) 대기 0 확인중 0 진입가능=슬롯 없음 미트리거 사유: 전일종가하회 18, VWAP하회 8, 유지 4
2026-09-30 13:48:41.804 | INFO     | stock_bot.swing.live:_eod_timer:765 - 1348 WS 연결 등록 40/40 재연결 5회 틱 221,947 (마지막 0초전) · 감시 30 (틱수신 30 · 확정봉 2879) 보유 10 신규 0/3 (일반 0/1) 대기 0 확인중 0 진입가능=슬롯 없음 미트리거 사유: 전일종가하회 18, VWAP하회 9, 유지 3
2026-09-30 13:51:41.871 | INFO     | stock_bot.swing.live:_eod_timer:765 - 1351 WS 연결 등록 40/40 재연결 5회 틱 224,161 (마지막 0초전) · 감시 30 (틱수신 30 · 확정봉 2910) 보유 10 신규 0/3 (일반 0/1) 대기 0 확인중 0 진입가능=슬롯 없음 미트리거 사유: 전일종가하회 18, VWAP하회 7, 유지 3, 저점근접 2
2026-09-30 13:54:41.929 | INFO     | stock_bot.swing.live:_eod_timer:765 - 1354 WS 연결 등록 40/40 재연결 5회 틱 226,179 (마지막 0초전) · 감시 30 (틱수신 30 · 확정봉 2939) 보유 10 신규 0/3 (일반 0/1) 대기 0 확인중 0 진입가능=슬롯 없음 미트리거 사유: 전일종가하회 18, VWAP하회 8, 유지 3, 저점근접 1
2026-09-30 13:57:41.989 | INFO     | stock_bot.swing.live:_eod_timer:765 - 1357 WS 연결 등록 40/40 재연결 5회 틱 228,390 (마지막 0초전) · 감시 30 (틱수신 30 · 확정봉 2970) 보유 10 신규 0/3 (일반 0/1) 대기 0 확인중 0 진입가능=슬롯 없음 미트리거 사유: 전일종가하회 18, VWAP하회 8, 유지 2, 저점근접 2
2026-09-30 14:00:01.568 | WARNING  | stock_bot.broker.kis_ws:run:342 - 연결 끊김(6회차): ConnectionClosedError no close frame received or sent — 접속 유지 3599초, 1초 후 재접속
2026-09-30 14:00:01.569 | WARNING  | stock_bot.swing.live:on_gap:289 - WS 끊김 — 재접속 먼저, REST 백필 40종목은 백그라운드
2026-09-30 14:00:05.342 | INFO     | stock_bot.broker.kis_ws:_session:360 - ws 접속 ws://ops.koreainvestment.com:31000 (40종목)
2026-09-30 14:00:05.570 | INFO     | stock_bot.swing.live:on_tick:244 - WS 복구 — 틱 공백 4초
2026-09-30 14:00:05.753 | INFO     | stock_bot.broker.kis_ws:_register:265 - 등록 40/40건
2026-09-30 14:00:42.049 | INFO     | stock_bot.swing.live:_eod_timer:765 - 1400 WS 연결 등록 40/40 재연결 6회 틱 230,656 (마지막 0초전) · 감시 30 (틱수신 30 · 확정봉 3000) 보유 10 신규 0/3 (일반 0/1) 대기 0 확인중 0 진입가능=슬롯 없음 미트리거 사유: 전일종가하회 19, VWAP하회 5, 유지 4, 저점근접 2
2026-09-30 14:03:27.413 | INFO     | stock_bot.swing.live:_backfill:323 - REST 백필 완료 40/40종목 (실패 0) — 틱 공백 4초 · 세션 고저 갱신
2026-09-30 14:03:42.109 | INFO     | stock_bot.swing.live:_eod_timer:765 - 1403 WS 연결 등록 40/40 재연결 6회 틱 232,925 (마지막 0초전) · 감시 30 (틱수신 30 · 확정봉 3030) 보유 10 신규 0/3 (일반 0/1) 대기 0 확인중 0 진입가능=슬롯 없음 미트리거 사유: 전일종가하회 19, VWAP하회 5, 유지 3, 저점근접 3
2026-09-30 14:06:42.166 | INFO     | stock_bot.swing.live:_eod_timer:765 - 1406 WS 연결 등록 40/40 재연결 6회 틱 235,330 (마지막 0초전) · 감시 30 (틱수신 30 · 확정봉 3060) 보유 10 신규 0/3 (일반 0/1) 대기 0 확인중 0 진입가능=슬롯 없음 미트리거 사유: 전일종가하회 19, VWAP하회 6, 저점근접 3, 유지 2
2026-09-30 14:09:42.216 | INFO     | stock_bot.swing.live:_eod_timer:765 - 1409 WS 연결 등록 40/40 재연결 6회 틱 237,674 (마지막 0초전) · 감시 30 (틱수신 30 · 확정봉 3090) 보유 10 신규 0/3 (일반 0/1) 대기 0 확인중 0 진입가능=슬롯 없음 미트리거 사유: 전일종가하회 20, VWAP하회 5, 저점근접 3, 유지 2
2026-09-30 14:12:42.266 | INFO     | stock_bot.swing.live:_eod_timer:765 - 1412 WS 연결 등록 40/40 재연결 6회 틱 240,019 (마지막 0초전) · 감시 30 (틱수신 30 · 확정봉 3120) 보유 10 신규 0/3 (일반 0/1) 대기 0 확인중 0 진입가능=슬롯 없음 미트리거 사유: 전일종가하회 20, VWAP하회 5, 저점근접 3, 유지 2
2026-09-30 14:15:42.318 | INFO     | stock_bot.swing.live:_eod_timer:765 - 1415 WS 연결 등록 40/40 재연결 6회 틱 242,494 (마지막 0초전) · 감시 30 (틱수신 30 · 확정봉 3150) 보유 10 신규 0/3 (일반 0/1) 대기 0 확인중 0 진입가능=슬롯 없음 미트리거 사유: 전일종가하회 20, VWAP하회 5, 저점근접 3, 유지 2
2026-09-30 14:18:42.376 | INFO     | stock_bot.swing.live:_eod_timer:765 - 1418 WS 연결 등록 40/40 재연결 6회 틱 245,036 (마지막 0초전) · 감시 30 (틱수신 30 · 확정봉 3180) 보유 10 신규 0/3 (일반 0/1) 대기 0 확인중 0 진입가능=슬롯 없음 미트리거 사유: 전일종가하회 20, VWAP하회 5, 저점근접 3, 유지 2
2026-09-30 14:21:42.423 | INFO     | stock_bot.swing.live:_eod_timer:765 - 1421 WS 연결 등록 40/40 재연결 6회 틱 247,494 (마지막 0초전) · 감시 30 (틱수신 30 · 확정봉 3209) 보유 10 신규 0/3 (일반 0/1) 대기 0 확인중 0 진입가능=슬롯 없음 미트리거 사유: 전일종가하회 21, VWAP하회 6, 저점근접 2, 유지 1
2026-09-30 14:24:42.473 | INFO     | stock_bot.swing.live:_eod_timer:765 - 1424 WS 연결 등록 40/40 재연결 6회 틱 249,961 (마지막 0초전) · 감시 30 (틱수신 30 · 확정봉 3240) 보유 10 신규 0/3 (일반 0/1) 대기 0 확인중 0 진입가능=슬롯 없음 미트리거 사유: 전일종가하회 20, VWAP하회 5, 저점근접 3, 유지 2
2026-09-30 14:27:42.529 | INFO     | stock_bot.swing.live:_eod_timer:765 - 1427 WS 연결 등록 40/40 재연결 6회 틱 252,511 (마지막 0초전) · 감시 30 (틱수신 30 · 확정봉 3269) 보유 10 신규 0/3 (일반 0/1) 대기 0 확인중 0 진입가능=슬롯 없음 미트리거 사유: 전일종가하회 21, VWAP하회 5, 유지 2, 저점근접 2
2026-09-30 14:30:42.581 | INFO     | stock_bot.swing.live:_eod_timer:765 - 1430 WS 연결 등록 40/40 재연결 6회 틱 255,068 (마지막 0초전) · 감시 30 (틱수신 30 · 확정봉 3299) 보유 10 신규 0/3 (일반 0/1) 대기 0 확인중 0 진입가능=슬롯 없음 미트리거 사유: 전일종가하회 20, VWAP하회 5, 저점근접 3, 유지 2
2026-09-30 14:33:42.629 | INFO     | stock_bot.swing.live:_eod_timer:765 - 1433 WS 연결 등록 40/40 재연결 6회 틱 257,692 (마지막 0초전) · 감시 30 (틱수신 30 · 확정봉 3329) 보유 10 신규 0/3 (일반 0/1) 대기 0 확인중 0 진입가능=슬롯 없음 미트리거 사유: 전일종가하회 20, 유지 4, VWAP하회 4, 저점근접 2
2026-09-30 14:36:42.685 | INFO     | stock_bot.swing.live:_eod_timer:765 - 1436 WS 연결 등록 40/40 재연결 6회 틱 260,284 (마지막 0초전) · 감시 30 (틱수신 30 · 확정봉 3358) 보유 10 신규 0/3 (일반 0/1) 대기 0 확인중 0 진입가능=슬롯 없음 미트리거 사유: 전일종가하회 20, 유지 4, VWAP하회 4, 저점근접 2
2026-09-30 14:39:42.735 | INFO     | stock_bot.swing.live:_eod_timer:765 - 1439 WS 연결 등록 40/40 재연결 6회 틱 262,958 (마지막 0초전) · 감시 30 (틱수신 30 · 확정봉 3390) 보유 10 신규 0/3 (일반 0/1) 대기 0 확인중 0 진입가능=슬롯 없음 미트리거 사유: 전일종가하회 20, VWAP하회 5, 유지 4, 저점근접 1
2026-09-30 14:42:42.787 | INFO     | stock_bot.swing.live:_eod_timer:765 - 1442 WS 연결 등록 40/40 재연결 6회 틱 265,711 (마지막 0초전) · 감시 30 (틱수신 30 · 확정봉 3420) 보유 10 신규 0/3 (일반 0/1) 대기 0 확인중 0 진입가능=슬롯 없음 미트리거 사유: 전일종가하회 20, VWAP하회 6, 유지 3, 저점근접 1
2026-09-30 14:45:42.837 | INFO     | stock_bot.swing.live:_eod_timer:765 - 1445 WS 연결 등록 40/40 재연결 6회 틱 268,602 (마지막 0초전) · 감시 30 (틱수신 30 · 확정봉 3449) 보유 10 신규 0/3 (일반 0/1) 대기 0 확인중 0 진입가능=슬롯 없음 미트리거 사유: 전일종가하회 20, VWAP하회 5, 유지 4, 저점근접 1
2026-09-30 14:48:42.899 | INFO     | stock_bot.swing.live:_eod_timer:765 - 1448 WS 연결 등록 40/40 재연결 6회 틱 271,475 (마지막 0초전) · 감시 30 (틱수신 30 · 확정봉 3479) 보유 10 신규 0/3 (일반 0/1) 대기 0 확인중 0 진입가능=슬롯 없음 미트리거 사유: 전일종가하회 20, VWAP하회 5, 유지 3, 저점근접 2
2026-09-30 14:51:42.956 | INFO     | stock_bot.swing.live:_eod_timer:765 - 1451 WS 연결 등록 40/40 재연결 6회 틱 274,506 (마지막 0초전) · 감시 30 (틱수신 30 · 확정봉 3509) 보유 10 신규 0/3 (일반 0/1) 대기 0 확인중 0 진입가능=슬롯 없음 미트리거 사유: 전일종가하회 20, VWAP하회 6, 유지 3, 저점근접 1
2026-09-30 14:54:43.016 | INFO     | stock_bot.swing.live:_eod_timer:765 - 1454 WS 연결 등록 40/40 재연결 6회 틱 277,503 (마지막 0초전) · 감시 30 (틱수신 30 · 확정봉 3537) 보유 10 신규 0/3 (일반 0/1) 대기 0 확인중 0 진입가능=슬롯 없음 미트리거 사유: 전일종가하회 20, VWAP하회 6, 유지 3, 저점근접 1
2026-09-30 14:57:43.072 | INFO     | stock_bot.swing.live:_eod_timer:765 - 1457 WS 연결 등록 40/40 재연결 6회 틱 280,580 (마지막 0초전) · 감시 30 (틱수신 30 · 확정봉 3569) 보유 10 신규 0/3 (일반 0/1) 대기 0 확인중 0 진입가능=슬롯 없음 미트리거 사유: 전일종가하회 20, VWAP하회 7, 유지 3
2026-09-30 15:00:01.586 | WARNING  | stock_bot.broker.kis_ws:run:342 - 연결 끊김(7회차): ConnectionClosedError no close frame received or sent — 접속 유지 3599초, 1초 후 재접속
2026-09-30 15:00:01.587 | WARNING  | stock_bot.swing.live:on_gap:289 - WS 끊김 — 재접속 먼저, REST 백필 40종목은 백그라운드
2026-09-30 15:00:10.134 | INFO     | stock_bot.broker.kis_ws:_session:360 - ws 접속 ws://ops.koreainvestment.com:31000 (40종목)
2026-09-30 15:00:10.240 | INFO     | stock_bot.swing.live:on_tick:244 - WS 복구 — 틱 공백 9초
2026-09-30 15:00:10.568 | INFO     | stock_bot.broker.kis_ws:_register:265 - 등록 40/40건
2026-09-30 15:00:45.158 | INFO     | stock_bot.swing.live:_eod_timer:765 - 1500 WS 연결 등록 40/40 재연결 7회 틱 283,664 (마지막 0초전) · 감시 30 (틱수신 30 · 확정봉 3600) 보유 10 신규 0/3 (일반 0/1) 대기 0 확인중 0 진입가능=슬롯 없음 미트리거 사유: 전일종가하회 20, VWAP하회 6, 유지 4
2026-09-30 15:02:02.798 | INFO     | stock_bot.swing.live:_backfill:323 - REST 백필 완료 40/40종목 (실패 0) — 틱 공백 9초 · 세션 고저 갱신
2026-09-30 15:03:45.204 | INFO     | stock_bot.swing.live:_eod_timer:765 - 1503 WS 연결 등록 40/40 재연결 7회 틱 286,598 (마지막 0초전) · 감시 30 (틱수신 30 · 확정봉 3629) 보유 10 신규 0/3 (일반 0/1) 대기 0 확인중 0 진입가능=슬롯 없음 미트리거 사유: 전일종가하회 20, VWAP하회 7, 유지 3
2026-09-30 15:06:45.256 | INFO     | stock_bot.swing.live:_eod_timer:765 - 1506 WS 연결 등록 40/40 재연결 7회 틱 289,480 (마지막 0초전) · 감시 30 (틱수신 30 · 확정봉 3660) 보유 10 신규 0/3 (일반 0/1) 대기 0 확인중 0 진입가능=슬롯 없음 미트리거 사유: 전일종가하회 20, VWAP하회 6, 유지 4
2026-09-30 15:09:45.305 | INFO     | stock_bot.swing.live:_eod_timer:765 - 1509 WS 연결 등록 40/40 재연결 7회 틱 292,390 (마지막 0초전) · 감시 30 (틱수신 30 · 확정봉 3690) 보유 10 신규 0/3 (일반 0/1) 대기 0 확인중 0 진입가능=슬롯 없음 미트리거 사유: 전일종가하회 20, VWAP하회 6, 유지 3, 저점근접 1
2026-09-30 15:12:45.355 | INFO     | stock_bot.swing.live:_eod_timer:765 - 1512 WS 연결 등록 40/40 재연결 7회 틱 295,456 (마지막 0초전) · 감시 30 (틱수신 30 · 확정봉 3720) 보유 10 신규 0/3 (일반 0/1) 대기 0 확인중 0 진입가능=슬롯 없음 미트리거 사유: 전일종가하회 20, VWAP하회 5, 유지 4, 저점근접 1
2026-09-30 15:15:45.402 | INFO     | stock_bot.swing.live:_eod_timer:765 - 1515 WS 연결 등록 40/40 재연결 7회 틱 298,682 (마지막 0초전) · 감시 30 (틱수신 30 · 확정봉 3750) 보유 10 신규 0/3 (일반 0/1) 대기 0 확인중 0 진입가능=시간후 미트리거 사유: 전일종가하회 19, 유지 6, VWAP하회 5
2026-09-30 15:18:00.395 | INFO     | stock_bot.swing.live:_note:445 - 트리거 감지 003490 MOMENTUM 유지 @31,950 → 미진입: 시간후
2026-09-30 15:18:00.416 | INFO     | stock_bot.swing.live:_note:445 - 트리거 감지 092870 MOMENTUM 유지 @48,900 → 미진입: 시간후
2026-09-30 15:18:00.622 | INFO     | stock_bot.swing.live:_note:445 - 트리거 감지 010950 MOMENTUM 유지 @161,900 → 미진입: 시간후
2026-09-30 15:18:00.640 | INFO     | stock_bot.swing.live:_note:445 - 트리거 감지 425420 MOMENTUM 유지 @63,800 → 미진입: 시간후
2026-09-30 15:18:01.689 | INFO     | stock_bot.swing.live:_note:445 - 트리거 감지 059090 FLOW_BOTH 유지 @23,150 → 미진입: 시간후
2026-09-30 15:18:01.889 | INFO     | stock_bot.swing.live:_note:445 - 트리거 감지 036540 MOMENTUM 유지 @10,750 → 미진입: 시간후
2026-09-30 15:18:45.456 | INFO     | stock_bot.swing.live:_eod_timer:765 - 1518 WS 연결 등록 40/40 재연결 7회 틱 301,801 (마지막 0초전) · 감시 30 (틱수신 30 · 확정봉 3780) 보유 10 신규 0/3 (일반 0/1) 대기 0 확인중 0 진입가능=시간후 미트리거 사유: 전일종가하회 19, 유지 6, VWAP하회 4, 저점근접 1
2026-09-30 15:20:00.475 | INFO     | stock_bot.swing.live:eod:673 - 15:20 마감 판정 — 보유 10
2026-09-30 15:20:15.041 | INFO     | stock_bot.swing.live:eod:703 - 마감 요약: WS 연결 등록 40/40 재연결 7회 틱 303,193 (마지막 15초전) · 감시 30 (틱수신 30 · 확정봉 3780) 보유 10 신규 0/3 (일반 0/1) 대기 0 확인중 0 진입가능=시간후 미트리거 사유: 전일종가하회 19, 유지 6, VWAP하회 4, 저점근접 1
2026-09-30 15:31:00.563 | INFO     | stock_bot.swing.live:run:819 - WS 종료 1531 — WS 연결 등록 40/40 재연결 7회 틱 303,233 (마지막 30초전)
2026-09-30 15:46:04.225 | INFO     | stock_bot.live.runner:_is_trading_day:661 - 거래일 판정 2026-09-30 → 거래일 (출처: exchange_calendars)
2026-09-30 15:52:00.387 | INFO     | stock_bot.swing.collector:collect_daily:494 - collect_daily 100/2771 ok=100 fail=0 329s
2026-09-30 15:58:23.333 | INFO     | stock_bot.swing.collector:collect_daily:494 - collect_daily 200/2771 ok=200 fail=0 712s
2026-09-30 16:05:40.122 | INFO     | stock_bot.swing.collector:collect_daily:494 - collect_daily 300/2771 ok=300 fail=0 1149s
2026-09-30 16:11:51.298 | INFO     | stock_bot.swing.collector:collect_daily:494 - collect_daily 400/2771 ok=400 fail=0 1520s
2026-09-30 16:18:47.454 | INFO     | stock_bot.swing.collector:collect_daily:494 - collect_daily 500/2771 ok=500 fail=0 1936s
2026-09-30 16:24:39.555 | INFO     | stock_bot.swing.collector:collect_daily:494 - collect_daily 600/2771 ok=600 fail=0 2288s
2026-09-30 16:31:36.883 | INFO     | stock_bot.swing.collector:collect_daily:494 - collect_daily 700/2771 ok=700 fail=0 2705s
2026-09-30 16:37:52.677 | INFO     | stock_bot.swing.collector:collect_daily:494 - collect_daily 800/2771 ok=800 fail=0 3081s
2026-09-30 16:44:22.560 | INFO     | stock_bot.swing.collector:collect_daily:494 - collect_daily 900/2771 ok=900 fail=0 3471s
2026-09-30 16:50:08.064 | INFO     | stock_bot.swing.collector:collect_daily:494 - collect_daily 1000/2771 ok=1000 fail=0 3817s
2026-09-30 16:56:00.775 | INFO     | stock_bot.swing.collector:collect_daily:494 - collect_daily 1100/2771 ok=1100 fail=0 4169s
2026-09-30 17:01:48.674 | INFO     | stock_bot.swing.collector:collect_daily:494 - collect_daily 1200/2771 ok=1200 fail=0 4517s
2026-09-30 17:08:27.394 | INFO     | stock_bot.swing.collector:collect_daily:494 - collect_daily 1300/2771 ok=1300 fail=0 4916s
2026-09-30 17:17:41.591 | INFO     | stock_bot.swing.collector:collect_daily:494 - collect_daily 1400/2771 ok=1400 fail=0 5470s
2026-09-30 17:24:57.369 | INFO     | stock_bot.swing.collector:collect_daily:494 - collect_daily 1500/2771 ok=1500 fail=0 5906s
2026-09-30 17:31:07.199 | INFO     | stock_bot.swing.collector:collect_daily:494 - collect_daily 1600/2771 ok=1600 fail=0 6276s
2026-09-30 17:37:23.164 | INFO     | stock_bot.swing.collector:collect_daily:494 - collect_daily 1700/2771 ok=1700 fail=0 6652s
2026-09-30 17:43:47.167 | INFO     | stock_bot.swing.collector:collect_daily:494 - collect_daily 1800/2771 ok=1800 fail=0 7036s
2026-09-30 17:49:28.266 | INFO     | stock_bot.swing.collector:collect_daily:494 - collect_daily 1900/2771 ok=1900 fail=0 7377s
2026-09-30 17:55:21.447 | INFO     | stock_bot.swing.collector:collect_daily:494 - collect_daily 2000/2771 ok=2000 fail=0 7730s
2026-09-30 18:01:01.318 | INFO     | stock_bot.swing.collector:collect_daily:494 - collect_daily 2100/2771 ok=2100 fail=0 8070s
2026-09-30 18:08:00.176 | INFO     | stock_bot.swing.collector:collect_daily:494 - collect_daily 2200/2771 ok=2200 fail=0 8489s
2026-09-30 18:13:12.998 | INFO     | stock_bot.swing.collector:collect_daily:494 - collect_daily 2300/2771 ok=2300 fail=0 8802s
2026-09-30 18:18:12.073 | INFO     | stock_bot.swing.collector:collect_daily:494 - collect_daily 2400/2771 ok=2400 fail=0 9101s
2026-09-30 18:24:39.467 | INFO     | stock_bot.swing.collector:collect_daily:494 - collect_daily 2500/2771 ok=2500 fail=0 9488s
2026-09-30 18:29:54.048 | INFO     | stock_bot.swing.collector:collect_daily:494 - collect_daily 2600/2771 ok=2600 fail=0 9803s
2026-09-30 18:36:43.952 | INFO     | stock_bot.swing.collector:collect_daily:494 - collect_daily 2700/2771 ok=2700 fail=0 10213s
2026-09-30 18:48:11.114 | INFO     | stock_bot.swing.daily_scan:scan:127 - scan 20260930: panel 2750종목, strategies=['NEWHIGH', 'MOMENTUM', 'FLOW_PULLBACK', 'FLOW_FORGN', 'FLOW_INST', 'FLOW_BOTH', 'MEANREV', 'GAPGO'], trend=False
2026-09-30 19:06:55.576 | INFO     | stock_bot.swing.daily_scan:run_nightly_scan:321 - scan 20260930: 신호 3440건(게이트통과 417), 후보 풀 50 (풀 밖 263) → 축 하한 20 탈락 16 → 감시 34(예비 4 포함)종목
2026-09-30 19:06:55.600 | INFO     | stock_bot.swing.daily_scan:run_nightly_scan:326 - 축 채움률: setup 100% / value 97% / quality 97% / growth 97% / flow 100% / liq 100% / prog 100%
2026-09-30 19:06:55.609 | INFO     | __main__:main:107 - nightly 20260930 ok: universe=2766 | collect ok=2771 fail=0 skipped=0 | index+1 | complete=2766/2771 (100%) | signals=3440 watch=34 | 12051s
