2026-09-18 15:51:08.545 | INFO     | stock_bot.swing.collector:collect_daily:487 - collect_daily 100/2764 ok=100 fail=0 321s
2026-09-18 15:56:13.331 | INFO     | stock_bot.swing.collector:collect_daily:487 - collect_daily 200/2764 ok=200 fail=0 626s
2026-09-18 16:01:15.723 | INFO     | stock_bot.swing.collector:collect_daily:487 - collect_daily 300/2764 ok=300 fail=0 929s
2026-09-18 16:06:24.403 | INFO     | stock_bot.swing.collector:collect_daily:487 - collect_daily 400/2764 ok=400 fail=0 1237s
2026-09-18 16:11:27.412 | INFO     | stock_bot.swing.collector:collect_daily:487 - collect_daily 500/2764 ok=500 fail=0 1540s
2026-09-18 16:16:32.020 | INFO     | stock_bot.swing.collector:collect_daily:487 - collect_daily 600/2764 ok=600 fail=0 1845s
2026-09-18 16:21:33.801 | INFO     | stock_bot.swing.collector:collect_daily:487 - collect_daily 700/2764 ok=700 fail=0 2147s
2026-09-18 16:26:37.544 | INFO     | stock_bot.swing.collector:collect_daily:487 - collect_daily 800/2764 ok=800 fail=0 2450s
2026-09-18 16:32:02.582 | INFO     | stock_bot.swing.collector:collect_daily:487 - collect_daily 900/2764 ok=900 fail=0 2775s
2026-09-18 16:37:40.513 | INFO     | stock_bot.swing.collector:collect_daily:487 - collect_daily 1000/2764 ok=1000 fail=0 3113s
2026-09-18 16:42:41.452 | INFO     | stock_bot.swing.collector:collect_daily:487 - collect_daily 1100/2764 ok=1100 fail=0 3414s
2026-09-18 16:47:49.772 | INFO     | stock_bot.swing.collector:collect_daily:487 - collect_daily 1200/2764 ok=1200 fail=0 3723s
2026-09-18 16:53:26.851 | INFO     | stock_bot.swing.collector:collect_daily:487 - collect_daily 1300/2764 ok=1300 fail=0 4060s
2026-09-18 16:58:27.865 | INFO     | stock_bot.swing.collector:collect_daily:487 - collect_daily 1400/2764 ok=1400 fail=0 4361s
2026-09-18 17:03:29.421 | INFO     | stock_bot.swing.collector:collect_daily:487 - collect_daily 1500/2764 ok=1500 fail=0 4662s
2026-09-18 17:08:34.489 | INFO     | stock_bot.swing.collector:collect_daily:487 - collect_daily 1600/2764 ok=1600 fail=0 4967s
2026-09-18 17:13:35.408 | INFO     | stock_bot.swing.collector:collect_daily:487 - collect_daily 1700/2764 ok=1700 fail=0 5268s
2026-09-18 17:18:37.314 | INFO     | stock_bot.swing.collector:collect_daily:487 - collect_daily 1800/2764 ok=1800 fail=0 5570s
2026-09-18 17:23:39.446 | INFO     | stock_bot.swing.collector:collect_daily:487 - collect_daily 1900/2764 ok=1900 fail=0 5872s
2026-09-18 17:28:43.848 | INFO     | stock_bot.swing.collector:collect_daily:487 - collect_daily 2000/2764 ok=2000 fail=0 6177s
2026-09-18 17:34:31.556 | INFO     | stock_bot.swing.collector:collect_daily:487 - collect_daily 2100/2764 ok=2100 fail=0 6524s
2026-09-18 17:40:31.170 | INFO     | stock_bot.swing.collector:collect_daily:487 - collect_daily 2200/2764 ok=2200 fail=0 6884s
2026-09-18 17:45:52.787 | INFO     | stock_bot.swing.collector:collect_daily:487 - collect_daily 2300/2764 ok=2300 fail=0 7206s
2026-09-18 17:50:58.829 | INFO     | stock_bot.swing.collector:collect_daily:487 - collect_daily 2400/2764 ok=2400 fail=0 7512s
2026-09-18 17:56:03.037 | INFO     | stock_bot.swing.collector:collect_daily:487 - collect_daily 2500/2764 ok=2500 fail=0 7816s
2026-09-18 18:01:06.206 | INFO     | stock_bot.swing.collector:collect_daily:487 - collect_daily 2600/2764 ok=2600 fail=0 8119s
2026-09-18 18:06:34.086 | INFO     | stock_bot.swing.collector:collect_daily:487 - collect_daily 2700/2764 ok=2700 fail=0 8447s
2026-09-18 18:14:22.333 | INFO     | stock_bot.swing.daily_scan:scan:116 - scan 20260918: panel 2746종목, strategies=ALL, trend=False
2026-09-18 18:34:38.855 | INFO     | stock_bot.swing.daily_scan:run_nightly_scan:239 - scan 20260918: 신호 1397건(게이트통과 253), 감시 30종목
2026-09-18 18:34:38.868 | INFO     | stock_bot.swing.daily_scan:run_nightly_scan:242 - 축 채움률: setup 100% / value 98% / quality 98% / growth 98% / flow 100% / liq 100% / prog 100%
2026-09-18 18:34:38.872 | INFO     | __main__:main:66 - nightly 20260918 ok: universe=2762 | collect ok=2764 fail=0 skipped=0 | index+1 | complete=2762/2764 (100%) | signals=1397 watch=30 | 10158s
