2026-09-23 08:50:20.762 | INFO     | stock_bot.swing.live:_recover_positions:164 - 보유 복구 041830 MEANREV 100주 @57,425 손절 45,940 익절 64,316 (진입 20260916) 규칙 stop20/tp0/trail0>0/t30/ma0
2026-09-23 08:50:20.764 | INFO     | stock_bot.swing.live:_recover_positions:164 - 보유 복구 004800 VALUE_PURE 64주 @155,423 손절 124,338 익절 174,074 (진입 20260916) 규칙 stop20/tp0/trail0>0/t30/ma0
2026-09-23 08:50:20.766 | INFO     | stock_bot.swing.live:_recover_positions:164 - 보유 복구 078930 MEANREV 86주 @115,130 손절 92,104 익절 128,946 (진입 20260917) 규칙 stop20/tp0/trail0>0/t30/ma0
2026-09-23 08:50:20.767 | INFO     | stock_bot.swing.live:_recover_positions:164 - 보유 복구 001450 FLOW_FORGN 198주 @50,709 손절 40,567 익절 56,794 (진입 20260917) 규칙 stop20/tp0/trail0>0/t30/ma0
2026-09-23 08:50:20.767 | INFO     | stock_bot.swing.live:_recover_positions:164 - 보유 복구 062040 FLOW_BOTH 48주 @206,833 손절 165,466 익절 231,653 (진입 20260918) 규칙 stop20/tp0/trail0>0/t30/ma0
2026-09-23 08:50:20.768 | INFO     | stock_bot.swing.live:_recover_positions:164 - 보유 복구 051160 FLOW_FORGN 406주 @12,313 손절 9,850 익절 14,160 (진입 20260921) 규칙 stop20/tp0/trail0>0/t30/ma0
2026-09-23 08:50:20.768 | INFO     | stock_bot.swing.live:_recover_positions:164 - 보유 복구 332570 FLOW_BOTH 548주 @9,119 손절 7,295 익절 없음 (진입 20260921) 규칙 stop20/tp0/trail0>0/t30/ma0
2026-09-23 08:50:20.769 | INFO     | stock_bot.swing.live:_recover_positions:164 - 보유 복구 096530 FLOW_BOTH 144주 @34,495 손절 27,596 익절 없음 (진입 20260921) 규칙 stop20/tp0/trail0>0/t30/ma0
2026-09-23 08:50:20.770 | INFO     | stock_bot.swing.live:_recover_positions:164 - 보유 복구 024840 MOMENTUM 727주 @6,781 손절 5,425 익절 없음 (진입 20260922) 규칙 stop20/tp0/trail0>0/t30/ma0
2026-09-23 08:50:20.771 | INFO     | stock_bot.swing.live:_recover_positions:164 - 보유 복구 263860 MOMENTUM 287주 @17,400 손절 13,920 익절 없음 (진입 20260922) 규칙 stop20/tp0/trail0>0/t30/ma0
2026-09-23 08:50:24.597 | INFO     | stock_bot.swing.live:_load_watchlist:201 - 감시 리스트 20260921 적재: 후보 30 → 감시 22 (슬롯 30) 상위: 092870 75, 036540 75, 072950 74, 032940 74, 265740 73
2026-09-23 08:50:24.598 | INFO     | stock_bot.swing.live:_load_watchlist:204 - 우선 등급 5종목 (종합≥80 없음 → 순위 1~10): 032940 74, 072950 74, 036540 75, 092870 75, 265740 73
2026-09-23 08:50:24.601 | INFO     | stock_bot.swing.live:prepare:120 - 진입 규칙: 창 093000~151500 종합점수 하한 60 모음 창 20초 하루 상한 3 · 우선 등급 종합≥80(없으면 순위 1~10) 즉시 5종목 · 일반 등급 다음 1봉 유지 확인, 하루 1건 · 오늘 체결 0 (일반 0)
2026-09-23 08:50:24.602 | INFO     | stock_bot.swing.live:prepare:127 - 20260923 준비: 보유 10 신규감시 22 (wl=20260921) 레짐=True mult=1.0
2026-09-23 08:50:24.635 | INFO     | stock_bot.swing.live:run:751 - WS 시작 — 구독 32종목 (보유 10 감시 22) 봉 180초 저장봉 60초
2026-09-23 08:50:25.402 | INFO     | stock_bot.broker.kis_ws:_session:360 - ws 접속 ws://ops.koreainvestment.com:31000 (32종목)
2026-09-23 08:50:25.791 | INFO     | stock_bot.broker.kis_ws:_register:265 - 등록 32/32건
2026-09-23 08:53:25.608 | INFO     | stock_bot.swing.live:_eod_timer:731 - 0853 WS 연결 등록 32/32 틱 0 (마지막 없음) · 감시 22 (틱수신 0 · 확정봉 0) 보유 10 신규 0/3 (일반 0/1) 대기 0 확인중 0 진입가능=시간전 미트리거 사유: -
2026-09-23 08:56:25.674 | INFO     | stock_bot.swing.live:_eod_timer:731 - 0856 WS 연결 등록 32/32 틱 0 (마지막 없음) · 감시 22 (틱수신 0 · 확정봉 0) 보유 10 신규 0/3 (일반 0/1) 대기 0 확인중 0 진입가능=시간전 미트리거 사유: -
2026-09-23 08:59:25.735 | INFO     | stock_bot.swing.live:_eod_timer:731 - 0859 WS 연결 등록 32/32 틱 0 (마지막 없음) · 감시 22 (틱수신 0 · 확정봉 0) 보유 10 신규 0/3 (일반 0/1) 대기 0 확인중 0 진입가능=시간전 미트리거 사유: -
2026-09-23 09:00:01.063 | INFO     | stock_bot.swing.live:on_tick:238 - 첫 틱 수신 446540 @9,480 — WS 데이터 흐름 시작
2026-09-23 09:00:01.306 | WARNING  | stock_bot.broker.kis_ws:run:342 - 연결 끊김(1회차): ConnectionClosedError no close frame received or sent — 접속 유지 576초, 1초 후 재접속
2026-09-23 09:00:01.308 | WARNING  | stock_bot.swing.live:on_gap:288 - WS 끊김 — 재접속 먼저, REST 백필 32종목은 백그라운드
2026-09-23 09:00:02.923 | INFO     | stock_bot.broker.kis_ws:_session:360 - ws 접속 ws://ops.koreainvestment.com:31000 (32종목)
2026-09-23 09:00:03.179 | INFO     | stock_bot.swing.live:on_tick:243 - WS 복구 — 틱 공백 2초
2026-09-23 09:00:03.251 | INFO     | stock_bot.broker.kis_ws:_register:265 - 등록 32/32건
2026-09-23 09:01:18.381 | INFO     | stock_bot.swing.live:_backfill:322 - REST 백필 완료 32/32종목 (실패 0) — 틱 공백 2초 · 세션 고저 갱신
2026-09-23 09:02:26.578 | INFO     | stock_bot.swing.live:_eod_timer:731 - 0902 WS 연결 등록 32/32 재연결 1회 틱 3,695 (마지막 0초전) · 감시 22 (틱수신 22 · 확정봉 0) 보유 10 신규 0/3 (일반 0/1) 대기 0 확인중 0 진입가능=시간전 미트리거 사유: -
2026-09-23 09:03:00.299 | INFO     | stock_bot.swing.live:_note:416 - 트리거 감지 032940 MOMENTUM 유지 @9,670 → 미진입: 시간전
2026-09-23 09:03:00.737 | INFO     | stock_bot.swing.live:_note:416 - 트리거 감지 092870 MOMENTUM 유지 @41,100 → 미진입: 시간전
2026-09-23 09:04:47.208 | INFO     | stock_bot.swing.live:_note:416 - 트리거 감지 446540 MOMENTUM 유지 @10,390 → 미진입: 시간전
2026-09-23 09:05:27.254 | INFO     | stock_bot.swing.live:_eod_timer:731 - 0905 WS 연결 등록 32/32 재연결 1회 틱 7,979 (마지막 0초전) · 감시 22 (틱수신 22 · 확정봉 22) 보유 10 신규 0/3 (일반 0/1) 대기 0 확인중 0 진입가능=시간전 미트리거 사유: 전일종가하회 11, 음봉 4, VWAP하회 3, 유지 3, 미눌림 1
2026-09-23 09:06:01.300 | INFO     | stock_bot.swing.live:_note:416 - 트리거 감지 098120 MOMENTUM 유지 @59,000 → 미진입: 시간전
2026-09-23 09:08:27.303 | INFO     | stock_bot.swing.live:_eod_timer:731 - 0908 WS 연결 등록 32/32 재연결 1회 틱 12,070 (마지막 0초전) · 감시 22 (틱수신 22 · 확정봉 44) 보유 10 신규 0/3 (일반 0/1) 대기 0 확인중 0 진입가능=시간전 미트리거 사유: 전일종가하회 12, 음봉 4, 유지 4, VWAP하회 1, 미눌림 1
2026-09-23 09:09:00.285 | INFO     | stock_bot.swing.live:_note:416 - 트리거 감지 079650 MEANREV 눌림반등 @6,080 → 미진입: 시간전
2026-09-23 09:09:00.704 | INFO     | stock_bot.swing.live:_note:416 - 트리거 감지 002990 MEANREV 눌림반등 @13,300 → 미진입: 시간전
2026-09-23 09:11:27.353 | INFO     | stock_bot.swing.live:_eod_timer:731 - 0911 WS 연결 등록 32/32 재연결 1회 틱 15,753 (마지막 0초전) · 감시 22 (틱수신 22 · 확정봉 66) 보유 10 신규 0/3 (일반 0/1) 대기 0 확인중 0 진입가능=시간전 미트리거 사유: 전일종가하회 13, 유지 3, 음봉 2, 눌림반등 2, VWAP하회 1
2026-09-23 09:12:00.243 | INFO     | stock_bot.swing.live:_note:416 - 트리거 감지 067290 MOMENTUM 유지 @3,280 → 미진입: 시간전
2026-09-23 09:14:27.488 | INFO     | stock_bot.swing.live:_eod_timer:731 - 0914 WS 연결 등록 32/32 재연결 1회 틱 20,048 (마지막 0초전) · 감시 22 (틱수신 22 · 확정봉 88) 보유 10 신규 0/3 (일반 0/1) 대기 0 확인중 0 진입가능=시간전 미트리거 사유: 전일종가하회 12, 유지 4, 음봉 2, VWAP하회 2, 눌림반등 1
2026-09-23 09:17:27.538 | INFO     | stock_bot.swing.live:_eod_timer:731 - 0917 WS 연결 등록 32/32 재연결 1회 틱 23,587 (마지막 0초전) · 감시 22 (틱수신 22 · 확정봉 110) 보유 10 신규 0/3 (일반 0/1) 대기 0 확인중 0 진입가능=시간전 미트리거 사유: 전일종가하회 14, 유지 3, VWAP하회 2, 음봉 1, 눌림반등 1
2026-09-23 09:20:27.584 | INFO     | stock_bot.swing.live:_eod_timer:731 - 0920 WS 연결 등록 32/32 재연결 1회 틱 27,054 (마지막 0초전) · 감시 22 (틱수신 22 · 확정봉 132) 보유 10 신규 0/3 (일반 0/1) 대기 0 확인중 0 진입가능=시간전 미트리거 사유: 전일종가하회 12, 음봉 4, 유지 3, VWAP하회 2, 미눌림 1
2026-09-23 09:21:02.832 | INFO     | stock_bot.swing.live:_note:416 - 트리거 감지 119850 MOMENTUM 유지 @54,700 → 미진입: 시간전
2026-09-23 09:23:27.633 | INFO     | stock_bot.swing.live:_eod_timer:731 - 0923 WS 연결 등록 32/32 재연결 1회 틱 30,461 (마지막 0초전) · 감시 22 (틱수신 22 · 확정봉 154) 보유 10 신규 0/3 (일반 0/1) 대기 0 확인중 0 진입가능=시간전 미트리거 사유: 전일종가하회 12, 음봉 4, 유지 4, VWAP하회 1, 미눌림 1
2026-09-23 09:24:00.307 | INFO     | stock_bot.swing.live:_note:416 - 트리거 감지 319660 MOMENTUM 유지 @138,500 → 미진입: 시간전
2026-09-23 09:24:00.929 | INFO     | stock_bot.swing.live:_note:416 - 트리거 감지 036540 MOMENTUM 유지 @10,520 → 미진입: 시간전
2026-09-23 09:26:27.681 | INFO     | stock_bot.swing.live:_eod_timer:731 - 0926 WS 연결 등록 32/32 재연결 1회 틱 34,146 (마지막 0초전) · 감시 22 (틱수신 22 · 확정봉 176) 보유 10 신규 0/3 (일반 0/1) 대기 0 확인중 0 진입가능=시간전 미트리거 사유: 전일종가하회 12, 유지 6, 음봉 2, VWAP하회 1, 미눌림 1
2026-09-23 09:29:27.730 | INFO     | stock_bot.swing.live:_eod_timer:731 - 0929 WS 연결 등록 32/32 재연결 1회 틱 38,007 (마지막 0초전) · 감시 22 (틱수신 22 · 확정봉 198) 보유 10 신규 0/3 (일반 0/1) 대기 0 확인중 0 진입가능=시간전 미트리거 사유: 전일종가하회 11, 유지 7, 음봉 3, 미눌림 1
2026-09-23 09:30:00.147 | INFO     | stock_bot.swing.live:_note:416 - 트리거 감지 446540 MOMENTUM 유지 @11,160 → 미진입: 슬롯 없음
2026-09-23 09:30:00.324 | INFO     | stock_bot.swing.live:_note:416 - 트리거 감지 092870 MOMENTUM 유지 @43,950 → 미진입: 슬롯 없음
2026-09-23 09:30:00.332 | INFO     | stock_bot.swing.live:_note:416 - 트리거 감지 032940 MOMENTUM 유지 @9,950 → 미진입: 슬롯 없음
2026-09-23 09:30:00.541 | INFO     | stock_bot.swing.live:_note:416 - 트리거 감지 319660 MOMENTUM 유지 @139,600 → 미진입: 슬롯 없음
2026-09-23 09:30:00.757 | INFO     | stock_bot.swing.live:_note:416 - 트리거 감지 098120 MOMENTUM 유지 @61,500 → 미진입: 슬롯 없음
2026-09-23 09:30:02.023 | INFO     | stock_bot.swing.live:_note:416 - 트리거 감지 119850 MOMENTUM 유지 @54,800 → 미진입: 슬롯 없음
2026-09-23 09:32:27.786 | INFO     | stock_bot.swing.live:_eod_timer:731 - 0932 WS 연결 등록 32/32 재연결 1회 틱 41,799 (마지막 0초전) · 감시 22 (틱수신 22 · 확정봉 220) 보유 10 신규 0/3 (일반 0/1) 대기 0 확인중 0 진입가능=슬롯 없음 미트리거 사유: 전일종가하회 10, 유지 6, 음봉 4, VWAP하회 1, 미눌림 1
2026-09-23 09:33:00.235 | INFO     | stock_bot.swing.live:_note:416 - 트리거 감지 072950 MOMENTUM 유지 @13,615 → 미진입: 슬롯 없음
2026-09-23 09:35:27.854 | INFO     | stock_bot.swing.live:_eod_timer:731 - 0935 WS 연결 등록 32/32 재연결 1회 틱 45,133 (마지막 0초전) · 감시 22 (틱수신 22 · 확정봉 242) 보유 10 신규 0/3 (일반 0/1) 대기 0 확인중 0 진입가능=슬롯 없음 미트리거 사유: 전일종가하회 11, 유지 6, 음봉 3, VWAP하회 1, 미눌림 1
2026-09-23 09:38:27.920 | INFO     | stock_bot.swing.live:_eod_timer:731 - 0938 WS 연결 등록 32/32 재연결 1회 틱 49,110 (마지막 0초전) · 감시 22 (틱수신 22 · 확정봉 264) 보유 10 신규 0/3 (일반 0/1) 대기 0 확인중 0 진입가능=슬롯 없음 미트리거 사유: 전일종가하회 10, 유지 7, 음봉 4, 미눌림 1
2026-09-23 09:41:28.073 | INFO     | stock_bot.swing.live:_eod_timer:731 - 0941 WS 연결 등록 32/32 재연결 1회 틱 53,020 (마지막 0초전) · 감시 22 (틱수신 22 · 확정봉 286) 보유 10 신규 0/3 (일반 0/1) 대기 0 확인중 0 진입가능=슬롯 없음 미트리거 사유: 전일종가하회 12, 유지 6, 음봉 2, VWAP하회 1, 미눌림 1
2026-09-23 09:42:00.189 | INFO     | stock_bot.swing.live:_note:416 - 트리거 감지 002990 MEANREV 눌림반등 @13,120 → 미진입: 슬롯 없음
2026-09-23 09:44:28.160 | INFO     | stock_bot.swing.live:_eod_timer:731 - 0944 WS 연결 등록 32/32 재연결 1회 틱 56,238 (마지막 0초전) · 감시 22 (틱수신 22 · 확정봉 308) 보유 10 신규 0/3 (일반 0/1) 대기 0 확인중 0 진입가능=슬롯 없음 미트리거 사유: 전일종가하회 10, 유지 7, 음봉 3, 눌림반등 1, 미눌림 1
2026-09-23 09:47:28.371 | INFO     | stock_bot.swing.live:_eod_timer:731 - 0947 WS 연결 등록 32/32 재연결 1회 틱 59,338 (마지막 0초전) · 감시 22 (틱수신 22 · 확정봉 330) 보유 10 신규 0/3 (일반 0/1) 대기 0 확인중 0 진입가능=슬롯 없음 미트리거 사유: 전일종가하회 12, 유지 6, 음봉 1, 눌림반등 1, VWAP하회 1
2026-09-23 09:50:28.542 | INFO     | stock_bot.swing.live:_eod_timer:731 - 0950 WS 연결 등록 32/32 재연결 1회 틱 62,303 (마지막 0초전) · 감시 22 (틱수신 22 · 확정봉 352) 보유 10 신규 0/3 (일반 0/1) 대기 0 확인중 0 진입가능=슬롯 없음 미트리거 사유: 전일종가하회 12, 유지 5, 음봉 3, VWAP하회 1, 미눌림 1
2026-09-23 09:51:02.900 | INFO     | stock_bot.swing.live:_note:416 - 트리거 감지 232140 MOMENTUM 유지 @14,460 → 미진입: 슬롯 없음
2026-09-23 09:53:28.651 | INFO     | stock_bot.swing.live:_eod_timer:731 - 0953 WS 연결 등록 32/32 재연결 1회 틱 65,506 (마지막 0초전) · 감시 22 (틱수신 22 · 확정봉 374) 보유 10 신규 0/3 (일반 0/1) 대기 0 확인중 0 진입가능=슬롯 없음 미트리거 사유: 전일종가하회 10, 유지 6, 음봉 4, VWAP하회 1, 미눌림 1
2026-09-23 09:56:28.916 | INFO     | stock_bot.swing.live:_eod_timer:731 - 0956 WS 연결 등록 32/32 재연결 1회 틱 68,554 (마지막 0초전) · 감시 22 (틱수신 22 · 확정봉 396) 보유 10 신규 0/3 (일반 0/1) 대기 0 확인중 0 진입가능=슬롯 없음 미트리거 사유: 전일종가하회 13, 유지 4, 음봉 2, VWAP하회 2, 미눌림 1
2026-09-23 09:59:29.023 | INFO     | stock_bot.swing.live:_eod_timer:731 - 0959 WS 연결 등록 32/32 재연결 1회 틱 71,386 (마지막 0초전) · 감시 22 (틱수신 22 · 확정봉 418) 보유 10 신규 0/3 (일반 0/1) 대기 0 확인중 0 진입가능=슬롯 없음 미트리거 사유: 전일종가하회 13, 유지 4, 음봉 2, VWAP하회 2, 미눌림 1
2026-09-23 10:00:01.408 | WARNING  | stock_bot.broker.kis_ws:run:342 - 연결 끊김(2회차): ConnectionClosedError no close frame received or sent — 접속 유지 3599초, 1초 후 재접속
2026-09-23 10:00:01.414 | WARNING  | stock_bot.swing.live:on_gap:288 - WS 끊김 — 재접속 먼저, REST 백필 32종목은 백그라운드
2026-09-23 10:00:05.783 | INFO     | stock_bot.broker.kis_ws:_session:360 - ws 접속 ws://ops.koreainvestment.com:31000 (32종목)
2026-09-23 10:00:06.174 | INFO     | stock_bot.broker.kis_ws:_register:265 - 등록 32/32건
2026-09-23 10:00:06.178 | INFO     | stock_bot.swing.live:on_tick:243 - WS 복구 — 틱 공백 5초
2026-09-23 10:02:30.898 | INFO     | stock_bot.swing.live:_eod_timer:731 - 1002 WS 연결 등록 32/32 재연결 2회 틱 74,349 (마지막 0초전) · 감시 22 (틱수신 22 · 확정봉 440) 보유 10 신규 0/3 (일반 0/1) 대기 0 확인중 0 진입가능=슬롯 없음 미트리거 사유: 전일종가하회 12, 음봉 3, VWAP하회 3, 유지 3, 미눌림 1
2026-09-23 10:02:49.840 | INFO     | stock_bot.swing.live:_backfill:322 - REST 백필 완료 32/32종목 (실패 0) — 틱 공백 5초 · 세션 고저 갱신
2026-09-23 10:05:31.148 | INFO     | stock_bot.swing.live:_eod_timer:731 - 1005 WS 연결 등록 32/32 재연결 2회 틱 77,150 (마지막 0초전) · 감시 22 (틱수신 22 · 확정봉 462) 보유 10 신규 0/3 (일반 0/1) 대기 0 확인중 0 진입가능=슬롯 없음 미트리거 사유: 전일종가하회 12, 유지 4, 음봉 3, VWAP하회 2, 미눌림 1
2026-09-23 10:08:31.349 | INFO     | stock_bot.swing.live:_eod_timer:731 - 1008 WS 연결 등록 32/32 재연결 2회 틱 80,207 (마지막 0초전) · 감시 22 (틱수신 22 · 확정봉 484) 보유 10 신규 0/3 (일반 0/1) 대기 0 확인중 0 진입가능=슬롯 없음 미트리거 사유: 전일종가하회 11, 유지 5, 음봉 3, 저점근접 1, VWAP하회 1
2026-09-23 10:11:31.597 | INFO     | stock_bot.swing.live:_eod_timer:731 - 1011 WS 연결 등록 32/32 재연결 2회 틱 83,136 (마지막 0초전) · 감시 22 (틱수신 22 · 확정봉 506) 보유 10 신규 0/3 (일반 0/1) 대기 0 확인중 0 진입가능=슬롯 없음 미트리거 사유: 전일종가하회 11, 유지 5, 음봉 2, VWAP하회 2, 눌림반등 1
2026-09-23 10:14:31.715 | INFO     | stock_bot.swing.live:_eod_timer:731 - 1014 WS 연결 등록 32/32 재연결 2회 틱 86,445 (마지막 0초전) · 감시 22 (틱수신 22 · 확정봉 528) 보유 10 신규 0/3 (일반 0/1) 대기 0 확인중 0 진입가능=슬롯 없음 미트리거 사유: 전일종가하회 12, 유지 6, 음봉 2, VWAP하회 1, 미눌림 1
2026-09-23 10:15:00.223 | INFO     | stock_bot.swing.live:_note:416 - 트리거 감지 079650 MEANREV 눌림반등 @6,120 → 미진입: 슬롯 없음
2026-09-23 10:17:31.881 | INFO     | stock_bot.swing.live:_eod_timer:731 - 1017 WS 연결 등록 32/32 재연결 2회 틱 89,232 (마지막 0초전) · 감시 22 (틱수신 22 · 확정봉 550) 보유 10 신규 0/3 (일반 0/1) 대기 0 확인중 0 진입가능=슬롯 없음 미트리거 사유: 전일종가하회 10, 유지 6, 음봉 2, 눌림반등 2, VWAP하회 1
2026-09-23 10:20:32.556 | INFO     | stock_bot.swing.live:_eod_timer:731 - 1020 WS 연결 등록 32/32 재연결 2회 틱 91,986 (마지막 1초전) · 감시 22 (틱수신 22 · 확정봉 572) 보유 10 신규 0/3 (일반 0/1) 대기 0 확인중 0 진입가능=슬롯 없음 미트리거 사유: 전일종가하회 11, 유지 6, 음봉 3, VWAP하회 1, 미눌림 1
2026-09-23 10:21:10.648 | INFO     | stock_bot.swing.live:_note:416 - 트리거 감지 047770 MOMENTUM 유지 @3,730 → 미진입: 슬롯 없음
2026-09-23 10:23:33.974 | INFO     | stock_bot.swing.live:_eod_timer:731 - 1023 WS 연결 등록 32/32 재연결 2회 틱 94,640 (마지막 0초전) · 감시 22 (틱수신 22 · 확정봉 594) 보유 10 신규 0/3 (일반 0/1) 대기 0 확인중 0 진입가능=슬롯 없음 미트리거 사유: 전일종가하회 10, 유지 5, VWAP하회 3, 눌림반등 2, 음봉 1
2026-09-23 10:26:34.437 | INFO     | stock_bot.swing.live:_eod_timer:731 - 1026 WS 연결 등록 32/32 재연결 2회 틱 97,324 (마지막 0초전) · 감시 22 (틱수신 22 · 확정봉 616) 보유 10 신규 0/3 (일반 0/1) 대기 0 확인중 0 진입가능=슬롯 없음 미트리거 사유: 전일종가하회 10, 유지 4, 음봉 3, VWAP하회 3, 눌림반등 1
2026-09-23 10:29:34.611 | INFO     | stock_bot.swing.live:_eod_timer:731 - 1029 WS 연결 등록 32/32 재연결 2회 틱 99,569 (마지막 0초전) · 감시 22 (틱수신 22 · 확정봉 638) 보유 10 신규 0/3 (일반 0/1) 대기 0 확인중 0 진입가능=슬롯 없음 미트리거 사유: 전일종가하회 11, 유지 5, 음봉 3, VWAP하회 2, 미눌림 1
2026-09-23 10:32:34.841 | INFO     | stock_bot.swing.live:_eod_timer:731 - 1032 WS 연결 등록 32/32 재연결 2회 틱 101,968 (마지막 0초전) · 감시 22 (틱수신 22 · 확정봉 660) 보유 10 신규 0/3 (일반 0/1) 대기 0 확인중 0 진입가능=슬롯 없음 미트리거 사유: 전일종가하회 11, 유지 5, 음봉 3, VWAP하회 2, 미눌림 1
2026-09-23 10:35:35.035 | INFO     | stock_bot.swing.live:_eod_timer:731 - 1035 WS 연결 등록 32/32 재연결 2회 틱 104,208 (마지막 0초전) · 감시 22 (틱수신 22 · 확정봉 682) 보유 10 신규 0/3 (일반 0/1) 대기 0 확인중 0 진입가능=슬롯 없음 미트리거 사유: 전일종가하회 10, 유지 4, VWAP하회 3, 음봉 2, 저점근접 1
2026-09-23 10:38:35.264 | INFO     | stock_bot.swing.live:_eod_timer:731 - 1038 WS 연결 등록 32/32 재연결 2회 틱 106,664 (마지막 0초전) · 감시 22 (틱수신 22 · 확정봉 704) 보유 10 신규 0/3 (일반 0/1) 대기 0 확인중 0 진입가능=슬롯 없음 미트리거 사유: 전일종가하회 10, 음봉 4, VWAP하회 4, 유지 3, 미눌림 1
2026-09-23 10:41:35.528 | INFO     | stock_bot.swing.live:_eod_timer:731 - 1041 WS 연결 등록 32/32 재연결 2회 틱 108,924 (마지막 0초전) · 감시 22 (틱수신 22 · 확정봉 726) 보유 10 신규 0/3 (일반 0/1) 대기 0 확인중 0 진입가능=슬롯 없음 미트리거 사유: 전일종가하회 10, 음봉 4, VWAP하회 4, 유지 3, 미눌림 1
2026-09-23 10:42:08.867 | INFO     | stock_bot.swing.live:_note:416 - 트리거 감지 004490 MEANREV 눌림반등 @59,100 → 미진입: 슬롯 없음
2026-09-23 10:44:35.675 | INFO     | stock_bot.swing.live:_eod_timer:731 - 1044 WS 연결 등록 32/32 재연결 2회 틱 111,260 (마지막 0초전) · 감시 22 (틱수신 22 · 확정봉 748) 보유 10 신규 0/3 (일반 0/1) 대기 0 확인중 0 진입가능=슬롯 없음 미트리거 사유: 전일종가하회 12, 유지 3, VWAP하회 3, 음봉 1, 눌림반등 1
2026-09-23 10:47:35.813 | INFO     | stock_bot.swing.live:_eod_timer:731 - 1047 WS 연결 등록 32/32 재연결 2회 틱 113,662 (마지막 0초전) · 감시 22 (틱수신 22 · 확정봉 770) 보유 10 신규 0/3 (일반 0/1) 대기 0 확인중 0 진입가능=슬롯 없음 미트리거 사유: 전일종가하회 11, VWAP하회 4, 음봉 2, 유지 2, 저점근접 1
2026-09-23 10:50:36.078 | INFO     | stock_bot.swing.live:_eod_timer:731 - 1050 WS 연결 등록 32/32 재연결 2회 틱 115,916 (마지막 0초전) · 감시 22 (틱수신 22 · 확정봉 792) 보유 10 신규 0/3 (일반 0/1) 대기 0 확인중 0 진입가능=슬롯 없음 미트리거 사유: 전일종가하회 11, 유지 4, 음봉 3, VWAP하회 3, 미눌림 1
2026-09-23 10:53:36.199 | INFO     | stock_bot.swing.live:_eod_timer:731 - 1053 WS 연결 등록 32/32 재연결 2회 틱 118,675 (마지막 0초전) · 감시 22 (틱수신 22 · 확정봉 814) 보유 10 신규 0/3 (일반 0/1) 대기 0 확인중 0 진입가능=슬롯 없음 미트리거 사유: 전일종가하회 10, 유지 4, 음봉 3, VWAP하회 3, 눌림반등 1
2026-09-23 10:56:36.533 | INFO     | stock_bot.swing.live:_eod_timer:731 - 1056 WS 연결 등록 32/32 재연결 2회 틱 121,352 (마지막 0초전) · 감시 22 (틱수신 22 · 확정봉 836) 보유 10 신규 0/3 (일반 0/1) 대기 0 확인중 0 진입가능=슬롯 없음 미트리거 사유: 전일종가하회 10, 음봉 4, VWAP하회 4, 유지 3, 미눌림 1
2026-09-23 10:59:36.714 | INFO     | stock_bot.swing.live:_eod_timer:731 - 1059 WS 연결 등록 32/32 재연결 2회 틱 123,611 (마지막 0초전) · 감시 22 (틱수신 22 · 확정봉 858) 보유 10 신규 0/3 (일반 0/1) 대기 0 확인중 0 진입가능=슬롯 없음 미트리거 사유: 전일종가하회 10, VWAP하회 4, 음봉 3, 유지 3, 눌림반등 1
2026-09-23 11:00:01.452 | WARNING  | stock_bot.broker.kis_ws:run:342 - 연결 끊김(3회차): ConnectionClosedError no close frame received or sent — 접속 유지 3599초, 1초 후 재접속
2026-09-23 11:00:01.456 | WARNING  | stock_bot.swing.live:on_gap:288 - WS 끊김 — 재접속 먼저, REST 백필 32종목은 백그라운드
2026-09-23 11:00:07.651 | INFO     | stock_bot.broker.kis_ws:_session:360 - ws 접속 ws://ops.koreainvestment.com:31000 (32종목)
2026-09-23 11:00:08.065 | INFO     | stock_bot.broker.kis_ws:_register:265 - 등록 32/32건
2026-09-23 11:00:08.079 | INFO     | stock_bot.swing.live:on_tick:243 - WS 복구 — 틱 공백 7초
2026-09-23 11:02:01.741 | INFO     | stock_bot.swing.live:_backfill:322 - REST 백필 완료 32/32종목 (실패 0) — 틱 공백 7초 · 세션 고저 갱신
2026-09-23 11:02:37.819 | INFO     | stock_bot.swing.live:_eod_timer:731 - 1102 WS 연결 등록 32/32 재연결 3회 틱 126,171 (마지막 0초전) · 감시 22 (틱수신 22 · 확정봉 880) 보유 10 신규 0/3 (일반 0/1) 대기 0 확인중 0 진입가능=슬롯 없음 미트리거 사유: 전일종가하회 10, 유지 4, 음봉 3, VWAP하회 3, 저점근접 1
2026-09-23 11:05:38.076 | INFO     | stock_bot.swing.live:_eod_timer:731 - 1105 WS 연결 등록 32/32 재연결 3회 틱 128,479 (마지막 0초전) · 감시 22 (틱수신 22 · 확정봉 902) 보유 10 신규 0/3 (일반 0/1) 대기 0 확인중 0 진입가능=슬롯 없음 미트리거 사유: 전일종가하회 11, 유지 4, 음봉 3, VWAP하회 3, 미눌림 1
2026-09-23 11:06:00.744 | INFO     | stock_bot.swing.live:_note:416 - 트리거 감지 252990 MOMENTUM 유지 @18,270 → 미진입: 슬롯 없음
2026-09-23 11:08:38.244 | INFO     | stock_bot.swing.live:_eod_timer:731 - 1108 WS 연결 등록 32/32 재연결 3회 틱 130,412 (마지막 0초전) · 감시 22 (틱수신 22 · 확정봉 924) 보유 10 신규 0/3 (일반 0/1) 대기 0 확인중 0 진입가능=슬롯 없음 미트리거 사유: 전일종가하회 10, 유지 5, 음봉 3, VWAP하회 3, 미눌림 1
2026-09-23 11:11:38.514 | INFO     | stock_bot.swing.live:_eod_timer:731 - 1111 WS 연결 등록 32/32 재연결 3회 틱 132,527 (마지막 0초전) · 감시 22 (틱수신 22 · 확정봉 946) 보유 10 신규 0/3 (일반 0/1) 대기 0 확인중 0 진입가능=슬롯 없음 미트리거 사유: 전일종가하회 9, 유지 5, 음봉 4, VWAP하회 3, 미눌림 1
2026-09-23 11:14:38.635 | INFO     | stock_bot.swing.live:_eod_timer:731 - 1114 WS 연결 등록 32/32 재연결 3회 틱 134,412 (마지막 0초전) · 감시 22 (틱수신 22 · 확정봉 968) 보유 10 신규 0/3 (일반 0/1) 대기 0 확인중 0 진입가능=슬롯 없음 미트리거 사유: 전일종가하회 9, 유지 5, 음봉 4, VWAP하회 3, 미눌림 1
2026-09-23 11:17:38.791 | INFO     | stock_bot.swing.live:_eod_timer:731 - 1117 WS 연결 등록 32/32 재연결 3회 틱 136,363 (마지막 1초전) · 감시 22 (틱수신 22 · 확정봉 990) 보유 10 신규 0/3 (일반 0/1) 대기 0 확인중 0 진입가능=슬롯 없음 미트리거 사유: 전일종가하회 10, 유지 4, VWAP하회 4, 음봉 3, 미눌림 1
2026-09-23 11:20:38.976 | INFO     | stock_bot.swing.live:_eod_timer:731 - 1120 WS 연결 등록 32/32 재연결 3회 틱 138,118 (마지막 0초전) · 감시 22 (틱수신 22 · 확정봉 1012) 보유 10 신규 0/3 (일반 0/1) 대기 0 확인중 0 진입가능=슬롯 없음 미트리거 사유: 전일종가하회 9, 유지 4, VWAP하회 4, 음봉 3, 눌림반등 1
2026-09-23 11:23:39.118 | INFO     | stock_bot.swing.live:_eod_timer:731 - 1123 WS 연결 등록 32/32 재연결 3회 틱 140,049 (마지막 0초전) · 감시 22 (틱수신 22 · 확정봉 1034) 보유 10 신규 0/3 (일반 0/1) 대기 0 확인중 0 진입가능=슬롯 없음 미트리거 사유: 전일종가하회 11, 유지 4, 음봉 3, VWAP하회 3, 미눌림 1
2026-09-23 11:26:39.535 | INFO     | stock_bot.swing.live:_eod_timer:731 - 1126 WS 연결 등록 32/32 재연결 3회 틱 141,730 (마지막 0초전) · 감시 22 (틱수신 22 · 확정봉 1056) 보유 10 신규 0/3 (일반 0/1) 대기 0 확인중 0 진입가능=슬롯 없음 미트리거 사유: 전일종가하회 10, 유지 4, VWAP하회 4, 음봉 1, 저점근접 1
2026-09-23 11:29:39.664 | INFO     | stock_bot.swing.live:_eod_timer:731 - 1129 WS 연결 등록 32/32 재연결 3회 틱 143,306 (마지막 0초전) · 감시 22 (틱수신 22 · 확정봉 1078) 보유 10 신규 0/3 (일반 0/1) 대기 0 확인중 0 진입가능=슬롯 없음 미트리거 사유: 전일종가하회 9, 음봉 4, 유지 4, VWAP하회 4, 미눌림 1
2026-09-23 11:32:39.837 | INFO     | stock_bot.swing.live:_eod_timer:731 - 1132 WS 연결 등록 32/32 재연결 3회 틱 145,110 (마지막 0초전) · 감시 22 (틱수신 22 · 확정봉 1100) 보유 10 신규 0/3 (일반 0/1) 대기 0 확인중 0 진입가능=슬롯 없음 미트리거 사유: 전일종가하회 11, 유지 4, VWAP하회 3, 음봉 2, 눌림반등 1
2026-09-23 11:35:40.055 | INFO     | stock_bot.swing.live:_eod_timer:731 - 1135 WS 연결 등록 32/32 재연결 3회 틱 147,521 (마지막 0초전) · 감시 22 (틱수신 22 · 확정봉 1122) 보유 10 신규 0/3 (일반 0/1) 대기 0 확인중 0 진입가능=슬롯 없음 미트리거 사유: 전일종가하회 10, 유지 5, 음봉 3, VWAP하회 2, 저점근접 1
2026-09-23 11:38:40.224 | INFO     | stock_bot.swing.live:_eod_timer:731 - 1138 WS 연결 등록 32/32 재연결 3회 틱 149,618 (마지막 0초전) · 감시 22 (틱수신 22 · 확정봉 1144) 보유 10 신규 0/3 (일반 0/1) 대기 0 확인중 0 진입가능=슬롯 없음 미트리거 사유: 전일종가하회 10, 유지 5, 음봉 2, VWAP하회 2, 저점근접 1
2026-09-23 11:41:40.401 | INFO     | stock_bot.swing.live:_eod_timer:731 - 1141 WS 연결 등록 32/32 재연결 3회 틱 151,745 (마지막 0초전) · 감시 22 (틱수신 22 · 확정봉 1166) 보유 10 신규 0/3 (일반 0/1) 대기 0 확인중 0 진입가능=슬롯 없음 미트리거 사유: 전일종가하회 10, 유지 4, 음봉 3, VWAP하회 3, 눌림반등 1
2026-09-23 11:44:40.522 | INFO     | stock_bot.swing.live:_eod_timer:731 - 1144 WS 연결 등록 32/32 재연결 3회 틱 153,720 (마지막 0초전) · 감시 22 (틱수신 22 · 확정봉 1188) 보유 10 신규 0/3 (일반 0/1) 대기 0 확인중 0 진입가능=슬롯 없음 미트리거 사유: 전일종가하회 10, 유지 5, 음봉 3, VWAP하회 2, 눌림반등 1
2026-09-23 11:47:40.744 | INFO     | stock_bot.swing.live:_eod_timer:731 - 1147 WS 연결 등록 32/32 재연결 3회 틱 155,688 (마지막 0초전) · 감시 22 (틱수신 22 · 확정봉 1210) 보유 10 신규 0/3 (일반 0/1) 대기 0 확인중 0 진입가능=슬롯 없음 미트리거 사유: 전일종가하회 10, 유지 5, 음봉 3, VWAP하회 2, 저점근접 1
2026-09-23 11:50:41.024 | INFO     | stock_bot.swing.live:_eod_timer:731 - 1150 WS 연결 등록 32/32 재연결 3회 틱 157,635 (마지막 0초전) · 감시 22 (틱수신 22 · 확정봉 1232) 보유 10 신규 0/3 (일반 0/1) 대기 0 확인중 0 진입가능=슬롯 없음 미트리거 사유: 전일종가하회 10, 유지 5, 음봉 3, VWAP하회 2, 저점근접 1
2026-09-23 11:53:41.198 | INFO     | stock_bot.swing.live:_eod_timer:731 - 1153 WS 연결 등록 32/32 재연결 3회 틱 159,255 (마지막 0초전) · 감시 22 (틱수신 22 · 확정봉 1254) 보유 10 신규 0/3 (일반 0/1) 대기 0 확인중 0 진입가능=슬롯 없음 미트리거 사유: 전일종가하회 11, 유지 5, 음봉 2, VWAP하회 2, 눌림반등 1
2026-09-23 11:56:41.386 | INFO     | stock_bot.swing.live:_eod_timer:731 - 1156 WS 연결 등록 32/32 재연결 3회 틱 161,028 (마지막 0초전) · 감시 22 (틱수신 22 · 확정봉 1276) 보유 10 신규 0/3 (일반 0/1) 대기 0 확인중 0 진입가능=슬롯 없음 미트리거 사유: 전일종가하회 10, 유지 5, 음봉 3, VWAP하회 2, 눌림반등 1
2026-09-23 11:59:41.501 | INFO     | stock_bot.swing.live:_eod_timer:731 - 1159 WS 연결 등록 32/32 재연결 3회 틱 162,557 (마지막 0초전) · 감시 22 (틱수신 22 · 확정봉 1297) 보유 10 신규 0/3 (일반 0/1) 대기 0 확인중 0 진입가능=슬롯 없음 미트리거 사유: 전일종가하회 10, 음봉 4, 유지 4, VWAP하회 3, 미눌림 1
2026-09-23 12:00:01.421 | WARNING  | stock_bot.broker.kis_ws:run:342 - 연결 끊김(4회차): ConnectionClosedError no close frame received or sent — 접속 유지 3599초, 1초 후 재접속
2026-09-23 12:00:01.429 | WARNING  | stock_bot.swing.live:on_gap:288 - WS 끊김 — 재접속 먼저, REST 백필 32종목은 백그라운드
2026-09-23 12:00:06.789 | INFO     | stock_bot.broker.kis_ws:_session:360 - ws 접속 ws://ops.koreainvestment.com:31000 (32종목)
2026-09-23 12:00:07.151 | INFO     | stock_bot.broker.kis_ws:_register:265 - 등록 32/32건
2026-09-23 12:00:07.282 | INFO     | stock_bot.swing.live:on_tick:243 - WS 복구 — 틱 공백 6초
2026-09-23 12:01:58.478 | INFO     | stock_bot.swing.live:_backfill:322 - REST 백필 완료 32/32종목 (실패 0) — 틱 공백 6초 · 세션 고저 갱신
2026-09-23 12:02:41.878 | INFO     | stock_bot.swing.live:_eod_timer:731 - 1202 WS 연결 등록 32/32 재연결 4회 틱 164,191 (마지막 0초전) · 감시 22 (틱수신 22 · 확정봉 1319) 보유 10 신규 0/3 (일반 0/1) 대기 0 확인중 0 진입가능=슬롯 없음 미트리거 사유: 전일종가하회 11, 유지 5, 음봉 3, VWAP하회 2, 미눌림 1
2026-09-23 12:05:42.004 | INFO     | stock_bot.swing.live:_eod_timer:731 - 1205 WS 연결 등록 32/32 재연결 4회 틱 165,565 (마지막 0초전) · 감시 22 (틱수신 22 · 확정봉 1341) 보유 10 신규 0/3 (일반 0/1) 대기 0 확인중 0 진입가능=슬롯 없음 미트리거 사유: 전일종가하회 10, 유지 5, 음봉 2, VWAP하회 2, 저점근접 1
2026-09-23 12:08:42.098 | INFO     | stock_bot.swing.live:_eod_timer:731 - 1208 WS 연결 등록 32/32 재연결 4회 틱 167,227 (마지막 0초전) · 감시 22 (틱수신 22 · 확정봉 1363) 보유 10 신규 0/3 (일반 0/1) 대기 0 확인중 0 진입가능=슬롯 없음 미트리거 사유: 전일종가하회 10, 유지 5, 음봉 2, VWAP하회 2, 저점근접 1
2026-09-23 12:11:42.204 | INFO     | stock_bot.swing.live:_eod_timer:731 - 1211 WS 연결 등록 32/32 재연결 4회 틱 168,661 (마지막 0초전) · 감시 22 (틱수신 22 · 확정봉 1385) 보유 10 신규 0/3 (일반 0/1) 대기 0 확인중 0 진입가능=슬롯 없음 미트리거 사유: 전일종가하회 10, 유지 5, 음봉 4, VWAP하회 2, 미눌림 1
2026-09-23 12:14:42.314 | INFO     | stock_bot.swing.live:_eod_timer:731 - 1214 WS 연결 등록 32/32 재연결 4회 틱 170,041 (마지막 0초전) · 감시 22 (틱수신 22 · 확정봉 1406) 보유 10 신규 0/3 (일반 0/1) 대기 0 확인중 0 진입가능=슬롯 없음 미트리거 사유: 전일종가하회 11, 유지 5, 음봉 2, VWAP하회 2, 저점근접 1
2026-09-23 12:17:42.397 | INFO     | stock_bot.swing.live:_eod_timer:731 - 1217 WS 연결 등록 32/32 재연결 4회 틱 171,624 (마지막 0초전) · 감시 22 (틱수신 22 · 확정봉 1429) 보유 10 신규 0/3 (일반 0/1) 대기 0 확인중 0 진입가능=슬롯 없음 미트리거 사유: 전일종가하회 9, 유지 5, 음봉 3, VWAP하회 3, 눌림반등 1
2026-09-23 12:20:42.519 | INFO     | stock_bot.swing.live:_eod_timer:731 - 1220 WS 연결 등록 32/32 재연결 4회 틱 173,174 (마지막 0초전) · 감시 22 (틱수신 22 · 확정봉 1451) 보유 10 신규 0/3 (일반 0/1) 대기 0 확인중 0 진입가능=슬롯 없음 미트리거 사유: 전일종가하회 10, 음봉 4, 유지 4, VWAP하회 3, 미눌림 1
2026-09-23 12:23:42.601 | INFO     | stock_bot.swing.live:_eod_timer:731 - 1223 WS 연결 등록 32/32 재연결 4회 틱 174,516 (마지막 0초전) · 감시 22 (틱수신 22 · 확정봉 1473) 보유 10 신규 0/3 (일반 0/1) 대기 0 확인중 0 진입가능=슬롯 없음 미트리거 사유: 전일종가하회 10, 유지 4, VWAP하회 3, 음봉 2, 저점근접 1
2026-09-23 12:26:42.760 | INFO     | stock_bot.swing.live:_eod_timer:731 - 1226 WS 연결 등록 32/32 재연결 4회 틱 176,112 (마지막 0초전) · 감시 22 (틱수신 22 · 확정봉 1495) 보유 10 신규 0/3 (일반 0/1) 대기 0 확인중 0 진입가능=슬롯 없음 미트리거 사유: 전일종가하회 10, 유지 5, 음봉 3, VWAP하회 3, 미눌림 1
2026-09-23 12:29:42.844 | INFO     | stock_bot.swing.live:_eod_timer:731 - 1229 WS 연결 등록 32/32 재연결 4회 틱 177,583 (마지막 0초전) · 감시 22 (틱수신 22 · 확정봉 1517) 보유 10 신규 0/3 (일반 0/1) 대기 0 확인중 0 진입가능=슬롯 없음 미트리거 사유: 전일종가하회 10, 유지 5, VWAP하회 3, 음봉 2, 저점근접 1
2026-09-23 12:32:42.956 | INFO     | stock_bot.swing.live:_eod_timer:731 - 1232 WS 연결 등록 32/32 재연결 4회 틱 179,574 (마지막 0초전) · 감시 22 (틱수신 22 · 확정봉 1539) 보유 10 신규 0/3 (일반 0/1) 대기 0 확인중 0 진입가능=슬롯 없음 미트리거 사유: 전일종가하회 10, 유지 5, VWAP하회 3, 음봉 2, 눌림반등 1
2026-09-23 12:35:43.156 | INFO     | stock_bot.swing.live:_eod_timer:731 - 1235 WS 연결 등록 32/32 재연결 4회 틱 181,122 (마지막 0초전) · 감시 22 (틱수신 22 · 확정봉 1561) 보유 10 신규 0/3 (일반 0/1) 대기 0 확인중 0 진입가능=슬롯 없음 미트리거 사유: 전일종가하회 9, 유지 5, 음봉 3, VWAP하회 3, 눌림반등 1
2026-09-23 12:38:43.259 | INFO     | stock_bot.swing.live:_eod_timer:731 - 1238 WS 연결 등록 32/32 재연결 4회 틱 182,816 (마지막 0초전) · 감시 22 (틱수신 22 · 확정봉 1583) 보유 10 신규 0/3 (일반 0/1) 대기 0 확인중 0 진입가능=슬롯 없음 미트리거 사유: 전일종가하회 9, 유지 6, 음봉 3, VWAP하회 3, 미눌림 1
2026-09-23 12:41:43.406 | INFO     | stock_bot.swing.live:_eod_timer:731 - 1241 WS 연결 등록 32/32 재연결 4회 틱 184,466 (마지막 0초전) · 감시 22 (틱수신 22 · 확정봉 1605) 보유 10 신규 0/3 (일반 0/1) 대기 0 확인중 0 진입가능=슬롯 없음 미트리거 사유: 전일종가하회 10, 유지 5, VWAP하회 3, 음봉 2, 눌림반등 1
2026-09-23 12:44:43.523 | INFO     | stock_bot.swing.live:_eod_timer:731 - 1244 WS 연결 등록 32/32 재연결 4회 틱 186,340 (마지막 0초전) · 감시 22 (틱수신 22 · 확정봉 1627) 보유 10 신규 0/3 (일반 0/1) 대기 0 확인중 0 진입가능=슬롯 없음 미트리거 사유: 전일종가하회 9, 유지 5, VWAP하회 3, 음봉 2, 저점근접 1
2026-09-23 12:47:43.621 | INFO     | stock_bot.swing.live:_eod_timer:731 - 1247 WS 연결 등록 32/32 재연결 4회 틱 188,301 (마지막 0초전) · 감시 22 (틱수신 22 · 확정봉 1649) 보유 10 신규 0/3 (일반 0/1) 대기 0 확인중 0 진입가능=슬롯 없음 미트리거 사유: 전일종가하회 11, 유지 5, VWAP하회 3, 저점근접 1, 눌림반등 1
2026-09-23 12:50:43.850 | INFO     | stock_bot.swing.live:_eod_timer:731 - 1250 WS 연결 등록 32/32 재연결 4회 틱 190,246 (마지막 0초전) · 감시 22 (틱수신 22 · 확정봉 1671) 보유 10 신규 0/3 (일반 0/1) 대기 0 확인중 0 진입가능=슬롯 없음 미트리거 사유: 전일종가하회 9, 유지 5, 음봉 4, VWAP하회 3, 미눌림 1
2026-09-23 12:51:03.394 | INFO     | stock_bot.swing.live:_note:416 - 트리거 감지 003350 MOMENTUM 유지 @15,280 → 미진입: 슬롯 없음
2026-09-23 12:53:43.934 | INFO     | stock_bot.swing.live:_eod_timer:731 - 1253 WS 연결 등록 32/32 재연결 4회 틱 192,117 (마지막 0초전) · 감시 22 (틱수신 22 · 확정봉 1693) 보유 10 신규 0/3 (일반 0/1) 대기 0 확인중 0 진입가능=슬롯 없음 미트리거 사유: 전일종가하회 7, 유지 7, 음봉 4, VWAP하회 3, 미눌림 1
2026-09-23 12:56:44.036 | INFO     | stock_bot.swing.live:_eod_timer:731 - 1256 WS 연결 등록 32/32 재연결 4회 틱 194,009 (마지막 0초전) · 감시 22 (틱수신 22 · 확정봉 1715) 보유 10 신규 0/3 (일반 0/1) 대기 0 확인중 0 진입가능=슬롯 없음 미트리거 사유: 전일종가하회 7, 유지 7, 음봉 3, VWAP하회 3, 눌림반등 1
2026-09-23 12:59:44.121 | INFO     | stock_bot.swing.live:_eod_timer:731 - 1259 WS 연결 등록 32/32 재연결 4회 틱 195,755 (마지막 0초전) · 감시 22 (틱수신 22 · 확정봉 1737) 보유 10 신규 0/3 (일반 0/1) 대기 0 확인중 0 진입가능=슬롯 없음 미트리거 사유: 전일종가하회 8, 유지 7, VWAP하회 3, 음봉 2, 눌림반등 1
2026-09-23 13:00:01.398 | WARNING  | stock_bot.broker.kis_ws:run:342 - 연결 끊김(5회차): ConnectionClosedError no close frame received or sent — 접속 유지 3599초, 1초 후 재접속
2026-09-23 13:00:01.400 | WARNING  | stock_bot.swing.live:on_gap:288 - WS 끊김 — 재접속 먼저, REST 백필 32종목은 백그라운드
2026-09-23 13:00:09.660 | INFO     | stock_bot.broker.kis_ws:_session:360 - ws 접속 ws://ops.koreainvestment.com:31000 (32종목)
2026-09-23 13:00:10.012 | INFO     | stock_bot.swing.live:on_tick:243 - WS 복구 — 틱 공백 9초
2026-09-23 13:00:10.087 | INFO     | stock_bot.broker.kis_ws:_register:265 - 등록 32/32건
2026-09-23 13:02:28.600 | INFO     | stock_bot.swing.live:_backfill:322 - REST 백필 완료 32/32종목 (실패 0) — 틱 공백 9초 · 세션 고저 갱신
2026-09-23 13:02:44.784 | INFO     | stock_bot.swing.live:_eod_timer:731 - 1302 WS 연결 등록 32/32 재연결 5회 틱 197,456 (마지막 0초전) · 감시 22 (틱수신 22 · 확정봉 1759) 보유 10 신규 0/3 (일반 0/1) 대기 0 확인중 0 진입가능=슬롯 없음 미트리거 사유: 전일종가하회 8, 유지 7, 음봉 2, VWAP하회 2, 저점근접 1
2026-09-23 13:05:44.844 | INFO     | stock_bot.swing.live:_eod_timer:731 - 1305 WS 연결 등록 32/32 재연결 5회 틱 199,293 (마지막 0초전) · 감시 22 (틱수신 22 · 확정봉 1781) 보유 10 신규 0/3 (일반 0/1) 대기 0 확인중 0 진입가능=슬롯 없음 미트리거 사유: 전일종가하회 8, 유지 7, 음봉 4, VWAP하회 2, 미눌림 1
2026-09-23 13:08:44.903 | INFO     | stock_bot.swing.live:_eod_timer:731 - 1308 WS 연결 등록 32/32 재연결 5회 틱 201,166 (마지막 0초전) · 감시 22 (틱수신 22 · 확정봉 1803) 보유 10 신규 0/3 (일반 0/1) 대기 0 확인중 0 진입가능=슬롯 없음 미트리거 사유: 전일종가하회 8, 유지 7, 음봉 3, VWAP하회 2, 저점근접 1
2026-09-23 13:11:44.969 | INFO     | stock_bot.swing.live:_eod_timer:731 - 1311 WS 연결 등록 32/32 재연결 5회 틱 203,296 (마지막 0초전) · 감시 22 (틱수신 22 · 확정봉 1825) 보유 10 신규 0/3 (일반 0/1) 대기 0 확인중 0 진입가능=슬롯 없음 미트리거 사유: 전일종가하회 9, 유지 7, 음봉 3, VWAP하회 2, 미눌림 1
2026-09-23 13:14:45.029 | INFO     | stock_bot.swing.live:_eod_timer:731 - 1314 WS 연결 등록 32/32 재연결 5회 틱 204,996 (마지막 0초전) · 감시 22 (틱수신 22 · 확정봉 1847) 보유 10 신규 0/3 (일반 0/1) 대기 0 확인중 0 진입가능=슬롯 없음 미트리거 사유: 전일종가하회 8, 유지 7, 음봉 3, VWAP하회 2, 눌림반등 1
2026-09-23 13:17:45.083 | INFO     | stock_bot.swing.live:_eod_timer:731 - 1317 WS 연결 등록 32/32 재연결 5회 틱 207,009 (마지막 0초전) · 감시 22 (틱수신 22 · 확정봉 1869) 보유 10 신규 0/3 (일반 0/1) 대기 0 확인중 0 진입가능=슬롯 없음 미트리거 사유: 전일종가하회 9, 유지 6, 음봉 3, VWAP하회 3, 미눌림 1
2026-09-23 13:20:45.146 | INFO     | stock_bot.swing.live:_eod_timer:731 - 1320 WS 연결 등록 32/32 재연결 5회 틱 209,276 (마지막 0초전) · 감시 22 (틱수신 22 · 확정봉 1891) 보유 10 신규 0/3 (일반 0/1) 대기 0 확인중 0 진입가능=슬롯 없음 미트리거 사유: 전일종가하회 8, 유지 6, 음봉 4, VWAP하회 3, 미눌림 1
2026-09-23 13:23:45.200 | INFO     | stock_bot.swing.live:_eod_timer:731 - 1323 WS 연결 등록 32/32 재연결 5회 틱 211,110 (마지막 0초전) · 감시 22 (틱수신 22 · 확정봉 1913) 보유 10 신규 0/3 (일반 0/1) 대기 0 확인중 0 진입가능=슬롯 없음 미트리거 사유: 전일종가하회 10, 유지 6, VWAP하회 3, 음봉 1, 눌림반등 1
2026-09-23 13:26:45.252 | INFO     | stock_bot.swing.live:_eod_timer:731 - 1326 WS 연결 등록 32/32 재연결 5회 틱 212,876 (마지막 0초전) · 감시 22 (틱수신 22 · 확정봉 1935) 보유 10 신규 0/3 (일반 0/1) 대기 0 확인중 0 진입가능=슬롯 없음 미트리거 사유: 전일종가하회 8, 유지 5, VWAP하회 4, 음봉 3, 저점근접 1
2026-09-23 13:29:45.307 | INFO     | stock_bot.swing.live:_eod_timer:731 - 1329 WS 연결 등록 32/32 재연결 5회 틱 214,760 (마지막 0초전) · 감시 22 (틱수신 22 · 확정봉 1957) 보유 10 신규 0/3 (일반 0/1) 대기 0 확인중 0 진입가능=슬롯 없음 미트리거 사유: 전일종가하회 9, 유지 6, VWAP하회 3, 음봉 2, 눌림반등 1
2026-09-23 13:32:45.364 | INFO     | stock_bot.swing.live:_eod_timer:731 - 1332 WS 연결 등록 32/32 재연결 5회 틱 216,781 (마지막 0초전) · 감시 22 (틱수신 22 · 확정봉 1979) 보유 10 신규 0/3 (일반 0/1) 대기 0 확인중 0 진입가능=슬롯 없음 미트리거 사유: 전일종가하회 8, 유지 6, VWAP하회 3, 음봉 2, 저점근접 1
2026-09-23 13:35:45.421 | INFO     | stock_bot.swing.live:_eod_timer:731 - 1335 WS 연결 등록 32/32 재연결 5회 틱 218,933 (마지막 0초전) · 감시 22 (틱수신 22 · 확정봉 2001) 보유 10 신규 0/3 (일반 0/1) 대기 0 확인중 0 진입가능=슬롯 없음 미트리거 사유: 전일종가하회 9, 유지 5, VWAP하회 3, 음봉 2, 저점근접 1
2026-09-23 13:38:45.469 | INFO     | stock_bot.swing.live:_eod_timer:731 - 1338 WS 연결 등록 32/32 재연결 5회 틱 220,993 (마지막 0초전) · 감시 22 (틱수신 22 · 확정봉 2023) 보유 10 신규 0/3 (일반 0/1) 대기 0 확인중 0 진입가능=슬롯 없음 미트리거 사유: 전일종가하회 9, 음봉 4, 유지 4, VWAP하회 4, 미눌림 1
2026-09-23 13:41:45.519 | INFO     | stock_bot.swing.live:_eod_timer:731 - 1341 WS 연결 등록 32/32 재연결 5회 틱 223,128 (마지막 0초전) · 감시 22 (틱수신 22 · 확정봉 2045) 보유 10 신규 0/3 (일반 0/1) 대기 0 확인중 0 진입가능=슬롯 없음 미트리거 사유: 전일종가하회 9, 유지 5, 음봉 3, VWAP하회 3, 눌림반등 1
2026-09-23 13:44:45.570 | INFO     | stock_bot.swing.live:_eod_timer:731 - 1344 WS 연결 등록 32/32 재연결 5회 틱 225,116 (마지막 0초전) · 감시 22 (틱수신 22 · 확정봉 2067) 보유 10 신규 0/3 (일반 0/1) 대기 0 확인중 0 진입가능=슬롯 없음 미트리거 사유: 전일종가하회 9, 유지 4, VWAP하회 4, 음봉 3, 저점근접 1
2026-09-23 13:47:45.626 | INFO     | stock_bot.swing.live:_eod_timer:731 - 1347 WS 연결 등록 32/32 재연결 5회 틱 227,671 (마지막 0초전) · 감시 22 (틱수신 22 · 확정봉 2089) 보유 10 신규 0/3 (일반 0/1) 대기 0 확인중 0 진입가능=슬롯 없음 미트리거 사유: 전일종가하회 10, 유지 4, VWAP하회 4, 음봉 2, 저점근접 1
2026-09-23 13:50:45.677 | INFO     | stock_bot.swing.live:_eod_timer:731 - 1350 WS 연결 등록 32/32 재연결 5회 틱 230,154 (마지막 0초전) · 감시 22 (틱수신 22 · 확정봉 2111) 보유 10 신규 0/3 (일반 0/1) 대기 0 확인중 0 진입가능=슬롯 없음 미트리거 사유: 전일종가하회 10, 유지 4, VWAP하회 4, 음봉 1, 저점근접 1
2026-09-23 13:53:45.733 | INFO     | stock_bot.swing.live:_eod_timer:731 - 1353 WS 연결 등록 32/32 재연결 5회 틱 232,407 (마지막 0초전) · 감시 22 (틱수신 22 · 확정봉 2133) 보유 10 신규 0/3 (일반 0/1) 대기 0 확인중 0 진입가능=슬롯 없음 미트리거 사유: 전일종가하회 9, 유지 4, VWAP하회 4, 음봉 3, 눌림반등 1
2026-09-23 13:56:45.788 | INFO     | stock_bot.swing.live:_eod_timer:731 - 1356 WS 연결 등록 32/32 재연결 5회 틱 234,761 (마지막 0초전) · 감시 22 (틱수신 22 · 확정봉 2155) 보유 10 신규 0/3 (일반 0/1) 대기 0 확인중 0 진입가능=슬롯 없음 미트리거 사유: 전일종가하회 9, 유지 4, VWAP하회 4, 음봉 3, 눌림반등 1
2026-09-23 13:59:45.842 | INFO     | stock_bot.swing.live:_eod_timer:731 - 1359 WS 연결 등록 32/32 재연결 5회 틱 237,179 (마지막 0초전) · 감시 22 (틱수신 22 · 확정봉 2177) 보유 10 신규 0/3 (일반 0/1) 대기 0 확인중 0 진입가능=슬롯 없음 미트리거 사유: 전일종가하회 10, 유지 4, VWAP하회 4, 음봉 2, 눌림반등 1
2026-09-23 14:00:01.404 | WARNING  | stock_bot.broker.kis_ws:run:342 - 연결 끊김(6회차): ConnectionClosedError no close frame received or sent — 접속 유지 3599초, 1초 후 재접속
2026-09-23 14:00:01.406 | WARNING  | stock_bot.swing.live:on_gap:288 - WS 끊김 — 재접속 먼저, REST 백필 32종목은 백그라운드
2026-09-23 14:00:06.911 | INFO     | stock_bot.broker.kis_ws:_session:360 - ws 접속 ws://ops.koreainvestment.com:31000 (32종목)
2026-09-23 14:00:07.225 | INFO     | stock_bot.broker.kis_ws:_register:265 - 등록 32/32건
2026-09-23 14:00:07.277 | INFO     | stock_bot.swing.live:on_tick:243 - WS 복구 — 틱 공백 6초
2026-09-23 14:02:46.979 | INFO     | stock_bot.swing.live:_eod_timer:731 - 1402 WS 연결 등록 32/32 재연결 6회 틱 239,602 (마지막 0초전) · 감시 22 (틱수신 22 · 확정봉 2199) 보유 10 신규 0/3 (일반 0/1) 대기 0 확인중 0 진입가능=슬롯 없음 미트리거 사유: 전일종가하회 9, 음봉 4, 유지 4, VWAP하회 4, 미눌림 1
2026-09-23 14:03:15.108 | INFO     | stock_bot.swing.live:_backfill:322 - REST 백필 완료 32/32종목 (실패 0) — 틱 공백 6초 · 세션 고저 갱신
2026-09-23 14:05:47.045 | INFO     | stock_bot.swing.live:_eod_timer:731 - 1405 WS 연결 등록 32/32 재연결 6회 틱 241,837 (마지막 0초전) · 감시 22 (틱수신 22 · 확정봉 2221) 보유 10 신규 0/3 (일반 0/1) 대기 0 확인중 0 진입가능=슬롯 없음 미트리거 사유: 전일종가하회 9, 유지 4, VWAP하회 4, 음봉 3, 눌림반등 1
2026-09-23 14:08:47.110 | INFO     | stock_bot.swing.live:_eod_timer:731 - 1408 WS 연결 등록 32/32 재연결 6회 틱 243,828 (마지막 0초전) · 감시 22 (틱수신 22 · 확정봉 2243) 보유 10 신규 0/3 (일반 0/1) 대기 0 확인중 0 진입가능=슬롯 없음 미트리거 사유: 전일종가하회 9, 음봉 4, 유지 4, VWAP하회 4, 미눌림 1
2026-09-23 14:11:47.172 | INFO     | stock_bot.swing.live:_eod_timer:731 - 1411 WS 연결 등록 32/32 재연결 6회 틱 245,887 (마지막 0초전) · 감시 22 (틱수신 22 · 확정봉 2265) 보유 10 신규 0/3 (일반 0/1) 대기 0 확인중 0 진입가능=슬롯 없음 미트리거 사유: 전일종가하회 9, 유지 4, VWAP하회 4, 음봉 3, 눌림반등 1
2026-09-23 14:14:47.222 | INFO     | stock_bot.swing.live:_eod_timer:731 - 1414 WS 연결 등록 32/32 재연결 6회 틱 247,977 (마지막 0초전) · 감시 22 (틱수신 22 · 확정봉 2287) 보유 10 신규 0/3 (일반 0/1) 대기 0 확인중 0 진입가능=슬롯 없음 미트리거 사유: 전일종가하회 10, 유지 5, VWAP하회 3, 음봉 2, 저점근접 1
2026-09-23 14:17:47.277 | INFO     | stock_bot.swing.live:_eod_timer:731 - 1417 WS 연결 등록 32/32 재연결 6회 틱 250,040 (마지막 0초전) · 감시 22 (틱수신 22 · 확정봉 2309) 보유 10 신규 0/3 (일반 0/1) 대기 0 확인중 0 진입가능=슬롯 없음 미트리거 사유: 전일종가하회 9, 유지 5, 음봉 4, VWAP하회 3, 미눌림 1
2026-09-23 14:20:47.327 | INFO     | stock_bot.swing.live:_eod_timer:731 - 1420 WS 연결 등록 32/32 재연결 6회 틱 252,088 (마지막 0초전) · 감시 22 (틱수신 22 · 확정봉 2331) 보유 10 신규 0/3 (일반 0/1) 대기 0 확인중 0 진입가능=슬롯 없음 미트리거 사유: 전일종가하회 9, 유지 5, 음봉 3, VWAP하회 3, 눌림반등 1
2026-09-23 14:23:47.383 | INFO     | stock_bot.swing.live:_eod_timer:731 - 1423 WS 연결 등록 32/32 재연결 6회 틱 254,123 (마지막 0초전) · 감시 22 (틱수신 22 · 확정봉 2353) 보유 10 신규 0/3 (일반 0/1) 대기 0 확인중 0 진입가능=슬롯 없음 미트리거 사유: 전일종가하회 10, VWAP하회 4, 유지 4, 음봉 2, 눌림반등 1
2026-09-23 14:26:47.437 | INFO     | stock_bot.swing.live:_eod_timer:731 - 1426 WS 연결 등록 32/32 재연결 6회 틱 256,074 (마지막 0초전) · 감시 22 (틱수신 22 · 확정봉 2375) 보유 10 신규 0/3 (일반 0/1) 대기 0 확인중 0 진입가능=슬롯 없음 미트리거 사유: 전일종가하회 11, VWAP하회 5, 유지 3, 저점근접 1, 음봉 1
2026-09-23 14:29:47.488 | INFO     | stock_bot.swing.live:_eod_timer:731 - 1429 WS 연결 등록 32/32 재연결 6회 틱 258,055 (마지막 0초전) · 감시 22 (틱수신 22 · 확정봉 2397) 보유 10 신규 0/3 (일반 0/1) 대기 0 확인중 0 진입가능=슬롯 없음 미트리거 사유: 전일종가하회 9, VWAP하회 5, 음봉 4, 유지 3, 미눌림 1
2026-09-23 14:32:47.539 | INFO     | stock_bot.swing.live:_eod_timer:731 - 1432 WS 연결 등록 32/32 재연결 6회 틱 260,222 (마지막 0초전) · 감시 22 (틱수신 22 · 확정봉 2419) 보유 10 신규 0/3 (일반 0/1) 대기 0 확인중 0 진입가능=슬롯 없음 미트리거 사유: 전일종가하회 10, VWAP하회 5, 유지 3, 음봉 2, 저점근접 1
2026-09-23 14:35:47.592 | INFO     | stock_bot.swing.live:_eod_timer:731 - 1435 WS 연결 등록 32/32 재연결 6회 틱 262,398 (마지막 0초전) · 감시 22 (틱수신 22 · 확정봉 2441) 보유 10 신규 0/3 (일반 0/1) 대기 0 확인중 0 진입가능=슬롯 없음 미트리거 사유: 전일종가하회 9, VWAP하회 4, 유지 4, 음봉 2, 저점근접 1
2026-09-23 14:38:47.653 | INFO     | stock_bot.swing.live:_eod_timer:731 - 1438 WS 연결 등록 32/32 재연결 6회 틱 264,543 (마지막 0초전) · 감시 22 (틱수신 22 · 확정봉 2463) 보유 10 신규 0/3 (일반 0/1) 대기 0 확인중 0 진입가능=슬롯 없음 미트리거 사유: 전일종가하회 9, VWAP하회 4, 유지 4, 음봉 3, 눌림반등 1
2026-09-23 14:41:47.705 | INFO     | stock_bot.swing.live:_eod_timer:731 - 1441 WS 연결 등록 32/32 재연결 6회 틱 266,707 (마지막 0초전) · 감시 22 (틱수신 22 · 확정봉 2485) 보유 10 신규 0/3 (일반 0/1) 대기 0 확인중 0 진입가능=슬롯 없음 미트리거 사유: 전일종가하회 9, VWAP하회 4, 유지 4, 음봉 2, 저점근접 1
2026-09-23 14:42:00.663 | INFO     | stock_bot.swing.live:_note:416 - 트리거 감지 036540 MOMENTUM 유지 @10,540 → 미진입: 슬롯 없음
2026-09-23 14:44:47.757 | INFO     | stock_bot.swing.live:_eod_timer:731 - 1444 WS 연결 등록 32/32 재연결 6회 틱 268,907 (마지막 0초전) · 감시 22 (틱수신 22 · 확정봉 2507) 보유 10 신규 0/3 (일반 0/1) 대기 0 확인중 0 진입가능=슬롯 없음 미트리거 사유: 전일종가하회 8, 유지 5, VWAP하회 4, 음봉 3, 눌림반등 1
2026-09-23 14:47:47.982 | INFO     | stock_bot.swing.live:_eod_timer:731 - 1447 WS 연결 등록 32/32 재연결 6회 틱 271,194 (마지막 0초전) · 감시 22 (틱수신 22 · 확정봉 2529) 보유 10 신규 0/3 (일반 0/1) 대기 0 확인중 0 진입가능=슬롯 없음 미트리거 사유: 전일종가하회 9, 유지 5, VWAP하회 4, 음봉 3, 미눌림 1
2026-09-23 14:50:48.955 | INFO     | stock_bot.swing.live:_eod_timer:731 - 1450 WS 연결 등록 32/32 재연결 6회 틱 274,097 (마지막 0초전) · 감시 22 (틱수신 22 · 확정봉 2551) 보유 10 신규 0/3 (일반 0/1) 대기 0 확인중 0 진입가능=슬롯 없음 미트리거 사유: 전일종가하회 8, 유지 5, VWAP하회 4, 음봉 3, 눌림반등 1
2026-09-23 14:53:49.834 | INFO     | stock_bot.swing.live:_eod_timer:731 - 1453 WS 연결 등록 32/32 재연결 6회 틱 276,617 (마지막 0초전) · 감시 22 (틱수신 22 · 확정봉 2573) 보유 10 신규 0/3 (일반 0/1) 대기 0 확인중 0 진입가능=슬롯 없음 미트리거 사유: 전일종가하회 8, 유지 5, 음봉 4, VWAP하회 4, 미눌림 1
2026-09-23 14:56:49.896 | INFO     | stock_bot.swing.live:_eod_timer:731 - 1456 WS 연결 등록 32/32 재연결 6회 틱 279,396 (마지막 0초전) · 감시 22 (틱수신 22 · 확정봉 2595) 보유 10 신규 0/3 (일반 0/1) 대기 0 확인중 0 진입가능=슬롯 없음 미트리거 사유: 전일종가하회 8, 유지 5, VWAP하회 4, 음봉 3, 눌림반등 1
2026-09-23 14:59:49.954 | INFO     | stock_bot.swing.live:_eod_timer:731 - 1459 WS 연결 등록 32/32 재연결 6회 틱 281,974 (마지막 0초전) · 감시 22 (틱수신 22 · 확정봉 2617) 보유 10 신규 0/3 (일반 0/1) 대기 0 확인중 0 진입가능=슬롯 없음 미트리거 사유: 전일종가하회 9, 유지 5, VWAP하회 4, 음봉 3, 미눌림 1
2026-09-23 15:00:01.418 | WARNING  | stock_bot.broker.kis_ws:run:342 - 연결 끊김(7회차): ConnectionClosedError no close frame received or sent — 접속 유지 3599초, 1초 후 재접속
2026-09-23 15:00:01.420 | WARNING  | stock_bot.swing.live:on_gap:288 - WS 끊김 — 재접속 먼저, REST 백필 32종목은 백그라운드
2026-09-23 15:00:10.175 | INFO     | stock_bot.broker.kis_ws:_session:360 - ws 접속 ws://ops.koreainvestment.com:31000 (32종목)
2026-09-23 15:00:10.468 | INFO     | stock_bot.broker.kis_ws:_register:265 - 등록 32/32건
2026-09-23 15:00:10.538 | INFO     | stock_bot.swing.live:on_tick:243 - WS 복구 — 틱 공백 9초
2026-09-23 15:02:46.471 | INFO     | stock_bot.swing.live:_backfill:322 - REST 백필 완료 32/32종목 (실패 0) — 틱 공백 9초 · 세션 고저 갱신
2026-09-23 15:02:50.433 | INFO     | stock_bot.swing.live:_eod_timer:731 - 1502 WS 연결 등록 32/32 재연결 7회 틱 284,407 (마지막 0초전) · 감시 22 (틱수신 22 · 확정봉 2639) 보유 10 신규 0/3 (일반 0/1) 대기 0 확인중 0 진입가능=슬롯 없음 미트리거 사유: 전일종가하회 8, 유지 5, VWAP하회 4, 음봉 3, 눌림반등 1
2026-09-23 15:05:50.486 | INFO     | stock_bot.swing.live:_eod_timer:731 - 1505 WS 연결 등록 32/32 재연결 7회 틱 286,818 (마지막 0초전) · 감시 22 (틱수신 22 · 확정봉 2661) 보유 10 신규 0/3 (일반 0/1) 대기 0 확인중 0 진입가능=슬롯 없음 미트리거 사유: 전일종가하회 9, 유지 5, VWAP하회 4, 음봉 3, 미눌림 1
2026-09-23 15:08:50.544 | INFO     | stock_bot.swing.live:_eod_timer:731 - 1508 WS 연결 등록 32/32 재연결 7회 틱 289,334 (마지막 0초전) · 감시 22 (틱수신 22 · 확정봉 2683) 보유 10 신규 0/3 (일반 0/1) 대기 0 확인중 0 진입가능=슬롯 없음 미트리거 사유: 전일종가하회 8, VWAP하회 5, 유지 4, 음봉 3, 저점근접 1
2026-09-23 15:11:50.610 | INFO     | stock_bot.swing.live:_eod_timer:731 - 1511 WS 연결 등록 32/32 재연결 7회 틱 291,523 (마지막 0초전) · 감시 22 (틱수신 22 · 확정봉 2705) 보유 10 신규 0/3 (일반 0/1) 대기 0 확인중 0 진입가능=슬롯 없음 미트리거 사유: 전일종가하회 9, VWAP하회 5, 유지 4, 음봉 2, 눌림반등 1
2026-09-23 15:14:50.663 | INFO     | stock_bot.swing.live:_eod_timer:731 - 1514 WS 연결 등록 32/32 재연결 7회 틱 293,788 (마지막 0초전) · 감시 22 (틱수신 22 · 확정봉 2727) 보유 10 신규 0/3 (일반 0/1) 대기 0 확인중 0 진입가능=슬롯 없음 미트리거 사유: 전일종가하회 8, VWAP하회 5, 음봉 4, 유지 4, 미눌림 1
2026-09-23 15:15:02.855 | INFO     | stock_bot.swing.live:_note:416 - 트리거 감지 047770 MOMENTUM 유지 @3,790 → 미진입: 시간후
2026-09-23 15:17:51.015 | INFO     | stock_bot.swing.live:_eod_timer:731 - 1517 WS 연결 등록 32/32 재연결 7회 틱 296,014 (마지막 0초전) · 감시 22 (틱수신 22 · 확정봉 2749) 보유 10 신규 0/3 (일반 0/1) 대기 0 확인중 0 진입가능=시간후 미트리거 사유: 전일종가하회 9, VWAP하회 5, 유지 4, 음봉 3, 미눌림 1
2026-09-23 15:18:00.226 | INFO     | stock_bot.swing.live:_note:416 - 트리거 감지 079650 MEANREV 눌림반등 @6,210 → 미진입: 시간후
2026-09-23 15:18:00.241 | INFO     | stock_bot.swing.live:_note:416 - 트리거 감지 036540 MOMENTUM 유지 @10,530 → 미진입: 시간후
2026-09-23 15:18:00.454 | INFO     | stock_bot.swing.live:_note:416 - 트리거 감지 319660 MOMENTUM 유지 @144,600 → 미진입: 시간후
2026-09-23 15:18:00.459 | INFO     | stock_bot.swing.live:_note:416 - 트리거 감지 003350 MOMENTUM 유지 @15,940 → 미진입: 시간후
2026-09-23 15:20:01.051 | INFO     | stock_bot.swing.live:eod:641 - 15:20 마감 판정 — 보유 10
2026-09-23 15:20:15.580 | INFO     | stock_bot.swing.live:eod:669 - 마감 요약: WS 연결 등록 32/32 재연결 7회 틱 298,227 (마지막 16초전) · 감시 22 (틱수신 22 · 확정봉 2771) 보유 10 신규 0/3 (일반 0/1) 대기 0 확인중 0 진입가능=시간후 미트리거 사유: 전일종가하회 8, VWAP하회 5, 유지 4, 음봉 3, 눌림반등 1
2026-09-23 15:30:21.277 | INFO     | stock_bot.swing.live:_note:416 - 트리거 감지 119850 MOMENTUM 유지 @56,100 → 미진입: 시간후
2026-09-23 15:31:00.844 | INFO     | stock_bot.swing.live:run:763 - WS 종료 1531 — WS 연결 등록 32/32 재연결 7회 틱 298,259 (마지막 30초전)
2026-09-23 15:53:05.579 | INFO     | stock_bot.swing.collector:collect_daily:494 - collect_daily 100/2768 ok=100 fail=0 437s
2026-09-23 15:58:50.864 | INFO     | stock_bot.swing.collector:collect_daily:494 - collect_daily 200/2768 ok=200 fail=0 782s
2026-09-23 16:07:48.092 | INFO     | stock_bot.swing.collector:collect_daily:494 - collect_daily 300/2768 ok=300 fail=0 1319s
2026-09-23 16:16:56.042 | INFO     | stock_bot.swing.collector:collect_daily:494 - collect_daily 400/2768 ok=400 fail=0 1867s
2026-09-23 16:23:38.511 | INFO     | stock_bot.swing.collector:collect_daily:494 - collect_daily 500/2768 ok=500 fail=0 2270s
2026-09-23 16:28:56.474 | INFO     | stock_bot.swing.collector:collect_daily:494 - collect_daily 600/2768 ok=600 fail=0 2587s
2026-09-23 16:38:05.288 | INFO     | stock_bot.swing.collector:collect_daily:494 - collect_daily 700/2768 ok=700 fail=0 3136s
2026-09-23 16:44:58.626 | INFO     | stock_bot.swing.collector:collect_daily:494 - collect_daily 800/2768 ok=800 fail=0 3550s
2026-09-23 16:54:24.023 | INFO     | stock_bot.swing.collector:collect_daily:494 - collect_daily 900/2768 ok=900 fail=0 4115s
2026-09-23 17:01:50.232 | INFO     | stock_bot.swing.collector:collect_daily:494 - collect_daily 1000/2768 ok=1000 fail=0 4561s
2026-09-23 17:10:48.712 | INFO     | stock_bot.swing.collector:collect_daily:494 - collect_daily 1100/2768 ok=1100 fail=0 5100s
2026-09-23 17:17:17.390 | INFO     | stock_bot.swing.collector:collect_daily:494 - collect_daily 1200/2768 ok=1200 fail=0 5488s
2026-09-23 17:27:33.579 | INFO     | stock_bot.swing.collector:collect_daily:494 - collect_daily 1300/2768 ok=1300 fail=0 6105s
2026-09-23 17:33:21.729 | INFO     | stock_bot.swing.collector:collect_daily:494 - collect_daily 1400/2768 ok=1400 fail=0 6453s
2026-09-23 17:39:59.928 | INFO     | stock_bot.swing.collector:collect_daily:494 - collect_daily 1500/2768 ok=1500 fail=0 6851s
2026-09-23 17:47:30.093 | INFO     | stock_bot.swing.collector:collect_daily:494 - collect_daily 1600/2768 ok=1600 fail=0 7301s
2026-09-23 17:53:52.192 | INFO     | stock_bot.swing.collector:collect_daily:494 - collect_daily 1700/2768 ok=1700 fail=0 7683s
2026-09-23 18:01:40.801 | INFO     | stock_bot.swing.collector:collect_daily:494 - collect_daily 1800/2768 ok=1800 fail=0 8152s
2026-09-23 18:08:47.850 | INFO     | stock_bot.swing.collector:collect_daily:494 - collect_daily 1900/2768 ok=1900 fail=0 8579s
2026-09-23 18:14:58.742 | INFO     | stock_bot.swing.collector:collect_daily:494 - collect_daily 2000/2768 ok=2000 fail=0 8950s
2026-09-23 18:23:38.131 | INFO     | stock_bot.swing.collector:collect_daily:494 - collect_daily 2100/2768 ok=2100 fail=0 9469s
2026-09-23 18:30:32.661 | INFO     | stock_bot.swing.collector:collect_daily:494 - collect_daily 2200/2768 ok=2200 fail=0 9884s
2026-09-23 18:39:00.458 | INFO     | stock_bot.swing.collector:collect_daily:494 - collect_daily 2300/2768 ok=2300 fail=0 10391s
2026-09-23 18:47:54.339 | INFO     | stock_bot.swing.collector:collect_daily:494 - collect_daily 2400/2768 ok=2400 fail=0 10925s
2026-09-23 18:54:02.337 | INFO     | stock_bot.swing.collector:collect_daily:494 - collect_daily 2500/2768 ok=2500 fail=0 11293s
2026-09-23 19:00:56.038 | INFO     | stock_bot.swing.collector:collect_daily:494 - collect_daily 2600/2768 ok=2600 fail=0 11707s
2026-09-23 19:06:21.403 | INFO     | stock_bot.swing.collector:collect_daily:494 - collect_daily 2700/2768 ok=2700 fail=0 12032s
2026-09-23 19:14:12.055 | INFO     | stock_bot.swing.daily_scan:scan:118 - scan 20260923: panel 2749종목, strategies=['NEWHIGH', 'MOMENTUM', 'FLOW_PULLBACK', 'FLOW_FORGN', 'FLOW_INST', 'FLOW_BOTH', 'MEANREV', 'GAPGO'], trend=False
2026-09-23 19:31:32.025 | INFO     | stock_bot.swing.daily_scan:run_nightly_scan:309 - scan 20260923: 신호 669건(게이트통과 125), 후보 풀 50 (풀 밖 58) → 축 하한 20 탈락 16 → 감시 30종목
2026-09-23 19:31:32.042 | INFO     | stock_bot.swing.daily_scan:run_nightly_scan:313 - 축 채움률: setup 100% / value 99% / quality 99% / growth 98% / flow 100% / liq 100% / prog 100%
2026-09-23 19:31:32.046 | INFO     | __main__:main:67 - nightly 20260923 ok: universe=2763 | collect ok=2768 fail=0 skipped=0 | index+2 | complete=2763/2768 (100%) | signals=669 watch=30 | 13569s
