2026-09-17 15:50:44.316 | INFO     | stock_bot.swing.collector:collect_daily:487 - collect_daily 100/2764 ok=100 fail=0 299s
2026-09-17 15:55:46.340 | INFO     | stock_bot.swing.collector:collect_daily:487 - collect_daily 200/2764 ok=200 fail=0 601s
2026-09-17 16:00:46.637 | INFO     | stock_bot.swing.collector:collect_daily:487 - collect_daily 300/2764 ok=300 fail=0 901s
2026-09-17 16:05:47.480 | INFO     | stock_bot.swing.collector:collect_daily:487 - collect_daily 400/2764 ok=400 fail=0 1202s
2026-09-17 16:10:48.505 | INFO     | stock_bot.swing.collector:collect_daily:487 - collect_daily 500/2764 ok=500 fail=0 1503s
2026-09-17 16:15:48.853 | INFO     | stock_bot.swing.collector:collect_daily:487 - collect_daily 600/2764 ok=600 fail=0 1804s
2026-09-17 16:20:53.176 | INFO     | stock_bot.swing.collector:collect_daily:487 - collect_daily 700/2764 ok=700 fail=0 2108s
2026-09-17 16:25:57.517 | INFO     | stock_bot.swing.collector:collect_daily:487 - collect_daily 800/2764 ok=800 fail=0 2412s
2026-09-17 16:31:02.504 | INFO     | stock_bot.swing.collector:collect_daily:487 - collect_daily 900/2764 ok=900 fail=0 2717s
2026-09-17 16:36:36.262 | INFO     | stock_bot.swing.collector:collect_daily:487 - collect_daily 1000/2764 ok=1000 fail=0 3051s
2026-09-17 16:41:47.284 | INFO     | stock_bot.swing.collector:collect_daily:487 - collect_daily 1100/2764 ok=1100 fail=0 3362s
2026-09-17 16:47:26.179 | INFO     | stock_bot.swing.collector:collect_daily:487 - collect_daily 1200/2764 ok=1200 fail=0 3701s
2026-09-17 16:52:32.474 | INFO     | stock_bot.swing.collector:collect_daily:487 - collect_daily 1300/2764 ok=1300 fail=0 4007s
2026-09-17 16:57:49.222 | INFO     | stock_bot.swing.collector:collect_daily:487 - collect_daily 1400/2764 ok=1400 fail=0 4324s
2026-09-17 17:02:53.426 | INFO     | stock_bot.swing.collector:collect_daily:487 - collect_daily 1500/2764 ok=1500 fail=0 4628s
2026-09-17 17:08:33.280 | INFO     | stock_bot.swing.collector:collect_daily:487 - collect_daily 1600/2764 ok=1600 fail=0 4968s
2026-09-17 17:13:51.133 | INFO     | stock_bot.swing.collector:collect_daily:487 - collect_daily 1700/2764 ok=1700 fail=0 5286s
2026-09-17 17:19:14.046 | INFO     | stock_bot.swing.collector:collect_daily:487 - collect_daily 1800/2764 ok=1800 fail=0 5609s
2026-09-17 17:24:28.524 | INFO     | stock_bot.swing.collector:collect_daily:487 - collect_daily 1900/2764 ok=1900 fail=0 5923s
2026-09-17 17:29:30.617 | INFO     | stock_bot.swing.collector:collect_daily:487 - collect_daily 2000/2764 ok=2000 fail=0 6225s
2026-09-17 17:34:32.500 | INFO     | stock_bot.swing.collector:collect_daily:487 - collect_daily 2100/2764 ok=2100 fail=0 6527s
2026-09-17 17:39:34.543 | INFO     | stock_bot.swing.collector:collect_daily:487 - collect_daily 2200/2764 ok=2200 fail=0 6829s
2026-09-17 17:44:34.584 | INFO     | stock_bot.swing.collector:collect_daily:487 - collect_daily 2300/2764 ok=2300 fail=0 7129s
2026-09-17 17:49:34.731 | INFO     | stock_bot.swing.collector:collect_daily:487 - collect_daily 2400/2764 ok=2400 fail=0 7430s
2026-09-17 17:54:34.835 | INFO     | stock_bot.swing.collector:collect_daily:487 - collect_daily 2500/2764 ok=2500 fail=0 7730s
2026-09-17 17:59:35.842 | INFO     | stock_bot.swing.collector:collect_daily:487 - collect_daily 2600/2764 ok=2600 fail=0 8031s
2026-09-17 18:04:37.619 | INFO     | stock_bot.swing.collector:collect_daily:487 - collect_daily 2700/2764 ok=2700 fail=0 8332s
2026-09-17 18:11:45.739 | INFO     | stock_bot.swing.daily_scan:scan:116 - scan 20260917: panel 2746종목, strategies=ALL, trend=False
2026-09-17 18:31:47.625 | INFO     | stock_bot.swing.daily_scan:run_nightly_scan:239 - scan 20260917: 신호 1448건(게이트통과 217), 감시 30종목
2026-09-17 18:31:47.639 | INFO     | stock_bot.swing.daily_scan:run_nightly_scan:242 - 축 채움률: setup 100% / value 100% / quality 100% / growth 99% / flow 100% / liq 100% / prog 100%
2026-09-17 18:31:47.643 | INFO     | __main__:main:66 - nightly 20260917 ok: universe=2762 | collect ok=2764 fail=0 skipped=0 | index+1 | complete=2762/2764 (100%) | signals=1448 watch=30 | 9988s
