2026-09-24 08:50:20.503 | INFO     | stock_bot.broker.kis:_ensure_token:137 - KIS access token issued (env=paper, cached)
2026-09-24 08:50:20.570 | INFO     | stock_bot.swing.live:_recover_positions:164 - 보유 복구 041830 MEANREV 100주 @57,425 손절 45,940 익절 64,316 (진입 20260916) 규칙 stop20/tp0/trail0>0/t30/ma0
2026-09-24 08:50:20.571 | INFO     | stock_bot.swing.live:_recover_positions:164 - 보유 복구 004800 VALUE_PURE 64주 @155,423 손절 124,338 익절 174,074 (진입 20260916) 규칙 stop20/tp0/trail0>0/t30/ma0
2026-09-24 08:50:20.572 | INFO     | stock_bot.swing.live:_recover_positions:164 - 보유 복구 078930 MEANREV 86주 @115,130 손절 92,104 익절 128,946 (진입 20260917) 규칙 stop20/tp0/trail0>0/t30/ma0
2026-09-24 08:50:20.573 | INFO     | stock_bot.swing.live:_recover_positions:164 - 보유 복구 001450 FLOW_FORGN 198주 @50,709 손절 40,567 익절 56,794 (진입 20260917) 규칙 stop20/tp0/trail0>0/t30/ma0
2026-09-24 08:50:20.574 | INFO     | stock_bot.swing.live:_recover_positions:164 - 보유 복구 062040 FLOW_BOTH 48주 @206,833 손절 165,466 익절 231,653 (진입 20260918) 규칙 stop20/tp0/trail0>0/t30/ma0
2026-09-24 08:50:20.575 | INFO     | stock_bot.swing.live:_recover_positions:164 - 보유 복구 051160 FLOW_FORGN 406주 @12,313 손절 9,850 익절 14,160 (진입 20260921) 규칙 stop20/tp0/trail0>0/t30/ma0
2026-09-24 08:50:20.576 | INFO     | stock_bot.swing.live:_recover_positions:164 - 보유 복구 332570 FLOW_BOTH 548주 @9,119 손절 7,295 익절 없음 (진입 20260921) 규칙 stop20/tp0/trail0>0/t30/ma0
2026-09-24 08:50:20.577 | INFO     | stock_bot.swing.live:_recover_positions:164 - 보유 복구 096530 FLOW_BOTH 144주 @34,495 손절 27,596 익절 없음 (진입 20260921) 규칙 stop20/tp0/trail0>0/t30/ma0
2026-09-24 08:50:20.578 | INFO     | stock_bot.swing.live:_recover_positions:164 - 보유 복구 024840 MOMENTUM 727주 @6,781 손절 5,425 익절 없음 (진입 20260922) 규칙 stop20/tp0/trail0>0/t30/ma0
2026-09-24 08:50:20.579 | INFO     | stock_bot.swing.live:_recover_positions:164 - 보유 복구 263860 MOMENTUM 287주 @17,400 손절 13,920 익절 없음 (진입 20260922) 규칙 stop20/tp0/trail0>0/t30/ma0
2026-09-24 08:50:24.432 | INFO     | stock_bot.swing.live:_load_watchlist:201 - 감시 리스트 20260923 적재: 후보 30 → 감시 27 (슬롯 30) 상위: 092870 77, 000370 70, 257720 70, 425420 68, 073240 67
2026-09-24 08:50:24.433 | INFO     | stock_bot.swing.live:_load_watchlist:204 - 우선 등급 8종목 (종합≥80 없음 → 순위 1~10): 000370 70, 425420 68, 257720 70, 010950 66, 092870 77, 214450 65, 073240 67, 005930 67
2026-09-24 08:50:24.471 | INFO     | stock_bot.swing.live:prepare:120 - 진입 규칙: 창 093000~151500 종합점수 하한 60 모음 창 20초 하루 상한 3 · 우선 등급 종합≥80(없으면 순위 1~10) 즉시 8종목 · 일반 등급 다음 1봉 유지 확인, 하루 1건 · 오늘 체결 0 (일반 0)
2026-09-24 08:50:24.471 | INFO     | stock_bot.swing.live:prepare:127 - 20260924 준비: 보유 10 신규감시 27 (wl=20260923) 레짐=True mult=1.0
2026-09-24 08:50:24.474 | INFO     | stock_bot.swing.live:run:751 - WS 시작 — 구독 37종목 (보유 10 감시 27) 봉 180초 저장봉 60초
2026-09-24 08:50:25.145 | INFO     | stock_bot.broker.kis_ws:_session:360 - ws 접속 ws://ops.koreainvestment.com:31000 (37종목)
2026-09-24 08:50:25.576 | INFO     | stock_bot.broker.kis_ws:_register:265 - 등록 37/37건
2026-09-24 08:53:25.359 | INFO     | stock_bot.swing.live:_eod_timer:731 - 0853 WS 연결 등록 37/37 틱 0 (마지막 없음) · 감시 27 (틱수신 0 · 확정봉 0) 보유 10 신규 0/3 (일반 0/1) 대기 0 확인중 0 진입가능=시간전 미트리거 사유: -
2026-09-24 08:56:25.425 | INFO     | stock_bot.swing.live:_eod_timer:731 - 0856 WS 연결 등록 37/37 틱 0 (마지막 없음) · 감시 27 (틱수신 0 · 확정봉 0) 보유 10 신규 0/3 (일반 0/1) 대기 0 확인중 0 진입가능=시간전 미트리거 사유: -
2026-09-24 08:59:25.486 | INFO     | stock_bot.swing.live:_eod_timer:731 - 0859 WS 연결 등록 37/37 틱 0 (마지막 없음) · 감시 27 (틱수신 0 · 확정봉 0) 보유 10 신규 0/3 (일반 0/1) 대기 0 확인중 0 진입가능=시간전 미트리거 사유: -
2026-09-24 09:00:01.245 | WARNING  | stock_bot.broker.kis_ws:run:342 - 연결 끊김(1회차): ConnectionClosedError no close frame received or sent — 접속 유지 576초, 1초 후 재접속
2026-09-24 09:00:01.246 | WARNING  | stock_bot.swing.live:on_gap:288 - WS 끊김 — 재접속 먼저, REST 백필 37종목은 백그라운드
2026-09-24 09:00:02.381 | INFO     | stock_bot.broker.kis_ws:_session:360 - ws 접속 ws://ops.koreainvestment.com:31000 (37종목)
2026-09-24 09:00:02.713 | INFO     | stock_bot.broker.kis_ws:_register:265 - 등록 37/37건
2026-09-24 09:01:22.375 | INFO     | stock_bot.swing.live:_backfill:322 - REST 백필 완료 37/37종목 (실패 0) — 아직 복구 안 됨 · 세션 고저 갱신
2026-09-24 09:02:25.549 | INFO     | stock_bot.swing.live:_eod_timer:731 - 0902 WS 연결 등록 37/37 재연결 1회 틱 0 (마지막 없음) · 감시 27 (틱수신 27 · 확정봉 0) 보유 10 신규 0/3 (일반 0/1) 대기 0 확인중 0 진입가능=시간전 미트리거 사유: -
2026-09-24 09:05:25.622 | INFO     | stock_bot.swing.live:_eod_timer:731 - 0905 WS 연결 등록 37/37 재연결 1회 틱 0 (마지막 없음) · 감시 27 (틱수신 27 · 확정봉 0) 보유 10 신규 0/3 (일반 0/1) 대기 0 확인중 0 진입가능=시간전 미트리거 사유: -
2026-09-24 09:08:25.683 | INFO     | stock_bot.swing.live:_eod_timer:731 - 0908 WS 연결 등록 37/37 재연결 1회 틱 0 (마지막 없음) · 감시 27 (틱수신 27 · 확정봉 0) 보유 10 신규 0/3 (일반 0/1) 대기 0 확인중 0 진입가능=시간전 미트리거 사유: -
2026-09-24 09:11:25.749 | INFO     | stock_bot.swing.live:_eod_timer:731 - 0911 WS 연결 등록 37/37 재연결 1회 틱 0 (마지막 없음) · 감시 27 (틱수신 27 · 확정봉 0) 보유 10 신규 0/3 (일반 0/1) 대기 0 확인중 0 진입가능=시간전 미트리거 사유: -
2026-09-24 09:14:25.819 | INFO     | stock_bot.swing.live:_eod_timer:731 - 0914 WS 연결 등록 37/37 재연결 1회 틱 0 (마지막 없음) · 감시 27 (틱수신 27 · 확정봉 0) 보유 10 신규 0/3 (일반 0/1) 대기 0 확인중 0 진입가능=시간전 미트리거 사유: -
2026-09-24 09:17:25.877 | INFO     | stock_bot.swing.live:_eod_timer:731 - 0917 WS 연결 등록 37/37 재연결 1회 틱 0 (마지막 없음) · 감시 27 (틱수신 27 · 확정봉 0) 보유 10 신규 0/3 (일반 0/1) 대기 0 확인중 0 진입가능=시간전 미트리거 사유: -
2026-09-24 09:20:25.939 | INFO     | stock_bot.swing.live:_eod_timer:731 - 0920 WS 연결 등록 37/37 재연결 1회 틱 0 (마지막 없음) · 감시 27 (틱수신 27 · 확정봉 0) 보유 10 신규 0/3 (일반 0/1) 대기 0 확인중 0 진입가능=시간전 미트리거 사유: -
2026-09-24 09:23:26.006 | INFO     | stock_bot.swing.live:_eod_timer:731 - 0923 WS 연결 등록 37/37 재연결 1회 틱 0 (마지막 없음) · 감시 27 (틱수신 27 · 확정봉 0) 보유 10 신규 0/3 (일반 0/1) 대기 0 확인중 0 진입가능=시간전 미트리거 사유: -
2026-09-24 09:26:26.069 | INFO     | stock_bot.swing.live:_eod_timer:731 - 0926 WS 연결 등록 37/37 재연결 1회 틱 0 (마지막 없음) · 감시 27 (틱수신 27 · 확정봉 0) 보유 10 신규 0/3 (일반 0/1) 대기 0 확인중 0 진입가능=시간전 미트리거 사유: -
2026-09-24 09:29:26.127 | INFO     | stock_bot.swing.live:_eod_timer:731 - 0929 WS 연결 등록 37/37 재연결 1회 틱 0 (마지막 없음) · 감시 27 (틱수신 27 · 확정봉 0) 보유 10 신규 0/3 (일반 0/1) 대기 0 확인중 0 진입가능=시간전 미트리거 사유: -
2026-09-24 09:32:26.205 | INFO     | stock_bot.swing.live:_eod_timer:731 - 0932 WS 연결 등록 37/37 재연결 1회 틱 0 (마지막 없음) · 감시 27 (틱수신 27 · 확정봉 0) 보유 10 신규 0/3 (일반 0/1) 대기 0 확인중 0 진입가능=슬롯 없음 미트리거 사유: -
2026-09-24 09:35:26.265 | INFO     | stock_bot.swing.live:_eod_timer:731 - 0935 WS 연결 등록 37/37 재연결 1회 틱 0 (마지막 없음) · 감시 27 (틱수신 27 · 확정봉 0) 보유 10 신규 0/3 (일반 0/1) 대기 0 확인중 0 진입가능=슬롯 없음 미트리거 사유: -
2026-09-24 09:38:26.326 | INFO     | stock_bot.swing.live:_eod_timer:731 - 0938 WS 연결 등록 37/37 재연결 1회 틱 0 (마지막 없음) · 감시 27 (틱수신 27 · 확정봉 0) 보유 10 신규 0/3 (일반 0/1) 대기 0 확인중 0 진입가능=슬롯 없음 미트리거 사유: -
2026-09-24 09:41:26.397 | INFO     | stock_bot.swing.live:_eod_timer:731 - 0941 WS 연결 등록 37/37 재연결 1회 틱 0 (마지막 없음) · 감시 27 (틱수신 27 · 확정봉 0) 보유 10 신규 0/3 (일반 0/1) 대기 0 확인중 0 진입가능=슬롯 없음 미트리거 사유: -
2026-09-24 09:44:26.465 | INFO     | stock_bot.swing.live:_eod_timer:731 - 0944 WS 연결 등록 37/37 재연결 1회 틱 0 (마지막 없음) · 감시 27 (틱수신 27 · 확정봉 0) 보유 10 신규 0/3 (일반 0/1) 대기 0 확인중 0 진입가능=슬롯 없음 미트리거 사유: -
2026-09-24 09:47:26.524 | INFO     | stock_bot.swing.live:_eod_timer:731 - 0947 WS 연결 등록 37/37 재연결 1회 틱 0 (마지막 없음) · 감시 27 (틱수신 27 · 확정봉 0) 보유 10 신규 0/3 (일반 0/1) 대기 0 확인중 0 진입가능=슬롯 없음 미트리거 사유: -
2026-09-24 09:50:26.596 | INFO     | stock_bot.swing.live:_eod_timer:731 - 0950 WS 연결 등록 37/37 재연결 1회 틱 0 (마지막 없음) · 감시 27 (틱수신 27 · 확정봉 0) 보유 10 신규 0/3 (일반 0/1) 대기 0 확인중 0 진입가능=슬롯 없음 미트리거 사유: -
2026-09-24 09:53:26.665 | INFO     | stock_bot.swing.live:_eod_timer:731 - 0953 WS 연결 등록 37/37 재연결 1회 틱 0 (마지막 없음) · 감시 27 (틱수신 27 · 확정봉 0) 보유 10 신규 0/3 (일반 0/1) 대기 0 확인중 0 진입가능=슬롯 없음 미트리거 사유: -
2026-09-24 09:56:26.725 | INFO     | stock_bot.swing.live:_eod_timer:731 - 0956 WS 연결 등록 37/37 재연결 1회 틱 0 (마지막 없음) · 감시 27 (틱수신 27 · 확정봉 0) 보유 10 신규 0/3 (일반 0/1) 대기 0 확인중 0 진입가능=슬롯 없음 미트리거 사유: -
2026-09-24 09:59:26.796 | INFO     | stock_bot.swing.live:_eod_timer:731 - 0959 WS 연결 등록 37/37 재연결 1회 틱 0 (마지막 없음) · 감시 27 (틱수신 27 · 확정봉 0) 보유 10 신규 0/3 (일반 0/1) 대기 0 확인중 0 진입가능=슬롯 없음 미트리거 사유: -
2026-09-24 10:00:02.109 | WARNING  | stock_bot.broker.kis_ws:run:342 - 연결 끊김(2회차): ConnectionClosedError no close frame received or sent — 접속 유지 3600초, 1초 후 재접속
2026-09-24 10:00:02.110 | WARNING  | stock_bot.swing.live:on_gap:288 - WS 끊김 — 재접속 먼저, REST 백필 37종목은 백그라운드
2026-09-24 10:00:03.275 | INFO     | stock_bot.broker.kis_ws:_session:360 - ws 접속 ws://ops.koreainvestment.com:31000 (37종목)
2026-09-24 10:00:03.630 | INFO     | stock_bot.broker.kis_ws:_register:265 - 등록 37/37건
2026-09-24 10:01:23.158 | INFO     | stock_bot.swing.live:_backfill:322 - REST 백필 완료 37/37종목 (실패 0) — 아직 복구 안 됨 · 세션 고저 갱신
2026-09-24 10:02:26.859 | INFO     | stock_bot.swing.live:_eod_timer:731 - 1002 WS 연결 등록 37/37 재연결 2회 틱 0 (마지막 없음) · 감시 27 (틱수신 27 · 확정봉 0) 보유 10 신규 0/3 (일반 0/1) 대기 0 확인중 0 진입가능=슬롯 없음 미트리거 사유: -
2026-09-24 10:05:26.924 | INFO     | stock_bot.swing.live:_eod_timer:731 - 1005 WS 연결 등록 37/37 재연결 2회 틱 0 (마지막 없음) · 감시 27 (틱수신 27 · 확정봉 0) 보유 10 신규 0/3 (일반 0/1) 대기 0 확인중 0 진입가능=슬롯 없음 미트리거 사유: -
2026-09-24 10:08:26.999 | INFO     | stock_bot.swing.live:_eod_timer:731 - 1008 WS 연결 등록 37/37 재연결 2회 틱 0 (마지막 없음) · 감시 27 (틱수신 27 · 확정봉 0) 보유 10 신규 0/3 (일반 0/1) 대기 0 확인중 0 진입가능=슬롯 없음 미트리거 사유: -
2026-09-24 10:11:27.068 | INFO     | stock_bot.swing.live:_eod_timer:731 - 1011 WS 연결 등록 37/37 재연결 2회 틱 0 (마지막 없음) · 감시 27 (틱수신 27 · 확정봉 0) 보유 10 신규 0/3 (일반 0/1) 대기 0 확인중 0 진입가능=슬롯 없음 미트리거 사유: -
2026-09-24 10:14:27.127 | INFO     | stock_bot.swing.live:_eod_timer:731 - 1014 WS 연결 등록 37/37 재연결 2회 틱 0 (마지막 없음) · 감시 27 (틱수신 27 · 확정봉 0) 보유 10 신규 0/3 (일반 0/1) 대기 0 확인중 0 진입가능=슬롯 없음 미트리거 사유: -
2026-09-24 10:17:27.195 | INFO     | stock_bot.swing.live:_eod_timer:731 - 1017 WS 연결 등록 37/37 재연결 2회 틱 0 (마지막 없음) · 감시 27 (틱수신 27 · 확정봉 0) 보유 10 신규 0/3 (일반 0/1) 대기 0 확인중 0 진입가능=슬롯 없음 미트리거 사유: -
2026-09-24 10:20:27.270 | INFO     | stock_bot.swing.live:_eod_timer:731 - 1020 WS 연결 등록 37/37 재연결 2회 틱 0 (마지막 없음) · 감시 27 (틱수신 27 · 확정봉 0) 보유 10 신규 0/3 (일반 0/1) 대기 0 확인중 0 진입가능=슬롯 없음 미트리거 사유: -
2026-09-24 10:23:27.345 | INFO     | stock_bot.swing.live:_eod_timer:731 - 1023 WS 연결 등록 37/37 재연결 2회 틱 0 (마지막 없음) · 감시 27 (틱수신 27 · 확정봉 0) 보유 10 신규 0/3 (일반 0/1) 대기 0 확인중 0 진입가능=슬롯 없음 미트리거 사유: -
2026-09-24 10:26:27.411 | INFO     | stock_bot.swing.live:_eod_timer:731 - 1026 WS 연결 등록 37/37 재연결 2회 틱 0 (마지막 없음) · 감시 27 (틱수신 27 · 확정봉 0) 보유 10 신규 0/3 (일반 0/1) 대기 0 확인중 0 진입가능=슬롯 없음 미트리거 사유: -
2026-09-24 10:29:27.483 | INFO     | stock_bot.swing.live:_eod_timer:731 - 1029 WS 연결 등록 37/37 재연결 2회 틱 0 (마지막 없음) · 감시 27 (틱수신 27 · 확정봉 0) 보유 10 신규 0/3 (일반 0/1) 대기 0 확인중 0 진입가능=슬롯 없음 미트리거 사유: -
2026-09-24 10:32:27.555 | INFO     | stock_bot.swing.live:_eod_timer:731 - 1032 WS 연결 등록 37/37 재연결 2회 틱 0 (마지막 없음) · 감시 27 (틱수신 27 · 확정봉 0) 보유 10 신규 0/3 (일반 0/1) 대기 0 확인중 0 진입가능=슬롯 없음 미트리거 사유: -
2026-09-24 10:35:27.616 | INFO     | stock_bot.swing.live:_eod_timer:731 - 1035 WS 연결 등록 37/37 재연결 2회 틱 0 (마지막 없음) · 감시 27 (틱수신 27 · 확정봉 0) 보유 10 신규 0/3 (일반 0/1) 대기 0 확인중 0 진입가능=슬롯 없음 미트리거 사유: -
2026-09-24 10:38:27.694 | INFO     | stock_bot.swing.live:_eod_timer:731 - 1038 WS 연결 등록 37/37 재연결 2회 틱 0 (마지막 없음) · 감시 27 (틱수신 27 · 확정봉 0) 보유 10 신규 0/3 (일반 0/1) 대기 0 확인중 0 진입가능=슬롯 없음 미트리거 사유: -
2026-09-24 10:41:27.754 | INFO     | stock_bot.swing.live:_eod_timer:731 - 1041 WS 연결 등록 37/37 재연결 2회 틱 0 (마지막 없음) · 감시 27 (틱수신 27 · 확정봉 0) 보유 10 신규 0/3 (일반 0/1) 대기 0 확인중 0 진입가능=슬롯 없음 미트리거 사유: -
2026-09-24 10:44:27.821 | INFO     | stock_bot.swing.live:_eod_timer:731 - 1044 WS 연결 등록 37/37 재연결 2회 틱 0 (마지막 없음) · 감시 27 (틱수신 27 · 확정봉 0) 보유 10 신규 0/3 (일반 0/1) 대기 0 확인중 0 진입가능=슬롯 없음 미트리거 사유: -
2026-09-24 10:47:27.895 | INFO     | stock_bot.swing.live:_eod_timer:731 - 1047 WS 연결 등록 37/37 재연결 2회 틱 0 (마지막 없음) · 감시 27 (틱수신 27 · 확정봉 0) 보유 10 신규 0/3 (일반 0/1) 대기 0 확인중 0 진입가능=슬롯 없음 미트리거 사유: -
2026-09-24 10:50:27.969 | INFO     | stock_bot.swing.live:_eod_timer:731 - 1050 WS 연결 등록 37/37 재연결 2회 틱 0 (마지막 없음) · 감시 27 (틱수신 27 · 확정봉 0) 보유 10 신규 0/3 (일반 0/1) 대기 0 확인중 0 진입가능=슬롯 없음 미트리거 사유: -
2026-09-24 10:53:28.034 | INFO     | stock_bot.swing.live:_eod_timer:731 - 1053 WS 연결 등록 37/37 재연결 2회 틱 0 (마지막 없음) · 감시 27 (틱수신 27 · 확정봉 0) 보유 10 신규 0/3 (일반 0/1) 대기 0 확인중 0 진입가능=슬롯 없음 미트리거 사유: -
2026-09-24 10:56:28.103 | INFO     | stock_bot.swing.live:_eod_timer:731 - 1056 WS 연결 등록 37/37 재연결 2회 틱 0 (마지막 없음) · 감시 27 (틱수신 27 · 확정봉 0) 보유 10 신규 0/3 (일반 0/1) 대기 0 확인중 0 진입가능=슬롯 없음 미트리거 사유: -
2026-09-24 10:59:28.170 | INFO     | stock_bot.swing.live:_eod_timer:731 - 1059 WS 연결 등록 37/37 재연결 2회 틱 0 (마지막 없음) · 감시 27 (틱수신 27 · 확정봉 0) 보유 10 신규 0/3 (일반 0/1) 대기 0 확인중 0 진입가능=슬롯 없음 미트리거 사유: -
2026-09-24 11:00:01.974 | WARNING  | stock_bot.broker.kis_ws:run:342 - 연결 끊김(3회차): ConnectionClosedError no close frame received or sent — 접속 유지 3599초, 1초 후 재접속
2026-09-24 11:00:01.975 | WARNING  | stock_bot.swing.live:on_gap:288 - WS 끊김 — 재접속 먼저, REST 백필 37종목은 백그라운드
2026-09-24 11:00:33.143 | WARNING  | stock_bot.broker.kis_ws:run:342 - 연결 끊김(4회차): ReadTimeout The read operation timed out — 접속 유지 30초, 2초 후 재접속
2026-09-24 11:00:33.144 | INFO     | stock_bot.swing.live:on_gap:286 - WS 끊김 — 백필 진행 중이라 추가 백필 생략
2026-09-24 11:00:59.120 | INFO     | stock_bot.broker.kis_ws:_session:360 - ws 접속 ws://ops.koreainvestment.com:31000 (37종목)
2026-09-24 11:00:59.428 | INFO     | stock_bot.broker.kis_ws:_register:265 - 등록 37/37건
2026-09-24 11:01:40.073 | INFO     | stock_bot.swing.live:_backfill:322 - REST 백필 완료 37/37종목 (실패 0) — 아직 복구 안 됨 · 세션 고저 갱신
2026-09-24 11:02:29.173 | INFO     | stock_bot.swing.live:_eod_timer:731 - 1102 WS 연결 등록 37/37 재연결 4회 틱 0 (마지막 없음) · 감시 27 (틱수신 27 · 확정봉 0) 보유 10 신규 0/3 (일반 0/1) 대기 0 확인중 0 진입가능=슬롯 없음 미트리거 사유: -
2026-09-24 11:05:29.244 | INFO     | stock_bot.swing.live:_eod_timer:731 - 1105 WS 연결 등록 37/37 재연결 4회 틱 0 (마지막 없음) · 감시 27 (틱수신 27 · 확정봉 0) 보유 10 신규 0/3 (일반 0/1) 대기 0 확인중 0 진입가능=슬롯 없음 미트리거 사유: -
2026-09-24 11:08:29.313 | INFO     | stock_bot.swing.live:_eod_timer:731 - 1108 WS 연결 등록 37/37 재연결 4회 틱 0 (마지막 없음) · 감시 27 (틱수신 27 · 확정봉 0) 보유 10 신규 0/3 (일반 0/1) 대기 0 확인중 0 진입가능=슬롯 없음 미트리거 사유: -
2026-09-24 11:11:29.384 | INFO     | stock_bot.swing.live:_eod_timer:731 - 1111 WS 연결 등록 37/37 재연결 4회 틱 0 (마지막 없음) · 감시 27 (틱수신 27 · 확정봉 0) 보유 10 신규 0/3 (일반 0/1) 대기 0 확인중 0 진입가능=슬롯 없음 미트리거 사유: -
2026-09-24 11:14:29.459 | INFO     | stock_bot.swing.live:_eod_timer:731 - 1114 WS 연결 등록 37/37 재연결 4회 틱 0 (마지막 없음) · 감시 27 (틱수신 27 · 확정봉 0) 보유 10 신규 0/3 (일반 0/1) 대기 0 확인중 0 진입가능=슬롯 없음 미트리거 사유: -
2026-09-24 11:17:29.526 | INFO     | stock_bot.swing.live:_eod_timer:731 - 1117 WS 연결 등록 37/37 재연결 4회 틱 0 (마지막 없음) · 감시 27 (틱수신 27 · 확정봉 0) 보유 10 신규 0/3 (일반 0/1) 대기 0 확인중 0 진입가능=슬롯 없음 미트리거 사유: -
2026-09-24 11:20:29.591 | INFO     | stock_bot.swing.live:_eod_timer:731 - 1120 WS 연결 등록 37/37 재연결 4회 틱 0 (마지막 없음) · 감시 27 (틱수신 27 · 확정봉 0) 보유 10 신규 0/3 (일반 0/1) 대기 0 확인중 0 진입가능=슬롯 없음 미트리거 사유: -
2026-09-24 11:23:29.655 | INFO     | stock_bot.swing.live:_eod_timer:731 - 1123 WS 연결 등록 37/37 재연결 4회 틱 0 (마지막 없음) · 감시 27 (틱수신 27 · 확정봉 0) 보유 10 신규 0/3 (일반 0/1) 대기 0 확인중 0 진입가능=슬롯 없음 미트리거 사유: -
2026-09-24 11:26:29.713 | INFO     | stock_bot.swing.live:_eod_timer:731 - 1126 WS 연결 등록 37/37 재연결 4회 틱 0 (마지막 없음) · 감시 27 (틱수신 27 · 확정봉 0) 보유 10 신규 0/3 (일반 0/1) 대기 0 확인중 0 진입가능=슬롯 없음 미트리거 사유: -
2026-09-24 11:29:29.778 | INFO     | stock_bot.swing.live:_eod_timer:731 - 1129 WS 연결 등록 37/37 재연결 4회 틱 0 (마지막 없음) · 감시 27 (틱수신 27 · 확정봉 0) 보유 10 신규 0/3 (일반 0/1) 대기 0 확인중 0 진입가능=슬롯 없음 미트리거 사유: -
2026-09-24 11:32:29.844 | INFO     | stock_bot.swing.live:_eod_timer:731 - 1132 WS 연결 등록 37/37 재연결 4회 틱 0 (마지막 없음) · 감시 27 (틱수신 27 · 확정봉 0) 보유 10 신규 0/3 (일반 0/1) 대기 0 확인중 0 진입가능=슬롯 없음 미트리거 사유: -
2026-09-24 11:35:29.915 | INFO     | stock_bot.swing.live:_eod_timer:731 - 1135 WS 연결 등록 37/37 재연결 4회 틱 0 (마지막 없음) · 감시 27 (틱수신 27 · 확정봉 0) 보유 10 신규 0/3 (일반 0/1) 대기 0 확인중 0 진입가능=슬롯 없음 미트리거 사유: -
2026-09-24 11:38:29.984 | INFO     | stock_bot.swing.live:_eod_timer:731 - 1138 WS 연결 등록 37/37 재연결 4회 틱 0 (마지막 없음) · 감시 27 (틱수신 27 · 확정봉 0) 보유 10 신규 0/3 (일반 0/1) 대기 0 확인중 0 진입가능=슬롯 없음 미트리거 사유: -
2026-09-24 11:41:30.056 | INFO     | stock_bot.swing.live:_eod_timer:731 - 1141 WS 연결 등록 37/37 재연결 4회 틱 0 (마지막 없음) · 감시 27 (틱수신 27 · 확정봉 0) 보유 10 신규 0/3 (일반 0/1) 대기 0 확인중 0 진입가능=슬롯 없음 미트리거 사유: -
2026-09-24 11:44:30.123 | INFO     | stock_bot.swing.live:_eod_timer:731 - 1144 WS 연결 등록 37/37 재연결 4회 틱 0 (마지막 없음) · 감시 27 (틱수신 27 · 확정봉 0) 보유 10 신규 0/3 (일반 0/1) 대기 0 확인중 0 진입가능=슬롯 없음 미트리거 사유: -
2026-09-24 11:47:30.190 | INFO     | stock_bot.swing.live:_eod_timer:731 - 1147 WS 연결 등록 37/37 재연결 4회 틱 0 (마지막 없음) · 감시 27 (틱수신 27 · 확정봉 0) 보유 10 신규 0/3 (일반 0/1) 대기 0 확인중 0 진입가능=슬롯 없음 미트리거 사유: -
2026-09-24 11:50:30.256 | INFO     | stock_bot.swing.live:_eod_timer:731 - 1150 WS 연결 등록 37/37 재연결 4회 틱 0 (마지막 없음) · 감시 27 (틱수신 27 · 확정봉 0) 보유 10 신규 0/3 (일반 0/1) 대기 0 확인중 0 진입가능=슬롯 없음 미트리거 사유: -
2026-09-24 11:53:30.323 | INFO     | stock_bot.swing.live:_eod_timer:731 - 1153 WS 연결 등록 37/37 재연결 4회 틱 0 (마지막 없음) · 감시 27 (틱수신 27 · 확정봉 0) 보유 10 신규 0/3 (일반 0/1) 대기 0 확인중 0 진입가능=슬롯 없음 미트리거 사유: -
2026-09-24 11:56:30.388 | INFO     | stock_bot.swing.live:_eod_timer:731 - 1156 WS 연결 등록 37/37 재연결 4회 틱 0 (마지막 없음) · 감시 27 (틱수신 27 · 확정봉 0) 보유 10 신규 0/3 (일반 0/1) 대기 0 확인중 0 진입가능=슬롯 없음 미트리거 사유: -
2026-09-24 11:59:30.451 | INFO     | stock_bot.swing.live:_eod_timer:731 - 1159 WS 연결 등록 37/37 재연결 4회 틱 0 (마지막 없음) · 감시 27 (틱수신 27 · 확정봉 0) 보유 10 신규 0/3 (일반 0/1) 대기 0 확인중 0 진입가능=슬롯 없음 미트리거 사유: -
2026-09-24 12:00:01.814 | WARNING  | stock_bot.broker.kis_ws:run:342 - 연결 끊김(5회차): ConnectionClosedError no close frame received or sent — 접속 유지 3567초, 1초 후 재접속
2026-09-24 12:00:01.815 | WARNING  | stock_bot.swing.live:on_gap:288 - WS 끊김 — 재접속 먼저, REST 백필 37종목은 백그라운드
2026-09-24 12:00:02.939 | INFO     | stock_bot.broker.kis_ws:_session:360 - ws 접속 ws://ops.koreainvestment.com:31000 (37종목)
2026-09-24 12:00:03.301 | INFO     | stock_bot.broker.kis_ws:_register:265 - 등록 37/37건
2026-09-24 12:01:41.438 | INFO     | stock_bot.swing.live:_backfill:322 - REST 백필 완료 37/37종목 (실패 0) — 아직 복구 안 됨 · 세션 고저 갱신
2026-09-24 12:02:30.514 | INFO     | stock_bot.swing.live:_eod_timer:731 - 1202 WS 연결 등록 37/37 재연결 5회 틱 0 (마지막 없음) · 감시 27 (틱수신 27 · 확정봉 0) 보유 10 신규 0/3 (일반 0/1) 대기 0 확인중 0 진입가능=슬롯 없음 미트리거 사유: -
2026-09-24 12:05:30.577 | INFO     | stock_bot.swing.live:_eod_timer:731 - 1205 WS 연결 등록 37/37 재연결 5회 틱 0 (마지막 없음) · 감시 27 (틱수신 27 · 확정봉 0) 보유 10 신규 0/3 (일반 0/1) 대기 0 확인중 0 진입가능=슬롯 없음 미트리거 사유: -
2026-09-24 12:08:30.638 | INFO     | stock_bot.swing.live:_eod_timer:731 - 1208 WS 연결 등록 37/37 재연결 5회 틱 0 (마지막 없음) · 감시 27 (틱수신 27 · 확정봉 0) 보유 10 신규 0/3 (일반 0/1) 대기 0 확인중 0 진입가능=슬롯 없음 미트리거 사유: -
2026-09-24 12:11:30.710 | INFO     | stock_bot.swing.live:_eod_timer:731 - 1211 WS 연결 등록 37/37 재연결 5회 틱 0 (마지막 없음) · 감시 27 (틱수신 27 · 확정봉 0) 보유 10 신규 0/3 (일반 0/1) 대기 0 확인중 0 진입가능=슬롯 없음 미트리거 사유: -
2026-09-24 12:14:30.775 | INFO     | stock_bot.swing.live:_eod_timer:731 - 1214 WS 연결 등록 37/37 재연결 5회 틱 0 (마지막 없음) · 감시 27 (틱수신 27 · 확정봉 0) 보유 10 신규 0/3 (일반 0/1) 대기 0 확인중 0 진입가능=슬롯 없음 미트리거 사유: -
2026-09-24 12:17:30.844 | INFO     | stock_bot.swing.live:_eod_timer:731 - 1217 WS 연결 등록 37/37 재연결 5회 틱 0 (마지막 없음) · 감시 27 (틱수신 27 · 확정봉 0) 보유 10 신규 0/3 (일반 0/1) 대기 0 확인중 0 진입가능=슬롯 없음 미트리거 사유: -
2026-09-24 12:20:30.912 | INFO     | stock_bot.swing.live:_eod_timer:731 - 1220 WS 연결 등록 37/37 재연결 5회 틱 0 (마지막 없음) · 감시 27 (틱수신 27 · 확정봉 0) 보유 10 신규 0/3 (일반 0/1) 대기 0 확인중 0 진입가능=슬롯 없음 미트리거 사유: -
2026-09-24 12:23:30.975 | INFO     | stock_bot.swing.live:_eod_timer:731 - 1223 WS 연결 등록 37/37 재연결 5회 틱 0 (마지막 없음) · 감시 27 (틱수신 27 · 확정봉 0) 보유 10 신규 0/3 (일반 0/1) 대기 0 확인중 0 진입가능=슬롯 없음 미트리거 사유: -
2026-09-24 12:26:31.046 | INFO     | stock_bot.swing.live:_eod_timer:731 - 1226 WS 연결 등록 37/37 재연결 5회 틱 0 (마지막 없음) · 감시 27 (틱수신 27 · 확정봉 0) 보유 10 신규 0/3 (일반 0/1) 대기 0 확인중 0 진입가능=슬롯 없음 미트리거 사유: -
2026-09-24 12:29:31.112 | INFO     | stock_bot.swing.live:_eod_timer:731 - 1229 WS 연결 등록 37/37 재연결 5회 틱 0 (마지막 없음) · 감시 27 (틱수신 27 · 확정봉 0) 보유 10 신규 0/3 (일반 0/1) 대기 0 확인중 0 진입가능=슬롯 없음 미트리거 사유: -
2026-09-24 12:32:31.173 | INFO     | stock_bot.swing.live:_eod_timer:731 - 1232 WS 연결 등록 37/37 재연결 5회 틱 0 (마지막 없음) · 감시 27 (틱수신 27 · 확정봉 0) 보유 10 신규 0/3 (일반 0/1) 대기 0 확인중 0 진입가능=슬롯 없음 미트리거 사유: -
2026-09-24 12:35:31.237 | INFO     | stock_bot.swing.live:_eod_timer:731 - 1235 WS 연결 등록 37/37 재연결 5회 틱 0 (마지막 없음) · 감시 27 (틱수신 27 · 확정봉 0) 보유 10 신규 0/3 (일반 0/1) 대기 0 확인중 0 진입가능=슬롯 없음 미트리거 사유: -
2026-09-24 12:38:31.298 | INFO     | stock_bot.swing.live:_eod_timer:731 - 1238 WS 연결 등록 37/37 재연결 5회 틱 0 (마지막 없음) · 감시 27 (틱수신 27 · 확정봉 0) 보유 10 신규 0/3 (일반 0/1) 대기 0 확인중 0 진입가능=슬롯 없음 미트리거 사유: -
2026-09-24 12:41:31.359 | INFO     | stock_bot.swing.live:_eod_timer:731 - 1241 WS 연결 등록 37/37 재연결 5회 틱 0 (마지막 없음) · 감시 27 (틱수신 27 · 확정봉 0) 보유 10 신규 0/3 (일반 0/1) 대기 0 확인중 0 진입가능=슬롯 없음 미트리거 사유: -
2026-09-24 12:44:31.427 | INFO     | stock_bot.swing.live:_eod_timer:731 - 1244 WS 연결 등록 37/37 재연결 5회 틱 0 (마지막 없음) · 감시 27 (틱수신 27 · 확정봉 0) 보유 10 신규 0/3 (일반 0/1) 대기 0 확인중 0 진입가능=슬롯 없음 미트리거 사유: -
2026-09-24 12:47:31.501 | INFO     | stock_bot.swing.live:_eod_timer:731 - 1247 WS 연결 등록 37/37 재연결 5회 틱 0 (마지막 없음) · 감시 27 (틱수신 27 · 확정봉 0) 보유 10 신규 0/3 (일반 0/1) 대기 0 확인중 0 진입가능=슬롯 없음 미트리거 사유: -
2026-09-24 12:50:31.566 | INFO     | stock_bot.swing.live:_eod_timer:731 - 1250 WS 연결 등록 37/37 재연결 5회 틱 0 (마지막 없음) · 감시 27 (틱수신 27 · 확정봉 0) 보유 10 신규 0/3 (일반 0/1) 대기 0 확인중 0 진입가능=슬롯 없음 미트리거 사유: -
2026-09-24 12:53:31.631 | INFO     | stock_bot.swing.live:_eod_timer:731 - 1253 WS 연결 등록 37/37 재연결 5회 틱 0 (마지막 없음) · 감시 27 (틱수신 27 · 확정봉 0) 보유 10 신규 0/3 (일반 0/1) 대기 0 확인중 0 진입가능=슬롯 없음 미트리거 사유: -
2026-09-24 12:56:31.696 | INFO     | stock_bot.swing.live:_eod_timer:731 - 1256 WS 연결 등록 37/37 재연결 5회 틱 0 (마지막 없음) · 감시 27 (틱수신 27 · 확정봉 0) 보유 10 신규 0/3 (일반 0/1) 대기 0 확인중 0 진입가능=슬롯 없음 미트리거 사유: -
2026-09-24 12:59:31.761 | INFO     | stock_bot.swing.live:_eod_timer:731 - 1259 WS 연결 등록 37/37 재연결 5회 틱 0 (마지막 없음) · 감시 27 (틱수신 27 · 확정봉 0) 보유 10 신규 0/3 (일반 0/1) 대기 0 확인중 0 진입가능=슬롯 없음 미트리거 사유: -
2026-09-24 13:00:01.665 | WARNING  | stock_bot.broker.kis_ws:run:342 - 연결 끊김(6회차): ConnectionClosedError no close frame received or sent — 접속 유지 3599초, 1초 후 재접속
2026-09-24 13:00:01.666 | WARNING  | stock_bot.swing.live:on_gap:288 - WS 끊김 — 재접속 먼저, REST 백필 37종목은 백그라운드
2026-09-24 13:00:20.681 | INFO     | stock_bot.broker.kis_ws:_session:360 - ws 접속 ws://ops.koreainvestment.com:31000 (37종목)
2026-09-24 13:00:21.070 | INFO     | stock_bot.broker.kis_ws:_register:265 - 등록 37/37건
2026-09-24 13:01:22.703 | INFO     | stock_bot.swing.live:_backfill:322 - REST 백필 완료 37/37종목 (실패 0) — 아직 복구 안 됨 · 세션 고저 갱신
2026-09-24 13:02:35.749 | INFO     | stock_bot.swing.live:_eod_timer:731 - 1302 WS 연결 등록 37/37 재연결 6회 틱 0 (마지막 없음) · 감시 27 (틱수신 27 · 확정봉 0) 보유 10 신규 0/3 (일반 0/1) 대기 0 확인중 0 진입가능=슬롯 없음 미트리거 사유: -
2026-09-24 13:05:35.812 | INFO     | stock_bot.swing.live:_eod_timer:731 - 1305 WS 연결 등록 37/37 재연결 6회 틱 0 (마지막 없음) · 감시 27 (틱수신 27 · 확정봉 0) 보유 10 신규 0/3 (일반 0/1) 대기 0 확인중 0 진입가능=슬롯 없음 미트리거 사유: -
2026-09-24 13:08:35.875 | INFO     | stock_bot.swing.live:_eod_timer:731 - 1308 WS 연결 등록 37/37 재연결 6회 틱 0 (마지막 없음) · 감시 27 (틱수신 27 · 확정봉 0) 보유 10 신규 0/3 (일반 0/1) 대기 0 확인중 0 진입가능=슬롯 없음 미트리거 사유: -
2026-09-24 13:11:35.938 | INFO     | stock_bot.swing.live:_eod_timer:731 - 1311 WS 연결 등록 37/37 재연결 6회 틱 0 (마지막 없음) · 감시 27 (틱수신 27 · 확정봉 0) 보유 10 신규 0/3 (일반 0/1) 대기 0 확인중 0 진입가능=슬롯 없음 미트리거 사유: -
2026-09-24 13:14:35.998 | INFO     | stock_bot.swing.live:_eod_timer:731 - 1314 WS 연결 등록 37/37 재연결 6회 틱 0 (마지막 없음) · 감시 27 (틱수신 27 · 확정봉 0) 보유 10 신규 0/3 (일반 0/1) 대기 0 확인중 0 진입가능=슬롯 없음 미트리거 사유: -
2026-09-24 13:17:36.058 | INFO     | stock_bot.swing.live:_eod_timer:731 - 1317 WS 연결 등록 37/37 재연결 6회 틱 0 (마지막 없음) · 감시 27 (틱수신 27 · 확정봉 0) 보유 10 신규 0/3 (일반 0/1) 대기 0 확인중 0 진입가능=슬롯 없음 미트리거 사유: -
2026-09-24 13:20:36.128 | INFO     | stock_bot.swing.live:_eod_timer:731 - 1320 WS 연결 등록 37/37 재연결 6회 틱 0 (마지막 없음) · 감시 27 (틱수신 27 · 확정봉 0) 보유 10 신규 0/3 (일반 0/1) 대기 0 확인중 0 진입가능=슬롯 없음 미트리거 사유: -
2026-09-24 13:23:36.188 | INFO     | stock_bot.swing.live:_eod_timer:731 - 1323 WS 연결 등록 37/37 재연결 6회 틱 0 (마지막 없음) · 감시 27 (틱수신 27 · 확정봉 0) 보유 10 신규 0/3 (일반 0/1) 대기 0 확인중 0 진입가능=슬롯 없음 미트리거 사유: -
2026-09-24 13:26:36.254 | INFO     | stock_bot.swing.live:_eod_timer:731 - 1326 WS 연결 등록 37/37 재연결 6회 틱 0 (마지막 없음) · 감시 27 (틱수신 27 · 확정봉 0) 보유 10 신규 0/3 (일반 0/1) 대기 0 확인중 0 진입가능=슬롯 없음 미트리거 사유: -
2026-09-24 13:29:36.319 | INFO     | stock_bot.swing.live:_eod_timer:731 - 1329 WS 연결 등록 37/37 재연결 6회 틱 0 (마지막 없음) · 감시 27 (틱수신 27 · 확정봉 0) 보유 10 신규 0/3 (일반 0/1) 대기 0 확인중 0 진입가능=슬롯 없음 미트리거 사유: -
2026-09-24 13:32:36.389 | INFO     | stock_bot.swing.live:_eod_timer:731 - 1332 WS 연결 등록 37/37 재연결 6회 틱 0 (마지막 없음) · 감시 27 (틱수신 27 · 확정봉 0) 보유 10 신규 0/3 (일반 0/1) 대기 0 확인중 0 진입가능=슬롯 없음 미트리거 사유: -
2026-09-24 13:35:36.455 | INFO     | stock_bot.swing.live:_eod_timer:731 - 1335 WS 연결 등록 37/37 재연결 6회 틱 0 (마지막 없음) · 감시 27 (틱수신 27 · 확정봉 0) 보유 10 신규 0/3 (일반 0/1) 대기 0 확인중 0 진입가능=슬롯 없음 미트리거 사유: -
2026-09-24 13:38:36.531 | INFO     | stock_bot.swing.live:_eod_timer:731 - 1338 WS 연결 등록 37/37 재연결 6회 틱 0 (마지막 없음) · 감시 27 (틱수신 27 · 확정봉 0) 보유 10 신규 0/3 (일반 0/1) 대기 0 확인중 0 진입가능=슬롯 없음 미트리거 사유: -
2026-09-24 13:41:36.598 | INFO     | stock_bot.swing.live:_eod_timer:731 - 1341 WS 연결 등록 37/37 재연결 6회 틱 0 (마지막 없음) · 감시 27 (틱수신 27 · 확정봉 0) 보유 10 신규 0/3 (일반 0/1) 대기 0 확인중 0 진입가능=슬롯 없음 미트리거 사유: -
2026-09-24 13:44:36.667 | INFO     | stock_bot.swing.live:_eod_timer:731 - 1344 WS 연결 등록 37/37 재연결 6회 틱 0 (마지막 없음) · 감시 27 (틱수신 27 · 확정봉 0) 보유 10 신규 0/3 (일반 0/1) 대기 0 확인중 0 진입가능=슬롯 없음 미트리거 사유: -
2026-09-24 13:47:36.733 | INFO     | stock_bot.swing.live:_eod_timer:731 - 1347 WS 연결 등록 37/37 재연결 6회 틱 0 (마지막 없음) · 감시 27 (틱수신 27 · 확정봉 0) 보유 10 신규 0/3 (일반 0/1) 대기 0 확인중 0 진입가능=슬롯 없음 미트리거 사유: -
2026-09-24 13:50:36.799 | INFO     | stock_bot.swing.live:_eod_timer:731 - 1350 WS 연결 등록 37/37 재연결 6회 틱 0 (마지막 없음) · 감시 27 (틱수신 27 · 확정봉 0) 보유 10 신규 0/3 (일반 0/1) 대기 0 확인중 0 진입가능=슬롯 없음 미트리거 사유: -
2026-09-24 13:53:36.857 | INFO     | stock_bot.swing.live:_eod_timer:731 - 1353 WS 연결 등록 37/37 재연결 6회 틱 0 (마지막 없음) · 감시 27 (틱수신 27 · 확정봉 0) 보유 10 신규 0/3 (일반 0/1) 대기 0 확인중 0 진입가능=슬롯 없음 미트리거 사유: -
2026-09-24 13:56:36.923 | INFO     | stock_bot.swing.live:_eod_timer:731 - 1356 WS 연결 등록 37/37 재연결 6회 틱 0 (마지막 없음) · 감시 27 (틱수신 27 · 확정봉 0) 보유 10 신규 0/3 (일반 0/1) 대기 0 확인중 0 진입가능=슬롯 없음 미트리거 사유: -
2026-09-24 13:59:36.993 | INFO     | stock_bot.swing.live:_eod_timer:731 - 1359 WS 연결 등록 37/37 재연결 6회 틱 0 (마지막 없음) · 감시 27 (틱수신 27 · 확정봉 0) 보유 10 신규 0/3 (일반 0/1) 대기 0 확인중 0 진입가능=슬롯 없음 미트리거 사유: -
2026-09-24 14:00:01.519 | WARNING  | stock_bot.broker.kis_ws:run:342 - 연결 끊김(7회차): ConnectionClosedError no close frame received or sent — 접속 유지 3599초, 1초 후 재접속
2026-09-24 14:00:01.520 | WARNING  | stock_bot.swing.live:on_gap:288 - WS 끊김 — 재접속 먼저, REST 백필 37종목은 백그라운드
2026-09-24 14:00:04.502 | INFO     | stock_bot.broker.kis_ws:_session:360 - ws 접속 ws://ops.koreainvestment.com:31000 (37종목)
2026-09-24 14:00:04.799 | INFO     | stock_bot.broker.kis_ws:_register:265 - 등록 37/37건
2026-09-24 14:01:26.624 | INFO     | stock_bot.swing.live:_backfill:322 - REST 백필 완료 37/37종목 (실패 0) — 아직 복구 안 됨 · 세션 고저 갱신
2026-09-24 14:02:37.058 | INFO     | stock_bot.swing.live:_eod_timer:731 - 1402 WS 연결 등록 37/37 재연결 7회 틱 0 (마지막 없음) · 감시 27 (틱수신 27 · 확정봉 0) 보유 10 신규 0/3 (일반 0/1) 대기 0 확인중 0 진입가능=슬롯 없음 미트리거 사유: -
2026-09-24 14:05:37.126 | INFO     | stock_bot.swing.live:_eod_timer:731 - 1405 WS 연결 등록 37/37 재연결 7회 틱 0 (마지막 없음) · 감시 27 (틱수신 27 · 확정봉 0) 보유 10 신규 0/3 (일반 0/1) 대기 0 확인중 0 진입가능=슬롯 없음 미트리거 사유: -
2026-09-24 14:06:29.584 | WARNING  | stock_bot.broker.kis_ws:run:342 - 연결 끊김(8회차): RuntimeError 120초 무응답 — 접속 유지 387초, 1초 후 재접속
2026-09-24 14:06:29.585 | WARNING  | stock_bot.swing.live:on_gap:288 - WS 끊김 — 재접속 먼저, REST 백필 37종목은 백그라운드
2026-09-24 14:06:30.703 | INFO     | stock_bot.broker.kis_ws:_session:360 - ws 접속 ws://ops.koreainvestment.com:31000 (37종목)
2026-09-24 14:06:30.998 | INFO     | stock_bot.broker.kis_ws:_register:265 - 등록 37/37건
2026-09-24 14:07:50.629 | INFO     | stock_bot.swing.live:_backfill:322 - REST 백필 완료 37/37종목 (실패 0) — 아직 복구 안 됨 · 세션 고저 갱신
2026-09-24 14:08:37.197 | INFO     | stock_bot.swing.live:_eod_timer:731 - 1408 WS 연결 등록 37/37 재연결 8회 틱 0 (마지막 없음) · 감시 27 (틱수신 27 · 확정봉 0) 보유 10 신규 0/3 (일반 0/1) 대기 0 확인중 0 진입가능=슬롯 없음 미트리거 사유: -
2026-09-24 14:11:37.269 | INFO     | stock_bot.swing.live:_eod_timer:731 - 1411 WS 연결 등록 37/37 재연결 8회 틱 0 (마지막 없음) · 감시 27 (틱수신 27 · 확정봉 0) 보유 10 신규 0/3 (일반 0/1) 대기 0 확인중 0 진입가능=슬롯 없음 미트리거 사유: -
2026-09-24 14:14:37.349 | INFO     | stock_bot.swing.live:_eod_timer:731 - 1414 WS 연결 등록 37/37 재연결 8회 틱 0 (마지막 없음) · 감시 27 (틱수신 27 · 확정봉 0) 보유 10 신규 0/3 (일반 0/1) 대기 0 확인중 0 진입가능=슬롯 없음 미트리거 사유: -
2026-09-24 14:17:37.410 | INFO     | stock_bot.swing.live:_eod_timer:731 - 1417 WS 연결 등록 37/37 재연결 8회 틱 0 (마지막 없음) · 감시 27 (틱수신 27 · 확정봉 0) 보유 10 신규 0/3 (일반 0/1) 대기 0 확인중 0 진입가능=슬롯 없음 미트리거 사유: -
2026-09-24 14:20:37.478 | INFO     | stock_bot.swing.live:_eod_timer:731 - 1420 WS 연결 등록 37/37 재연결 8회 틱 0 (마지막 없음) · 감시 27 (틱수신 27 · 확정봉 0) 보유 10 신규 0/3 (일반 0/1) 대기 0 확인중 0 진입가능=슬롯 없음 미트리거 사유: -
2026-09-24 14:23:37.545 | INFO     | stock_bot.swing.live:_eod_timer:731 - 1423 WS 연결 등록 37/37 재연결 8회 틱 0 (마지막 없음) · 감시 27 (틱수신 27 · 확정봉 0) 보유 10 신규 0/3 (일반 0/1) 대기 0 확인중 0 진입가능=슬롯 없음 미트리거 사유: -
2026-09-24 14:26:37.609 | INFO     | stock_bot.swing.live:_eod_timer:731 - 1426 WS 연결 등록 37/37 재연결 8회 틱 0 (마지막 없음) · 감시 27 (틱수신 27 · 확정봉 0) 보유 10 신규 0/3 (일반 0/1) 대기 0 확인중 0 진입가능=슬롯 없음 미트리거 사유: -
2026-09-24 14:29:37.692 | INFO     | stock_bot.swing.live:_eod_timer:731 - 1429 WS 연결 등록 37/37 재연결 8회 틱 0 (마지막 없음) · 감시 27 (틱수신 27 · 확정봉 0) 보유 10 신규 0/3 (일반 0/1) 대기 0 확인중 0 진입가능=슬롯 없음 미트리거 사유: -
2026-09-24 14:32:37.745 | INFO     | stock_bot.swing.live:_eod_timer:731 - 1432 WS 연결 등록 37/37 재연결 8회 틱 0 (마지막 없음) · 감시 27 (틱수신 27 · 확정봉 0) 보유 10 신규 0/3 (일반 0/1) 대기 0 확인중 0 진입가능=슬롯 없음 미트리거 사유: -
2026-09-24 14:35:37.812 | INFO     | stock_bot.swing.live:_eod_timer:731 - 1435 WS 연결 등록 37/37 재연결 8회 틱 0 (마지막 없음) · 감시 27 (틱수신 27 · 확정봉 0) 보유 10 신규 0/3 (일반 0/1) 대기 0 확인중 0 진입가능=슬롯 없음 미트리거 사유: -
2026-09-24 14:38:37.883 | INFO     | stock_bot.swing.live:_eod_timer:731 - 1438 WS 연결 등록 37/37 재연결 8회 틱 0 (마지막 없음) · 감시 27 (틱수신 27 · 확정봉 0) 보유 10 신규 0/3 (일반 0/1) 대기 0 확인중 0 진입가능=슬롯 없음 미트리거 사유: -
2026-09-24 14:41:37.949 | INFO     | stock_bot.swing.live:_eod_timer:731 - 1441 WS 연결 등록 37/37 재연결 8회 틱 0 (마지막 없음) · 감시 27 (틱수신 27 · 확정봉 0) 보유 10 신규 0/3 (일반 0/1) 대기 0 확인중 0 진입가능=슬롯 없음 미트리거 사유: -
2026-09-24 14:44:38.010 | INFO     | stock_bot.swing.live:_eod_timer:731 - 1444 WS 연결 등록 37/37 재연결 8회 틱 0 (마지막 없음) · 감시 27 (틱수신 27 · 확정봉 0) 보유 10 신규 0/3 (일반 0/1) 대기 0 확인중 0 진입가능=슬롯 없음 미트리거 사유: -
2026-09-24 14:47:38.083 | INFO     | stock_bot.swing.live:_eod_timer:731 - 1447 WS 연결 등록 37/37 재연결 8회 틱 0 (마지막 없음) · 감시 27 (틱수신 27 · 확정봉 0) 보유 10 신규 0/3 (일반 0/1) 대기 0 확인중 0 진입가능=슬롯 없음 미트리거 사유: -
2026-09-24 14:50:38.152 | INFO     | stock_bot.swing.live:_eod_timer:731 - 1450 WS 연결 등록 37/37 재연결 8회 틱 0 (마지막 없음) · 감시 27 (틱수신 27 · 확정봉 0) 보유 10 신규 0/3 (일반 0/1) 대기 0 확인중 0 진입가능=슬롯 없음 미트리거 사유: -
2026-09-24 14:53:38.241 | INFO     | stock_bot.swing.live:_eod_timer:731 - 1453 WS 연결 등록 37/37 재연결 8회 틱 0 (마지막 없음) · 감시 27 (틱수신 27 · 확정봉 0) 보유 10 신규 0/3 (일반 0/1) 대기 0 확인중 0 진입가능=슬롯 없음 미트리거 사유: -
2026-09-24 14:56:38.314 | INFO     | stock_bot.swing.live:_eod_timer:731 - 1456 WS 연결 등록 37/37 재연결 8회 틱 0 (마지막 없음) · 감시 27 (틱수신 27 · 확정봉 0) 보유 10 신규 0/3 (일반 0/1) 대기 0 확인중 0 진입가능=슬롯 없음 미트리거 사유: -
2026-09-24 14:59:38.382 | INFO     | stock_bot.swing.live:_eod_timer:731 - 1459 WS 연결 등록 37/37 재연결 8회 틱 0 (마지막 없음) · 감시 27 (틱수신 27 · 확정봉 0) 보유 10 신규 0/3 (일반 0/1) 대기 0 확인중 0 진입가능=슬롯 없음 미트리거 사유: -
2026-09-24 15:00:01.376 | WARNING  | stock_bot.broker.kis_ws:run:342 - 연결 끊김(9회차): ConnectionClosedError no close frame received or sent — 접속 유지 3211초, 1초 후 재접속
2026-09-24 15:00:01.377 | WARNING  | stock_bot.swing.live:on_gap:288 - WS 끊김 — 재접속 먼저, REST 백필 37종목은 백그라운드
2026-09-24 15:00:04.654 | INFO     | stock_bot.broker.kis_ws:_session:360 - ws 접속 ws://ops.koreainvestment.com:31000 (37종목)
2026-09-24 15:00:04.963 | INFO     | stock_bot.broker.kis_ws:_register:265 - 등록 37/37건
2026-09-24 15:02:10.745 | INFO     | stock_bot.swing.live:_backfill:322 - REST 백필 완료 37/37종목 (실패 0) — 아직 복구 안 됨 · 세션 고저 갱신
2026-09-24 15:02:39.717 | INFO     | stock_bot.swing.live:_eod_timer:731 - 1502 WS 연결 등록 37/37 재연결 9회 틱 0 (마지막 없음) · 감시 27 (틱수신 27 · 확정봉 0) 보유 10 신규 0/3 (일반 0/1) 대기 0 확인중 0 진입가능=슬롯 없음 미트리거 사유: -
2026-09-24 15:05:39.783 | INFO     | stock_bot.swing.live:_eod_timer:731 - 1505 WS 연결 등록 37/37 재연결 9회 틱 0 (마지막 없음) · 감시 27 (틱수신 27 · 확정봉 0) 보유 10 신규 0/3 (일반 0/1) 대기 0 확인중 0 진입가능=슬롯 없음 미트리거 사유: -
2026-09-24 15:08:39.847 | INFO     | stock_bot.swing.live:_eod_timer:731 - 1508 WS 연결 등록 37/37 재연결 9회 틱 0 (마지막 없음) · 감시 27 (틱수신 27 · 확정봉 0) 보유 10 신규 0/3 (일반 0/1) 대기 0 확인중 0 진입가능=슬롯 없음 미트리거 사유: -
2026-09-24 15:11:39.921 | INFO     | stock_bot.swing.live:_eod_timer:731 - 1511 WS 연결 등록 37/37 재연결 9회 틱 0 (마지막 없음) · 감시 27 (틱수신 27 · 확정봉 0) 보유 10 신규 0/3 (일반 0/1) 대기 0 확인중 0 진입가능=슬롯 없음 미트리거 사유: -
2026-09-24 15:14:39.989 | INFO     | stock_bot.swing.live:_eod_timer:731 - 1514 WS 연결 등록 37/37 재연결 9회 틱 0 (마지막 없음) · 감시 27 (틱수신 27 · 확정봉 0) 보유 10 신규 0/3 (일반 0/1) 대기 0 확인중 0 진입가능=슬롯 없음 미트리거 사유: -
2026-09-24 15:17:40.048 | INFO     | stock_bot.swing.live:_eod_timer:731 - 1517 WS 연결 등록 37/37 재연결 9회 틱 0 (마지막 없음) · 감시 27 (틱수신 27 · 확정봉 0) 보유 10 신규 0/3 (일반 0/1) 대기 0 확인중 0 진입가능=시간후 미트리거 사유: -
2026-09-24 15:20:00.105 | INFO     | stock_bot.swing.live:eod:641 - 15:20 마감 판정 — 보유 10
2026-09-24 15:20:02.274 | INFO     | stock_bot.swing.live:eod:669 - 마감 요약: WS 연결 등록 37/37 재연결 9회 틱 0 (마지막 없음) · 감시 27 (틱수신 27 · 확정봉 0) 보유 10 신규 0/3 (일반 0/1) 대기 0 확인중 0 진입가능=시간후 미트리거 사유: -
2026-09-24 15:31:00.504 | INFO     | stock_bot.swing.live:run:763 - WS 종료 1531 — WS 연결 등록 37/37 재연결 9회 틱 0 (마지막 없음)
2026-09-24 15:51:35.419 | INFO     | stock_bot.swing.collector:collect_daily:494 - collect_daily 100/2768 ok=100 fail=0 356s
2026-09-24 15:57:48.490 | INFO     | stock_bot.swing.collector:collect_daily:494 - collect_daily 200/2768 ok=200 fail=0 729s
2026-09-24 16:04:01.367 | INFO     | stock_bot.swing.collector:collect_daily:494 - collect_daily 300/2768 ok=300 fail=0 1102s
2026-09-24 16:12:04.877 | INFO     | stock_bot.swing.collector:collect_daily:494 - collect_daily 400/2768 ok=400 fail=0 1586s
2026-09-24 16:19:37.236 | INFO     | stock_bot.swing.collector:collect_daily:494 - collect_daily 500/2768 ok=500 fail=0 2038s
2026-09-24 16:29:40.117 | INFO     | stock_bot.swing.collector:collect_daily:494 - collect_daily 600/2768 ok=600 fail=0 2641s
2026-09-24 16:38:25.507 | INFO     | stock_bot.swing.collector:collect_daily:494 - collect_daily 700/2768 ok=700 fail=0 3166s
2026-09-24 16:46:55.928 | INFO     | stock_bot.swing.collector:collect_daily:494 - collect_daily 800/2768 ok=800 fail=0 3677s
2026-09-24 16:54:40.302 | INFO     | stock_bot.swing.collector:collect_daily:494 - collect_daily 900/2768 ok=900 fail=0 4141s
2026-09-24 17:02:19.428 | INFO     | stock_bot.swing.collector:collect_daily:494 - collect_daily 1000/2768 ok=1000 fail=0 4600s
2026-09-24 17:10:39.861 | INFO     | stock_bot.swing.collector:collect_daily:494 - collect_daily 1100/2768 ok=1100 fail=0 5101s
2026-09-24 17:17:24.007 | INFO     | stock_bot.swing.collector:collect_daily:494 - collect_daily 1200/2768 ok=1200 fail=0 5505s
2026-09-24 17:24:14.858 | INFO     | stock_bot.swing.collector:collect_daily:494 - collect_daily 1300/2768 ok=1300 fail=0 5916s
2026-09-24 17:30:50.673 | INFO     | stock_bot.swing.collector:collect_daily:494 - collect_daily 1400/2768 ok=1400 fail=0 6312s
2026-09-24 17:40:18.584 | INFO     | stock_bot.swing.collector:collect_daily:494 - collect_daily 1500/2768 ok=1500 fail=0 6880s
2026-09-24 17:51:58.658 | INFO     | stock_bot.swing.collector:collect_daily:494 - collect_daily 1600/2768 ok=1600 fail=0 7580s
2026-09-24 17:58:30.228 | INFO     | stock_bot.swing.collector:collect_daily:494 - collect_daily 1700/2768 ok=1700 fail=0 7971s
2026-09-24 18:06:01.238 | INFO     | stock_bot.swing.collector:collect_daily:494 - collect_daily 1800/2768 ok=1800 fail=0 8422s
2026-09-24 18:14:06.974 | INFO     | stock_bot.swing.collector:collect_daily:494 - collect_daily 1900/2768 ok=1900 fail=0 8908s
2026-09-24 18:20:23.324 | INFO     | stock_bot.swing.collector:collect_daily:494 - collect_daily 2000/2768 ok=2000 fail=0 9284s
2026-09-24 18:29:42.063 | INFO     | stock_bot.swing.collector:collect_daily:494 - collect_daily 2100/2768 ok=2100 fail=0 9843s
2026-09-24 18:41:26.293 | INFO     | stock_bot.swing.collector:collect_daily:494 - collect_daily 2200/2768 ok=2200 fail=0 10547s
2026-09-24 18:53:53.725 | INFO     | stock_bot.swing.collector:collect_daily:494 - collect_daily 2300/2768 ok=2300 fail=0 11295s
2026-09-24 19:03:27.208 | INFO     | stock_bot.swing.collector:collect_daily:494 - collect_daily 2400/2768 ok=2400 fail=0 11868s
2026-09-24 19:11:30.140 | INFO     | stock_bot.swing.collector:collect_daily:494 - collect_daily 2500/2768 ok=2500 fail=0 12351s
2026-09-24 19:17:34.304 | INFO     | stock_bot.swing.collector:collect_daily:494 - collect_daily 2600/2768 ok=2600 fail=0 12715s
2026-09-24 19:25:50.345 | INFO     | stock_bot.swing.collector:collect_daily:494 - collect_daily 2700/2768 ok=2700 fail=0 13211s
2026-09-24 19:31:11.540 | ERROR    | __main__:main:72 - nightly 20260924 fail: 당일 일봉 미완결 0/2768 (0%) — 스캔 생략
Traceback (most recent call last):

  File "/app/scripts/swing_nightly.py", line 79, in <module>
    store.mark_run(date, "nightly", "fail", " | ".join(detail))
    │     └ <function mark_run at 0x7f9d6223e0>
    └ <module 'stock_bot.swing.store' from '/app/stock_bot/swing/store.py'>

> File "/app/scripts/swing_nightly.py", line 62, in main
    r = collector.collect_daily(codes, budget_sec=a.budget_sec,
        │         │             │                 │ └ 14400
        │         │             │                 └ Namespace(date='20260924', budget_sec=14400, no_collect=False, min_ratio=0.9)
        │         │             └ ['000020', '000040', '000050', '000070', '000080', '000087', '000100', '000105', '000120', '000140', '000145', '000150', '000...
        │         └ <function collect_daily at 0x7f9d622fc0>
        └ <module 'stock_bot.swing.collector' from '/app/stock_bot/swing/collector.py'>

RuntimeError: 당일 일봉 미완결 0/2768 (0%) — 스캔 생략
