2026-10-02 08:50:59.647 | INFO     | stock_bot.live.runner:_is_trading_day:661 - 거래일 판정 2026-10-02 → 거래일 (출처: exchange_calendars)
2026-10-02 08:50:59.956 | INFO     | stock_bot.swing.live:_recover_positions:165 - 보유 복구 041830 MEANREV 100주 @57,425 손절 45,940 익절 64,316 (진입 20260916) 규칙 stop20/tp0/trail0>0/t30/ma0
2026-10-02 08:50:59.958 | INFO     | stock_bot.swing.live:_recover_positions:165 - 보유 복구 004800 VALUE_PURE 64주 @155,423 손절 124,338 익절 174,074 (진입 20260916) 규칙 stop20/tp0/trail0>0/t30/ma0
2026-10-02 08:50:59.960 | INFO     | stock_bot.swing.live:_recover_positions:165 - 보유 복구 078930 MEANREV 86주 @115,130 손절 92,104 익절 128,946 (진입 20260917) 규칙 stop20/tp0/trail0>0/t30/ma0
2026-10-02 08:50:59.961 | INFO     | stock_bot.swing.live:_recover_positions:165 - 보유 복구 001450 FLOW_FORGN 198주 @50,709 손절 40,567 익절 56,794 (진입 20260917) 규칙 stop20/tp0/trail0>0/t30/ma0
2026-10-02 08:50:59.963 | INFO     | stock_bot.swing.live:_recover_positions:165 - 보유 복구 062040 FLOW_BOTH 48주 @206,833 손절 165,466 익절 231,653 (진입 20260918) 규칙 stop20/tp0/trail0>0/t30/ma0
2026-10-02 08:50:59.965 | INFO     | stock_bot.swing.live:_recover_positions:165 - 보유 복구 051160 FLOW_FORGN 406주 @12,313 손절 9,850 익절 14,160 (진입 20260921) 규칙 stop20/tp0/trail0>0/t30/ma0
2026-10-02 08:50:59.966 | INFO     | stock_bot.swing.live:_recover_positions:165 - 보유 복구 332570 FLOW_BOTH 548주 @9,119 손절 7,295 익절 없음 (진입 20260921) 규칙 stop20/tp0/trail0>0/t30/ma0
2026-10-02 08:50:59.968 | INFO     | stock_bot.swing.live:_recover_positions:165 - 보유 복구 096530 FLOW_BOTH 144주 @34,495 손절 27,596 익절 없음 (진입 20260921) 규칙 stop20/tp0/trail0>0/t30/ma0
2026-10-02 08:50:59.969 | INFO     | stock_bot.swing.live:_recover_positions:165 - 보유 복구 024840 MOMENTUM 727주 @6,781 손절 5,425 익절 없음 (진입 20260922) 규칙 stop20/tp0/trail0>0/t30/ma0
2026-10-02 08:50:59.970 | INFO     | stock_bot.swing.live:_recover_positions:165 - 보유 복구 263860 MOMENTUM 287주 @17,400 손절 13,920 익절 없음 (진입 20260922) 규칙 stop20/tp0/trail0>0/t30/ma0
2026-10-02 08:51:00.007 | INFO     | stock_bot.swing.live:_load_watchlist:202 - 감시 리스트 20261001 적재: 후보 33 → 감시 30 (슬롯 30) 상위: 092870 79, 073240 74, 009155 73, 036540 73, 425420 72
2026-10-02 08:51:00.008 | INFO     | stock_bot.swing.live:_load_watchlist:205 - 우선 등급 9종목 (종합≥80 없음 → 순위 1~10): 073240 74, 092870 79, 144960 70, 128940 71, 252990 70, 053800 71, 425420 72, 009155 73, 036540 73
2026-10-02 08:51:00.039 | INFO     | stock_bot.swing.live:prepare:121 - 진입 규칙: 창 093000~151500 종합점수 하한 60 모음 창 20초 하루 상한 3 · 우선 등급 종합≥80(없으면 순위 1~10) 즉시 9종목 · 일반 등급 다음 1봉 유지 확인, 하루 1건 · 오늘 체결 0 (일반 0)
2026-10-02 08:51:00.040 | INFO     | stock_bot.swing.live:prepare:128 - 20261002 준비: 보유 10 신규감시 30 (wl=20261001) 레짐=True mult=1.0
2026-10-02 08:51:00.043 | INFO     | stock_bot.swing.live:run:807 - WS 시작 — 구독 40종목 (보유 10 감시 30) 봉 180초 저장봉 60초
2026-10-02 08:51:00.781 | INFO     | stock_bot.broker.kis_ws:_session:360 - ws 접속 ws://ops.koreainvestment.com:31000 (40종목)
2026-10-02 08:51:01.296 | INFO     | stock_bot.broker.kis_ws:_register:265 - 등록 40/40건
2026-10-02 08:54:00.998 | INFO     | stock_bot.swing.live:_eod_timer:765 - 0854 WS 연결 등록 40/40 틱 0 (마지막 없음) · 감시 30 (틱수신 0 · 확정봉 0) 보유 10 신규 0/3 (일반 0/1) 대기 0 확인중 0 진입가능=시간전 미트리거 사유: -
2026-10-02 08:57:01.066 | INFO     | stock_bot.swing.live:_eod_timer:765 - 0857 WS 연결 등록 40/40 틱 0 (마지막 없음) · 감시 30 (틱수신 0 · 확정봉 0) 보유 10 신규 0/3 (일반 0/1) 대기 0 확인중 0 진입가능=시간전 미트리거 사유: -
2026-10-02 09:00:01.129 | INFO     | stock_bot.swing.live:_eod_timer:765 - 0900 WS 연결 등록 40/40 틱 0 (마지막 없음) · 감시 30 (틱수신 0 · 확정봉 0) 보유 10 신규 0/3 (일반 0/1) 대기 0 확인중 0 진입가능=시간전 미트리거 사유: -
2026-10-02 09:00:02.056 | WARNING  | stock_bot.broker.kis_ws:run:342 - 연결 끊김(1회차): ConnectionClosedError no close frame received or sent — 접속 유지 541초, 1초 후 재접속
2026-10-02 09:00:02.058 | WARNING  | stock_bot.swing.live:on_gap:289 - WS 끊김 — 재접속 먼저, REST 백필 40종목은 백그라운드
2026-10-02 09:00:03.200 | INFO     | stock_bot.broker.kis_ws:_session:360 - ws 접속 ws://ops.koreainvestment.com:31000 (40종목)
2026-10-02 09:00:03.587 | INFO     | stock_bot.broker.kis_ws:_register:265 - 등록 40/40건
2026-10-02 09:00:03.636 | INFO     | stock_bot.swing.live:on_tick:239 - 첫 틱 수신 083450 @54,700 — WS 데이터 흐름 시작
2026-10-02 09:00:03.637 | INFO     | stock_bot.swing.live:on_tick:244 - WS 복구 — 틱 공백 2초
2026-10-02 09:01:27.102 | INFO     | stock_bot.swing.live:_backfill:323 - REST 백필 완료 40/40종목 (실패 0) — 틱 공백 2초 · 세션 고저 갱신
2026-10-02 09:03:00.255 | INFO     | stock_bot.swing.live:_note:445 - 트리거 감지 010950 MOMENTUM 유지 @158,300 → 미진입: 시간전
2026-10-02 09:03:00.258 | INFO     | stock_bot.swing.live:_note:445 - 트리거 감지 232140 MOMENTUM 유지 @16,330 → 미진입: 시간전
2026-10-02 09:03:00.271 | INFO     | stock_bot.swing.live:_note:445 - 트리거 감지 003230 FLOW_FORGN 유지 @1,238,000 → 미진입: 시간전
2026-10-02 09:03:00.469 | INFO     | stock_bot.swing.live:_note:445 - 트리거 감지 006730 MOMENTUM 유지 @11,240 → 미진입: 시간전
2026-10-02 09:03:00.478 | INFO     | stock_bot.swing.live:_note:445 - 트리거 감지 425420 MOMENTUM 유지 @75,300 → 미진입: 시간전
2026-10-02 09:03:00.685 | INFO     | stock_bot.swing.live:_note:445 - 트리거 감지 144960 MOMENTUM 유지 @13,330 → 미진입: 시간전
2026-10-02 09:03:00.692 | INFO     | stock_bot.swing.live:_note:445 - 트리거 감지 253590 MOMENTUM 유지 @14,550 → 미진입: 시간전
2026-10-02 09:03:01.179 | INFO     | stock_bot.swing.live:_eod_timer:765 - 0903 WS 연결 등록 40/40 재연결 1회 틱 4,501 (마지막 0초전) · 감시 30 (틱수신 30 · 확정봉 13) 보유 10 신규 0/3 (일반 0/1) 대기 0 확인중 0 진입가능=시간전 미트리거 사유: 유지 7, 전일종가하회 3, VWAP하회 2, 저점근접 1
2026-10-02 09:03:01.547 | INFO     | stock_bot.swing.live:_note:445 - 트리거 감지 053800 MOMENTUM 유지 @78,100 → 미진입: 시간전
2026-10-02 09:03:02.392 | INFO     | stock_bot.swing.live:_note:445 - 트리거 감지 128940 FLOW_PULLBACK 유지 @503,000 → 미진입: 시간전
2026-10-02 09:03:03.672 | INFO     | stock_bot.swing.live:_note:445 - 트리거 감지 083450 MOMENTUM 유지 @54,600 → 미진입: 시간전
2026-10-02 09:03:03.889 | INFO     | stock_bot.swing.live:_note:445 - 트리거 감지 092870 MOMENTUM 유지 @52,500 → 미진입: 시간전
2026-10-02 09:03:04.097 | INFO     | stock_bot.swing.live:_note:445 - 트리거 감지 0126Z0 FLOW_BOTH 유지 @372,500 → 미진입: 시간전
2026-10-02 09:03:06.022 | INFO     | stock_bot.swing.live:_note:445 - 트리거 감지 066575 FLOW_PULLBACK 유지 @73,400 → 미진입: 시간전
2026-10-02 09:03:06.871 | INFO     | stock_bot.swing.live:_note:445 - 트리거 감지 073240 MOMENTUM 유지 @6,940 → 미진입: 시간전
2026-10-02 09:03:08.781 | INFO     | stock_bot.swing.live:_note:445 - 트리거 감지 011200 FLOW_PULLBACK 유지 @21,250 → 미진입: 시간전
2026-10-02 09:06:00.639 | INFO     | stock_bot.swing.live:_note:445 - 트리거 감지 028670 FLOW_PULLBACK 유지 @5,980 → 미진입: 시간전
2026-10-02 09:06:00.855 | INFO     | stock_bot.swing.live:_note:445 - 트리거 감지 036540 MOMENTUM 유지 @11,140 → 미진입: 시간전
2026-10-02 09:06:01.233 | INFO     | stock_bot.swing.live:_eod_timer:765 - 0906 WS 연결 등록 40/40 재연결 1회 틱 8,979 (마지막 0초전) · 감시 30 (틱수신 30 · 확정봉 45) 보유 10 신규 0/3 (일반 0/1) 대기 0 확인중 0 진입가능=시간전 미트리거 사유: 유지 15, 전일종가하회 11, VWAP하회 2, 저점근접 2
2026-10-02 09:09:01.291 | INFO     | stock_bot.swing.live:_eod_timer:765 - 0909 WS 연결 등록 40/40 재연결 1회 틱 13,302 (마지막 0초전) · 감시 30 (틱수신 30 · 확정봉 71) 보유 10 신규 0/3 (일반 0/1) 대기 0 확인중 0 진입가능=시간전 미트리거 사유: 전일종가하회 13, 유지 12, VWAP하회 2, 저점근접 2, 음봉 1
2026-10-02 09:12:01.399 | INFO     | stock_bot.swing.live:_eod_timer:765 - 0912 WS 연결 등록 40/40 재연결 1회 틱 17,590 (마지막 0초전) · 감시 30 (틱수신 30 · 확정봉 102) 보유 10 신규 0/3 (일반 0/1) 대기 0 확인중 0 진입가능=시간전 미트리거 사유: 전일종가하회 14, 유지 7, VWAP하회 5, 저점근접 3, 음봉 1
2026-10-02 09:15:01.455 | INFO     | stock_bot.swing.live:_eod_timer:765 - 0915 WS 연결 등록 40/40 재연결 1회 틱 21,252 (마지막 0초전) · 감시 30 (틱수신 30 · 확정봉 135) 보유 10 신규 0/3 (일반 0/1) 대기 0 확인중 0 진입가능=시간전 미트리거 사유: 전일종가하회 15, 유지 7, VWAP하회 4, 저점근접 3, 음봉 1
2026-10-02 09:18:01.508 | INFO     | stock_bot.swing.live:_eod_timer:765 - 0918 WS 연결 등록 40/40 재연결 1회 틱 25,096 (마지막 0초전) · 감시 30 (틱수신 30 · 확정봉 164) 보유 10 신규 0/3 (일반 0/1) 대기 0 확인중 0 진입가능=시간전 미트리거 사유: 전일종가하회 15, 유지 8, VWAP하회 5, 음봉 1, 저점근접 1
2026-10-02 09:21:01.643 | INFO     | stock_bot.swing.live:_eod_timer:765 - 0921 WS 연결 등록 40/40 재연결 1회 틱 28,574 (마지막 0초전) · 감시 30 (틱수신 30 · 확정봉 191) 보유 10 신규 0/3 (일반 0/1) 대기 0 확인중 0 진입가능=시간전 미트리거 사유: 전일종가하회 15, 유지 8, VWAP하회 6, 음봉 1
2026-10-02 09:24:01.690 | INFO     | stock_bot.swing.live:_eod_timer:765 - 0924 WS 연결 등록 40/40 재연결 1회 틱 32,232 (마지막 0초전) · 감시 30 (틱수신 30 · 확정봉 224) 보유 10 신규 0/3 (일반 0/1) 대기 0 확인중 0 진입가능=시간전 미트리거 사유: 전일종가하회 15, VWAP하회 6, 유지 6, 저점근접 2, 음봉 1
2026-10-02 09:27:01.736 | INFO     | stock_bot.swing.live:_eod_timer:765 - 0927 WS 연결 등록 40/40 재연결 1회 틱 35,819 (마지막 0초전) · 감시 30 (틱수신 30 · 확정봉 257) 보유 10 신규 0/3 (일반 0/1) 대기 0 확인중 0 진입가능=시간전 미트리거 사유: 전일종가하회 16, 유지 6, VWAP하회 5, 저점근접 3
2026-10-02 09:30:00.196 | INFO     | stock_bot.swing.live:_note:445 - 트리거 감지 073240 MOMENTUM 유지 @6,920 → 미진입: 슬롯 없음
2026-10-02 09:30:00.207 | INFO     | stock_bot.swing.live:_note:445 - 트리거 감지 028670 FLOW_PULLBACK 유지 @6,000 → 미진입: 슬롯 없음
2026-10-02 09:30:00.635 | INFO     | stock_bot.swing.live:_note:445 - 트리거 감지 144960 MOMENTUM 유지 @13,340 → 미진입: 슬롯 없음
2026-10-02 09:30:01.055 | INFO     | stock_bot.swing.live:_note:445 - 트리거 감지 253590 MOMENTUM 유지 @15,400 → 미진입: 슬롯 없음
2026-10-02 09:30:01.266 | INFO     | stock_bot.swing.live:_note:445 - 트리거 감지 003230 FLOW_FORGN 유지 @1,236,000 → 미진입: 슬롯 없음
2026-10-02 09:30:01.478 | INFO     | stock_bot.swing.live:_note:445 - 트리거 감지 083450 MOMENTUM 유지 @54,500 → 미진입: 슬롯 없음
2026-10-02 09:30:01.790 | INFO     | stock_bot.swing.live:_eod_timer:765 - 0930 WS 연결 등록 40/40 재연결 1회 틱 38,691 (마지막 0초전) · 감시 30 (틱수신 30 · 확정봉 286) 보유 10 신규 0/3 (일반 0/1) 대기 0 확인중 0 진입가능=슬롯 없음 미트리거 사유: 전일종가하회 15, 유지 9, VWAP하회 4, 음봉 1, 저점근접 1
2026-10-02 09:30:02.095 | INFO     | stock_bot.swing.live:_note:445 - 트리거 감지 036540 MOMENTUM 유지 @11,530 → 미진입: 슬롯 없음
2026-10-02 09:30:12.798 | INFO     | stock_bot.swing.live:_note:445 - 트리거 감지 0126Z0 FLOW_BOTH 유지 @375,500 → 미진입: 슬롯 없음
2026-10-02 09:30:19.561 | INFO     | stock_bot.swing.live:_note:445 - 트리거 감지 066575 FLOW_PULLBACK 유지 @73,800 → 미진입: 슬롯 없음
2026-10-02 09:33:01.849 | INFO     | stock_bot.swing.live:_eod_timer:765 - 0933 WS 연결 등록 40/40 재연결 1회 틱 42,236 (마지막 0초전) · 감시 30 (틱수신 30 · 확정봉 314) 보유 10 신규 0/3 (일반 0/1) 대기 0 확인중 0 진입가능=슬롯 없음 미트리거 사유: 전일종가하회 15, 유지 8, VWAP하회 5, 음봉 1, 저점근접 1
2026-10-02 09:36:01.927 | INFO     | stock_bot.swing.live:_eod_timer:765 - 0936 WS 연결 등록 40/40 재연결 1회 틱 45,390 (마지막 0초전) · 감시 30 (틱수신 30 · 확정봉 349) 보유 10 신규 0/3 (일반 0/1) 대기 0 확인중 0 진입가능=슬롯 없음 미트리거 사유: 전일종가하회 16, VWAP하회 6, 유지 6, 음봉 1, 저점근접 1
2026-10-02 09:36:02.205 | INFO     | stock_bot.swing.live:_note:445 - 트리거 감지 010950 MOMENTUM 유지 @159,200 → 미진입: 슬롯 없음
2026-10-02 09:39:01.991 | INFO     | stock_bot.swing.live:_eod_timer:765 - 0939 WS 연결 등록 40/40 재연결 1회 틱 48,458 (마지막 0초전) · 감시 30 (틱수신 30 · 확정봉 373) 보유 10 신규 0/3 (일반 0/1) 대기 0 확인중 0 진입가능=슬롯 없음 미트리거 사유: 전일종가하회 16, 유지 7, VWAP하회 5, 음봉 1, 저점근접 1
2026-10-02 09:39:07.275 | INFO     | stock_bot.swing.live:_note:445 - 트리거 감지 000990 MOMENTUM 유지 @142,700 → 미진입: 슬롯 없음
2026-10-02 09:42:00.494 | INFO     | stock_bot.swing.live:_note:445 - 트리거 감지 078350 MOMENTUM 유지 @36,500 → 미진입: 슬롯 없음
2026-10-02 09:42:02.056 | INFO     | stock_bot.swing.live:_eod_timer:765 - 0942 WS 연결 등록 40/40 재연결 1회 틱 51,737 (마지막 0초전) · 감시 30 (틱수신 30 · 확정봉 407) 보유 10 신규 0/3 (일반 0/1) 대기 0 확인중 0 진입가능=슬롯 없음 미트리거 사유: 전일종가하회 13, 유지 10, VWAP하회 4, 저점근접 2, 음봉 1
2026-10-02 09:42:08.595 | INFO     | stock_bot.swing.live:_note:445 - 트리거 감지 006730 MOMENTUM 유지 @11,110 → 미진입: 슬롯 없음
2026-10-02 09:45:02.119 | INFO     | stock_bot.swing.live:_eod_timer:765 - 0945 WS 연결 등록 40/40 재연결 1회 틱 54,718 (마지막 0초전) · 감시 30 (틱수신 30 · 확정봉 436) 보유 10 신규 0/3 (일반 0/1) 대기 0 확인중 0 진입가능=슬롯 없음 미트리거 사유: 전일종가하회 13, 유지 11, 저점근접 3, VWAP하회 2, 음봉 1
2026-10-02 09:48:00.499 | INFO     | stock_bot.swing.live:_note:445 - 트리거 감지 232140 MOMENTUM 유지 @16,500 → 미진입: 슬롯 없음
2026-10-02 09:48:02.911 | INFO     | stock_bot.swing.live:_eod_timer:765 - 0948 WS 연결 등록 40/40 재연결 1회 틱 58,201 (마지막 0초전) · 감시 30 (틱수신 30 · 확정봉 469) 보유 10 신규 0/3 (일반 0/1) 대기 0 확인중 0 진입가능=슬롯 없음 미트리거 사유: 전일종가하회 13, 유지 12, 저점근접 2, VWAP하회 2, 음봉 1
2026-10-02 09:48:04.653 | INFO     | stock_bot.swing.live:_note:445 - 트리거 감지 092870 MOMENTUM 유지 @52,400 → 미진입: 슬롯 없음
2026-10-02 09:51:03.762 | INFO     | stock_bot.swing.live:_eod_timer:765 - 0951 WS 연결 등록 40/40 재연결 1회 틱 61,429 (마지막 0초전) · 감시 30 (틱수신 30 · 확정봉 500) 보유 10 신규 0/3 (일반 0/1) 대기 0 확인중 0 진입가능=슬롯 없음 미트리거 사유: 전일종가하회 13, 유지 12, VWAP하회 3, 음봉 1, 저점근접 1
2026-10-02 09:54:05.490 | INFO     | stock_bot.swing.live:_eod_timer:765 - 0954 WS 연결 등록 40/40 재연결 1회 틱 64,386 (마지막 0초전) · 감시 30 (틱수신 30 · 확정봉 533) 보유 10 신규 0/3 (일반 0/1) 대기 0 확인중 0 진입가능=슬롯 없음 미트리거 사유: 전일종가하회 14, 유지 12, 저점근접 2, VWAP하회 1, 음봉 1
2026-10-02 09:57:01.573 | INFO     | stock_bot.swing.live:_note:445 - 트리거 감지 252990 FLOW_FORGN 유지 @20,250 → 미진입: 슬롯 없음
2026-10-02 09:57:05.559 | INFO     | stock_bot.swing.live:_eod_timer:765 - 0957 WS 연결 등록 40/40 재연결 1회 틱 67,368 (마지막 0초전) · 감시 30 (틱수신 30 · 확정봉 561) 보유 10 신규 0/3 (일반 0/1) 대기 0 확인중 0 진입가능=슬롯 없음 미트리거 사유: 전일종가하회 15, 유지 13, 저점근접 1, VWAP하회 1
2026-10-02 10:00:02.211 | WARNING  | stock_bot.broker.kis_ws:run:342 - 연결 끊김(2회차): ConnectionClosedError no close frame received or sent — 접속 유지 3599초, 1초 후 재접속
2026-10-02 10:00:02.214 | WARNING  | stock_bot.swing.live:on_gap:289 - WS 끊김 — 재접속 먼저, REST 백필 40종목은 백그라운드
2026-10-02 10:00:07.514 | INFO     | stock_bot.broker.kis_ws:_session:360 - ws 접속 ws://ops.koreainvestment.com:31000 (40종목)
2026-10-02 10:00:07.544 | INFO     | stock_bot.swing.live:_eod_timer:765 - 1000 WS 끊김 등록 40/40 재연결 2회 틱 70,166 (마지막 6초전) · 감시 30 (틱수신 30 · 확정봉 589) 보유 10 신규 0/3 (일반 0/1) 대기 0 확인중 0 진입가능=슬롯 없음 미트리거 사유: 전일종가하회 15, 유지 12, 저점근접 2, VWAP하회 1
2026-10-02 10:00:07.861 | INFO     | stock_bot.swing.live:on_tick:244 - WS 복구 — 틱 공백 6초
2026-10-02 10:00:07.929 | INFO     | stock_bot.broker.kis_ws:_register:265 - 등록 40/40건
2026-10-02 10:02:34.189 | INFO     | stock_bot.swing.live:_backfill:323 - REST 백필 완료 40/40종목 (실패 0) — 틱 공백 6초 · 세션 고저 갱신
2026-10-02 10:03:07.599 | INFO     | stock_bot.swing.live:_eod_timer:765 - 1003 WS 연결 등록 40/40 재연결 2회 틱 72,956 (마지막 0초전) · 감시 30 (틱수신 30 · 확정봉 625) 보유 10 신규 0/3 (일반 0/1) 대기 0 확인중 0 진입가능=슬롯 없음 미트리거 사유: 전일종가하회 15, 유지 13, 저점근접 2
2026-10-02 10:06:07.651 | INFO     | stock_bot.swing.live:_eod_timer:765 - 1006 WS 연결 등록 40/40 재연결 2회 틱 75,879 (마지막 0초전) · 감시 30 (틱수신 30 · 확정봉 651) 보유 10 신규 0/3 (일반 0/1) 대기 0 확인중 0 진입가능=슬롯 없음 미트리거 사유: 전일종가하회 17, 유지 11, 저점근접 2
2026-10-02 10:09:07.702 | INFO     | stock_bot.swing.live:_eod_timer:765 - 1009 WS 연결 등록 40/40 재연결 2회 틱 78,654 (마지막 0초전) · 감시 30 (틱수신 30 · 확정봉 684) 보유 10 신규 0/3 (일반 0/1) 대기 0 확인중 0 진입가능=슬롯 없음 미트리거 사유: 전일종가하회 16, 유지 12, 저점근접 2
2026-10-02 10:12:07.758 | INFO     | stock_bot.swing.live:_eod_timer:765 - 1012 WS 연결 등록 40/40 재연결 2회 틱 81,306 (마지막 0초전) · 감시 30 (틱수신 30 · 확정봉 711) 보유 10 신규 0/3 (일반 0/1) 대기 0 확인중 0 진입가능=슬롯 없음 미트리거 사유: 전일종가하회 15, 유지 11, 저점근접 2, VWAP하회 1, 음봉 1
2026-10-02 10:15:07.810 | INFO     | stock_bot.swing.live:_eod_timer:765 - 1015 WS 연결 등록 40/40 재연결 2회 틱 83,774 (마지막 0초전) · 감시 30 (틱수신 30 · 확정봉 742) 보유 10 신규 0/3 (일반 0/1) 대기 0 확인중 0 진입가능=슬롯 없음 미트리거 사유: 전일종가하회 14, 유지 12, 저점근접 2, VWAP하회 1, 음봉 1
2026-10-02 10:18:00.810 | INFO     | stock_bot.swing.live:_note:445 - 트리거 감지 011200 FLOW_PULLBACK 유지 @21,250 → 미진입: 슬롯 없음
2026-10-02 10:18:04.318 | INFO     | stock_bot.swing.live:_note:445 - 트리거 감지 053800 MOMENTUM 유지 @77,800 → 미진입: 슬롯 없음
2026-10-02 10:18:07.864 | INFO     | stock_bot.swing.live:_eod_timer:765 - 1018 WS 연결 등록 40/40 재연결 2회 틱 86,410 (마지막 0초전) · 감시 30 (틱수신 30 · 확정봉 769) 보유 10 신규 0/3 (일반 0/1) 대기 0 확인중 0 진입가능=슬롯 없음 미트리거 사유: 유지 14, 전일종가하회 12, VWAP하회 2, 저점근접 1, 음봉 1
2026-10-02 10:21:07.919 | INFO     | stock_bot.swing.live:_eod_timer:765 - 1021 WS 연결 등록 40/40 재연결 2회 틱 89,117 (마지막 0초전) · 감시 30 (틱수신 30 · 확정봉 804) 보유 10 신규 0/3 (일반 0/1) 대기 0 확인중 0 진입가능=슬롯 없음 미트리거 사유: 유지 14, 전일종가하회 14, VWAP하회 2
2026-10-02 10:24:11.816 | INFO     | stock_bot.swing.live:_eod_timer:765 - 1024 WS 연결 등록 40/40 재연결 2회 틱 91,770 (마지막 4초전) · 감시 30 (틱수신 30 · 확정봉 828) 보유 10 신규 0/3 (일반 0/1) 대기 0 확인중 0 진입가능=슬롯 없음 미트리거 사유: 유지 15, 전일종가하회 13, VWAP하회 1, 음봉 1
2026-10-02 10:27:11.868 | INFO     | stock_bot.swing.live:_eod_timer:765 - 1027 WS 연결 등록 40/40 재연결 2회 틱 94,566 (마지막 0초전) · 감시 30 (틱수신 30 · 확정봉 864) 보유 10 신규 0/3 (일반 0/1) 대기 0 확인중 0 진입가능=슬롯 없음 미트리거 사유: 전일종가하회 15, 유지 8, VWAP하회 4, 저점근접 2, 음봉 1
2026-10-02 10:30:12.799 | INFO     | stock_bot.swing.live:_eod_timer:765 - 1030 WS 연결 등록 40/40 재연결 2회 틱 97,052 (마지막 0초전) · 감시 30 (틱수신 30 · 확정봉 894) 보유 10 신규 0/3 (일반 0/1) 대기 0 확인중 0 진입가능=슬롯 없음 미트리거 사유: 전일종가하회 14, 유지 10, VWAP하회 3, 저점근접 2, 음봉 1
2026-10-02 10:33:13.105 | INFO     | stock_bot.swing.live:_eod_timer:765 - 1033 WS 연결 등록 40/40 재연결 2회 틱 99,798 (마지막 0초전) · 감시 30 (틱수신 30 · 확정봉 926) 보유 10 신규 0/3 (일반 0/1) 대기 0 확인중 0 진입가능=슬롯 없음 미트리거 사유: 전일종가하회 16, 유지 7, VWAP하회 6, 저점근접 1
2026-10-02 10:36:14.161 | INFO     | stock_bot.swing.live:_eod_timer:765 - 1036 WS 연결 등록 40/40 재연결 2회 틱 102,677 (마지막 0초전) · 감시 30 (틱수신 30 · 확정봉 958) 보유 10 신규 0/3 (일반 0/1) 대기 0 확인중 0 진입가능=슬롯 없음 미트리거 사유: 전일종가하회 15, 유지 9, VWAP하회 5, 음봉 1
2026-10-02 10:39:16.728 | INFO     | stock_bot.swing.live:_eod_timer:765 - 1039 WS 연결 등록 40/40 재연결 2회 틱 105,515 (마지막 0초전) · 감시 30 (틱수신 30 · 확정봉 984) 보유 10 신규 0/3 (일반 0/1) 대기 0 확인중 0 진입가능=슬롯 없음 미트리거 사유: 전일종가하회 14, 유지 7, VWAP하회 7, 음봉 1, 저점근접 1
2026-10-02 10:42:16.778 | INFO     | stock_bot.swing.live:_eod_timer:765 - 1042 WS 연결 등록 40/40 재연결 2회 틱 108,165 (마지막 0초전) · 감시 30 (틱수신 30 · 확정봉 1016) 보유 10 신규 0/3 (일반 0/1) 대기 0 확인중 0 진입가능=슬롯 없음 미트리거 사유: 전일종가하회 16, 유지 8, VWAP하회 5, 저점근접 1
2026-10-02 10:45:16.835 | INFO     | stock_bot.swing.live:_eod_timer:765 - 1045 WS 연결 등록 40/40 재연결 2회 틱 110,371 (마지막 0초전) · 감시 30 (틱수신 30 · 확정봉 1050) 보유 10 신규 0/3 (일반 0/1) 대기 0 확인중 0 진입가능=슬롯 없음 미트리거 사유: 전일종가하회 16, 유지 9, VWAP하회 4, 음봉 1
2026-10-02 10:48:16.892 | INFO     | stock_bot.swing.live:_eod_timer:765 - 1048 WS 연결 등록 40/40 재연결 2회 틱 112,687 (마지막 0초전) · 감시 30 (틱수신 30 · 확정봉 1075) 보유 10 신규 0/3 (일반 0/1) 대기 0 확인중 0 진입가능=슬롯 없음 미트리거 사유: 전일종가하회 16, 유지 8, VWAP하회 4, 음봉 1, 저점근접 1
2026-10-02 10:51:16.950 | INFO     | stock_bot.swing.live:_eod_timer:765 - 1051 WS 연결 등록 40/40 재연결 2회 틱 115,343 (마지막 0초전) · 감시 30 (틱수신 30 · 확정봉 1106) 보유 10 신규 0/3 (일반 0/1) 대기 0 확인중 0 진입가능=슬롯 없음 미트리거 사유: 전일종가하회 15, 유지 11, VWAP하회 3, 음봉 1
2026-10-02 10:54:18.417 | INFO     | stock_bot.swing.live:_eod_timer:765 - 1054 WS 연결 등록 40/40 재연결 2회 틱 118,219 (마지막 0초전) · 감시 30 (틱수신 30 · 확정봉 1136) 보유 10 신규 0/3 (일반 0/1) 대기 0 확인중 0 진입가능=슬롯 없음 미트리거 사유: 전일종가하회 14, 유지 11, VWAP하회 3, 음봉 1, 저점근접 1
2026-10-02 10:57:22.747 | INFO     | stock_bot.swing.live:_eod_timer:765 - 1057 WS 연결 등록 40/40 재연결 2회 틱 121,426 (마지막 3초전) · 감시 30 (틱수신 30 · 확정봉 1167) 보유 10 신규 0/3 (일반 0/1) 대기 0 확인중 0 진입가능=슬롯 없음 미트리거 사유: 전일종가하회 15, 유지 12, VWAP하회 3
2026-10-02 11:00:02.164 | WARNING  | stock_bot.broker.kis_ws:run:342 - 연결 끊김(3회차): ConnectionClosedError no close frame received or sent — 접속 유지 3599초, 1초 후 재접속
2026-10-02 11:00:02.166 | WARNING  | stock_bot.swing.live:on_gap:289 - WS 끊김 — 재접속 먼저, REST 백필 40종목은 백그라운드
2026-10-02 11:00:09.258 | INFO     | stock_bot.broker.kis_ws:_session:360 - ws 접속 ws://ops.koreainvestment.com:31000 (40종목)
2026-10-02 11:00:09.687 | INFO     | stock_bot.swing.live:on_tick:244 - WS 복구 — 틱 공백 8초
2026-10-02 11:00:09.706 | INFO     | stock_bot.broker.kis_ws:_register:265 - 등록 40/40건
2026-10-02 11:00:24.305 | INFO     | stock_bot.swing.live:_eod_timer:765 - 1100 WS 연결 등록 40/40 재연결 3회 틱 123,980 (마지막 0초전) · 감시 30 (틱수신 30 · 확정봉 1197) 보유 10 신규 0/3 (일반 0/1) 대기 0 확인중 0 진입가능=슬롯 없음 미트리거 사유: 전일종가하회 14, 유지 12, VWAP하회 3, 음봉 1
2026-10-02 11:02:49.563 | INFO     | stock_bot.swing.live:_backfill:323 - REST 백필 완료 40/40종목 (실패 0) — 틱 공백 8초 · 세션 고저 갱신
2026-10-02 11:03:13.213 | INFO     | stock_bot.swing.live:_note:445 - 트리거 감지 128940 FLOW_PULLBACK 유지 @499,500 → 미진입: 슬롯 없음
2026-10-02 11:03:28.490 | INFO     | stock_bot.swing.live:_eod_timer:765 - 1103 WS 연결 등록 40/40 재연결 3회 틱 126,535 (마지막 0초전) · 감시 30 (틱수신 30 · 확정봉 1226) 보유 10 신규 0/3 (일반 0/1) 대기 0 확인중 0 진입가능=슬롯 없음 미트리거 사유: 전일종가하회 13, 유지 12, VWAP하회 4, 음봉 1
2026-10-02 11:06:29.594 | INFO     | stock_bot.swing.live:_eod_timer:765 - 1106 WS 연결 등록 40/40 재연결 3회 틱 129,261 (마지막 0초전) · 감시 30 (틱수신 30 · 확정봉 1256) 보유 10 신규 0/3 (일반 0/1) 대기 0 확인중 0 진입가능=슬롯 없음 미트리거 사유: 전일종가하회 15, 유지 12, VWAP하회 3
2026-10-02 11:09:29.657 | INFO     | stock_bot.swing.live:_eod_timer:765 - 1109 WS 연결 등록 40/40 재연결 3회 틱 131,652 (마지막 0초전) · 감시 30 (틱수신 30 · 확정봉 1288) 보유 10 신규 0/3 (일반 0/1) 대기 0 확인중 0 진입가능=슬롯 없음 미트리거 사유: 전일종가하회 16, 유지 13, VWAP하회 1
2026-10-02 11:12:29.705 | INFO     | stock_bot.swing.live:_eod_timer:765 - 1112 WS 연결 등록 40/40 재연결 3회 틱 134,423 (마지막 0초전) · 감시 30 (틱수신 30 · 확정봉 1314) 보유 10 신규 0/3 (일반 0/1) 대기 0 확인중 0 진입가능=슬롯 없음 미트리거 사유: 전일종가하회 15, 유지 13, VWAP하회 2
2026-10-02 11:15:29.823 | INFO     | stock_bot.swing.live:_eod_timer:765 - 1115 WS 연결 등록 40/40 재연결 3회 틱 137,246 (마지막 0초전) · 감시 30 (틱수신 30 · 확정봉 1348) 보유 10 신규 0/3 (일반 0/1) 대기 0 확인중 0 진입가능=슬롯 없음 미트리거 사유: 전일종가하회 15, 유지 13, VWAP하회 2
2026-10-02 11:18:29.889 | INFO     | stock_bot.swing.live:_eod_timer:765 - 1118 WS 연결 등록 40/40 재연결 3회 틱 139,869 (마지막 0초전) · 감시 30 (틱수신 30 · 확정봉 1380) 보유 10 신규 0/3 (일반 0/1) 대기 0 확인중 0 진입가능=슬롯 없음 미트리거 사유: 유지 14, 전일종가하회 13, VWAP하회 2, 음봉 1
2026-10-02 11:21:29.941 | INFO     | stock_bot.swing.live:_eod_timer:765 - 1121 WS 연결 등록 40/40 재연결 3회 틱 142,531 (마지막 0초전) · 감시 30 (틱수신 30 · 확정봉 1407) 보유 10 신규 0/3 (일반 0/1) 대기 0 확인중 0 진입가능=슬롯 없음 미트리거 사유: 전일종가하회 14, 유지 13, VWAP하회 2, 음봉 1
2026-10-02 11:24:29.996 | INFO     | stock_bot.swing.live:_eod_timer:765 - 1124 WS 연결 등록 40/40 재연결 3회 틱 144,942 (마지막 0초전) · 감시 30 (틱수신 30 · 확정봉 1437) 보유 10 신규 0/3 (일반 0/1) 대기 0 확인중 0 진입가능=슬롯 없음 미트리거 사유: 전일종가하회 16, 유지 11, VWAP하회 2, 음봉 1
2026-10-02 11:27:30.058 | INFO     | stock_bot.swing.live:_eod_timer:765 - 1127 WS 연결 등록 40/40 재연결 3회 틱 147,371 (마지막 0초전) · 감시 30 (틱수신 30 · 확정봉 1469) 보유 10 신규 0/3 (일반 0/1) 대기 0 확인중 0 진입가능=슬롯 없음 미트리거 사유: 전일종가하회 16, 유지 12, VWAP하회 1, 음봉 1
2026-10-02 11:30:30.400 | INFO     | stock_bot.swing.live:_eod_timer:765 - 1130 WS 연결 등록 40/40 재연결 3회 틱 149,701 (마지막 0초전) · 감시 30 (틱수신 30 · 확정봉 1498) 보유 10 신규 0/3 (일반 0/1) 대기 0 확인중 0 진입가능=슬롯 없음 미트리거 사유: 전일종가하회 17, 유지 9, VWAP하회 4
2026-10-02 11:33:31.508 | INFO     | stock_bot.swing.live:_eod_timer:765 - 1133 WS 연결 등록 40/40 재연결 3회 틱 152,043 (마지막 0초전) · 감시 30 (틱수신 30 · 확정봉 1528) 보유 10 신규 0/3 (일반 0/1) 대기 0 확인중 0 진입가능=슬롯 없음 미트리거 사유: 전일종가하회 16, 유지 10, VWAP하회 3, 음봉 1
2026-10-02 11:36:31.560 | INFO     | stock_bot.swing.live:_eod_timer:765 - 1136 WS 연결 등록 40/40 재연결 3회 틱 154,493 (마지막 0초전) · 감시 30 (틱수신 30 · 확정봉 1560) 보유 10 신규 0/3 (일반 0/1) 대기 0 확인중 0 진입가능=슬롯 없음 미트리거 사유: 전일종가하회 16, 유지 10, VWAP하회 3, 음봉 1
2026-10-02 11:39:31.611 | INFO     | stock_bot.swing.live:_eod_timer:765 - 1139 WS 연결 등록 40/40 재연결 3회 틱 156,946 (마지막 0초전) · 감시 30 (틱수신 30 · 확정봉 1586) 보유 10 신규 0/3 (일반 0/1) 대기 0 확인중 0 진입가능=슬롯 없음 미트리거 사유: 전일종가하회 15, 유지 11, VWAP하회 3, 음봉 1
2026-10-02 11:42:32.897 | INFO     | stock_bot.swing.live:_eod_timer:765 - 1142 WS 연결 등록 40/40 재연결 3회 틱 159,730 (마지막 0초전) · 감시 30 (틱수신 30 · 확정봉 1619) 보유 10 신규 0/3 (일반 0/1) 대기 0 확인중 0 진입가능=슬롯 없음 미트리거 사유: 전일종가하회 17, 유지 11, VWAP하회 2
2026-10-02 11:45:32.950 | INFO     | stock_bot.swing.live:_eod_timer:765 - 1145 WS 연결 등록 40/40 재연결 3회 틱 162,116 (마지막 0초전) · 감시 30 (틱수신 30 · 확정봉 1648) 보유 10 신규 0/3 (일반 0/1) 대기 0 확인중 0 진입가능=슬롯 없음 미트리거 사유: 전일종가하회 15, 유지 10, VWAP하회 4, 음봉 1
2026-10-02 11:48:32.999 | INFO     | stock_bot.swing.live:_eod_timer:765 - 1148 WS 연결 등록 40/40 재연결 3회 틱 164,438 (마지막 0초전) · 감시 30 (틱수신 30 · 확정봉 1679) 보유 10 신규 0/3 (일반 0/1) 대기 0 확인중 0 진입가능=슬롯 없음 미트리거 사유: 전일종가하회 15, 유지 11, VWAP하회 3, 음봉 1
2026-10-02 11:51:35.482 | INFO     | stock_bot.swing.live:_eod_timer:765 - 1151 WS 연결 등록 40/40 재연결 3회 틱 166,845 (마지막 0초전) · 감시 30 (틱수신 30 · 확정봉 1709) 보유 10 신규 0/3 (일반 0/1) 대기 0 확인중 0 진입가능=슬롯 없음 미트리거 사유: 전일종가하회 16, 유지 11, VWAP하회 3
2026-10-02 11:54:35.534 | INFO     | stock_bot.swing.live:_eod_timer:765 - 1154 WS 연결 등록 40/40 재연결 3회 틱 168,918 (마지막 0초전) · 감시 30 (틱수신 30 · 확정봉 1737) 보유 10 신규 0/3 (일반 0/1) 대기 0 확인중 0 진입가능=슬롯 없음 미트리거 사유: 전일종가하회 16, 유지 11, VWAP하회 2, 음봉 1
2026-10-02 11:57:35.587 | INFO     | stock_bot.swing.live:_eod_timer:765 - 1157 WS 연결 등록 40/40 재연결 3회 틱 171,216 (마지막 0초전) · 감시 30 (틱수신 30 · 확정봉 1770) 보유 10 신규 0/3 (일반 0/1) 대기 0 확인중 0 진입가능=슬롯 없음 미트리거 사유: 전일종가하회 16, 유지 11, VWAP하회 2, 음봉 1
2026-10-02 12:00:02.308 | WARNING  | stock_bot.broker.kis_ws:run:342 - 연결 끊김(4회차): ConnectionClosedError no close frame received or sent — 접속 유지 3599초, 1초 후 재접속
2026-10-02 12:00:02.309 | WARNING  | stock_bot.swing.live:on_gap:289 - WS 끊김 — 재접속 먼저, REST 백필 40종목은 백그라운드
2026-10-02 12:00:10.753 | INFO     | stock_bot.broker.kis_ws:_session:360 - ws 접속 ws://ops.koreainvestment.com:31000 (40종목)
2026-10-02 12:00:10.933 | INFO     | stock_bot.swing.live:on_tick:244 - WS 복구 — 틱 공백 9초
2026-10-02 12:00:11.179 | INFO     | stock_bot.broker.kis_ws:_register:265 - 등록 40/40건
2026-10-02 12:00:35.806 | INFO     | stock_bot.swing.live:_eod_timer:765 - 1200 WS 연결 등록 40/40 재연결 4회 틱 173,246 (마지막 0초전) · 감시 30 (틱수신 30 · 확정봉 1798) 보유 10 신규 0/3 (일반 0/1) 대기 0 확인중 0 진입가능=슬롯 없음 미트리거 사유: 전일종가하회 16, 유지 11, VWAP하회 2, 음봉 1
2026-10-02 12:03:14.816 | INFO     | stock_bot.swing.live:_backfill:323 - REST 백필 완료 40/40종목 (실패 0) — 틱 공백 9초 · 세션 고저 갱신
2026-10-02 12:03:22.491 | INFO     | stock_bot.swing.live:_note:445 - 트리거 감지 009155 FLOW_PULLBACK 유지 @526,000 → 미진입: 슬롯 없음
2026-10-02 12:03:35.858 | INFO     | stock_bot.swing.live:_eod_timer:765 - 1203 WS 연결 등록 40/40 재연결 4회 틱 175,392 (마지막 0초전) · 감시 30 (틱수신 30 · 확정봉 1829) 보유 10 신규 0/3 (일반 0/1) 대기 0 확인중 0 진입가능=슬롯 없음 미트리거 사유: 전일종가하회 15, 유지 12, VWAP하회 2, 음봉 1
2026-10-02 12:06:35.965 | INFO     | stock_bot.swing.live:_eod_timer:765 - 1206 WS 연결 등록 40/40 재연결 4회 틱 177,519 (마지막 0초전) · 감시 30 (틱수신 30 · 확정봉 1860) 보유 10 신규 0/3 (일반 0/1) 대기 0 확인중 0 진입가능=슬롯 없음 미트리거 사유: 전일종가하회 16, 유지 11, VWAP하회 2, 음봉 1
2026-10-02 12:09:38.808 | INFO     | stock_bot.swing.live:_eod_timer:765 - 1209 WS 연결 등록 40/40 재연결 4회 틱 179,426 (마지막 0초전) · 감시 30 (틱수신 30 · 확정봉 1889) 보유 10 신규 0/3 (일반 0/1) 대기 0 확인중 0 진입가능=슬롯 없음 미트리거 사유: 전일종가하회 15, 유지 12, VWAP하회 2, 음봉 1
2026-10-02 12:12:40.323 | INFO     | stock_bot.swing.live:_eod_timer:765 - 1212 WS 연결 등록 40/40 재연결 4회 틱 181,614 (마지막 1초전) · 감시 30 (틱수신 30 · 확정봉 1918) 보유 10 신규 0/3 (일반 0/1) 대기 0 확인중 0 진입가능=슬롯 없음 미트리거 사유: 전일종가하회 15, 유지 12, VWAP하회 2, 음봉 1
2026-10-02 12:15:41.745 | INFO     | stock_bot.swing.live:_eod_timer:765 - 1215 WS 연결 등록 40/40 재연결 4회 틱 183,697 (마지막 0초전) · 감시 30 (틱수신 30 · 확정봉 1950) 보유 10 신규 0/3 (일반 0/1) 대기 0 확인중 0 진입가능=슬롯 없음 미트리거 사유: 전일종가하회 15, 유지 12, VWAP하회 2, 음봉 1
2026-10-02 12:18:44.451 | INFO     | stock_bot.swing.live:_eod_timer:765 - 1218 WS 연결 등록 40/40 재연결 4회 틱 185,881 (마지막 0초전) · 감시 30 (틱수신 30 · 확정봉 1979) 보유 10 신규 0/3 (일반 0/1) 대기 0 확인중 0 진입가능=슬롯 없음 미트리거 사유: 전일종가하회 17, 유지 10, VWAP하회 3
2026-10-02 12:21:45.935 | INFO     | stock_bot.swing.live:_eod_timer:765 - 1221 WS 연결 등록 40/40 재연결 4회 틱 188,047 (마지막 0초전) · 감시 30 (틱수신 30 · 확정봉 2010) 보유 10 신규 0/3 (일반 0/1) 대기 0 확인중 0 진입가능=슬롯 없음 미트리거 사유: 전일종가하회 16, 유지 11, VWAP하회 2, 음봉 1
2026-10-02 12:24:46.104 | INFO     | stock_bot.swing.live:_eod_timer:765 - 1224 WS 연결 등록 40/40 재연결 4회 틱 189,947 (마지막 0초전) · 감시 30 (틱수신 30 · 확정봉 2040) 보유 10 신규 0/3 (일반 0/1) 대기 0 확인중 0 진입가능=슬롯 없음 미트리거 사유: 전일종가하회 17, 유지 11, VWAP하회 2
2026-10-02 12:27:49.667 | INFO     | stock_bot.swing.live:_eod_timer:765 - 1227 WS 연결 등록 40/40 재연결 4회 틱 192,108 (마지막 0초전) · 감시 30 (틱수신 30 · 확정봉 2069) 보유 10 신규 0/3 (일반 0/1) 대기 0 확인중 0 진입가능=슬롯 없음 미트리거 사유: 전일종가하회 15, 유지 11, VWAP하회 3, 음봉 1
2026-10-02 12:30:50.643 | INFO     | stock_bot.swing.live:_eod_timer:765 - 1230 WS 연결 등록 40/40 재연결 4회 틱 194,226 (마지막 0초전) · 감시 30 (틱수신 30 · 확정봉 2099) 보유 10 신규 0/3 (일반 0/1) 대기 0 확인중 0 진입가능=슬롯 없음 미트리거 사유: 전일종가하회 16, 유지 11, VWAP하회 3
2026-10-02 12:33:51.415 | INFO     | stock_bot.swing.live:_eod_timer:765 - 1233 WS 연결 등록 40/40 재연결 4회 틱 196,268 (마지막 0초전) · 감시 30 (틱수신 30 · 확정봉 2129) 보유 10 신규 0/3 (일반 0/1) 대기 0 확인중 0 진입가능=슬롯 없음 미트리거 사유: 전일종가하회 16, 유지 10, VWAP하회 3, 저점근접 1
2026-10-02 12:36:54.180 | INFO     | stock_bot.swing.live:_eod_timer:765 - 1236 WS 연결 등록 40/40 재연결 4회 틱 198,453 (마지막 0초전) · 감시 30 (틱수신 30 · 확정봉 2160) 보유 10 신규 0/3 (일반 0/1) 대기 0 확인중 0 진입가능=슬롯 없음 미트리거 사유: 전일종가하회 16, 유지 13, 음봉 1
2026-10-02 12:39:55.118 | INFO     | stock_bot.swing.live:_eod_timer:765 - 1239 WS 연결 등록 40/40 재연결 4회 틱 200,565 (마지막 0초전) · 감시 30 (틱수신 30 · 확정봉 2189) 보유 10 신규 0/3 (일반 0/1) 대기 0 확인중 0 진입가능=슬롯 없음 미트리거 사유: 전일종가하회 17, 유지 12, VWAP하회 1
2026-10-02 12:42:56.739 | INFO     | stock_bot.swing.live:_eod_timer:765 - 1242 WS 연결 등록 40/40 재연결 4회 틱 202,932 (마지막 0초전) · 감시 30 (틱수신 30 · 확정봉 2219) 보유 10 신규 0/3 (일반 0/1) 대기 0 확인중 0 진입가능=슬롯 없음 미트리거 사유: 전일종가하회 16, 유지 10, VWAP하회 3, 음봉 1
2026-10-02 12:45:57.750 | INFO     | stock_bot.swing.live:_eod_timer:765 - 1245 WS 연결 등록 40/40 재연결 4회 틱 205,264 (마지막 0초전) · 감시 30 (틱수신 30 · 확정봉 2250) 보유 10 신규 0/3 (일반 0/1) 대기 0 확인중 0 진입가능=슬롯 없음 미트리거 사유: 전일종가하회 17, 유지 7, VWAP하회 5, 음봉 1
2026-10-02 12:49:00.017 | INFO     | stock_bot.swing.live:_eod_timer:765 - 1249 WS 연결 등록 40/40 재연결 4회 틱 207,575 (마지막 0초전) · 감시 30 (틱수신 30 · 확정봉 2280) 보유 10 신규 0/3 (일반 0/1) 대기 0 확인중 0 진입가능=슬롯 없음 미트리거 사유: 전일종가하회 17, 유지 8, VWAP하회 4, 음봉 1
2026-10-02 12:52:04.853 | INFO     | stock_bot.swing.live:_eod_timer:765 - 1252 WS 연결 등록 40/40 재연결 4회 틱 210,117 (마지막 0초전) · 감시 30 (틱수신 30 · 확정봉 2310) 보유 10 신규 0/3 (일반 0/1) 대기 0 확인중 0 진입가능=슬롯 없음 미트리거 사유: 전일종가하회 18, 유지 6, VWAP하회 6
2026-10-02 12:55:09.748 | INFO     | stock_bot.swing.live:_eod_timer:765 - 1255 WS 연결 등록 40/40 재연결 4회 틱 212,234 (마지막 0초전) · 감시 30 (틱수신 30 · 확정봉 2340) 보유 10 신규 0/3 (일반 0/1) 대기 0 확인중 0 진입가능=슬롯 없음 미트리거 사유: 전일종가하회 18, 유지 7, VWAP하회 5
2026-10-02 12:58:10.486 | INFO     | stock_bot.swing.live:_eod_timer:765 - 1258 WS 연결 등록 40/40 재연결 4회 틱 214,509 (마지막 0초전) · 감시 30 (틱수신 30 · 확정봉 2370) 보유 10 신규 0/3 (일반 0/1) 대기 0 확인중 0 진입가능=슬롯 없음 미트리거 사유: 전일종가하회 18, 유지 8, VWAP하회 3, 음봉 1
2026-10-02 13:00:02.164 | WARNING  | stock_bot.broker.kis_ws:run:342 - 연결 끊김(5회차): ConnectionClosedError no close frame received or sent — 접속 유지 3599초, 1초 후 재접속
2026-10-02 13:00:02.166 | WARNING  | stock_bot.swing.live:on_gap:289 - WS 끊김 — 재접속 먼저, REST 백필 40종목은 백그라운드
2026-10-02 13:00:09.197 | INFO     | stock_bot.broker.kis_ws:_session:360 - ws 접속 ws://ops.koreainvestment.com:31000 (40종목)
2026-10-02 13:00:09.371 | INFO     | stock_bot.swing.live:on_tick:244 - WS 복구 — 틱 공백 7초
2026-10-02 13:00:09.659 | INFO     | stock_bot.broker.kis_ws:_register:265 - 등록 40/40건
2026-10-02 13:01:14.274 | INFO     | stock_bot.swing.live:_eod_timer:765 - 1301 WS 연결 등록 40/40 재연결 5회 틱 216,928 (마지막 0초전) · 감시 30 (틱수신 30 · 확정봉 2400) 보유 10 신규 0/3 (일반 0/1) 대기 0 확인중 0 진입가능=슬롯 없음 미트리거 사유: 전일종가하회 19, 유지 7, VWAP하회 4
2026-10-02 13:02:48.762 | INFO     | stock_bot.swing.live:_backfill:323 - REST 백필 완료 40/40종목 (실패 0) — 틱 공백 7초 · 세션 고저 갱신
2026-10-02 13:04:14.332 | INFO     | stock_bot.swing.live:_eod_timer:765 - 1304 WS 연결 등록 40/40 재연결 5회 틱 219,306 (마지막 0초전) · 감시 30 (틱수신 30 · 확정봉 2430) 보유 10 신규 0/3 (일반 0/1) 대기 0 확인중 0 진입가능=슬롯 없음 미트리거 사유: 전일종가하회 16, 유지 9, VWAP하회 4, 음봉 1
2026-10-02 13:07:15.841 | INFO     | stock_bot.swing.live:_eod_timer:765 - 1307 WS 연결 등록 40/40 재연결 5회 틱 221,689 (마지막 5초전) · 감시 30 (틱수신 30 · 확정봉 2460) 보유 10 신규 0/3 (일반 0/1) 대기 0 확인중 0 진입가능=슬롯 없음 미트리거 사유: 전일종가하회 16, 유지 9, VWAP하회 4, 음봉 1
2026-10-02 13:10:15.902 | INFO     | stock_bot.swing.live:_eod_timer:765 - 1310 WS 연결 등록 40/40 재연결 5회 틱 224,158 (마지막 0초전) · 감시 30 (틱수신 30 · 확정봉 2489) 보유 10 신규 0/3 (일반 0/1) 대기 0 확인중 0 진입가능=슬롯 없음 미트리거 사유: 전일종가하회 17, 유지 7, VWAP하회 5, 음봉 1
2026-10-02 13:13:16.990 | INFO     | stock_bot.swing.live:_eod_timer:765 - 1313 WS 연결 등록 40/40 재연결 5회 틱 226,660 (마지막 0초전) · 감시 30 (틱수신 30 · 확정봉 2520) 보유 10 신규 0/3 (일반 0/1) 대기 0 확인중 0 진입가능=슬롯 없음 미트리거 사유: 전일종가하회 17, 유지 6, VWAP하회 6, 음봉 1
2026-10-02 13:16:17.298 | INFO     | stock_bot.swing.live:_eod_timer:765 - 1316 WS 연결 등록 40/40 재연결 5회 틱 228,977 (마지막 0초전) · 감시 30 (틱수신 30 · 확정봉 2550) 보유 10 신규 0/3 (일반 0/1) 대기 0 확인중 0 진입가능=슬롯 없음 미트리거 사유: 전일종가하회 17, 유지 8, VWAP하회 4, 음봉 1
2026-10-02 13:19:17.351 | INFO     | stock_bot.swing.live:_eod_timer:765 - 1319 WS 연결 등록 40/40 재연결 5회 틱 231,140 (마지막 0초전) · 감시 30 (틱수신 30 · 확정봉 2580) 보유 10 신규 0/3 (일반 0/1) 대기 0 확인중 0 진입가능=슬롯 없음 미트리거 사유: 전일종가하회 19, VWAP하회 6, 유지 5
2026-10-02 13:22:18.430 | INFO     | stock_bot.swing.live:_eod_timer:765 - 1322 WS 연결 등록 40/40 재연결 5회 틱 233,681 (마지막 0초전) · 감시 30 (틱수신 30 · 확정봉 2610) 보유 10 신규 0/3 (일반 0/1) 대기 0 확인중 0 진입가능=슬롯 없음 미트리거 사유: 전일종가하회 18, 유지 8, VWAP하회 3, 음봉 1
2026-10-02 13:25:18.479 | INFO     | stock_bot.swing.live:_eod_timer:765 - 1325 WS 연결 등록 40/40 재연결 5회 틱 236,081 (마지막 0초전) · 감시 30 (틱수신 30 · 확정봉 2640) 보유 10 신규 0/3 (일반 0/1) 대기 0 확인중 0 진입가능=슬롯 없음 미트리거 사유: 전일종가하회 18, 유지 8, VWAP하회 3, 음봉 1
2026-10-02 13:28:18.533 | INFO     | stock_bot.swing.live:_eod_timer:765 - 1328 WS 연결 등록 40/40 재연결 5회 틱 238,444 (마지막 0초전) · 감시 30 (틱수신 30 · 확정봉 2670) 보유 10 신규 0/3 (일반 0/1) 대기 0 확인중 0 진입가능=슬롯 없음 미트리거 사유: 전일종가하회 18, 유지 6, VWAP하회 6
2026-10-02 13:31:18.590 | INFO     | stock_bot.swing.live:_eod_timer:765 - 1331 WS 연결 등록 40/40 재연결 5회 틱 241,028 (마지막 0초전) · 감시 30 (틱수신 30 · 확정봉 2700) 보유 10 신규 0/3 (일반 0/1) 대기 0 확인중 0 진입가능=슬롯 없음 미트리거 사유: 전일종가하회 17, 유지 6, VWAP하회 6, 음봉 1
2026-10-02 13:34:21.620 | INFO     | stock_bot.swing.live:_eod_timer:765 - 1334 WS 연결 등록 40/40 재연결 5회 틱 243,512 (마지막 0초전) · 감시 30 (틱수신 30 · 확정봉 2730) 보유 10 신규 0/3 (일반 0/1) 대기 0 확인중 0 진입가능=슬롯 없음 미트리거 사유: 전일종가하회 18, 유지 7, VWAP하회 5
2026-10-02 13:37:21.671 | INFO     | stock_bot.swing.live:_eod_timer:765 - 1337 WS 연결 등록 40/40 재연결 5회 틱 246,046 (마지막 0초전) · 감시 30 (틱수신 30 · 확정봉 2760) 보유 10 신규 0/3 (일반 0/1) 대기 0 확인중 0 진입가능=슬롯 없음 미트리거 사유: 전일종가하회 19, 유지 7, VWAP하회 4
2026-10-02 13:40:21.722 | INFO     | stock_bot.swing.live:_eod_timer:765 - 1340 WS 연결 등록 40/40 재연결 5회 틱 248,607 (마지막 0초전) · 감시 30 (틱수신 30 · 확정봉 2790) 보유 10 신규 0/3 (일반 0/1) 대기 0 확인중 0 진입가능=슬롯 없음 미트리거 사유: 전일종가하회 16, 유지 8, VWAP하회 5, 음봉 1
2026-10-02 13:43:21.785 | INFO     | stock_bot.swing.live:_eod_timer:765 - 1343 WS 연결 등록 40/40 재연결 5회 틱 251,038 (마지막 0초전) · 감시 30 (틱수신 30 · 확정봉 2820) 보유 10 신규 0/3 (일반 0/1) 대기 0 확인중 0 진입가능=슬롯 없음 미트리거 사유: 전일종가하회 17, 유지 8, VWAP하회 5
2026-10-02 13:46:21.842 | INFO     | stock_bot.swing.live:_eod_timer:765 - 1346 WS 연결 등록 40/40 재연결 5회 틱 253,618 (마지막 0초전) · 감시 30 (틱수신 30 · 확정봉 2850) 보유 10 신규 0/3 (일반 0/1) 대기 0 확인중 0 진입가능=슬롯 없음 미트리거 사유: 전일종가하회 17, 유지 8, VWAP하회 4, 음봉 1
2026-10-02 13:48:03.200 | INFO     | stock_bot.swing.live:_note:445 - 트리거 감지 000370 MOMENTUM 유지 @7,290 → 미진입: 슬롯 없음
2026-10-02 13:49:25.329 | INFO     | stock_bot.swing.live:_eod_timer:765 - 1349 WS 연결 등록 40/40 재연결 5회 틱 256,154 (마지막 0초전) · 감시 30 (틱수신 30 · 확정봉 2880) 보유 10 신규 0/3 (일반 0/1) 대기 0 확인중 0 진입가능=슬롯 없음 미트리거 사유: 전일종가하회 16, 유지 10, VWAP하회 4
2026-10-02 13:52:26.132 | INFO     | stock_bot.swing.live:_eod_timer:765 - 1352 WS 연결 등록 40/40 재연결 5회 틱 258,933 (마지막 0초전) · 감시 30 (틱수신 30 · 확정봉 2910) 보유 10 신규 0/3 (일반 0/1) 대기 0 확인중 0 진입가능=슬롯 없음 미트리거 사유: 전일종가하회 15, 유지 10, VWAP하회 3, 음봉 1, 저점근접 1
2026-10-02 13:55:27.254 | INFO     | stock_bot.swing.live:_eod_timer:765 - 1355 WS 연결 등록 40/40 재연결 5회 틱 261,624 (마지막 0초전) · 감시 30 (틱수신 30 · 확정봉 2940) 보유 10 신규 0/3 (일반 0/1) 대기 0 확인중 0 진입가능=슬롯 없음 미트리거 사유: 전일종가하회 15, 유지 10, VWAP하회 3, 음봉 1, 저점근접 1
2026-10-02 13:58:27.330 | INFO     | stock_bot.swing.live:_eod_timer:765 - 1358 WS 연결 등록 40/40 재연결 5회 틱 264,294 (마지막 0초전) · 감시 30 (틱수신 30 · 확정봉 2970) 보유 10 신규 0/3 (일반 0/1) 대기 0 확인중 0 진입가능=슬롯 없음 미트리거 사유: 전일종가하회 15, 유지 10, VWAP하회 3, 음봉 1, 저점근접 1
2026-10-02 14:00:02.151 | WARNING  | stock_bot.broker.kis_ws:run:342 - 연결 끊김(6회차): ConnectionClosedError no close frame received or sent — 접속 유지 3599초, 1초 후 재접속
2026-10-02 14:00:02.153 | WARNING  | stock_bot.swing.live:on_gap:289 - WS 끊김 — 재접속 먼저, REST 백필 40종목은 백그라운드
2026-10-02 14:00:08.613 | INFO     | stock_bot.broker.kis_ws:_session:360 - ws 접속 ws://ops.koreainvestment.com:31000 (40종목)
2026-10-02 14:00:08.818 | INFO     | stock_bot.swing.live:on_tick:244 - WS 복구 — 틱 공백 7초
2026-10-02 14:00:08.998 | INFO     | stock_bot.broker.kis_ws:_register:265 - 등록 40/40건
2026-10-02 14:01:28.666 | INFO     | stock_bot.swing.live:_eod_timer:765 - 1401 WS 연결 등록 40/40 재연결 6회 틱 267,108 (마지막 0초전) · 감시 30 (틱수신 30 · 확정봉 3000) 보유 10 신규 0/3 (일반 0/1) 대기 0 확인중 0 진입가능=슬롯 없음 미트리거 사유: 전일종가하회 15, 유지 10, VWAP하회 4, 음봉 1
2026-10-02 14:03:36.048 | INFO     | stock_bot.swing.live:_backfill:323 - REST 백필 완료 40/40종목 (실패 0) — 틱 공백 7초 · 세션 고저 갱신
2026-10-02 14:04:31.406 | INFO     | stock_bot.swing.live:_eod_timer:765 - 1404 WS 연결 등록 40/40 재연결 6회 틱 269,530 (마지막 0초전) · 감시 30 (틱수신 30 · 확정봉 3030) 보유 10 신규 0/3 (일반 0/1) 대기 0 확인중 0 진입가능=슬롯 없음 미트리거 사유: 전일종가하회 15, 유지 10, VWAP하회 4, 음봉 1
2026-10-02 14:07:32.221 | INFO     | stock_bot.swing.live:_eod_timer:765 - 1407 WS 연결 등록 40/40 재연결 6회 틱 272,078 (마지막 0초전) · 감시 30 (틱수신 30 · 확정봉 3060) 보유 10 신규 0/3 (일반 0/1) 대기 0 확인중 0 진입가능=슬롯 없음 미트리거 사유: 전일종가하회 14, 유지 11, VWAP하회 4, 음봉 1
2026-10-02 14:10:32.309 | INFO     | stock_bot.swing.live:_eod_timer:765 - 1410 WS 연결 등록 40/40 재연결 6회 틱 274,724 (마지막 0초전) · 감시 30 (틱수신 30 · 확정봉 3090) 보유 10 신규 0/3 (일반 0/1) 대기 0 확인중 0 진입가능=슬롯 없음 미트리거 사유: 전일종가하회 15, 유지 11, VWAP하회 3, 저점근접 1
2026-10-02 14:13:32.361 | INFO     | stock_bot.swing.live:_eod_timer:765 - 1413 WS 연결 등록 40/40 재연결 6회 틱 277,243 (마지막 0초전) · 감시 30 (틱수신 30 · 확정봉 3120) 보유 10 신규 0/3 (일반 0/1) 대기 0 확인중 0 진입가능=슬롯 없음 미트리거 사유: 전일종가하회 14, 유지 11, VWAP하회 3, 음봉 1, 저점근접 1
2026-10-02 14:16:32.419 | INFO     | stock_bot.swing.live:_eod_timer:765 - 1416 WS 연결 등록 40/40 재연결 6회 틱 279,880 (마지막 0초전) · 감시 30 (틱수신 30 · 확정봉 3150) 보유 10 신규 0/3 (일반 0/1) 대기 0 확인중 0 진입가능=슬롯 없음 미트리거 사유: 전일종가하회 14, 유지 11, VWAP하회 3, 음봉 1, 저점근접 1
2026-10-02 14:19:32.477 | INFO     | stock_bot.swing.live:_eod_timer:765 - 1419 WS 연결 등록 40/40 재연결 6회 틱 282,582 (마지막 0초전) · 감시 30 (틱수신 30 · 확정봉 3180) 보유 10 신규 0/3 (일반 0/1) 대기 0 확인중 0 진입가능=슬롯 없음 미트리거 사유: 전일종가하회 14, 유지 11, VWAP하회 4, 음봉 1
2026-10-02 14:22:32.535 | INFO     | stock_bot.swing.live:_eod_timer:765 - 1422 WS 연결 등록 40/40 재연결 6회 틱 285,390 (마지막 0초전) · 감시 30 (틱수신 30 · 확정봉 3210) 보유 10 신규 0/3 (일반 0/1) 대기 0 확인중 0 진입가능=슬롯 없음 미트리거 사유: 전일종가하회 16, 유지 10, VWAP하회 3, 저점근접 1
2026-10-02 14:25:33.342 | INFO     | stock_bot.swing.live:_eod_timer:765 - 1425 WS 연결 등록 40/40 재연결 6회 틱 288,078 (마지막 0초전) · 감시 30 (틱수신 30 · 확정봉 3240) 보유 10 신규 0/3 (일반 0/1) 대기 0 확인중 0 진입가능=슬롯 없음 미트리거 사유: 전일종가하회 14, 유지 11, VWAP하회 4, 음봉 1
2026-10-02 14:28:33.484 | INFO     | stock_bot.swing.live:_eod_timer:765 - 1428 WS 연결 등록 40/40 재연결 6회 틱 290,953 (마지막 0초전) · 감시 30 (틱수신 30 · 확정봉 3270) 보유 10 신규 0/3 (일반 0/1) 대기 0 확인중 0 진입가능=슬롯 없음 미트리거 사유: 전일종가하회 16, 유지 9, VWAP하회 3, 음봉 1, 저점근접 1
2026-10-02 14:31:35.720 | INFO     | stock_bot.swing.live:_eod_timer:765 - 1431 WS 연결 등록 40/40 재연결 6회 틱 293,986 (마지막 0초전) · 감시 30 (틱수신 30 · 확정봉 3300) 보유 10 신규 0/3 (일반 0/1) 대기 0 확인중 0 진입가능=슬롯 없음 미트리거 사유: 전일종가하회 16, 유지 8, VWAP하회 5, 저점근접 1
2026-10-02 14:34:39.076 | INFO     | stock_bot.swing.live:_eod_timer:765 - 1434 WS 연결 등록 40/40 재연결 6회 틱 296,917 (마지막 0초전) · 감시 30 (틱수신 30 · 확정봉 3330) 보유 10 신규 0/3 (일반 0/1) 대기 0 확인중 0 진입가능=슬롯 없음 미트리거 사유: 전일종가하회 16, 유지 8, VWAP하회 4, 음봉 1, 저점근접 1
2026-10-02 14:37:39.141 | INFO     | stock_bot.swing.live:_eod_timer:765 - 1437 WS 연결 등록 40/40 재연결 6회 틱 299,886 (마지막 0초전) · 감시 30 (틱수신 30 · 확정봉 3360) 보유 10 신규 0/3 (일반 0/1) 대기 0 확인중 0 진입가능=슬롯 없음 미트리거 사유: 전일종가하회 16, 유지 11, VWAP하회 2, 저점근접 1
2026-10-02 14:40:39.199 | INFO     | stock_bot.swing.live:_eod_timer:765 - 1440 WS 연결 등록 40/40 재연결 6회 틱 303,015 (마지막 0초전) · 감시 30 (틱수신 30 · 확정봉 3390) 보유 10 신규 0/3 (일반 0/1) 대기 0 확인중 0 진입가능=슬롯 없음 미트리거 사유: 전일종가하회 18, 유지 10, VWAP하회 1, 저점근접 1
2026-10-02 14:43:39.251 | INFO     | stock_bot.swing.live:_eod_timer:765 - 1443 WS 연결 등록 40/40 재연결 6회 틱 306,203 (마지막 0초전) · 감시 30 (틱수신 30 · 확정봉 3420) 보유 10 신규 0/3 (일반 0/1) 대기 0 확인중 0 진입가능=슬롯 없음 미트리거 사유: 전일종가하회 17, 유지 10, VWAP하회 1, 음봉 1, 저점근접 1
2026-10-02 14:46:39.307 | INFO     | stock_bot.swing.live:_eod_timer:765 - 1446 WS 연결 등록 40/40 재연결 6회 틱 309,352 (마지막 0초전) · 감시 30 (틱수신 30 · 확정봉 3450) 보유 10 신규 0/3 (일반 0/1) 대기 0 확인중 0 진입가능=슬롯 없음 미트리거 사유: 전일종가하회 18, 유지 10, VWAP하회 1, 저점근접 1
2026-10-02 14:49:39.360 | INFO     | stock_bot.swing.live:_eod_timer:765 - 1449 WS 연결 등록 40/40 재연결 6회 틱 312,625 (마지막 0초전) · 감시 30 (틱수신 30 · 확정봉 3480) 보유 10 신규 0/3 (일반 0/1) 대기 0 확인중 0 진입가능=슬롯 없음 미트리거 사유: 전일종가하회 17, 유지 9, VWAP하회 2, 음봉 1, 저점근접 1
2026-10-02 14:52:39.411 | INFO     | stock_bot.swing.live:_eod_timer:765 - 1452 WS 연결 등록 40/40 재연결 6회 틱 315,864 (마지막 0초전) · 감시 30 (틱수신 30 · 확정봉 3510) 보유 10 신규 0/3 (일반 0/1) 대기 0 확인중 0 진입가능=슬롯 없음 미트리거 사유: 전일종가하회 18, 유지 9, VWAP하회 2, 저점근접 1
2026-10-02 14:55:39.463 | INFO     | stock_bot.swing.live:_eod_timer:765 - 1455 WS 연결 등록 40/40 재연결 6회 틱 319,216 (마지막 0초전) · 감시 30 (틱수신 30 · 확정봉 3540) 보유 10 신규 0/3 (일반 0/1) 대기 0 확인중 0 진입가능=슬롯 없음 미트리거 사유: 전일종가하회 17, 유지 9, VWAP하회 2, 음봉 1, 저점근접 1
2026-10-02 14:58:39.519 | INFO     | stock_bot.swing.live:_eod_timer:765 - 1458 WS 연결 등록 40/40 재연결 6회 틱 322,475 (마지막 0초전) · 감시 30 (틱수신 30 · 확정봉 3570) 보유 10 신규 0/3 (일반 0/1) 대기 0 확인중 0 진입가능=슬롯 없음 미트리거 사유: 전일종가하회 18, 유지 9, VWAP하회 2, 저점근접 1
2026-10-02 15:00:02.215 | WARNING  | stock_bot.broker.kis_ws:run:342 - 연결 끊김(7회차): ConnectionClosedError no close frame received or sent — 접속 유지 3599초, 1초 후 재접속
2026-10-02 15:00:02.216 | WARNING  | stock_bot.swing.live:on_gap:289 - WS 끊김 — 재접속 먼저, REST 백필 40종목은 백그라운드
2026-10-02 15:00:10.952 | INFO     | stock_bot.broker.kis_ws:_session:360 - ws 접속 ws://ops.koreainvestment.com:31000 (40종목)
2026-10-02 15:00:11.194 | INFO     | stock_bot.swing.live:on_tick:244 - WS 복구 — 틱 공백 9초
2026-10-02 15:00:11.448 | INFO     | stock_bot.broker.kis_ws:_register:265 - 등록 40/40건
2026-10-02 15:01:40.547 | INFO     | stock_bot.swing.live:_eod_timer:765 - 1501 WS 연결 등록 40/40 재연결 7회 틱 325,458 (마지막 0초전) · 감시 30 (틱수신 30 · 확정봉 3600) 보유 10 신규 0/3 (일반 0/1) 대기 0 확인중 0 진입가능=슬롯 없음 미트리거 사유: 전일종가하회 17, 유지 9, VWAP하회 3, 저점근접 1
2026-10-02 15:04:30.717 | INFO     | stock_bot.swing.live:_backfill:323 - REST 백필 완료 40/40종목 (실패 0) — 틱 공백 9초 · 세션 고저 갱신
2026-10-02 15:04:41.471 | INFO     | stock_bot.swing.live:_eod_timer:765 - 1504 WS 연결 등록 40/40 재연결 7회 틱 328,247 (마지막 0초전) · 감시 30 (틱수신 30 · 확정봉 3630) 보유 10 신규 0/3 (일반 0/1) 대기 0 확인중 0 진입가능=슬롯 없음 미트리거 사유: 전일종가하회 17, 유지 10, VWAP하회 2, 저점근접 1
2026-10-02 15:07:41.526 | INFO     | stock_bot.swing.live:_eod_timer:765 - 1507 WS 연결 등록 40/40 재연결 7회 틱 331,067 (마지막 0초전) · 감시 30 (틱수신 30 · 확정봉 3660) 보유 10 신규 0/3 (일반 0/1) 대기 0 확인중 0 진입가능=슬롯 없음 미트리거 사유: 전일종가하회 16, 유지 10, VWAP하회 3, 음봉 1
2026-10-02 15:10:41.580 | INFO     | stock_bot.swing.live:_eod_timer:765 - 1510 WS 연결 등록 40/40 재연결 7회 틱 334,001 (마지막 0초전) · 감시 30 (틱수신 30 · 확정봉 3690) 보유 10 신규 0/3 (일반 0/1) 대기 0 확인중 0 진입가능=슬롯 없음 미트리거 사유: 전일종가하회 16, 유지 10, VWAP하회 2, 음봉 1, 저점근접 1
2026-10-02 15:13:41.637 | INFO     | stock_bot.swing.live:_eod_timer:765 - 1513 WS 연결 등록 40/40 재연결 7회 틱 336,924 (마지막 0초전) · 감시 30 (틱수신 30 · 확정봉 3720) 보유 10 신규 0/3 (일반 0/1) 대기 0 확인중 0 진입가능=슬롯 없음 미트리거 사유: 전일종가하회 16, 유지 10, VWAP하회 2, 음봉 1, 저점근접 1
2026-10-02 15:15:01.511 | INFO     | stock_bot.swing.live:_note:445 - 트리거 감지 009155 FLOW_PULLBACK 유지 @527,000 → 미진입: 시간후
2026-10-02 15:15:02.142 | INFO     | stock_bot.swing.live:_note:445 - 트리거 감지 128940 FLOW_PULLBACK 유지 @505,000 → 미진입: 시간후
2026-10-02 15:15:05.056 | INFO     | stock_bot.swing.live:_note:445 - 트리거 감지 066575 FLOW_PULLBACK 유지 @75,000 → 미진입: 시간후
2026-10-02 15:15:12.906 | INFO     | stock_bot.swing.live:_note:445 - 트리거 감지 006730 MOMENTUM 유지 @11,470 → 미진입: 시간후
2026-10-02 15:16:41.692 | INFO     | stock_bot.swing.live:_eod_timer:765 - 1516 WS 연결 등록 40/40 재연결 7회 틱 339,983 (마지막 0초전) · 감시 30 (틱수신 30 · 확정봉 3750) 보유 10 신규 0/3 (일반 0/1) 대기 0 확인중 0 진입가능=시간후 미트리거 사유: 전일종가하회 16, 유지 10, VWAP하회 2, 음봉 1, 저점근접 1
2026-10-02 15:18:00.147 | INFO     | stock_bot.swing.live:_note:445 - 트리거 감지 010950 MOMENTUM 유지 @166,200 → 미진입: 시간후
2026-10-02 15:18:00.363 | INFO     | stock_bot.swing.live:_note:445 - 트리거 감지 011200 FLOW_PULLBACK 유지 @21,550 → 미진입: 시간후
2026-10-02 15:18:00.371 | INFO     | stock_bot.swing.live:_note:445 - 트리거 감지 232140 MOMENTUM 유지 @16,965 → 미진입: 시간후
2026-10-02 15:18:00.380 | INFO     | stock_bot.swing.live:_note:445 - 트리거 감지 253590 MOMENTUM 유지 @15,570 → 미진입: 시간후
2026-10-02 15:18:00.599 | INFO     | stock_bot.swing.live:_note:445 - 트리거 감지 028670 FLOW_PULLBACK 유지 @6,220 → 미진입: 시간후
2026-10-02 15:18:13.167 | INFO     | stock_bot.swing.live:_note:445 - 트리거 감지 000370 MOMENTUM 유지 @7,330 → 미진입: 시간후
2026-10-02 15:19:42.571 | INFO     | stock_bot.swing.live:_eod_timer:765 - 1519 WS 연결 등록 40/40 재연결 7회 틱 343,090 (마지막 0초전) · 감시 30 (틱수신 30 · 확정봉 3780) 보유 10 신규 0/3 (일반 0/1) 대기 0 확인중 0 진입가능=시간후 미트리거 사유: 전일종가하회 15, 유지 10, VWAP하회 3, 음봉 1, 저점근접 1
2026-10-02 15:20:02.579 | INFO     | stock_bot.swing.live:eod:673 - 15:20 마감 판정 — 보유 10
2026-10-02 15:20:18.387 | INFO     | stock_bot.swing.live:eod:703 - 마감 요약: WS 연결 등록 40/40 재연결 7회 틱 343,419 (마지막 18초전) · 감시 30 (틱수신 30 · 확정봉 3780) 보유 10 신규 0/3 (일반 0/1) 대기 0 확인중 0 진입가능=시간후 미트리거 사유: 전일종가하회 15, 유지 10, VWAP하회 3, 음봉 1, 저점근접 1
2026-10-02 15:30:30.431 | INFO     | stock_bot.swing.live:_note:445 - 트리거 감지 092870 MOMENTUM 유지 @52,500 → 미진입: 시간후
2026-10-02 15:31:01.080 | INFO     | stock_bot.swing.live:run:819 - WS 종료 1531 — WS 연결 등록 40/40 재연결 7회 틱 343,459 (마지막 31초전)
2026-10-02 15:46:23.307 | INFO     | stock_bot.live.runner:_is_trading_day:661 - 거래일 판정 2026-10-02 → 거래일 (출처: exchange_calendars)
2026-10-02 15:51:59.452 | INFO     | stock_bot.swing.collector:collect_daily:494 - collect_daily 100/2772 ok=100 fail=0 305s
2026-10-02 15:57:02.063 | INFO     | stock_bot.swing.collector:collect_daily:494 - collect_daily 200/2772 ok=200 fail=0 608s
2026-10-02 16:02:18.260 | INFO     | stock_bot.swing.collector:collect_daily:494 - collect_daily 300/2772 ok=300 fail=0 924s
2026-10-02 16:08:18.840 | INFO     | stock_bot.swing.collector:collect_daily:494 - collect_daily 400/2772 ok=400 fail=0 1285s
2026-10-02 16:14:17.553 | INFO     | stock_bot.swing.collector:collect_daily:494 - collect_daily 500/2772 ok=500 fail=0 1644s
2026-10-02 16:19:47.809 | INFO     | stock_bot.swing.collector:collect_daily:494 - collect_daily 600/2772 ok=600 fail=0 1974s
2026-10-02 16:25:40.406 | INFO     | stock_bot.swing.collector:collect_daily:494 - collect_daily 700/2772 ok=700 fail=0 2326s
2026-10-02 16:31:16.120 | INFO     | stock_bot.swing.collector:collect_daily:494 - collect_daily 800/2772 ok=800 fail=0 2662s
2026-10-02 16:36:34.515 | INFO     | stock_bot.swing.collector:collect_daily:494 - collect_daily 900/2772 ok=900 fail=0 2981s
2026-10-02 16:41:41.409 | INFO     | stock_bot.swing.collector:collect_daily:494 - collect_daily 1000/2772 ok=1000 fail=0 3287s
2026-10-02 16:47:25.969 | INFO     | stock_bot.swing.collector:collect_daily:494 - collect_daily 1100/2772 ok=1100 fail=0 3632s
2026-10-02 16:52:33.220 | INFO     | stock_bot.swing.collector:collect_daily:494 - collect_daily 1200/2772 ok=1200 fail=0 3939s
2026-10-02 16:57:35.629 | INFO     | stock_bot.swing.collector:collect_daily:494 - collect_daily 1300/2772 ok=1300 fail=0 4242s
2026-10-02 17:02:37.362 | INFO     | stock_bot.swing.collector:collect_daily:494 - collect_daily 1400/2772 ok=1400 fail=0 4543s
2026-10-02 17:07:46.785 | INFO     | stock_bot.swing.collector:collect_daily:494 - collect_daily 1500/2772 ok=1500 fail=0 4853s
2026-10-02 17:12:50.095 | INFO     | stock_bot.swing.collector:collect_daily:494 - collect_daily 1600/2772 ok=1600 fail=0 5156s
2026-10-02 17:17:50.147 | INFO     | stock_bot.swing.collector:collect_daily:494 - collect_daily 1700/2772 ok=1700 fail=0 5456s
2026-10-02 17:22:55.707 | INFO     | stock_bot.swing.collector:collect_daily:494 - collect_daily 1800/2772 ok=1800 fail=0 5762s
2026-10-02 17:27:58.417 | INFO     | stock_bot.swing.collector:collect_daily:494 - collect_daily 1900/2772 ok=1900 fail=0 6064s
2026-10-02 17:32:58.451 | INFO     | stock_bot.swing.collector:collect_daily:494 - collect_daily 2000/2772 ok=2000 fail=0 6364s
2026-10-02 17:38:03.058 | INFO     | stock_bot.swing.collector:collect_daily:494 - collect_daily 2100/2772 ok=2100 fail=0 6669s
2026-10-02 17:43:31.919 | INFO     | stock_bot.swing.collector:collect_daily:494 - collect_daily 2200/2772 ok=2200 fail=0 6998s
2026-10-02 17:48:51.415 | INFO     | stock_bot.swing.collector:collect_daily:494 - collect_daily 2300/2772 ok=2300 fail=0 7317s
2026-10-02 17:54:18.526 | INFO     | stock_bot.swing.collector:collect_daily:494 - collect_daily 2400/2772 ok=2400 fail=0 7645s
2026-10-02 17:59:47.501 | INFO     | stock_bot.swing.collector:collect_daily:494 - collect_daily 2500/2772 ok=2500 fail=0 7974s
2026-10-02 18:05:24.120 | INFO     | stock_bot.swing.collector:collect_daily:494 - collect_daily 2600/2772 ok=2600 fail=0 8310s
2026-10-02 18:10:27.532 | INFO     | stock_bot.swing.collector:collect_daily:494 - collect_daily 2700/2772 ok=2700 fail=0 8614s
2026-10-02 18:19:30.253 | INFO     | stock_bot.swing.daily_scan:scan:127 - scan 20261002: panel 2751종목, strategies=['NEWHIGH', 'MOMENTUM', 'FLOW_PULLBACK', 'FLOW_FORGN', 'FLOW_INST', 'FLOW_BOTH', 'MEANREV', 'GAPGO'], trend=False
2026-10-02 18:36:36.571 | INFO     | stock_bot.swing.daily_scan:run_nightly_scan:321 - scan 20261002: 신호 3692건(게이트통과 458), 후보 풀 50 (풀 밖 273) → 축 하한 20 탈락 20 → 감시 30(예비 0 포함)종목
2026-10-02 18:36:36.599 | INFO     | stock_bot.swing.daily_scan:run_nightly_scan:326 - 축 채움률: setup 100% / value 97% / quality 97% / growth 97% / flow 100% / liq 100% / prog 100%
2026-10-02 18:36:36.607 | INFO     | __main__:main:107 - nightly 20261002 ok: universe=2766 | collect ok=2772 fail=0 skipped=0 | index+1 | complete=2766/2772 (100%) | signals=3692 watch=30 | 10213s
