2026-09-28 08:50:55.770 | INFO     | stock_bot.live.runner:_is_trading_day:661 - 거래일 판정 2026-09-28 → 거래일 (출처: exchange_calendars)
2026-09-28 08:50:56.032 | INFO     | stock_bot.swing.live:_recover_positions:165 - 보유 복구 041830 MEANREV 100주 @57,425 손절 45,940 익절 64,316 (진입 20260916) 규칙 stop20/tp0/trail0>0/t30/ma0
2026-09-28 08:50:56.033 | INFO     | stock_bot.swing.live:_recover_positions:165 - 보유 복구 004800 VALUE_PURE 64주 @155,423 손절 124,338 익절 174,074 (진입 20260916) 규칙 stop20/tp0/trail0>0/t30/ma0
2026-09-28 08:50:56.034 | INFO     | stock_bot.swing.live:_recover_positions:165 - 보유 복구 078930 MEANREV 86주 @115,130 손절 92,104 익절 128,946 (진입 20260917) 규칙 stop20/tp0/trail0>0/t30/ma0
2026-09-28 08:50:56.034 | INFO     | stock_bot.swing.live:_recover_positions:165 - 보유 복구 001450 FLOW_FORGN 198주 @50,709 손절 40,567 익절 56,794 (진입 20260917) 규칙 stop20/tp0/trail0>0/t30/ma0
2026-09-28 08:50:56.035 | INFO     | stock_bot.swing.live:_recover_positions:165 - 보유 복구 062040 FLOW_BOTH 48주 @206,833 손절 165,466 익절 231,653 (진입 20260918) 규칙 stop20/tp0/trail0>0/t30/ma0
2026-09-28 08:50:56.036 | INFO     | stock_bot.swing.live:_recover_positions:165 - 보유 복구 051160 FLOW_FORGN 406주 @12,313 손절 9,850 익절 14,160 (진입 20260921) 규칙 stop20/tp0/trail0>0/t30/ma0
2026-09-28 08:50:56.036 | INFO     | stock_bot.swing.live:_recover_positions:165 - 보유 복구 332570 FLOW_BOTH 548주 @9,119 손절 7,295 익절 없음 (진입 20260921) 규칙 stop20/tp0/trail0>0/t30/ma0
2026-09-28 08:50:56.038 | INFO     | stock_bot.swing.live:_recover_positions:165 - 보유 복구 096530 FLOW_BOTH 144주 @34,495 손절 27,596 익절 없음 (진입 20260921) 규칙 stop20/tp0/trail0>0/t30/ma0
2026-09-28 08:50:56.040 | INFO     | stock_bot.swing.live:_recover_positions:165 - 보유 복구 024840 MOMENTUM 727주 @6,781 손절 5,425 익절 없음 (진입 20260922) 규칙 stop20/tp0/trail0>0/t30/ma0
2026-09-28 08:50:56.041 | INFO     | stock_bot.swing.live:_recover_positions:165 - 보유 복구 263860 MOMENTUM 287주 @17,400 손절 13,920 익절 없음 (진입 20260922) 규칙 stop20/tp0/trail0>0/t30/ma0
2026-09-28 08:50:56.094 | INFO     | stock_bot.swing.live:_load_watchlist:202 - 감시 리스트 20260923 적재: 후보 30 → 감시 27 (슬롯 30) 상위: 092870 77, 000370 70, 257720 70, 425420 68, 073240 67
2026-09-28 08:50:56.095 | INFO     | stock_bot.swing.live:_load_watchlist:205 - 우선 등급 8종목 (종합≥80 없음 → 순위 1~10): 214450 65, 092870 77, 073240 67, 005930 67, 425420 68, 010950 66, 000370 70, 257720 70
2026-09-28 08:50:56.098 | INFO     | stock_bot.swing.live:prepare:121 - 진입 규칙: 창 093000~151500 종합점수 하한 60 모음 창 20초 하루 상한 3 · 우선 등급 종합≥80(없으면 순위 1~10) 즉시 8종목 · 일반 등급 다음 1봉 유지 확인, 하루 1건 · 오늘 체결 0 (일반 0)
2026-09-28 08:50:56.099 | INFO     | stock_bot.swing.live:prepare:128 - 20260928 준비: 보유 10 신규감시 27 (wl=20260923) 레짐=True mult=1.0
2026-09-28 08:50:56.175 | INFO     | stock_bot.swing.live:run:807 - WS 시작 — 구독 37종목 (보유 10 감시 27) 봉 180초 저장봉 60초
2026-09-28 08:50:56.840 | INFO     | stock_bot.broker.kis_ws:_session:360 - ws 접속 ws://ops.koreainvestment.com:31000 (37종목)
2026-09-28 08:50:57.270 | INFO     | stock_bot.broker.kis_ws:_register:265 - 등록 37/37건
2026-09-28 08:53:57.037 | INFO     | stock_bot.swing.live:_eod_timer:765 - 0853 WS 연결 등록 37/37 틱 0 (마지막 없음) · 감시 27 (틱수신 0 · 확정봉 0) 보유 10 신규 0/3 (일반 0/1) 대기 0 확인중 0 진입가능=시간전 미트리거 사유: -
2026-09-28 08:56:57.103 | INFO     | stock_bot.swing.live:_eod_timer:765 - 0856 WS 연결 등록 37/37 틱 0 (마지막 없음) · 감시 27 (틱수신 0 · 확정봉 0) 보유 10 신규 0/3 (일반 0/1) 대기 0 확인중 0 진입가능=시간전 미트리거 사유: -
2026-09-28 08:59:57.170 | INFO     | stock_bot.swing.live:_eod_timer:765 - 0859 WS 연결 등록 37/37 틱 0 (마지막 없음) · 감시 27 (틱수신 0 · 확정봉 0) 보유 10 신규 0/3 (일반 0/1) 대기 0 확인중 0 진입가능=시간전 미트리거 사유: -
2026-09-28 09:00:02.174 | WARNING  | stock_bot.broker.kis_ws:run:342 - 연결 끊김(1회차): ConnectionClosedError no close frame received or sent — 접속 유지 545초, 1초 후 재접속
2026-09-28 09:00:02.234 | WARNING  | stock_bot.swing.live:on_gap:289 - WS 끊김 — 재접속 먼저, REST 백필 37종목은 백그라운드
2026-09-28 09:00:03.405 | INFO     | stock_bot.broker.kis_ws:_session:360 - ws 접속 ws://ops.koreainvestment.com:31000 (37종목)
2026-09-28 09:00:03.767 | INFO     | stock_bot.broker.kis_ws:_register:265 - 등록 37/37건
2026-09-28 09:00:03.812 | INFO     | stock_bot.swing.live:on_tick:239 - 첫 틱 수신 103590 @83,000 — WS 데이터 흐름 시작
2026-09-28 09:00:03.813 | INFO     | stock_bot.swing.live:on_tick:244 - WS 복구 — 틱 공백 2초
2026-09-28 09:02:47.495 | INFO     | stock_bot.swing.live:_backfill:323 - REST 백필 완료 37/37종목 (실패 0) — 틱 공백 2초 · 세션 고저 갱신
2026-09-28 09:02:57.230 | INFO     | stock_bot.swing.live:_eod_timer:765 - 0902 WS 연결 등록 37/37 재연결 1회 틱 5,395 (마지막 0초전) · 감시 27 (틱수신 27 · 확정봉 0) 보유 10 신규 0/3 (일반 0/1) 대기 0 확인중 0 진입가능=시간전 미트리거 사유: -
2026-09-28 09:03:00.156 | INFO     | stock_bot.swing.live:_note:445 - 트리거 감지 004090 MEANREV 눌림반등 @11,650 → 미진입: 시간전
2026-09-28 09:03:00.160 | INFO     | stock_bot.swing.live:_note:445 - 트리거 감지 012330 MEANREV 눌림반등 @375,000 → 미진입: 시간전
2026-09-28 09:03:00.369 | INFO     | stock_bot.swing.live:_note:445 - 트리거 감지 257720 MEANREV 눌림반등 @39,550 → 미진입: 시간전
2026-09-28 09:03:00.579 | INFO     | stock_bot.swing.live:_note:445 - 트리거 감지 010950 FLOW_FORGN 유지 @158,600 → 미진입: 시간전
2026-09-28 09:03:00.804 | INFO     | stock_bot.swing.live:_note:445 - 트리거 감지 251970 FLOW_PULLBACK 유지 @59,200 → 미진입: 시간전
2026-09-28 09:03:00.812 | INFO     | stock_bot.swing.live:_note:445 - 트리거 감지 122640 FLOW_PULLBACK 유지 @32,150 → 미진입: 시간전
2026-09-28 09:03:01.228 | INFO     | stock_bot.swing.live:_note:445 - 트리거 감지 073240 MEANREV 눌림반등 @6,640 → 미진입: 시간전
2026-09-28 09:03:01.235 | INFO     | stock_bot.swing.live:_note:445 - 트리거 감지 028670 MEANREV 눌림반등 @5,630 → 미진입: 시간전
2026-09-28 09:03:12.001 | INFO     | stock_bot.swing.live:_note:445 - 트리거 감지 008930 FLOW_PULLBACK 유지 @52,900 → 미진입: 시간전
2026-09-28 09:05:57.355 | INFO     | stock_bot.swing.live:_eod_timer:765 - 0905 WS 연결 등록 37/37 재연결 1회 틱 10,818 (마지막 0초전) · 감시 27 (틱수신 27 · 확정봉 27) 보유 10 신규 0/3 (일반 0/1) 대기 0 확인중 0 진입가능=시간전 미트리거 사유: 전일종가하회 12, 눌림반등 5, 음봉 5, 유지 4, 박스미돌파 1
2026-09-28 09:06:00.367 | INFO     | stock_bot.swing.live:_note:445 - 트리거 감지 092870 NEWHIGH 돌파 @46,800 → 미진입: 시간전
2026-09-28 09:06:01.482 | INFO     | stock_bot.swing.live:_note:445 - 트리거 감지 241710 FLOW_FORGN 유지 @129,200 → 미진입: 시간전
2026-09-28 09:06:04.860 | INFO     | stock_bot.swing.live:_note:445 - 트리거 감지 214450 MEANREV 눌림반등 @324,500 → 미진입: 시간전
2026-09-28 09:08:57.468 | INFO     | stock_bot.swing.live:_eod_timer:765 - 0908 WS 연결 등록 37/37 재연결 1회 틱 15,391 (마지막 0초전) · 감시 27 (틱수신 27 · 확정봉 54) 보유 10 신규 0/3 (일반 0/1) 대기 0 확인중 0 진입가능=시간전 미트리거 사유: 전일종가하회 13, 눌림반등 5, 유지 4, 음봉 3, 돌파 1
2026-09-28 09:09:00.342 | INFO     | stock_bot.swing.live:_note:445 - 트리거 감지 103590 FLOW_BOTH 유지 @82,900 → 미진입: 시간전
2026-09-28 09:09:02.021 | INFO     | stock_bot.swing.live:_note:445 - 트리거 감지 357780 FLOW_PULLBACK 유지 @371,250 → 미진입: 시간전
2026-09-28 09:11:57.535 | INFO     | stock_bot.swing.live:_eod_timer:765 - 0911 WS 연결 등록 37/37 재연결 1회 틱 19,790 (마지막 0초전) · 감시 27 (틱수신 27 · 확정봉 81) 보유 10 신규 0/3 (일반 0/1) 대기 0 확인중 0 진입가능=시간전 미트리거 사유: 전일종가하회 13, 음봉 5, 유지 5, 눌림반등 2, 돌파 1
2026-09-28 09:12:06.071 | INFO     | stock_bot.swing.live:_note:445 - 트리거 감지 000370 MEANREV 눌림반등 @7,660 → 미진입: 시간전
2026-09-28 09:14:57.671 | INFO     | stock_bot.swing.live:_eod_timer:765 - 0914 WS 연결 등록 37/37 재연결 1회 틱 23,779 (마지막 0초전) · 감시 27 (틱수신 27 · 확정봉 108) 보유 10 신규 0/3 (일반 0/1) 대기 0 확인중 0 진입가능=시간전 미트리거 사유: 전일종가하회 13, 눌림반등 4, 음봉 3, 유지 3, VWAP하회 2
2026-09-28 09:17:57.724 | INFO     | stock_bot.swing.live:_eod_timer:765 - 0917 WS 연결 등록 37/37 재연결 1회 틱 27,532 (마지막 0초전) · 감시 27 (틱수신 27 · 확정봉 135) 보유 10 신규 0/3 (일반 0/1) 대기 0 확인중 0 진입가능=시간전 미트리거 사유: 전일종가하회 12, 눌림반등 5, 음봉 4, 유지 3, 돌파 1
2026-09-28 09:20:57.779 | INFO     | stock_bot.swing.live:_eod_timer:765 - 0920 WS 연결 등록 37/37 재연결 1회 틱 31,222 (마지막 0초전) · 감시 27 (틱수신 27 · 확정봉 162) 보유 10 신규 0/3 (일반 0/1) 대기 0 확인중 0 진입가능=시간전 미트리거 사유: 전일종가하회 12, 음봉 6, 눌림반등 3, 유지 3, 박스미돌파 1
2026-09-28 09:21:01.298 | INFO     | stock_bot.swing.live:_note:445 - 트리거 감지 375500 MEANREV 눌림반등 @81,800 → 미진입: 시간전
2026-09-28 09:23:57.852 | INFO     | stock_bot.swing.live:_eod_timer:765 - 0923 WS 연결 등록 37/37 재연결 1회 틱 34,657 (마지막 0초전) · 감시 27 (틱수신 27 · 확정봉 189) 보유 10 신규 0/3 (일반 0/1) 대기 0 확인중 0 진입가능=시간전 미트리거 사유: 전일종가하회 13, 눌림반등 5, 유지 4, 음봉 3, 박스미돌파 1
2026-09-28 09:26:57.914 | INFO     | stock_bot.swing.live:_eod_timer:765 - 0926 WS 연결 등록 37/37 재연결 1회 틱 38,097 (마지막 0초전) · 감시 27 (틱수신 27 · 확정봉 216) 보유 10 신규 0/3 (일반 0/1) 대기 0 확인중 0 진입가능=시간전 미트리거 사유: 전일종가하회 12, 음봉 8, 유지 3, 눌림반등 1, 거래량부족 1
2026-09-28 09:27:00.849 | INFO     | stock_bot.swing.live:_note:445 - 트리거 감지 028050 MEANREV 눌림반등 @49,500 → 미진입: 시간전
2026-09-28 09:29:57.976 | INFO     | stock_bot.swing.live:_eod_timer:765 - 0929 WS 연결 등록 37/37 재연결 1회 틱 41,761 (마지막 0초전) · 감시 27 (틱수신 27 · 확정봉 243) 보유 10 신규 0/3 (일반 0/1) 대기 0 확인중 0 진입가능=시간전 미트리거 사유: 전일종가하회 12, 음봉 6, 유지 4, 눌림반등 2, 박스미돌파 1
2026-09-28 09:30:00.199 | INFO     | stock_bot.swing.live:_note:445 - 트리거 감지 010950 FLOW_FORGN 유지 @161,600 → 미진입: 슬롯 없음
2026-09-28 09:30:00.206 | INFO     | stock_bot.swing.live:_note:445 - 트리거 감지 073240 MEANREV 눌림반등 @6,870 → 미진입: 슬롯 없음
2026-09-28 09:30:00.224 | INFO     | stock_bot.swing.live:_note:445 - 트리거 감지 092870 NEWHIGH 돌파 @46,850 → 미진입: 슬롯 없음
2026-09-28 09:30:00.356 | INFO     | stock_bot.swing.live:_note:445 - 트리거 감지 028050 MEANREV 눌림반등 @49,550 → 미진입: 슬롯 없음
2026-09-28 09:30:00.605 | INFO     | stock_bot.swing.live:_note:445 - 트리거 감지 251970 FLOW_PULLBACK 유지 @60,300 → 미진입: 슬롯 없음
2026-09-28 09:30:00.624 | INFO     | stock_bot.swing.live:_note:445 - 트리거 감지 012330 MEANREV 눌림반등 @376,500 → 미진입: 슬롯 없음
2026-09-28 09:30:01.012 | INFO     | stock_bot.swing.live:_note:445 - 트리거 감지 103590 FLOW_BOTH 유지 @83,300 → 미진입: 슬롯 없음
2026-09-28 09:30:01.024 | INFO     | stock_bot.swing.live:_note:445 - 트리거 감지 357780 FLOW_PULLBACK 유지 @380,000 → 미진입: 슬롯 없음
2026-09-28 09:30:05.049 | INFO     | stock_bot.swing.live:_note:445 - 트리거 감지 122640 FLOW_PULLBACK 유지 @32,150 → 미진입: 슬롯 없음
2026-09-28 09:32:58.043 | INFO     | stock_bot.swing.live:_eod_timer:765 - 0932 WS 연결 등록 37/37 재연결 1회 틱 45,468 (마지막 0초전) · 감시 27 (틱수신 27 · 확정봉 270) 보유 10 신규 0/3 (일반 0/1) 대기 0 확인중 0 진입가능=슬롯 없음 미트리거 사유: 전일종가하회 10, 음봉 6, 유지 5, 눌림반등 3, 돌파 1
2026-09-28 09:33:01.984 | INFO     | stock_bot.swing.live:_note:445 - 트리거 감지 004090 MEANREV 눌림반등 @11,750 → 미진입: 슬롯 없음
2026-09-28 09:33:10.997 | INFO     | stock_bot.swing.live:_note:445 - 트리거 감지 000370 MEANREV 눌림반등 @7,710 → 미진입: 슬롯 없음
2026-09-28 09:33:34.004 | INFO     | stock_bot.swing.live:_note:445 - 트리거 감지 214450 MEANREV 눌림반등 @323,500 → 미진입: 슬롯 없음
2026-09-28 09:34:58.720 | WARNING  | stock_bot.broker.kis_ws:run:342 - 연결 끊김(2회차): ConnectionClosedError no close frame received or sent — 접속 유지 2095초, 1초 후 재접속
2026-09-28 09:34:58.724 | WARNING  | stock_bot.swing.live:on_gap:289 - WS 끊김 — 재접속 먼저, REST 백필 37종목은 백그라운드
2026-09-28 09:35:00.266 | INFO     | stock_bot.broker.kis_ws:_session:360 - ws 접속 ws://ops.koreainvestment.com:31000 (37종목)
2026-09-28 09:35:00.630 | INFO     | stock_bot.swing.live:on_tick:244 - WS 복구 — 틱 공백 2초
2026-09-28 09:35:01.337 | INFO     | stock_bot.broker.kis_ws:_register:265 - 등록 37/37건
2026-09-28 09:35:59.593 | INFO     | stock_bot.swing.live:_eod_timer:765 - 0935 WS 연결 등록 37/37 재연결 2회 틱 48,836 (마지막 0초전) · 감시 27 (틱수신 27 · 확정봉 297) 보유 10 신규 0/3 (일반 0/1) 대기 0 확인중 0 진입가능=슬롯 없음 미트리거 사유: 전일종가하회 11, 음봉 5, 눌림반등 4, 유지 4, 돌파 1
2026-09-28 09:36:01.567 | INFO     | stock_bot.swing.live:_note:445 - 트리거 감지 257720 MEANREV 눌림반등 @39,550 → 미진입: 슬롯 없음
2026-09-28 09:36:16.238 | INFO     | stock_bot.swing.live:_note:445 - 트리거 감지 028670 MEANREV 눌림반등 @5,650 → 미진입: 슬롯 없음
2026-09-28 09:37:30.175 | INFO     | stock_bot.swing.live:_backfill:323 - REST 백필 완료 37/37종목 (실패 0) — 틱 공백 2초 · 세션 고저 갱신
2026-09-28 09:38:59.648 | INFO     | stock_bot.swing.live:_eod_timer:765 - 0938 WS 연결 등록 37/37 재연결 2회 틱 52,251 (마지막 0초전) · 감시 27 (틱수신 27 · 확정봉 324) 보유 10 신규 0/3 (일반 0/1) 대기 0 확인중 0 진입가능=슬롯 없음 미트리거 사유: 전일종가하회 12, 눌림반등 5, 음봉 4, 유지 4, 거래량부족 1
2026-09-28 09:41:59.706 | INFO     | stock_bot.swing.live:_eod_timer:765 - 0941 WS 연결 등록 37/37 재연결 2회 틱 55,598 (마지막 0초전) · 감시 27 (틱수신 27 · 확정봉 351) 보유 10 신규 0/3 (일반 0/1) 대기 0 확인중 0 진입가능=슬롯 없음 미트리거 사유: 전일종가하회 13, 눌림반등 4, 유지 4, 음봉 3, 거래량부족 1
2026-09-28 09:44:59.774 | INFO     | stock_bot.swing.live:_eod_timer:765 - 0944 WS 연결 등록 37/37 재연결 2회 틱 58,965 (마지막 0초전) · 감시 27 (틱수신 27 · 확정봉 378) 보유 10 신규 0/3 (일반 0/1) 대기 0 확인중 0 진입가능=슬롯 없음 미트리거 사유: 전일종가하회 12, 눌림반등 4, 음봉 4, 유지 3, 거래량부족 1
2026-09-28 09:47:59.831 | INFO     | stock_bot.swing.live:_eod_timer:765 - 0947 WS 연결 등록 37/37 재연결 2회 틱 62,284 (마지막 0초전) · 감시 27 (틱수신 27 · 확정봉 405) 보유 10 신규 0/3 (일반 0/1) 대기 0 확인중 0 진입가능=슬롯 없음 미트리거 사유: 전일종가하회 13, 음봉 5, 유지 3, 눌림반등 2, 거래량부족 1
2026-09-28 09:50:59.889 | INFO     | stock_bot.swing.live:_eod_timer:765 - 0950 WS 연결 등록 37/37 재연결 2회 틱 65,466 (마지막 0초전) · 감시 27 (틱수신 27 · 확정봉 432) 보유 10 신규 0/3 (일반 0/1) 대기 0 확인중 0 진입가능=슬롯 없음 미트리거 사유: 전일종가하회 11, 음봉 5, 유지 4, 눌림반등 3, VWAP하회 2
2026-09-28 09:51:01.412 | INFO     | stock_bot.swing.live:_note:445 - 트리거 감지 003230 MEANREV 눌림반등 @1,217,000 → 미진입: 슬롯 없음
2026-09-28 09:53:59.951 | INFO     | stock_bot.swing.live:_eod_timer:765 - 0953 WS 연결 등록 37/37 재연결 2회 틱 68,739 (마지막 0초전) · 감시 27 (틱수신 27 · 확정봉 459) 보유 10 신규 0/3 (일반 0/1) 대기 0 확인중 0 진입가능=슬롯 없음 미트리거 사유: 전일종가하회 10, 눌림반등 8, 유지 4, VWAP하회 2, 음봉 1
2026-09-28 09:57:00.014 | INFO     | stock_bot.swing.live:_eod_timer:765 - 0957 WS 연결 등록 37/37 재연결 2회 틱 71,962 (마지막 0초전) · 감시 27 (틱수신 27 · 확정봉 486) 보유 10 신규 0/3 (일반 0/1) 대기 0 확인중 0 진입가능=슬롯 없음 미트리거 사유: 전일종가하회 10, 눌림반등 6, 음봉 3, 유지 3, VWAP하회 3
2026-09-28 10:00:00.097 | INFO     | stock_bot.swing.live:_eod_timer:765 - 1000 WS 연결 등록 37/37 재연결 2회 틱 75,015 (마지막 0초전) · 감시 27 (틱수신 27 · 확정봉 513) 보유 10 신규 0/3 (일반 0/1) 대기 0 확인중 0 진입가능=슬롯 없음 미트리거 사유: 전일종가하회 11, 음봉 6, 눌림반등 3, 유지 3, VWAP하회 2
2026-09-28 10:00:01.315 | WARNING  | stock_bot.broker.kis_ws:run:342 - 연결 끊김(3회차): ConnectionClosedError no close frame received or sent — 접속 유지 1502초, 1초 후 재접속
2026-09-28 10:00:01.316 | WARNING  | stock_bot.swing.live:on_gap:289 - WS 끊김 — 재접속 먼저, REST 백필 37종목은 백그라운드
2026-09-28 10:00:03.248 | INFO     | stock_bot.broker.kis_ws:_session:360 - ws 접속 ws://ops.koreainvestment.com:31000 (37종목)
2026-09-28 10:00:03.530 | INFO     | stock_bot.swing.live:on_tick:244 - WS 복구 — 틱 공백 2초
2026-09-28 10:00:03.784 | INFO     | stock_bot.broker.kis_ws:_register:265 - 등록 37/37건
2026-09-28 10:02:15.545 | INFO     | stock_bot.swing.live:_backfill:323 - REST 백필 완료 37/37종목 (실패 0) — 틱 공백 2초 · 세션 고저 갱신
2026-09-28 10:03:00.144 | INFO     | stock_bot.swing.live:_eod_timer:765 - 1003 WS 연결 등록 37/37 재연결 3회 틱 77,910 (마지막 0초전) · 감시 27 (틱수신 27 · 확정봉 541) 보유 10 신규 0/3 (일반 0/1) 대기 0 확인중 0 진입가능=슬롯 없음 미트리거 사유: 전일종가하회 11, 음봉 6, 눌림반등 3, VWAP하회 3, 유지 2
2026-09-28 10:06:00.195 | INFO     | stock_bot.swing.live:_eod_timer:765 - 1006 WS 연결 등록 37/37 재연결 3회 틱 80,809 (마지막 0초전) · 감시 27 (틱수신 27 · 확정봉 568) 보유 10 신규 0/3 (일반 0/1) 대기 0 확인중 0 진입가능=슬롯 없음 미트리거 사유: 전일종가하회 13, 음봉 7, 눌림반등 2, 유지 2, 박스미돌파 1
2026-09-28 10:09:00.249 | INFO     | stock_bot.swing.live:_eod_timer:765 - 1009 WS 연결 등록 37/37 재연결 3회 틱 83,959 (마지막 0초전) · 감시 27 (틱수신 27 · 확정봉 598) 보유 10 신규 0/3 (일반 0/1) 대기 0 확인중 0 진입가능=슬롯 없음 미트리거 사유: 전일종가하회 12, 눌림반등 5, 음봉 4, 유지 3, 박스미돌파 1
2026-09-28 10:12:00.306 | INFO     | stock_bot.swing.live:_eod_timer:765 - 1012 WS 연결 등록 37/37 재연결 3회 틱 86,741 (마지막 0초전) · 감시 27 (틱수신 27 · 확정봉 623) 보유 10 신규 0/3 (일반 0/1) 대기 0 확인중 0 진입가능=슬롯 없음 미트리거 사유: 전일종가하회 11, 눌림반등 7, 유지 3, 음봉 2, VWAP하회 2
2026-09-28 10:15:00.358 | INFO     | stock_bot.swing.live:_eod_timer:765 - 1015 WS 연결 등록 37/37 재연결 3회 틱 89,576 (마지막 0초전) · 감시 27 (틱수신 27 · 확정봉 652) 보유 10 신규 0/3 (일반 0/1) 대기 0 확인중 0 진입가능=슬롯 없음 미트리거 사유: 전일종가하회 12, 음봉 5, 눌림반등 4, 유지 2, 박스미돌파 1
2026-09-28 10:18:00.413 | INFO     | stock_bot.swing.live:_eod_timer:765 - 1018 WS 연결 등록 37/37 재연결 3회 틱 92,526 (마지막 0초전) · 감시 27 (틱수신 27 · 확정봉 680) 보유 10 신규 0/3 (일반 0/1) 대기 0 확인중 0 진입가능=슬롯 없음 미트리거 사유: 전일종가하회 13, 음봉 9, 유지 2, 박스미돌파 1, 미눌림 1
2026-09-28 10:21:00.474 | INFO     | stock_bot.swing.live:_eod_timer:765 - 1021 WS 연결 등록 37/37 재연결 3회 틱 95,155 (마지막 0초전) · 감시 27 (틱수신 27 · 확정봉 706) 보유 10 신규 0/3 (일반 0/1) 대기 0 확인중 0 진입가능=슬롯 없음 미트리거 사유: 전일종가하회 13, 음봉 5, 눌림반등 4, 유지 2, 박스미돌파 1
2026-09-28 10:24:00.524 | INFO     | stock_bot.swing.live:_eod_timer:765 - 1024 WS 연결 등록 37/37 재연결 3회 틱 97,790 (마지막 0초전) · 감시 27 (틱수신 27 · 확정봉 732) 보유 10 신규 0/3 (일반 0/1) 대기 0 확인중 0 진입가능=슬롯 없음 미트리거 사유: 전일종가하회 13, 음봉 8, 유지 2, 눌림반등 1, 박스미돌파 1
2026-09-28 10:27:00.575 | INFO     | stock_bot.swing.live:_eod_timer:765 - 1027 WS 연결 등록 37/37 재연결 3회 틱 100,354 (마지막 0초전) · 감시 27 (틱수신 27 · 확정봉 766) 보유 10 신규 0/3 (일반 0/1) 대기 0 확인중 0 진입가능=슬롯 없음 미트리거 사유: 전일종가하회 13, 음봉 7, 눌림반등 2, 유지 2, 박스미돌파 1
2026-09-28 10:30:00.633 | INFO     | stock_bot.swing.live:_eod_timer:765 - 1030 WS 연결 등록 37/37 재연결 3회 틱 103,131 (마지막 0초전) · 감시 27 (틱수신 27 · 확정봉 794) 보유 10 신규 0/3 (일반 0/1) 대기 0 확인중 0 진입가능=슬롯 없음 미트리거 사유: 전일종가하회 13, 음봉 6, 눌림반등 3, 유지 3, 박스미돌파 1
2026-09-28 10:33:00.691 | INFO     | stock_bot.swing.live:_eod_timer:765 - 1033 WS 연결 등록 37/37 재연결 3회 틱 106,010 (마지막 0초전) · 감시 27 (틱수신 27 · 확정봉 815) 보유 10 신규 0/3 (일반 0/1) 대기 0 확인중 0 진입가능=슬롯 없음 미트리거 사유: 전일종가하회 14, 눌림반등 5, 음봉 3, 유지 3, 박스미돌파 1
2026-09-28 10:36:00.749 | INFO     | stock_bot.swing.live:_eod_timer:765 - 1036 WS 연결 등록 37/37 재연결 3회 틱 108,729 (마지막 0초전) · 감시 27 (틱수신 27 · 확정봉 844) 보유 10 신규 0/3 (일반 0/1) 대기 0 확인중 0 진입가능=슬롯 없음 미트리거 사유: 전일종가하회 13, 눌림반등 5, 음봉 3, 유지 3, 박스미돌파 1
2026-09-28 10:39:00.803 | INFO     | stock_bot.swing.live:_eod_timer:765 - 1039 WS 연결 등록 37/37 재연결 3회 틱 111,275 (마지막 0초전) · 감시 27 (틱수신 27 · 확정봉 874) 보유 10 신규 0/3 (일반 0/1) 대기 0 확인중 0 진입가능=슬롯 없음 미트리거 사유: 전일종가하회 12, 음봉 8, 유지 3, 박스미돌파 1, 미눌림 1
2026-09-28 10:42:02.065 | INFO     | stock_bot.swing.live:_eod_timer:765 - 1042 WS 연결 등록 37/37 재연결 3회 틱 113,842 (마지막 0초전) · 감시 27 (틱수신 27 · 확정봉 903) 보유 10 신규 0/3 (일반 0/1) 대기 0 확인중 0 진입가능=슬롯 없음 미트리거 사유: 전일종가하회 12, 음봉 5, 눌림반등 4, 유지 2, VWAP하회 2
2026-09-28 10:45:02.120 | INFO     | stock_bot.swing.live:_eod_timer:765 - 1045 WS 연결 등록 37/37 재연결 3회 틱 116,271 (마지막 0초전) · 감시 27 (틱수신 27 · 확정봉 933) 보유 10 신규 0/3 (일반 0/1) 대기 0 확인중 0 진입가능=슬롯 없음 미트리거 사유: 전일종가하회 13, 눌림반등 6, 음봉 2, 유지 2, VWAP하회 2
2026-09-28 10:48:02.179 | INFO     | stock_bot.swing.live:_eod_timer:765 - 1048 WS 연결 등록 37/37 재연결 3회 틱 118,824 (마지막 0초전) · 감시 27 (틱수신 27 · 확정봉 958) 보유 10 신규 0/3 (일반 0/1) 대기 0 확인중 0 진입가능=슬롯 없음 미트리거 사유: 전일종가하회 13, 음봉 8, 유지 2, VWAP하회 2, 박스미돌파 1
2026-09-28 10:51:02.239 | INFO     | stock_bot.swing.live:_eod_timer:765 - 1051 WS 연결 등록 37/37 재연결 3회 틱 120,736 (마지막 44초전) · 감시 27 (틱수신 27 · 확정봉 972) 보유 10 신규 0/3 (일반 0/1) 대기 0 확인중 0 진입가능=슬롯 없음 미트리거 사유: 전일종가하회 13, 음봉 7, 눌림반등 3, 유지 2, 박스미돌파 1
2026-09-28 10:52:18.257 | WARNING  | stock_bot.broker.kis_ws:run:342 - 연결 끊김(4회차): RuntimeError 120초 무응답 — 접속 유지 3136초, 1초 후 재접속
2026-09-28 10:52:18.259 | WARNING  | stock_bot.swing.live:on_gap:289 - WS 끊김 — 재접속 먼저, REST 백필 37종목은 백그라운드
2026-09-28 10:52:20.638 | INFO     | stock_bot.broker.kis_ws:_session:360 - ws 접속 ws://ops.koreainvestment.com:31000 (37종목)
2026-09-28 10:52:20.941 | INFO     | stock_bot.broker.kis_ws:_register:265 - 등록 37/37건
2026-09-28 10:52:20.991 | INFO     | stock_bot.swing.live:on_tick:244 - WS 복구 — 틱 공백 3초
2026-09-28 10:54:02.290 | INFO     | stock_bot.swing.live:_eod_timer:765 - 1054 WS 연결 등록 37/37 재연결 4회 틱 122,048 (마지막 0초전) · 감시 27 (틱수신 27 · 확정봉 1016) 보유 10 신규 0/3 (일반 0/1) 대기 0 확인중 0 진입가능=슬롯 없음 미트리거 사유: 전일종가하회 13, 음봉 7, 눌림반등 3, 유지 3, 박스미돌파 1
2026-09-28 10:54:57.241 | INFO     | stock_bot.swing.live:_backfill:323 - REST 백필 완료 37/37종목 (실패 0) — 틱 공백 3초 · 세션 고저 갱신
2026-09-28 10:57:02.457 | INFO     | stock_bot.swing.live:_eod_timer:765 - 1057 WS 연결 등록 37/37 재연결 4회 틱 124,471 (마지막 0초전) · 감시 27 (틱수신 27 · 확정봉 1038) 보유 10 신규 0/3 (일반 0/1) 대기 0 확인중 0 진입가능=슬롯 없음 미트리거 사유: 전일종가하회 13, 음봉 10, 유지 3, 박스미돌파 1
2026-09-28 11:00:01.300 | WARNING  | stock_bot.broker.kis_ws:run:342 - 연결 끊김(5회차): ConnectionClosedError no close frame received or sent — 접속 유지 462초, 1초 후 재접속
2026-09-28 11:00:01.302 | WARNING  | stock_bot.swing.live:on_gap:289 - WS 끊김 — 재접속 먼저, REST 백필 37종목은 백그라운드
2026-09-28 11:00:04.127 | INFO     | stock_bot.broker.kis_ws:_session:360 - ws 접속 ws://ops.koreainvestment.com:31000 (37종목)
2026-09-28 11:00:04.155 | INFO     | stock_bot.swing.live:_eod_timer:765 - 1100 WS 끊김 등록 37/37 재연결 5회 틱 126,769 (마지막 3초전) · 감시 27 (틱수신 27 · 확정봉 1065) 보유 10 신규 0/3 (일반 0/1) 대기 0 확인중 0 진입가능=슬롯 없음 미트리거 사유: 전일종가하회 13, 음봉 7, 유지 3, 눌림반등 2, 박스미돌파 1
2026-09-28 11:00:04.380 | INFO     | stock_bot.swing.live:on_tick:244 - WS 복구 — 틱 공백 3초
2026-09-28 11:00:04.650 | INFO     | stock_bot.broker.kis_ws:_register:265 - 등록 37/37건
2026-09-28 11:02:52.086 | INFO     | stock_bot.swing.live:_backfill:323 - REST 백필 완료 37/37종목 (실패 0) — 틱 공백 3초 · 세션 고저 갱신
2026-09-28 11:03:06.388 | INFO     | stock_bot.swing.live:_eod_timer:765 - 1103 WS 연결 등록 37/37 재연결 5회 틱 129,233 (마지막 1초전) · 감시 27 (틱수신 27 · 확정봉 1095) 보유 10 신규 0/3 (일반 0/1) 대기 0 확인중 0 진입가능=슬롯 없음 미트리거 사유: 전일종가하회 14, 음봉 7, 유지 3, 눌림반등 2, 박스미돌파 1
2026-09-28 11:06:07.207 | INFO     | stock_bot.swing.live:_eod_timer:765 - 1106 WS 연결 등록 37/37 재연결 5회 틱 131,413 (마지막 0초전) · 감시 27 (틱수신 27 · 확정봉 1128) 보유 10 신규 0/3 (일반 0/1) 대기 0 확인중 0 진입가능=슬롯 없음 미트리거 사유: 전일종가하회 13, 음봉 10, 유지 3, 박스미돌파 1
2026-09-28 11:09:07.266 | INFO     | stock_bot.swing.live:_eod_timer:765 - 1109 WS 연결 등록 37/37 재연결 5회 틱 133,620 (마지막 0초전) · 감시 27 (틱수신 27 · 확정봉 1153) 보유 10 신규 0/3 (일반 0/1) 대기 0 확인중 0 진입가능=슬롯 없음 미트리거 사유: 전일종가하회 13, 음봉 8, 유지 3, 눌림반등 2, 박스미돌파 1
2026-09-28 11:12:07.315 | INFO     | stock_bot.swing.live:_eod_timer:765 - 1112 WS 연결 등록 37/37 재연결 5회 틱 135,967 (마지막 0초전) · 감시 27 (틱수신 27 · 확정봉 1183) 보유 10 신규 0/3 (일반 0/1) 대기 0 확인중 0 진입가능=슬롯 없음 미트리거 사유: 전일종가하회 14, 음봉 5, 눌림반등 4, 유지 2, 박스미돌파 1
2026-09-28 11:15:07.373 | INFO     | stock_bot.swing.live:_eod_timer:765 - 1115 WS 연결 등록 37/37 재연결 5회 틱 138,197 (마지막 0초전) · 감시 27 (틱수신 27 · 확정봉 1207) 보유 10 신규 0/3 (일반 0/1) 대기 0 확인중 0 진입가능=슬롯 없음 미트리거 사유: 전일종가하회 14, 음봉 5, 눌림반등 3, 유지 2, 저점근접 1
2026-09-28 11:17:47.709 | WARNING  | stock_bot.broker.kis_ws:run:342 - 연결 끊김(6회차): ConnectionClosedError no close frame received or sent — 접속 유지 1065초, 1초 후 재접속
2026-09-28 11:17:47.711 | WARNING  | stock_bot.swing.live:on_gap:289 - WS 끊김 — 재접속 먼저, REST 백필 37종목은 백그라운드
2026-09-28 11:17:48.890 | INFO     | stock_bot.broker.kis_ws:_session:360 - ws 접속 ws://ops.koreainvestment.com:31000 (37종목)
2026-09-28 11:17:48.974 | INFO     | stock_bot.swing.live:on_tick:244 - WS 복구 — 틱 공백 1초
2026-09-28 11:17:49.291 | INFO     | stock_bot.broker.kis_ws:_register:265 - 등록 37/37건
2026-09-28 11:18:00.477 | INFO     | stock_bot.swing.live:_note:445 - 트리거 감지 375500 MEANREV 눌림반등 @81,200 → 미진입: 슬롯 없음
2026-09-28 11:18:07.442 | INFO     | stock_bot.swing.live:_eod_timer:765 - 1118 WS 연결 등록 37/37 재연결 6회 틱 140,923 (마지막 0초전) · 감시 27 (틱수신 27 · 확정봉 1235) 보유 10 신규 0/3 (일반 0/1) 대기 0 확인중 0 진입가능=슬롯 없음 미트리거 사유: 전일종가하회 13, 음봉 6, 눌림반등 4, VWAP하회 2, 박스미돌파 1
2026-09-28 11:21:07.506 | INFO     | stock_bot.swing.live:_eod_timer:765 - 1121 WS 연결 등록 37/37 재연결 6회 틱 143,769 (마지막 0초전) · 감시 27 (틱수신 27 · 확정봉 1265) 보유 10 신규 0/3 (일반 0/1) 대기 0 확인중 0 진입가능=슬롯 없음 미트리거 사유: 전일종가하회 13, 음봉 8, 눌림반등 2, VWAP하회 2, 박스미돌파 1
2026-09-28 11:21:26.696 | INFO     | stock_bot.swing.live:_backfill:323 - REST 백필 완료 37/37종목 (실패 0) — 틱 공백 1초 · 세션 고저 갱신
2026-09-28 11:24:07.565 | INFO     | stock_bot.swing.live:_eod_timer:765 - 1124 WS 연결 등록 37/37 재연결 6회 틱 146,168 (마지막 0초전) · 감시 27 (틱수신 27 · 확정봉 1287) 보유 10 신규 0/3 (일반 0/1) 대기 0 확인중 0 진입가능=슬롯 없음 미트리거 사유: 전일종가하회 13, 음봉 7, 눌림반등 3, 유지 2, 박스미돌파 1
2026-09-28 11:27:07.626 | INFO     | stock_bot.swing.live:_eod_timer:765 - 1127 WS 연결 등록 37/37 재연결 6회 틱 148,346 (마지막 0초전) · 감시 27 (틱수신 27 · 확정봉 1314) 보유 10 신규 0/3 (일반 0/1) 대기 0 확인중 0 진입가능=슬롯 없음 미트리거 사유: 전일종가하회 13, 음봉 7, 눌림반등 3, 유지 2, 박스미돌파 1
2026-09-28 11:30:00.721 | INFO     | stock_bot.swing.live:_note:445 - 트리거 감지 241710 FLOW_FORGN 유지 @126,800 → 미진입: 슬롯 없음
2026-09-28 11:30:07.696 | INFO     | stock_bot.swing.live:_eod_timer:765 - 1130 WS 연결 등록 37/37 재연결 6회 틱 150,768 (마지막 0초전) · 감시 27 (틱수신 27 · 확정봉 1344) 보유 10 신규 0/3 (일반 0/1) 대기 0 확인중 0 진입가능=슬롯 없음 미트리거 사유: 전일종가하회 12, 눌림반등 8, 유지 3, VWAP하회 2, 저점근접 1
2026-09-28 11:33:07.757 | INFO     | stock_bot.swing.live:_eod_timer:765 - 1133 WS 연결 등록 37/37 재연결 6회 틱 153,076 (마지막 0초전) · 감시 27 (틱수신 27 · 확정봉 1369) 보유 10 신규 0/3 (일반 0/1) 대기 0 확인중 0 진입가능=슬롯 없음 미트리거 사유: 전일종가하회 12, 음봉 6, 눌림반등 4, VWAP하회 2, 유지 2
2026-09-28 11:36:07.817 | INFO     | stock_bot.swing.live:_eod_timer:765 - 1136 WS 연결 등록 37/37 재연결 6회 틱 155,248 (마지막 0초전) · 감시 27 (틱수신 27 · 확정봉 1397) 보유 10 신규 0/3 (일반 0/1) 대기 0 확인중 0 진입가능=슬롯 없음 미트리거 사유: 전일종가하회 13, 음봉 6, 눌림반등 3, 유지 3, 박스미돌파 1
2026-09-28 11:39:07.921 | INFO     | stock_bot.swing.live:_eod_timer:765 - 1139 WS 연결 등록 37/37 재연결 6회 틱 157,334 (마지막 0초전) · 감시 27 (틱수신 27 · 확정봉 1429) 보유 10 신규 0/3 (일반 0/1) 대기 0 확인중 0 진입가능=슬롯 없음 미트리거 사유: 전일종가하회 12, 음봉 8, 유지 3, 눌림반등 2, 박스미돌파 1
2026-09-28 11:42:07.974 | INFO     | stock_bot.swing.live:_eod_timer:765 - 1142 WS 연결 등록 37/37 재연결 6회 틱 159,595 (마지막 0초전) · 감시 27 (틱수신 27 · 확정봉 1453) 보유 10 신규 0/3 (일반 0/1) 대기 0 확인중 0 진입가능=슬롯 없음 미트리거 사유: 전일종가하회 13, 음봉 6, 눌림반등 3, 유지 3, 박스미돌파 1
2026-09-28 11:45:08.048 | INFO     | stock_bot.swing.live:_eod_timer:765 - 1145 WS 연결 등록 37/37 재연결 6회 틱 161,696 (마지막 0초전) · 감시 27 (틱수신 27 · 확정봉 1480) 보유 10 신규 0/3 (일반 0/1) 대기 0 확인중 0 진입가능=슬롯 없음 미트리거 사유: 전일종가하회 12, 음봉 7, 유지 3, 눌림반등 2, 저점근접 1
2026-09-28 11:48:08.103 | INFO     | stock_bot.swing.live:_eod_timer:765 - 1148 WS 연결 등록 37/37 재연결 6회 틱 163,912 (마지막 0초전) · 감시 27 (틱수신 27 · 확정봉 1507) 보유 10 신규 0/3 (일반 0/1) 대기 0 확인중 0 진입가능=슬롯 없음 미트리거 사유: 전일종가하회 12, 음봉 5, 눌림반등 3, 유지 3, VWAP하회 2
2026-09-28 11:51:08.152 | INFO     | stock_bot.swing.live:_eod_timer:765 - 1151 WS 연결 등록 37/37 재연결 6회 틱 166,056 (마지막 0초전) · 감시 27 (틱수신 27 · 확정봉 1532) 보유 10 신규 0/3 (일반 0/1) 대기 0 확인중 0 진입가능=슬롯 없음 미트리거 사유: 전일종가하회 11, 음봉 6, 눌림반등 4, 유지 3, VWAP하회 2
2026-09-28 11:54:08.202 | INFO     | stock_bot.swing.live:_eod_timer:765 - 1154 WS 연결 등록 37/37 재연결 6회 틱 168,247 (마지막 0초전) · 감시 27 (틱수신 27 · 확정봉 1561) 보유 10 신규 0/3 (일반 0/1) 대기 0 확인중 0 진입가능=슬롯 없음 미트리거 사유: 전일종가하회 11, 음봉 9, 유지 3, VWAP하회 2, 눌림반등 1
2026-09-28 11:57:08.250 | INFO     | stock_bot.swing.live:_eod_timer:765 - 1157 WS 연결 등록 37/37 재연결 6회 틱 170,568 (마지막 0초전) · 감시 27 (틱수신 27 · 확정봉 1589) 보유 10 신규 0/3 (일반 0/1) 대기 0 확인중 0 진입가능=슬롯 없음 미트리거 사유: 전일종가하회 11, 음봉 9, 유지 3, VWAP하회 2, 박스미돌파 1
2026-09-28 12:00:01.309 | WARNING  | stock_bot.broker.kis_ws:run:342 - 연결 끊김(7회차): ConnectionClosedError no close frame received or sent — 접속 유지 2533초, 1초 후 재접속
2026-09-28 12:00:01.311 | WARNING  | stock_bot.swing.live:on_gap:289 - WS 끊김 — 재접속 먼저, REST 백필 37종목은 백그라운드
2026-09-28 12:00:02.956 | INFO     | stock_bot.broker.kis_ws:_session:360 - ws 접속 ws://ops.koreainvestment.com:31000 (37종목)
2026-09-28 12:00:03.223 | INFO     | stock_bot.swing.live:on_tick:244 - WS 복구 — 틱 공백 2초
2026-09-28 12:00:03.394 | INFO     | stock_bot.broker.kis_ws:_register:265 - 등록 37/37건
2026-09-28 12:00:08.299 | INFO     | stock_bot.swing.live:_eod_timer:765 - 1200 WS 연결 등록 37/37 재연결 7회 틱 172,647 (마지막 0초전) · 감시 27 (틱수신 27 · 확정봉 1613) 보유 10 신규 0/3 (일반 0/1) 대기 0 확인중 0 진입가능=슬롯 없음 미트리거 사유: 전일종가하회 11, 음봉 6, 눌림반등 4, 유지 3, VWAP하회 2
2026-09-28 12:02:02.826 | INFO     | stock_bot.swing.live:_backfill:323 - REST 백필 완료 37/37종목 (실패 0) — 틱 공백 2초 · 세션 고저 갱신
2026-09-28 12:03:08.355 | INFO     | stock_bot.swing.live:_eod_timer:765 - 1203 WS 연결 등록 37/37 재연결 7회 틱 175,096 (마지막 0초전) · 감시 27 (틱수신 27 · 확정봉 1639) 보유 10 신규 0/3 (일반 0/1) 대기 0 확인중 0 진입가능=슬롯 없음 미트리거 사유: 전일종가하회 13, 음봉 7, 눌림반등 2, 유지 2, VWAP하회 2
2026-09-28 12:06:08.401 | INFO     | stock_bot.swing.live:_eod_timer:765 - 1206 WS 연결 등록 37/37 재연결 7회 틱 177,169 (마지막 0초전) · 감시 27 (틱수신 27 · 확정봉 1669) 보유 10 신규 0/3 (일반 0/1) 대기 0 확인중 0 진입가능=슬롯 없음 미트리거 사유: 전일종가하회 12, 음봉 7, 눌림반등 3, 유지 2, VWAP하회 2
2026-09-28 12:09:08.462 | INFO     | stock_bot.swing.live:_eod_timer:765 - 1209 WS 연결 등록 37/37 재연결 7회 틱 179,338 (마지막 0초전) · 감시 27 (틱수신 27 · 확정봉 1697) 보유 10 신규 0/3 (일반 0/1) 대기 0 확인중 0 진입가능=슬롯 없음 미트리거 사유: 전일종가하회 12, 음봉 9, 유지 2, VWAP하회 2, 거래량부족 1
2026-09-28 12:12:08.510 | INFO     | stock_bot.swing.live:_eod_timer:765 - 1212 WS 연결 등록 37/37 재연결 7회 틱 181,525 (마지막 0초전) · 감시 27 (틱수신 27 · 확정봉 1718) 보유 10 신규 0/3 (일반 0/1) 대기 0 확인중 0 진입가능=슬롯 없음 미트리거 사유: 전일종가하회 12, 음봉 8, 눌림반등 2, 유지 2, VWAP하회 2
2026-09-28 12:15:08.564 | INFO     | stock_bot.swing.live:_eod_timer:765 - 1215 WS 연결 등록 37/37 재연결 7회 틱 183,507 (마지막 0초전) · 감시 27 (틱수신 27 · 확정봉 1749) 보유 10 신규 0/3 (일반 0/1) 대기 0 확인중 0 진입가능=슬롯 없음 미트리거 사유: 전일종가하회 13, 음봉 5, 눌림반등 4, 유지 2, VWAP하회 2
2026-09-28 12:18:08.619 | INFO     | stock_bot.swing.live:_eod_timer:765 - 1218 WS 연결 등록 37/37 재연결 7회 틱 185,644 (마지막 0초전) · 감시 27 (틱수신 27 · 확정봉 1774) 보유 10 신규 0/3 (일반 0/1) 대기 0 확인중 0 진입가능=슬롯 없음 미트리거 사유: 전일종가하회 12, 음봉 7, 눌림반등 3, 유지 2, VWAP하회 2
2026-09-28 12:21:08.761 | INFO     | stock_bot.swing.live:_eod_timer:765 - 1221 WS 연결 등록 37/37 재연결 7회 틱 187,968 (마지막 0초전) · 감시 27 (틱수신 27 · 확정봉 1802) 보유 10 신규 0/3 (일반 0/1) 대기 0 확인중 0 진입가능=슬롯 없음 미트리거 사유: 전일종가하회 12, 음봉 7, 눌림반등 3, 유지 2, VWAP하회 2
2026-09-28 12:24:08.925 | INFO     | stock_bot.swing.live:_eod_timer:765 - 1224 WS 연결 등록 37/37 재연결 7회 틱 189,943 (마지막 0초전) · 감시 27 (틱수신 27 · 확정봉 1828) 보유 10 신규 0/3 (일반 0/1) 대기 0 확인중 0 진입가능=슬롯 없음 미트리거 사유: 전일종가하회 13, 눌림반등 6, 음봉 3, 유지 2, VWAP하회 2
2026-09-28 12:27:09.002 | INFO     | stock_bot.swing.live:_eod_timer:765 - 1227 WS 연결 등록 37/37 재연결 7회 틱 191,853 (마지막 0초전) · 감시 27 (틱수신 27 · 확정봉 1859) 보유 10 신규 0/3 (일반 0/1) 대기 0 확인중 0 진입가능=슬롯 없음 미트리거 사유: 전일종가하회 12, 음봉 8, 눌림반등 2, 유지 2, VWAP하회 2
2026-09-28 12:30:10.485 | INFO     | stock_bot.swing.live:_eod_timer:765 - 1230 WS 연결 등록 37/37 재연결 7회 틱 193,991 (마지막 0초전) · 감시 27 (틱수신 27 · 확정봉 1887) 보유 10 신규 0/3 (일반 0/1) 대기 0 확인중 0 진입가능=슬롯 없음 미트리거 사유: 전일종가하회 14, 음봉 6, 유지 2, VWAP하회 2, 거래량부족 1
2026-09-28 12:33:12.196 | INFO     | stock_bot.swing.live:_eod_timer:765 - 1233 WS 연결 등록 37/37 재연결 7회 틱 196,129 (마지막 0초전) · 감시 27 (틱수신 27 · 확정봉 1912) 보유 10 신규 0/3 (일반 0/1) 대기 0 확인중 0 진입가능=슬롯 없음 미트리거 사유: 전일종가하회 13, 음봉 6, 눌림반등 2, 유지 2, VWAP하회 2
2026-09-28 12:36:12.256 | INFO     | stock_bot.swing.live:_eod_timer:765 - 1236 WS 연결 등록 37/37 재연결 7회 틱 198,176 (마지막 0초전) · 감시 27 (틱수신 27 · 확정봉 1940) 보유 10 신규 0/3 (일반 0/1) 대기 0 확인중 0 진입가능=슬롯 없음 미트리거 사유: 전일종가하회 12, 음봉 6, 눌림반등 3, 유지 2, VWAP하회 2
2026-09-28 12:39:12.388 | INFO     | stock_bot.swing.live:_eod_timer:765 - 1239 WS 연결 등록 37/37 재연결 7회 틱 200,080 (마지막 0초전) · 감시 27 (틱수신 27 · 확정봉 1966) 보유 10 신규 0/3 (일반 0/1) 대기 0 확인중 0 진입가능=슬롯 없음 미트리거 사유: 전일종가하회 12, 음봉 8, 유지 2, VWAP하회 2, 거래량부족 1
2026-09-28 12:42:17.001 | INFO     | stock_bot.swing.live:_eod_timer:765 - 1242 WS 연결 등록 37/37 재연결 7회 틱 202,219 (마지막 0초전) · 감시 27 (틱수신 27 · 확정봉 1996) 보유 10 신규 0/3 (일반 0/1) 대기 0 확인중 0 진입가능=슬롯 없음 미트리거 사유: 전일종가하회 14, 음봉 6, 눌림반등 2, 유지 2, 거래량부족 1
2026-09-28 12:45:18.112 | INFO     | stock_bot.swing.live:_eod_timer:765 - 1245 WS 연결 등록 37/37 재연결 7회 틱 204,254 (마지막 0초전) · 감시 27 (틱수신 27 · 확정봉 2023) 보유 10 신규 0/3 (일반 0/1) 대기 0 확인중 0 진입가능=슬롯 없음 미트리거 사유: 전일종가하회 13, 음봉 7, 눌림반등 2, 유지 2, 거래량부족 1
2026-09-28 12:48:18.933 | INFO     | stock_bot.swing.live:_eod_timer:765 - 1248 WS 연결 등록 37/37 재연결 7회 틱 206,312 (마지막 0초전) · 감시 27 (틱수신 27 · 확정봉 2051) 보유 10 신규 0/3 (일반 0/1) 대기 0 확인중 0 진입가능=슬롯 없음 미트리거 사유: 전일종가하회 14, 음봉 6, 눌림반등 2, 유지 2, 거래량부족 1
2026-09-28 12:51:20.791 | INFO     | stock_bot.swing.live:_eod_timer:765 - 1251 WS 연결 등록 37/37 재연결 7회 틱 208,535 (마지막 0초전) · 감시 27 (틱수신 27 · 확정봉 2078) 보유 10 신규 0/3 (일반 0/1) 대기 0 확인중 0 진입가능=슬롯 없음 미트리거 사유: 전일종가하회 14, 음봉 7, 유지 3, 거래량부족 1, 눌림반등 1
2026-09-28 12:54:22.231 | INFO     | stock_bot.swing.live:_eod_timer:765 - 1254 WS 연결 등록 37/37 재연결 7회 틱 210,732 (마지막 0초전) · 감시 27 (틱수신 27 · 확정봉 2103) 보유 10 신규 0/3 (일반 0/1) 대기 0 확인중 0 진입가능=슬롯 없음 미트리거 사유: 전일종가하회 13, 음봉 6, 유지 3, 눌림반등 3, 거래량부족 1
2026-09-28 12:57:22.647 | INFO     | stock_bot.swing.live:_eod_timer:765 - 1257 WS 연결 등록 37/37 재연결 7회 틱 212,901 (마지막 0초전) · 감시 27 (틱수신 27 · 확정봉 2131) 보유 10 신규 0/3 (일반 0/1) 대기 0 확인중 0 진입가능=슬롯 없음 미트리거 사유: 전일종가하회 13, 음봉 7, 유지 3, 눌림반등 2, 거래량부족 1
2026-09-28 13:00:01.330 | WARNING  | stock_bot.broker.kis_ws:run:342 - 연결 끊김(8회차): ConnectionClosedError no close frame received or sent — 접속 유지 3599초, 1초 후 재접속
2026-09-28 13:00:01.333 | WARNING  | stock_bot.swing.live:on_gap:289 - WS 끊김 — 재접속 먼저, REST 백필 37종목은 백그라운드
2026-09-28 13:00:06.130 | INFO     | stock_bot.broker.kis_ws:_session:360 - ws 접속 ws://ops.koreainvestment.com:31000 (37종목)
2026-09-28 13:00:06.427 | INFO     | stock_bot.swing.live:on_tick:244 - WS 복구 — 틱 공백 5초
2026-09-28 13:00:06.683 | INFO     | stock_bot.broker.kis_ws:_register:265 - 등록 37/37건
2026-09-28 13:00:26.166 | INFO     | stock_bot.swing.live:_eod_timer:765 - 1300 WS 연결 등록 37/37 재연결 8회 틱 215,150 (마지막 0초전) · 감시 27 (틱수신 27 · 확정봉 2157) 보유 10 신규 0/3 (일반 0/1) 대기 0 확인중 0 진입가능=슬롯 없음 미트리거 사유: 전일종가하회 13, 음봉 6, 눌림반등 3, 유지 2, 거래량부족 1
2026-09-28 13:03:19.579 | INFO     | stock_bot.swing.live:_backfill:323 - REST 백필 완료 37/37종목 (실패 0) — 틱 공백 5초 · 세션 고저 갱신
2026-09-28 13:03:29.444 | INFO     | stock_bot.swing.live:_eod_timer:765 - 1303 WS 연결 등록 37/37 재연결 8회 틱 217,265 (마지막 0초전) · 감시 27 (틱수신 27 · 확정봉 2185) 보유 10 신규 0/3 (일반 0/1) 대기 0 확인중 0 진입가능=슬롯 없음 미트리거 사유: 전일종가하회 14, 음봉 7, 유지 3, 눌림반등 2, 거래량부족 1
2026-09-28 13:06:29.517 | INFO     | stock_bot.swing.live:_eod_timer:765 - 1306 WS 연결 등록 37/37 재연결 8회 틱 219,352 (마지막 0초전) · 감시 27 (틱수신 27 · 확정봉 2214) 보유 10 신규 0/3 (일반 0/1) 대기 0 확인중 0 진입가능=슬롯 없음 미트리거 사유: 전일종가하회 14, 음봉 6, 눌림반등 3, 유지 3, 거래량부족 1
2026-09-28 13:09:31.429 | INFO     | stock_bot.swing.live:_eod_timer:765 - 1309 WS 연결 등록 37/37 재연결 8회 틱 221,458 (마지막 0초전) · 감시 27 (틱수신 27 · 확정봉 2240) 보유 10 신규 0/3 (일반 0/1) 대기 0 확인중 0 진입가능=슬롯 없음 미트리거 사유: 전일종가하회 13, 음봉 9, VWAP하회 2, 눌림반등 1, 거래량부족 1
2026-09-28 13:12:33.322 | INFO     | stock_bot.swing.live:_eod_timer:765 - 1312 WS 연결 등록 37/37 재연결 8회 틱 223,779 (마지막 0초전) · 감시 27 (틱수신 27 · 확정봉 2268) 보유 10 신규 0/3 (일반 0/1) 대기 0 확인중 0 진입가능=슬롯 없음 미트리거 사유: 전일종가하회 13, 음봉 6, 눌림반등 4, 유지 2, 거래량부족 1
2026-09-28 13:15:33.372 | INFO     | stock_bot.swing.live:_eod_timer:765 - 1315 WS 연결 등록 37/37 재연결 8회 틱 226,005 (마지막 0초전) · 감시 27 (틱수신 27 · 확정봉 2294) 보유 10 신규 0/3 (일반 0/1) 대기 0 확인중 0 진입가능=슬롯 없음 미트리거 사유: 전일종가하회 13, 눌림반등 5, 음봉 4, 유지 2, 거래량부족 1
2026-09-28 13:18:33.423 | INFO     | stock_bot.swing.live:_eod_timer:765 - 1318 WS 연결 등록 37/37 재연결 8회 틱 228,140 (마지막 0초전) · 감시 27 (틱수신 27 · 확정봉 2321) 보유 10 신규 0/3 (일반 0/1) 대기 0 확인중 0 진입가능=슬롯 없음 미트리거 사유: 전일종가하회 14, 음봉 6, 눌림반등 2, 유지 2, 거래량부족 1
2026-09-28 13:21:33.474 | INFO     | stock_bot.swing.live:_eod_timer:765 - 1321 WS 연결 등록 37/37 재연결 8회 틱 230,396 (마지막 0초전) · 감시 27 (틱수신 27 · 확정봉 2347) 보유 10 신규 0/3 (일반 0/1) 대기 0 확인중 0 진입가능=슬롯 없음 미트리거 사유: 전일종가하회 12, 음봉 7, 유지 3, VWAP하회 2, 거래량부족 1
2026-09-28 13:24:34.593 | INFO     | stock_bot.swing.live:_eod_timer:765 - 1324 WS 연결 등록 37/37 재연결 8회 틱 232,779 (마지막 0초전) · 감시 27 (틱수신 27 · 확정봉 2376) 보유 10 신규 0/3 (일반 0/1) 대기 0 확인중 0 진입가능=슬롯 없음 미트리거 사유: 전일종가하회 12, 음봉 6, VWAP하회 3, 미눌림 2, 유지 2
2026-09-28 13:27:34.901 | INFO     | stock_bot.swing.live:_eod_timer:765 - 1327 WS 연결 등록 37/37 재연결 8회 틱 235,217 (마지막 0초전) · 감시 27 (틱수신 27 · 확정봉 2401) 보유 10 신규 0/3 (일반 0/1) 대기 0 확인중 0 진입가능=슬롯 없음 미트리거 사유: 전일종가하회 11, 음봉 7, VWAP하회 3, 미눌림 2, 유지 2
2026-09-28 13:28:07.098 | INFO     | stock_bot.swing.live:_note:445 - 트리거 감지 008930 FLOW_PULLBACK 유지 @52,100 → 미진입: 슬롯 없음
2026-09-28 13:30:39.368 | INFO     | stock_bot.swing.live:_eod_timer:765 - 1330 WS 연결 등록 37/37 재연결 8회 틱 237,629 (마지막 0초전) · 감시 27 (틱수신 27 · 확정봉 2430) 보유 10 신규 0/3 (일반 0/1) 대기 0 확인중 0 진입가능=슬롯 없음 미트리거 사유: 전일종가하회 11, 음봉 8, 유지 3, 미눌림 2, VWAP하회 2
2026-09-28 13:33:39.447 | INFO     | stock_bot.swing.live:_eod_timer:765 - 1333 WS 연결 등록 37/37 재연결 8회 틱 239,999 (마지막 0초전) · 감시 27 (틱수신 27 · 확정봉 2456) 보유 10 신규 0/3 (일반 0/1) 대기 0 확인중 0 진입가능=슬롯 없음 미트리거 사유: 전일종가하회 14, 음봉 5, 유지 3, 미눌림 2, 눌림반등 1
2026-09-28 13:36:41.701 | INFO     | stock_bot.swing.live:_eod_timer:765 - 1336 WS 연결 등록 37/37 재연결 8회 틱 242,515 (마지막 0초전) · 감시 27 (틱수신 27 · 확정봉 2484) 보유 10 신규 0/3 (일반 0/1) 대기 0 확인중 0 진입가능=슬롯 없음 미트리거 사유: 전일종가하회 11, 음봉 5, 눌림반등 3, 유지 3, 미눌림 2
2026-09-28 13:39:42.986 | INFO     | stock_bot.swing.live:_eod_timer:765 - 1339 WS 연결 등록 37/37 재연결 8회 틱 244,831 (마지막 0초전) · 감시 27 (틱수신 27 · 확정봉 2511) 보유 10 신규 0/3 (일반 0/1) 대기 0 확인중 0 진입가능=슬롯 없음 미트리거 사유: 전일종가하회 12, 음봉 6, 유지 3, 미눌림 2, 눌림반등 2
2026-09-28 13:42:44.560 | INFO     | stock_bot.swing.live:_eod_timer:765 - 1342 WS 연결 등록 37/37 재연결 8회 틱 247,376 (마지막 0초전) · 감시 27 (틱수신 27 · 확정봉 2538) 보유 10 신규 0/3 (일반 0/1) 대기 0 확인중 0 진입가능=슬롯 없음 미트리거 사유: 전일종가하회 13, 음봉 7, 유지 3, 미눌림 2, 돌파 1
2026-09-28 13:45:45.936 | INFO     | stock_bot.swing.live:_eod_timer:765 - 1345 WS 연결 등록 37/37 재연결 8회 틱 250,088 (마지막 0초전) · 감시 27 (틱수신 27 · 확정봉 2565) 보유 10 신규 0/3 (일반 0/1) 대기 0 확인중 0 진입가능=슬롯 없음 미트리거 사유: 전일종가하회 11, 음봉 6, 유지 4, 미눌림 2, 눌림반등 2
2026-09-28 13:48:46.014 | INFO     | stock_bot.swing.live:_eod_timer:765 - 1348 WS 연결 등록 37/37 재연결 8회 틱 252,927 (마지막 0초전) · 감시 27 (틱수신 27 · 확정봉 2592) 보유 10 신규 0/3 (일반 0/1) 대기 0 확인중 0 진입가능=슬롯 없음 미트리거 사유: 전일종가하회 14, 음봉 5, 유지 3, 미눌림 2, 눌림반등 1
2026-09-28 13:51:46.218 | INFO     | stock_bot.swing.live:_eod_timer:765 - 1351 WS 연결 등록 37/37 재연결 8회 틱 255,637 (마지막 0초전) · 감시 27 (틱수신 27 · 확정봉 2619) 보유 10 신규 0/3 (일반 0/1) 대기 0 확인중 0 진입가능=슬롯 없음 미트리거 사유: 전일종가하회 13, 음봉 5, 눌림반등 3, 유지 3, 미눌림 1
2026-09-28 13:54:02.368 | INFO     | stock_bot.swing.live:_note:445 - 트리거 감지 003490 FLOW_INST 유지 @31,550 → 미진입: 슬롯 없음
2026-09-28 13:54:46.477 | INFO     | stock_bot.swing.live:_eod_timer:765 - 1354 WS 연결 등록 37/37 재연결 8회 틱 258,317 (마지막 0초전) · 감시 27 (틱수신 27 · 확정봉 2645) 보유 10 신규 0/3 (일반 0/1) 대기 0 확인중 0 진입가능=슬롯 없음 미트리거 사유: 전일종가하회 11, 음봉 6, 유지 3, 눌림반등 3, VWAP하회 2
2026-09-28 13:57:46.530 | INFO     | stock_bot.swing.live:_eod_timer:765 - 1357 WS 연결 등록 37/37 재연결 8회 틱 261,163 (마지막 0초전) · 감시 27 (틱수신 27 · 확정봉 2673) 보유 10 신규 0/3 (일반 0/1) 대기 0 확인중 0 진입가능=슬롯 없음 미트리거 사유: 전일종가하회 12, 음봉 8, VWAP하회 2, 유지 2, 미눌림 1
2026-09-28 14:00:01.350 | WARNING  | stock_bot.broker.kis_ws:run:342 - 연결 끊김(9회차): ConnectionClosedError no close frame received or sent — 접속 유지 3599초, 1초 후 재접속
2026-09-28 14:00:01.351 | WARNING  | stock_bot.swing.live:on_gap:289 - WS 끊김 — 재접속 먼저, REST 백필 37종목은 백그라운드
2026-09-28 14:00:03.750 | INFO     | stock_bot.broker.kis_ws:_session:360 - ws 접속 ws://ops.koreainvestment.com:31000 (37종목)
2026-09-28 14:00:04.123 | INFO     | stock_bot.swing.live:on_tick:244 - WS 복구 — 틱 공백 3초
2026-09-28 14:00:04.137 | INFO     | stock_bot.broker.kis_ws:_register:265 - 등록 37/37건
2026-09-28 14:00:48.785 | INFO     | stock_bot.swing.live:_eod_timer:765 - 1400 WS 연결 등록 37/37 재연결 9회 틱 264,099 (마지막 0초전) · 감시 27 (틱수신 27 · 확정봉 2700) 보유 10 신규 0/3 (일반 0/1) 대기 0 확인중 0 진입가능=슬롯 없음 미트리거 사유: 전일종가하회 12, 음봉 8, VWAP하회 2, 유지 2, 미눌림 1
2026-09-28 14:02:55.124 | INFO     | stock_bot.swing.live:_backfill:323 - REST 백필 완료 37/37종목 (실패 0) — 틱 공백 3초 · 세션 고저 갱신
2026-09-28 14:03:52.726 | INFO     | stock_bot.swing.live:_eod_timer:765 - 1403 WS 연결 등록 37/37 재연결 9회 틱 266,888 (마지막 0초전) · 감시 27 (틱수신 27 · 확정봉 2727) 보유 10 신규 0/3 (일반 0/1) 대기 0 확인중 0 진입가능=슬롯 없음 미트리거 사유: 전일종가하회 13, 음봉 4, 눌림반등 3, 미눌림 2, VWAP하회 2
2026-09-28 14:06:53.047 | INFO     | stock_bot.swing.live:_eod_timer:765 - 1406 WS 연결 등록 37/37 재연결 9회 틱 270,072 (마지막 0초전) · 감시 27 (틱수신 27 · 확정봉 2754) 보유 10 신규 0/3 (일반 0/1) 대기 0 확인중 0 진입가능=슬롯 없음 미트리거 사유: 전일종가하회 12, 음봉 7, 미눌림 2, VWAP하회 2, 유지 2
2026-09-28 14:09:53.135 | INFO     | stock_bot.swing.live:_eod_timer:765 - 1409 WS 연결 등록 37/37 재연결 9회 틱 272,922 (마지막 0초전) · 감시 27 (틱수신 27 · 확정봉 2780) 보유 10 신규 0/3 (일반 0/1) 대기 0 확인중 0 진입가능=슬롯 없음 미트리거 사유: 전일종가하회 13, 음봉 5, 미눌림 2, 눌림반등 2, VWAP하회 2
2026-09-28 14:12:53.208 | INFO     | stock_bot.swing.live:_eod_timer:765 - 1412 WS 연결 등록 37/37 재연결 9회 틱 275,802 (마지막 0초전) · 감시 27 (틱수신 27 · 확정봉 2808) 보유 10 신규 0/3 (일반 0/1) 대기 0 확인중 0 진입가능=슬롯 없음 미트리거 사유: 전일종가하회 14, 음봉 5, 미눌림 2, VWAP하회 2, 유지 2
2026-09-28 14:15:53.255 | INFO     | stock_bot.swing.live:_eod_timer:765 - 1415 WS 연결 등록 37/37 재연결 9회 틱 278,640 (마지막 0초전) · 감시 27 (틱수신 27 · 확정봉 2835) 보유 10 신규 0/3 (일반 0/1) 대기 0 확인중 0 진입가능=슬롯 없음 미트리거 사유: 전일종가하회 12, 음봉 7, 미눌림 2, VWAP하회 2, 유지 2
2026-09-28 14:18:53.306 | INFO     | stock_bot.swing.live:_eod_timer:765 - 1418 WS 연결 등록 37/37 재연결 9회 틱 281,509 (마지막 0초전) · 감시 27 (틱수신 27 · 확정봉 2862) 보유 10 신규 0/3 (일반 0/1) 대기 0 확인중 0 진입가능=슬롯 없음 미트리거 사유: 전일종가하회 12, 음봉 5, 눌림반등 3, 미눌림 2, VWAP하회 2
2026-09-28 14:21:53.361 | INFO     | stock_bot.swing.live:_eod_timer:765 - 1421 WS 연결 등록 37/37 재연결 9회 틱 284,666 (마지막 0초전) · 감시 27 (틱수신 27 · 확정봉 2888) 보유 10 신규 0/3 (일반 0/1) 대기 0 확인중 0 진입가능=슬롯 없음 미트리거 사유: 전일종가하회 13, 음봉 5, 눌림반등 2, VWAP하회 2, 유지 2
2026-09-28 14:24:53.411 | INFO     | stock_bot.swing.live:_eod_timer:765 - 1424 WS 연결 등록 37/37 재연결 9회 틱 287,650 (마지막 0초전) · 감시 27 (틱수신 27 · 확정봉 2916) 보유 10 신규 0/3 (일반 0/1) 대기 0 확인중 0 진입가능=슬롯 없음 미트리거 사유: 전일종가하회 12, 음봉 6, 눌림반등 3, VWAP하회 2, 유지 2
2026-09-28 14:27:53.466 | INFO     | stock_bot.swing.live:_eod_timer:765 - 1427 WS 연결 등록 37/37 재연결 9회 틱 290,466 (마지막 0초전) · 감시 27 (틱수신 27 · 확정봉 2943) 보유 10 신규 0/3 (일반 0/1) 대기 0 확인중 0 진입가능=슬롯 없음 미트리거 사유: 전일종가하회 12, 음봉 6, 눌림반등 3, VWAP하회 2, 유지 2
2026-09-28 14:30:53.519 | INFO     | stock_bot.swing.live:_eod_timer:765 - 1430 WS 연결 등록 37/37 재연결 9회 틱 293,510 (마지막 0초전) · 감시 27 (틱수신 27 · 확정봉 2970) 보유 10 신규 0/3 (일반 0/1) 대기 0 확인중 0 진입가능=슬롯 없음 미트리거 사유: 전일종가하회 13, 음봉 6, 눌림반등 2, VWAP하회 2, 유지 2
2026-09-28 14:33:53.568 | INFO     | stock_bot.swing.live:_eod_timer:765 - 1433 WS 연결 등록 37/37 재연결 9회 틱 296,346 (마지막 0초전) · 감시 27 (틱수신 27 · 확정봉 2996) 보유 10 신규 0/3 (일반 0/1) 대기 0 확인중 0 진입가능=슬롯 없음 미트리거 사유: 전일종가하회 13, 음봉 8, VWAP하회 2, 유지 2, 거래량부족 1
2026-09-28 14:36:53.619 | INFO     | stock_bot.swing.live:_eod_timer:765 - 1436 WS 연결 등록 37/37 재연결 9회 틱 299,289 (마지막 0초전) · 감시 27 (틱수신 27 · 확정봉 3023) 보유 10 신규 0/3 (일반 0/1) 대기 0 확인중 0 진입가능=슬롯 없음 미트리거 사유: 전일종가하회 12, 음봉 7, 유지 3, 눌림반등 2, 거래량부족 1
2026-09-28 14:39:53.675 | INFO     | stock_bot.swing.live:_eod_timer:765 - 1439 WS 연결 등록 37/37 재연결 9회 틱 302,482 (마지막 0초전) · 감시 27 (틱수신 27 · 확정봉 3050) 보유 10 신규 0/3 (일반 0/1) 대기 0 확인중 0 진입가능=슬롯 없음 미트리거 사유: 전일종가하회 13, 음봉 6, 유지 3, 눌림반등 2, 거래량부족 1
2026-09-28 14:42:53.726 | INFO     | stock_bot.swing.live:_eod_timer:765 - 1442 WS 연결 등록 37/37 재연결 9회 틱 305,626 (마지막 0초전) · 감시 27 (틱수신 27 · 확정봉 3078) 보유 10 신규 0/3 (일반 0/1) 대기 0 확인중 0 진입가능=슬롯 없음 미트리거 사유: 전일종가하회 12, 음봉 7, 눌림반등 2, VWAP하회 2, 유지 2
2026-09-28 14:45:53.789 | INFO     | stock_bot.swing.live:_eod_timer:765 - 1445 WS 연결 등록 37/37 재연결 9회 틱 309,112 (마지막 0초전) · 감시 27 (틱수신 27 · 확정봉 3105) 보유 10 신규 0/3 (일반 0/1) 대기 0 확인중 0 진입가능=슬롯 없음 미트리거 사유: 전일종가하회 13, 음봉 9, 유지 2, 거래량부족 1, VWAP하회 1
2026-09-28 14:48:53.856 | INFO     | stock_bot.swing.live:_eod_timer:765 - 1448 WS 연결 등록 37/37 재연결 9회 틱 312,531 (마지막 0초전) · 감시 27 (틱수신 27 · 확정봉 3132) 보유 10 신규 0/3 (일반 0/1) 대기 0 확인중 0 진입가능=슬롯 없음 미트리거 사유: 전일종가하회 13, 음봉 5, 유지 3, 눌림반등 3, 거래량부족 1
2026-09-28 14:51:53.908 | INFO     | stock_bot.swing.live:_eod_timer:765 - 1451 WS 연결 등록 37/37 재연결 9회 틱 316,085 (마지막 0초전) · 감시 27 (틱수신 27 · 확정봉 3159) 보유 10 신규 0/3 (일반 0/1) 대기 0 확인중 0 진입가능=슬롯 없음 미트리거 사유: 전일종가하회 13, 음봉 8, 유지 3, 거래량부족 1, VWAP하회 1
2026-09-28 14:54:53.960 | INFO     | stock_bot.swing.live:_eod_timer:765 - 1454 WS 연결 등록 37/37 재연결 9회 틱 319,899 (마지막 0초전) · 감시 27 (틱수신 27 · 확정봉 3186) 보유 10 신규 0/3 (일반 0/1) 대기 0 확인중 0 진입가능=슬롯 없음 미트리거 사유: 전일종가하회 11, 음봉 8, VWAP하회 3, 유지 2, 눌림반등 1
2026-09-28 14:57:54.016 | INFO     | stock_bot.swing.live:_eod_timer:765 - 1457 WS 연결 등록 37/37 재연결 9회 틱 323,608 (마지막 0초전) · 감시 27 (틱수신 27 · 확정봉 3212) 보유 10 신규 0/3 (일반 0/1) 대기 0 확인중 0 진입가능=슬롯 없음 미트리거 사유: 전일종가하회 13, 음봉 5, 유지 3, 눌림반등 2, VWAP하회 2
2026-09-28 15:00:01.306 | WARNING  | stock_bot.broker.kis_ws:run:342 - 연결 끊김(10회차): ConnectionClosedError no close frame received or sent — 접속 유지 3599초, 1초 후 재접속
2026-09-28 15:00:01.307 | WARNING  | stock_bot.swing.live:on_gap:289 - WS 끊김 — 재접속 먼저, REST 백필 37종목은 백그라운드
2026-09-28 15:00:20.680 | INFO     | stock_bot.broker.kis_ws:_session:360 - ws 접속 ws://ops.koreainvestment.com:31000 (37종목)
2026-09-28 15:00:20.983 | INFO     | stock_bot.swing.live:on_tick:244 - WS 복구 — 틱 공백 20초
2026-09-28 15:00:21.099 | INFO     | stock_bot.broker.kis_ws:_register:265 - 등록 37/37건
2026-09-28 15:00:55.714 | INFO     | stock_bot.swing.live:_eod_timer:765 - 1500 WS 연결 등록 37/37 재연결 10회 틱 327,176 (마지막 0초전) · 감시 27 (틱수신 27 · 확정봉 3240) 보유 10 신규 0/3 (일반 0/1) 대기 0 확인중 0 진입가능=슬롯 없음 미트리거 사유: 전일종가하회 13, 음봉 4, 눌림반등 3, 유지 3, VWAP하회 2
2026-09-28 15:03:55.769 | INFO     | stock_bot.swing.live:_eod_timer:765 - 1503 WS 연결 등록 37/37 재연결 10회 틱 330,607 (마지막 0초전) · 감시 27 (틱수신 27 · 확정봉 3267) 보유 10 신규 0/3 (일반 0/1) 대기 0 확인중 0 진입가능=슬롯 없음 미트리거 사유: 전일종가하회 12, 음봉 6, 유지 3, VWAP하회 2, 눌림반등 2
2026-09-28 15:04:17.976 | INFO     | stock_bot.swing.live:_backfill:323 - REST 백필 완료 37/37종목 (실패 0) — 틱 공백 20초 · 세션 고저 갱신
2026-09-28 15:06:55.821 | INFO     | stock_bot.swing.live:_eod_timer:765 - 1506 WS 연결 등록 37/37 재연결 10회 틱 334,063 (마지막 0초전) · 감시 27 (틱수신 27 · 확정봉 3294) 보유 10 신규 0/3 (일반 0/1) 대기 0 확인중 0 진입가능=슬롯 없음 미트리거 사유: 전일종가하회 12, 눌림반등 4, 음봉 4, 유지 3, VWAP하회 2
2026-09-28 15:09:55.872 | INFO     | stock_bot.swing.live:_eod_timer:765 - 1509 WS 연결 등록 37/37 재연결 10회 틱 337,467 (마지막 0초전) · 감시 27 (틱수신 27 · 확정봉 3320) 보유 10 신규 0/3 (일반 0/1) 대기 0 확인중 0 진입가능=슬롯 없음 미트리거 사유: 전일종가하회 11, 눌림반등 5, 음봉 4, 유지 3, VWAP하회 2
2026-09-28 15:12:55.923 | INFO     | stock_bot.swing.live:_eod_timer:765 - 1512 WS 연결 등록 37/37 재연결 10회 틱 340,988 (마지막 0초전) · 감시 27 (틱수신 27 · 확정봉 3348) 보유 10 신규 0/3 (일반 0/1) 대기 0 확인중 0 진입가능=슬롯 없음 미트리거 사유: 전일종가하회 13, 음봉 5, 유지 3, 눌림반등 2, VWAP하회 2
2026-09-28 15:15:05.150 | INFO     | stock_bot.swing.live:_note:445 - 트리거 감지 004090 MEANREV 눌림반등 @11,800 → 미진입: 시간후
2026-09-28 15:15:55.974 | INFO     | stock_bot.swing.live:_eod_timer:765 - 1515 WS 연결 등록 37/37 재연결 10회 틱 344,548 (마지막 0초전) · 감시 27 (틱수신 27 · 확정봉 3375) 보유 10 신규 0/3 (일반 0/1) 대기 0 확인중 0 진입가능=시간후 미트리거 사유: 전일종가하회 13, 음봉 5, 유지 3, 눌림반등 2, VWAP하회 2
2026-09-28 15:18:00.031 | INFO     | stock_bot.swing.live:_note:445 - 트리거 감지 073240 MEANREV 눌림반등 @6,840 → 미진입: 시간후
2026-09-28 15:18:00.241 | INFO     | stock_bot.swing.live:_note:445 - 트리거 감지 028050 MEANREV 눌림반등 @50,100 → 미진입: 시간후
2026-09-28 15:18:00.478 | INFO     | stock_bot.swing.live:_note:445 - 트리거 감지 010950 FLOW_FORGN 유지 @162,400 → 미진입: 시간후
2026-09-28 15:18:00.484 | INFO     | stock_bot.swing.live:_note:445 - 트리거 감지 103590 FLOW_BOTH 유지 @82,400 → 미진입: 시간후
2026-09-28 15:18:00.709 | INFO     | stock_bot.swing.live:_note:445 - 트리거 감지 008930 FLOW_PULLBACK 유지 @52,400 → 미진입: 시간후
2026-09-28 15:18:01.339 | INFO     | stock_bot.swing.live:_note:445 - 트리거 감지 028670 MEANREV 눌림반등 @5,700 → 미진입: 시간후
2026-09-28 15:18:56.025 | INFO     | stock_bot.swing.live:_eod_timer:765 - 1518 WS 연결 등록 37/37 재연결 10회 틱 347,716 (마지막 0초전) · 감시 27 (틱수신 27 · 확정봉 3402) 보유 10 신규 0/3 (일반 0/1) 대기 0 확인중 0 진입가능=시간후 미트리거 사유: 전일종가하회 12, 눌림반등 4, 음봉 4, 유지 3, VWAP하회 2
2026-09-28 15:20:01.046 | INFO     | stock_bot.swing.live:eod:673 - 15:20 마감 판정 — 보유 10
2026-09-28 15:20:03.243 | INFO     | stock_bot.swing.live:eod:703 - 마감 요약: WS 연결 등록 37/37 재연결 10회 틱 349,114 (마지막 3초전) · 감시 27 (틱수신 27 · 확정봉 3402) 보유 10 신규 0/3 (일반 0/1) 대기 0 확인중 0 진입가능=시간후 미트리거 사유: 전일종가하회 12, 눌림반등 4, 음봉 4, 유지 3, VWAP하회 2
2026-09-28 15:30:26.297 | INFO     | stock_bot.swing.live:_note:445 - 트리거 감지 251970 FLOW_PULLBACK 유지 @62,100 → 미진입: 시간후
2026-09-28 15:30:29.717 | INFO     | stock_bot.swing.live:_note:445 - 트리거 감지 000370 MEANREV 눌림반등 @7,900 → 미진입: 시간후
2026-09-28 15:31:00.200 | INFO     | stock_bot.swing.live:_note:445 - 트리거 감지 003490 FLOW_INST 유지 @31,700 → 미진입: 시간후
2026-09-28 15:31:00.212 | INFO     | stock_bot.swing.live:_note:445 - 트리거 감지 092870 NEWHIGH 돌파 @47,000 → 미진입: 시간후
2026-09-28 15:31:00.367 | INFO     | stock_bot.swing.live:run:819 - WS 종료 1531 — WS 연결 등록 37/37 재연결 10회 틱 349,151 (마지막 30초전)
2026-09-28 15:46:00.583 | INFO     | stock_bot.live.runner:_is_trading_day:661 - 거래일 판정 2026-09-28 → 거래일 (출처: exchange_calendars)
2026-09-28 15:52:44.083 | INFO     | stock_bot.swing.collector:collect_daily:494 - collect_daily 100/2768 ok=100 fail=0 376s
2026-09-28 15:57:50.535 | INFO     | stock_bot.swing.collector:collect_daily:494 - collect_daily 200/2768 ok=200 fail=0 683s
2026-09-28 16:05:34.188 | INFO     | stock_bot.swing.collector:collect_daily:494 - collect_daily 300/2768 ok=300 fail=0 1146s
2026-09-28 16:15:53.182 | INFO     | stock_bot.swing.collector:collect_daily:494 - collect_daily 400/2768 ok=400 fail=0 1765s
2026-09-28 16:25:20.561 | INFO     | stock_bot.swing.collector:collect_daily:494 - collect_daily 500/2768 ok=500 fail=0 2333s
2026-09-28 16:32:18.190 | INFO     | stock_bot.swing.collector:collect_daily:494 - collect_daily 600/2768 ok=600 fail=0 2750s
2026-09-28 16:35:37.722 | WARNING  | stock_bot.broker.kis:_get_with_retry:285 - KIS investor 016800 타임아웃 — 3회 재시도 모두 실패
2026-09-28 16:35:37.723 | ERROR    | __main__:attempt:93 - nightly 20260928 시도 실패: The read operation timed out
Traceback (most recent call last):

  File "/usr/local/lib/python3.11/site-packages/httpx/_transports/default.py", line 101, in map_httpcore_exceptions
    yield
  File "/usr/local/lib/python3.11/site-packages/httpx/_transports/default.py", line 250, in handle_request
    resp = self._pool.handle_request(req)
           │    │     │              └ <Request [b'GET']>
           │    │     └ <function ConnectionPool.handle_request at 0x7f8e4c9300>
           │    └ <ConnectionPool [Requests: 0 active, 0 queued | Connections: 0 active, 0 idle]>
           └ <httpx.HTTPTransport object at 0x7f8e4a6f50>
  File "/usr/local/lib/python3.11/site-packages/httpcore/_sync/connection_pool.py", line 256, in handle_request
    raise exc from None
  File "/usr/local/lib/python3.11/site-packages/httpcore/_sync/connection_pool.py", line 236, in handle_request
    response = connection.handle_request(
               │          └ <function HTTPConnection.handle_request at 0x7f8e4c85e0>
               └ <HTTPConnection ['https://openapivts.koreainvestment.com:29443', HTTP/1.1, CLOSED, Request Count: 1]>
  File "/usr/local/lib/python3.11/site-packages/httpcore/_sync/connection.py", line 103, in handle_request
    return self._connection.handle_request(request)
           │    │           │              └ <Request [b'GET']>
           │    │           └ <function HTTP11Connection.handle_request at 0x7f8e567420>
           │    └ <HTTP11Connection ['https://openapivts.koreainvestment.com:29443', CLOSED, Request Count: 1]>
           └ <HTTPConnection ['https://openapivts.koreainvestment.com:29443', HTTP/1.1, CLOSED, Request Count: 1]>
  File "/usr/local/lib/python3.11/site-packages/httpcore/_sync/http11.py", line 136, in handle_request
    raise exc
  File "/usr/local/lib/python3.11/site-packages/httpcore/_sync/http11.py", line 106, in handle_request
    ) = self._receive_response_headers(**kwargs)
        │    │                           └ {'request': <Request [b'GET']>}
        │    └ <function HTTP11Connection._receive_response_headers at 0x7f8e5676a0>
        └ <HTTP11Connection ['https://openapivts.koreainvestment.com:29443', CLOSED, Request Count: 1]>
  File "/usr/local/lib/python3.11/site-packages/httpcore/_sync/http11.py", line 177, in _receive_response_headers
    event = self._receive_event(timeout=timeout)
            │    │                      └ 30.0
            │    └ <function HTTP11Connection._receive_event at 0x7f8e5677e0>
            └ <HTTP11Connection ['https://openapivts.koreainvestment.com:29443', CLOSED, Request Count: 1]>
  File "/usr/local/lib/python3.11/site-packages/httpcore/_sync/http11.py", line 217, in _receive_event
    data = self._network_stream.read(
           │    │               └ <function SyncStream.read at 0x7f8e6456c0>
           │    └ <httpcore._backends.sync.SyncStream object at 0x7f8e242a50>
           └ <HTTP11Connection ['https://openapivts.koreainvestment.com:29443', CLOSED, Request Count: 1]>
  File "/usr/local/lib/python3.11/site-packages/httpcore/_backends/sync.py", line 126, in read
    with map_exceptions(exc_map):
         │              └ {<class 'TimeoutError'>: <class 'httpcore.ReadTimeout'>, <class 'OSError'>: <class 'httpcore.ReadError'>}
         └ <function map_exceptions at 0x7f8e6444a0>
  File "/usr/local/lib/python3.11/contextlib.py", line 158, in __exit__
    self.gen.throw(typ, value, traceback)
    │    │   │     │    │      └ <traceback object at 0x7f8e240f00>
    │    │   │     │    └ TimeoutError('The read operation timed out')
    │    │   │     └ <class 'TimeoutError'>
    │    │   └ <method 'throw' of 'generator' objects>
    │    └ <generator object map_exceptions at 0x7f8e4b6940>
    └ <contextlib._GeneratorContextManager object at 0x7f8e240610>
  File "/usr/local/lib/python3.11/site-packages/httpcore/_exceptions.py", line 14, in map_exceptions
    raise to_exc(exc) from exc
          └ <class 'httpcore.ReadTimeout'>

httpcore.ReadTimeout: The read operation timed out


The above exception was the direct cause of the following exception:


Traceback (most recent call last):

  File "/app/scripts/swing_nightly.py", line 126, in <module>
    sys.exit(main())
    │   │    └ <function main at 0x7fa407c360>
    │   └ <built-in function exit>
    └ <module 'sys' (built-in)>

  File "/app/scripts/swing_nightly.py", line 101, in main
    ok, detail = attempt(budget)
                 │       └ 14400
                 └ <function main.<locals>.attempt at 0x7f90e55300>

> File "/app/scripts/swing_nightly.py", line 79, in attempt
    r = collector.collect_daily(codes, budget_sec=budget,
        │         │             │                 └ 14400
        │         │             └ ['000020', '000040', '000050', '000070', '000080', '000087', '000100', '000105', '000120', '000140', '000145', '000150', '000...
        │         └ <function collect_daily at 0x7f92e33100>
        └ <module 'stock_bot.swing.collector' from '/app/stock_bot/swing/collector.py'>

  File "/app/stock_bot/swing/collector.py", line 481, in collect_daily
    store.upsert_flow(fetch_investor(b, code))
    │     │           │              │  └ '016800'
    │     │           │              └ <stock_bot.swing.collector.DataBroker object at 0x7f90cde050>
    │     │           └ <function fetch_investor at 0x7f92e32a20>
    │     └ <function upsert_flow at 0x7f92e31260>
    └ <module 'stock_bot.swing.store' from '/app/stock_bot/swing/store.py'>

  File "/app/stock_bot/swing/collector.py", line 155, in fetch_investor
    j = b.get_json("/uapi/domestic-stock/v1/quotations/inquire-investor", "FHKST01010900",
        │ └ <function DataBroker.get_json at 0x7f92e327a0>
        └ <stock_bot.swing.collector.DataBroker object at 0x7f90cde050>

  File "/app/stock_bot/swing/collector.py", line 92, in get_json
    r = self._get_with_retry(path, tr_id, params, label=label, attempts=4)
        │    │               │     │      │             └ 'investor 016800'
        │    │               │     │      └ {'FID_COND_MRKT_DIV_CODE': 'J', 'FID_INPUT_ISCD': '016800'}
        │    │               │     └ 'FHKST01010900'
        │    │               └ '/uapi/domestic-stock/v1/quotations/inquire-investor'
        │    └ <function KISBroker._get_with_retry at 0x7f92dfc360>
        └ <stock_bot.swing.collector.DataBroker object at 0x7f90cde050>

  File "/app/stock_bot/broker/kis.py", line 260, in _get_with_retry
    resp = self._client.get(path, headers=self._headers(tr_id), params=params)
           │    │       │   │             │    │        │              └ {'FID_COND_MRKT_DIV_CODE': 'J', 'FID_INPUT_ISCD': '016800'}
           │    │       │   │             │    │        └ 'FHKST01010900'
           │    │       │   │             │    └ <function KISBroker._headers at 0x7f92dfc0e0>
           │    │       │   │             └ <stock_bot.swing.collector.DataBroker object at 0x7f90cde050>
           │    │       │   └ '/uapi/domestic-stock/v1/quotations/inquire-investor'
           │    │       └ <function Client.get at 0x7fa2a9db20>
           │    └ <httpx.Client object at 0x7f8e5d84d0>
           └ <stock_bot.swing.collector.DataBroker object at 0x7f90cde050>

  File "/usr/local/lib/python3.11/site-packages/httpx/_client.py", line 1053, in get
    return self.request(
           │    └ <function Client.request at 0x7fa2a9d6c0>
           └ <httpx.Client object at 0x7f8e5d84d0>
  File "/usr/local/lib/python3.11/site-packages/httpx/_client.py", line 825, in request
    return self.send(request, auth=auth, follow_redirects=follow_redirects)
           │    │    │             │                      └ <httpx._client.UseClientDefault object at 0x7fa2dbb4d0>
           │    │    │             └ <httpx._client.UseClientDefault object at 0x7fa2dbb4d0>
           │    │    └ <Request('GET', 'https://openapivts.koreainvestment.com:29443/uapi/domestic-stock/v1/quotations/inquire-investor?FID_COND_MRK...
           │    └ <function Client.send at 0x7fa2a9d8a0>
           └ <httpx.Client object at 0x7f8e5d84d0>
  File "/usr/local/lib/python3.11/site-packages/httpx/_client.py", line 914, in send
    response = self._send_handling_auth(
               │    └ <function Client._send_handling_auth at 0x7fa2a9d940>
               └ <httpx.Client object at 0x7f8e5d84d0>
  File "/usr/local/lib/python3.11/site-packages/httpx/_client.py", line 942, in _send_handling_auth
    response = self._send_handling_redirects(
               │    └ <function Client._send_handling_redirects at 0x7fa2a9d9e0>
               └ <httpx.Client object at 0x7f8e5d84d0>
  File "/usr/local/lib/python3.11/site-packages/httpx/_client.py", line 979, in _send_handling_redirects
    response = self._send_single_request(request)
               │    │                    └ <Request('GET', 'https://openapivts.koreainvestment.com:29443/uapi/domestic-stock/v1/quotations/inquire-investor?FID_COND_MRK...
               │    └ <function Client._send_single_request at 0x7fa2a9da80>
               └ <httpx.Client object at 0x7f8e5d84d0>
  File "/usr/local/lib/python3.11/site-packages/httpx/_client.py", line 1014, in _send_single_request
    response = transport.handle_request(request)
               │         │              └ <Request('GET', 'https://openapivts.koreainvestment.com:29443/uapi/domestic-stock/v1/quotations/inquire-investor?FID_COND_MRK...
               │         └ <function HTTPTransport.handle_request at 0x7fa2a26f20>
               └ <httpx.HTTPTransport object at 0x7f8e4a6f50>
  File "/usr/local/lib/python3.11/site-packages/httpx/_transports/default.py", line 249, in handle_request
    with map_httpcore_exceptions():
         └ <function map_httpcore_exceptions at 0x7fa2a26a20>
  File "/usr/local/lib/python3.11/contextlib.py", line 158, in __exit__
    self.gen.throw(typ, value, traceback)
    │    │   │     │    │      └ <traceback object at 0x7f8e2403c0>
    │    │   │     │    └ ReadTimeout(TimeoutError('The read operation timed out'))
    │    │   │     └ <class 'httpcore.ReadTimeout'>
    │    │   └ <method 'throw' of 'generator' objects>
    │    └ <generator object map_httpcore_exceptions at 0x7f8e4b6c40>
    └ <contextlib._GeneratorContextManager object at 0x7f8e243250>
  File "/usr/local/lib/python3.11/site-packages/httpx/_transports/default.py", line 118, in map_httpcore_exceptions
    raise mapped_exc(message) from exc
          │          └ 'The read operation timed out'
          └ <class 'httpx.ReadTimeout'>

httpx.ReadTimeout: The read operation timed out
2026-09-28 16:35:37.810 | WARNING  | __main__:main:117 - nightly 20260928 실패 — 900s 뒤 재시도 (1/2)
2026-09-28 16:55:08.930 | INFO     | stock_bot.swing.collector:collect_daily:494 - collect_daily 700/2768 ok=700 fail=0 252s
2026-09-28 17:01:26.288 | INFO     | stock_bot.swing.collector:collect_daily:494 - collect_daily 800/2768 ok=800 fail=0 629s
2026-09-28 17:11:03.321 | INFO     | stock_bot.swing.collector:collect_daily:494 - collect_daily 900/2768 ok=900 fail=0 1206s
2026-09-28 17:17:15.482 | INFO     | stock_bot.swing.collector:collect_daily:494 - collect_daily 1000/2768 ok=1000 fail=0 1579s
2026-09-28 17:24:42.149 | INFO     | stock_bot.swing.collector:collect_daily:494 - collect_daily 1100/2768 ok=1100 fail=0 2025s
2026-09-28 17:31:37.600 | INFO     | stock_bot.swing.collector:collect_daily:494 - collect_daily 1200/2768 ok=1200 fail=0 2441s
2026-09-28 17:41:39.484 | INFO     | stock_bot.swing.collector:collect_daily:494 - collect_daily 1300/2768 ok=1300 fail=0 3043s
2026-09-28 17:48:21.484 | INFO     | stock_bot.swing.collector:collect_daily:494 - collect_daily 1400/2768 ok=1400 fail=0 3445s
2026-09-28 17:56:26.855 | INFO     | stock_bot.swing.collector:collect_daily:494 - collect_daily 1500/2768 ok=1500 fail=0 3930s
2026-09-28 18:03:08.279 | INFO     | stock_bot.swing.collector:collect_daily:494 - collect_daily 1600/2768 ok=1600 fail=0 4331s
2026-09-28 18:10:35.049 | INFO     | stock_bot.swing.collector:collect_daily:494 - collect_daily 1700/2768 ok=1700 fail=0 4778s
2026-09-28 18:16:28.865 | INFO     | stock_bot.swing.collector:collect_daily:494 - collect_daily 1800/2768 ok=1800 fail=0 5132s
2026-09-28 18:25:03.711 | INFO     | stock_bot.swing.collector:collect_daily:494 - collect_daily 1900/2768 ok=1900 fail=0 5647s
2026-09-28 18:35:08.163 | WARNING  | stock_bot.broker.kis:_get_with_retry:285 - KIS program 222040 타임아웃 — 3회 재시도 모두 실패
2026-09-28 18:35:08.165 | ERROR    | __main__:attempt:93 - nightly 20260928 시도 실패: The read operation timed out
Traceback (most recent call last):

  File "/usr/local/lib/python3.11/site-packages/httpx/_transports/default.py", line 101, in map_httpcore_exceptions
    yield
  File "/usr/local/lib/python3.11/site-packages/httpx/_transports/default.py", line 250, in handle_request
    resp = self._pool.handle_request(req)
           │    │     │              └ <Request [b'GET']>
           │    │     └ <function ConnectionPool.handle_request at 0x7f8e4c9300>
           │    └ <ConnectionPool [Requests: 0 active, 0 queued | Connections: 0 active, 0 idle]>
           └ <httpx.HTTPTransport object at 0x7f8e1b94d0>
  File "/usr/local/lib/python3.11/site-packages/httpcore/_sync/connection_pool.py", line 256, in handle_request
    raise exc from None
  File "/usr/local/lib/python3.11/site-packages/httpcore/_sync/connection_pool.py", line 236, in handle_request
    response = connection.handle_request(
               │          └ <function HTTPConnection.handle_request at 0x7f8e4c85e0>
               └ <HTTPConnection ['https://openapivts.koreainvestment.com:29443', HTTP/1.1, CLOSED, Request Count: 1]>
  File "/usr/local/lib/python3.11/site-packages/httpcore/_sync/connection.py", line 103, in handle_request
    return self._connection.handle_request(request)
           │    │           │              └ <Request [b'GET']>
           │    │           └ <function HTTP11Connection.handle_request at 0x7f8e567420>
           │    └ <HTTP11Connection ['https://openapivts.koreainvestment.com:29443', CLOSED, Request Count: 1]>
           └ <HTTPConnection ['https://openapivts.koreainvestment.com:29443', HTTP/1.1, CLOSED, Request Count: 1]>
  File "/usr/local/lib/python3.11/site-packages/httpcore/_sync/http11.py", line 136, in handle_request
    raise exc
  File "/usr/local/lib/python3.11/site-packages/httpcore/_sync/http11.py", line 106, in handle_request
    ) = self._receive_response_headers(**kwargs)
        │    │                           └ {'request': <Request [b'GET']>}
        │    └ <function HTTP11Connection._receive_response_headers at 0x7f8e5676a0>
        └ <HTTP11Connection ['https://openapivts.koreainvestment.com:29443', CLOSED, Request Count: 1]>
  File "/usr/local/lib/python3.11/site-packages/httpcore/_sync/http11.py", line 177, in _receive_response_headers
    event = self._receive_event(timeout=timeout)
            │    │                      └ 30.0
            │    └ <function HTTP11Connection._receive_event at 0x7f8e5677e0>
            └ <HTTP11Connection ['https://openapivts.koreainvestment.com:29443', CLOSED, Request Count: 1]>
  File "/usr/local/lib/python3.11/site-packages/httpcore/_sync/http11.py", line 217, in _receive_event
    data = self._network_stream.read(
           │    │               └ <function SyncStream.read at 0x7f8e6456c0>
           │    └ <httpcore._backends.sync.SyncStream object at 0x7f8e12e090>
           └ <HTTP11Connection ['https://openapivts.koreainvestment.com:29443', CLOSED, Request Count: 1]>
  File "/usr/local/lib/python3.11/site-packages/httpcore/_backends/sync.py", line 126, in read
    with map_exceptions(exc_map):
         │              └ {<class 'TimeoutError'>: <class 'httpcore.ReadTimeout'>, <class 'OSError'>: <class 'httpcore.ReadError'>}
         └ <function map_exceptions at 0x7f8e6444a0>
  File "/usr/local/lib/python3.11/contextlib.py", line 158, in __exit__
    self.gen.throw(typ, value, traceback)
    │    │   │     │    │      └ <traceback object at 0x7f8e12d5c0>
    │    │   │     │    └ TimeoutError('The read operation timed out')
    │    │   │     └ <class 'TimeoutError'>
    │    │   └ <method 'throw' of 'generator' objects>
    │    └ <generator object map_exceptions at 0x7f8e711040>
    └ <contextlib._GeneratorContextManager object at 0x7f8e12e0d0>
  File "/usr/local/lib/python3.11/site-packages/httpcore/_exceptions.py", line 14, in map_exceptions
    raise to_exc(exc) from exc
          └ <class 'httpcore.ReadTimeout'>

httpcore.ReadTimeout: The read operation timed out


The above exception was the direct cause of the following exception:


Traceback (most recent call last):

  File "/app/scripts/swing_nightly.py", line 126, in <module>
    sys.exit(main())
    │   │    └ <function main at 0x7fa407c360>
    │   └ <built-in function exit>
    └ <module 'sys' (built-in)>

  File "/app/scripts/swing_nightly.py", line 101, in main
    ok, detail = attempt(budget)
    │            │       └ 14400
    │            └ <function main.<locals>.attempt at 0x7f90e55300>
    └ False

> File "/app/scripts/swing_nightly.py", line 79, in attempt
    r = collector.collect_daily(codes, budget_sec=budget,
        │         │             │                 └ 14400
        │         │             └ ['000020', '000040', '000050', '000070', '000080', '000087', '000100', '000105', '000120', '000140', '000145', '000150', '000...
        │         └ <function collect_daily at 0x7f92e33100>
        └ <module 'stock_bot.swing.collector' from '/app/stock_bot/swing/collector.py'>

  File "/app/stock_bot/swing/collector.py", line 484, in collect_daily
    store.upsert_program(fetch_program(b, code, pstart, today))
    │     │              │             │  │     │       └ '20260928'
    │     │              │             │  │     └ '20260924'
    │     │              │             │  └ '222040'
    │     │              │             └ <stock_bot.swing.collector.DataBroker object at 0x7f8e67ed90>
    │     │              └ <function fetch_program at 0x7f92e32ac0>
    │     └ <function upsert_program at 0x7f92e313a0>
    └ <module 'stock_bot.swing.store' from '/app/stock_bot/swing/store.py'>

  File "/app/stock_bot/swing/collector.py", line 176, in fetch_program
    j = b.get_json("/uapi/domestic-stock/v1/quotations/program-trade-by-stock-daily",
        │ └ <function DataBroker.get_json at 0x7f92e327a0>
        └ <stock_bot.swing.collector.DataBroker object at 0x7f8e67ed90>

  File "/app/stock_bot/swing/collector.py", line 92, in get_json
    r = self._get_with_retry(path, tr_id, params, label=label, attempts=4)
        │    │               │     │      │             └ 'program 222040'
        │    │               │     │      └ {'FID_COND_MRKT_DIV_CODE': 'J', 'FID_INPUT_ISCD': '222040', 'FID_INPUT_DATE_1': '20260928'}
        │    │               │     └ 'FHPPG04650200'
        │    │               └ '/uapi/domestic-stock/v1/quotations/program-trade-by-stock-daily'
        │    └ <function KISBroker._get_with_retry at 0x7f92dfc360>
        └ <stock_bot.swing.collector.DataBroker object at 0x7f8e67ed90>

  File "/app/stock_bot/broker/kis.py", line 260, in _get_with_retry
    resp = self._client.get(path, headers=self._headers(tr_id), params=params)
           │    │       │   │             │    │        │              └ {'FID_COND_MRKT_DIV_CODE': 'J', 'FID_INPUT_ISCD': '222040', 'FID_INPUT_DATE_1': '20260928'}
           │    │       │   │             │    │        └ 'FHPPG04650200'
           │    │       │   │             │    └ <function KISBroker._headers at 0x7f92dfc0e0>
           │    │       │   │             └ <stock_bot.swing.collector.DataBroker object at 0x7f8e67ed90>
           │    │       │   └ '/uapi/domestic-stock/v1/quotations/program-trade-by-stock-daily'
           │    │       └ <function Client.get at 0x7fa2a9db20>
           │    └ <httpx.Client object at 0x7f8e1ba0d0>
           └ <stock_bot.swing.collector.DataBroker object at 0x7f8e67ed90>

  File "/usr/local/lib/python3.11/site-packages/httpx/_client.py", line 1053, in get
    return self.request(
           │    └ <function Client.request at 0x7fa2a9d6c0>
           └ <httpx.Client object at 0x7f8e1ba0d0>
  File "/usr/local/lib/python3.11/site-packages/httpx/_client.py", line 825, in request
    return self.send(request, auth=auth, follow_redirects=follow_redirects)
           │    │    │             │                      └ <httpx._client.UseClientDefault object at 0x7fa2dbb4d0>
           │    │    │             └ <httpx._client.UseClientDefault object at 0x7fa2dbb4d0>
           │    │    └ <Request('GET', 'https://openapivts.koreainvestment.com:29443/uapi/domestic-stock/v1/quotations/program-trade-by-stock-daily?...
           │    └ <function Client.send at 0x7fa2a9d8a0>
           └ <httpx.Client object at 0x7f8e1ba0d0>
  File "/usr/local/lib/python3.11/site-packages/httpx/_client.py", line 914, in send
    response = self._send_handling_auth(
               │    └ <function Client._send_handling_auth at 0x7fa2a9d940>
               └ <httpx.Client object at 0x7f8e1ba0d0>
  File "/usr/local/lib/python3.11/site-packages/httpx/_client.py", line 942, in _send_handling_auth
    response = self._send_handling_redirects(
               │    └ <function Client._send_handling_redirects at 0x7fa2a9d9e0>
               └ <httpx.Client object at 0x7f8e1ba0d0>
  File "/usr/local/lib/python3.11/site-packages/httpx/_client.py", line 979, in _send_handling_redirects
    response = self._send_single_request(request)
               │    │                    └ <Request('GET', 'https://openapivts.koreainvestment.com:29443/uapi/domestic-stock/v1/quotations/program-trade-by-stock-daily?...
               │    └ <function Client._send_single_request at 0x7fa2a9da80>
               └ <httpx.Client object at 0x7f8e1ba0d0>
  File "/usr/local/lib/python3.11/site-packages/httpx/_client.py", line 1014, in _send_single_request
    response = transport.handle_request(request)
               │         │              └ <Request('GET', 'https://openapivts.koreainvestment.com:29443/uapi/domestic-stock/v1/quotations/program-trade-by-stock-daily?...
               │         └ <function HTTPTransport.handle_request at 0x7fa2a26f20>
               └ <httpx.HTTPTransport object at 0x7f8e1b94d0>
  File "/usr/local/lib/python3.11/site-packages/httpx/_transports/default.py", line 249, in handle_request
    with map_httpcore_exceptions():
         └ <function map_httpcore_exceptions at 0x7fa2a26a20>
  File "/usr/local/lib/python3.11/contextlib.py", line 158, in __exit__
    self.gen.throw(typ, value, traceback)
    │    │   │     │    │      └ <traceback object at 0x7f8e12fe40>
    │    │   │     │    └ ReadTimeout(TimeoutError('The read operation timed out'))
    │    │   │     └ <class 'httpcore.ReadTimeout'>
    │    │   └ <method 'throw' of 'generator' objects>
    │    └ <generator object map_httpcore_exceptions at 0x7f8e711240>
    └ <contextlib._GeneratorContextManager object at 0x7f8e12f050>
  File "/usr/local/lib/python3.11/site-packages/httpx/_transports/default.py", line 118, in map_httpcore_exceptions
    raise mapped_exc(message) from exc
          │          └ 'The read operation timed out'
          └ <class 'httpx.ReadTimeout'>

httpx.ReadTimeout: The read operation timed out
2026-09-28 18:35:08.247 | WARNING  | __main__:main:117 - nightly 20260928 실패 — 900s 뒤 재시도 (2/2)
2026-09-28 18:53:07.828 | INFO     | stock_bot.swing.collector:collect_daily:494 - collect_daily 2000/2768 ok=2000 fail=0 163s
2026-09-28 19:00:54.434 | INFO     | stock_bot.swing.collector:collect_daily:494 - collect_daily 2100/2768 ok=2100 fail=0 630s
2026-09-28 19:08:02.158 | INFO     | stock_bot.swing.collector:collect_daily:494 - collect_daily 2200/2768 ok=2200 fail=0 1058s
2026-09-28 19:14:48.148 | INFO     | stock_bot.swing.collector:collect_daily:494 - collect_daily 2300/2768 ok=2300 fail=0 1464s
2026-09-28 19:22:31.843 | INFO     | stock_bot.swing.collector:collect_daily:494 - collect_daily 2400/2768 ok=2400 fail=0 1927s
2026-09-28 19:30:16.056 | INFO     | stock_bot.swing.collector:collect_daily:494 - collect_daily 2500/2768 ok=2500 fail=0 2392s
2026-09-28 19:37:34.561 | INFO     | stock_bot.swing.collector:collect_daily:494 - collect_daily 2600/2768 ok=2600 fail=0 2830s
2026-09-28 19:44:58.711 | INFO     | stock_bot.swing.collector:collect_daily:494 - collect_daily 2700/2768 ok=2700 fail=0 3274s
2026-09-28 19:52:50.976 | INFO     | stock_bot.swing.daily_scan:scan:127 - scan 20260928: panel 2750종목, strategies=['NEWHIGH', 'MOMENTUM', 'FLOW_PULLBACK', 'FLOW_FORGN', 'FLOW_INST', 'FLOW_BOTH', 'MEANREV', 'GAPGO'], trend=False
2026-09-28 20:10:57.963 | INFO     | stock_bot.swing.daily_scan:run_nightly_scan:321 - scan 20260928: 신호 3485건(게이트통과 406), 후보 풀 50 (풀 밖 259) → 축 하한 20 탈락 12 → 감시 38(예비 8 포함)종목
2026-09-28 20:10:57.985 | INFO     | stock_bot.swing.daily_scan:run_nightly_scan:326 - 축 채움률: setup 100% / value 97% / quality 97% / growth 96% / flow 100% / liq 100% / prog 100%
2026-09-28 20:10:57.992 | INFO     | __main__:main:107 - nightly 20260928 ok: universe=2763 | collect ok=2768 fail=0 skipped=0 | index+1 | complete=2763/2768 (100%) | signals=3485 watch=38 | 재시도2회 | 15897s
