2026-09-16 15:50:45.207 | INFO     | stock_bot.swing.collector:collect_daily:487 - collect_daily 100/2764 ok=100 fail=0 301s
2026-09-16 15:55:47.093 | INFO     | stock_bot.swing.collector:collect_daily:487 - collect_daily 200/2764 ok=200 fail=0 603s
2026-09-16 16:00:47.944 | INFO     | stock_bot.swing.collector:collect_daily:487 - collect_daily 300/2764 ok=300 fail=0 904s
2026-09-16 16:05:57.362 | INFO     | stock_bot.swing.collector:collect_daily:487 - collect_daily 400/2764 ok=400 fail=0 1213s
2026-09-16 16:10:59.901 | INFO     | stock_bot.swing.collector:collect_daily:487 - collect_daily 500/2764 ok=500 fail=0 1516s
2026-09-16 16:16:02.455 | INFO     | stock_bot.swing.collector:collect_daily:487 - collect_daily 600/2764 ok=600 fail=0 1819s
2026-09-16 16:21:05.570 | INFO     | stock_bot.swing.collector:collect_daily:487 - collect_daily 700/2764 ok=700 fail=0 2122s
2026-09-16 16:26:18.584 | INFO     | stock_bot.swing.collector:collect_daily:487 - collect_daily 800/2764 ok=800 fail=0 2435s
2026-09-16 16:32:01.649 | INFO     | stock_bot.swing.collector:collect_daily:487 - collect_daily 900/2764 ok=900 fail=0 2778s
2026-09-16 16:37:08.368 | INFO     | stock_bot.swing.collector:collect_daily:487 - collect_daily 1000/2764 ok=1000 fail=0 3084s
2026-09-16 16:42:27.305 | INFO     | stock_bot.swing.collector:collect_daily:487 - collect_daily 1100/2764 ok=1100 fail=0 3403s
2026-09-16 16:47:56.843 | INFO     | stock_bot.swing.collector:collect_daily:487 - collect_daily 1200/2764 ok=1200 fail=0 3733s
2026-09-16 16:52:59.687 | INFO     | stock_bot.swing.collector:collect_daily:487 - collect_daily 1300/2764 ok=1300 fail=0 4036s
2026-09-16 16:58:01.415 | INFO     | stock_bot.swing.collector:collect_daily:487 - collect_daily 1400/2764 ok=1400 fail=0 4338s
2026-09-16 17:03:01.461 | INFO     | stock_bot.swing.collector:collect_daily:487 - collect_daily 1500/2764 ok=1500 fail=0 4638s
2026-09-16 17:08:03.533 | INFO     | stock_bot.swing.collector:collect_daily:487 - collect_daily 1600/2764 ok=1600 fail=0 4940s
2026-09-16 17:13:03.629 | INFO     | stock_bot.swing.collector:collect_daily:487 - collect_daily 1700/2764 ok=1700 fail=0 5240s
2026-09-16 17:18:04.370 | INFO     | stock_bot.swing.collector:collect_daily:487 - collect_daily 1800/2764 ok=1800 fail=0 5540s
2026-09-16 17:23:06.716 | INFO     | stock_bot.swing.collector:collect_daily:487 - collect_daily 1900/2764 ok=1900 fail=0 5843s
2026-09-16 17:28:15.405 | INFO     | stock_bot.swing.collector:collect_daily:487 - collect_daily 2000/2764 ok=2000 fail=0 6152s
2026-09-16 17:33:26.072 | INFO     | stock_bot.swing.collector:collect_daily:487 - collect_daily 2100/2764 ok=2100 fail=0 6462s
2026-09-16 17:38:26.277 | INFO     | stock_bot.swing.collector:collect_daily:487 - collect_daily 2200/2764 ok=2200 fail=0 6762s
2026-09-16 17:43:26.319 | INFO     | stock_bot.swing.collector:collect_daily:487 - collect_daily 2300/2764 ok=2300 fail=0 7062s
2026-09-16 17:48:29.838 | INFO     | stock_bot.swing.collector:collect_daily:487 - collect_daily 2400/2764 ok=2400 fail=0 7366s
2026-09-16 17:53:53.536 | INFO     | stock_bot.swing.collector:collect_daily:487 - collect_daily 2500/2764 ok=2500 fail=0 7690s
2026-09-16 17:59:07.620 | INFO     | stock_bot.swing.collector:collect_daily:487 - collect_daily 2600/2764 ok=2600 fail=0 8004s
2026-09-16 18:04:14.559 | INFO     | stock_bot.swing.collector:collect_daily:487 - collect_daily 2700/2764 ok=2700 fail=0 8311s
2026-09-16 18:11:26.921 | INFO     | stock_bot.swing.daily_scan:scan:116 - scan 20260916: panel 2746종목, strategies=ALL, trend=False
2026-09-16 18:35:16.449 | INFO     | stock_bot.swing.daily_scan:run_nightly_scan:236 - scan 20260916: 신호 1466건(게이트통과 265), 감시 30종목
2026-09-16 18:35:16.487 | INFO     | stock_bot.swing.daily_scan:run_nightly_scan:239 - 축 채움률: setup 100% / value 97% / quality 97% / growth 97% / flow 100% / liq 100% / prog 100%
2026-09-16 18:35:16.489 | INFO     | __main__:main:66 - nightly 20260916 ok: universe=2763 | collect ok=2764 fail=0 skipped=0 | index+1 | complete=2763/2764 (100%) | signals=1466 watch=30 | 10196s
