2026-10-01 08:50:59.161 | INFO     | stock_bot.live.runner:_is_trading_day:661 - 거래일 판정 2026-10-01 → 거래일 (출처: exchange_calendars)
2026-10-01 08:50:59.435 | INFO     | stock_bot.swing.live:_recover_positions:165 - 보유 복구 041830 MEANREV 100주 @57,425 손절 45,940 익절 64,316 (진입 20260916) 규칙 stop20/tp0/trail0>0/t30/ma0
2026-10-01 08:50:59.437 | INFO     | stock_bot.swing.live:_recover_positions:165 - 보유 복구 004800 VALUE_PURE 64주 @155,423 손절 124,338 익절 174,074 (진입 20260916) 규칙 stop20/tp0/trail0>0/t30/ma0
2026-10-01 08:50:59.439 | INFO     | stock_bot.swing.live:_recover_positions:165 - 보유 복구 078930 MEANREV 86주 @115,130 손절 92,104 익절 128,946 (진입 20260917) 규칙 stop20/tp0/trail0>0/t30/ma0
2026-10-01 08:50:59.440 | INFO     | stock_bot.swing.live:_recover_positions:165 - 보유 복구 001450 FLOW_FORGN 198주 @50,709 손절 40,567 익절 56,794 (진입 20260917) 규칙 stop20/tp0/trail0>0/t30/ma0
2026-10-01 08:50:59.441 | INFO     | stock_bot.swing.live:_recover_positions:165 - 보유 복구 062040 FLOW_BOTH 48주 @206,833 손절 165,466 익절 231,653 (진입 20260918) 규칙 stop20/tp0/trail0>0/t30/ma0
2026-10-01 08:50:59.443 | INFO     | stock_bot.swing.live:_recover_positions:165 - 보유 복구 051160 FLOW_FORGN 406주 @12,313 손절 9,850 익절 14,160 (진입 20260921) 규칙 stop20/tp0/trail0>0/t30/ma0
2026-10-01 08:50:59.444 | INFO     | stock_bot.swing.live:_recover_positions:165 - 보유 복구 332570 FLOW_BOTH 548주 @9,119 손절 7,295 익절 없음 (진입 20260921) 규칙 stop20/tp0/trail0>0/t30/ma0
2026-10-01 08:50:59.446 | INFO     | stock_bot.swing.live:_recover_positions:165 - 보유 복구 096530 FLOW_BOTH 144주 @34,495 손절 27,596 익절 없음 (진입 20260921) 규칙 stop20/tp0/trail0>0/t30/ma0
2026-10-01 08:50:59.449 | INFO     | stock_bot.swing.live:_recover_positions:165 - 보유 복구 024840 MOMENTUM 727주 @6,781 손절 5,425 익절 없음 (진입 20260922) 규칙 stop20/tp0/trail0>0/t30/ma0
2026-10-01 08:50:59.451 | INFO     | stock_bot.swing.live:_recover_positions:165 - 보유 복구 263860 MOMENTUM 287주 @17,400 손절 13,920 익절 없음 (진입 20260922) 규칙 stop20/tp0/trail0>0/t30/ma0
2026-10-01 08:50:59.483 | INFO     | stock_bot.swing.live:_load_watchlist:202 - 감시 리스트 20260930 적재: 후보 34 → 감시 30 (슬롯 30) 상위: 092870 79, 009155 75, 073240 74, 036540 73, 425420 73
2026-10-01 08:50:59.484 | INFO     | stock_bot.swing.live:_load_watchlist:205 - 우선 등급 8종목 (종합≥80 없음 → 순위 1~10): 375500 71, 036540 73, 092870 79, 009155 75, 073240 74, 128940 73, 425420 73, 252990 71
2026-10-01 08:50:59.523 | INFO     | stock_bot.swing.live:prepare:121 - 진입 규칙: 창 093000~151500 종합점수 하한 60 모음 창 20초 하루 상한 3 · 우선 등급 종합≥80(없으면 순위 1~10) 즉시 8종목 · 일반 등급 다음 1봉 유지 확인, 하루 1건 · 오늘 체결 0 (일반 0)
2026-10-01 08:50:59.523 | INFO     | stock_bot.swing.live:prepare:128 - 20261001 준비: 보유 10 신규감시 30 (wl=20260930) 레짐=True mult=1.0
2026-10-01 08:50:59.526 | INFO     | stock_bot.swing.live:run:807 - WS 시작 — 구독 40종목 (보유 10 감시 30) 봉 180초 저장봉 60초
2026-10-01 08:51:00.270 | INFO     | stock_bot.broker.kis_ws:_session:360 - ws 접속 ws://ops.koreainvestment.com:31000 (40종목)
2026-10-01 08:51:00.718 | INFO     | stock_bot.broker.kis_ws:_register:265 - 등록 40/40건
2026-10-01 08:54:00.478 | INFO     | stock_bot.swing.live:_eod_timer:765 - 0854 WS 연결 등록 40/40 틱 0 (마지막 없음) · 감시 30 (틱수신 0 · 확정봉 0) 보유 10 신규 0/3 (일반 0/1) 대기 0 확인중 0 진입가능=시간전 미트리거 사유: -
2026-10-01 08:57:00.532 | INFO     | stock_bot.swing.live:_eod_timer:765 - 0857 WS 연결 등록 40/40 틱 0 (마지막 없음) · 감시 30 (틱수신 0 · 확정봉 0) 보유 10 신규 0/3 (일반 0/1) 대기 0 확인중 0 진입가능=시간전 미트리거 사유: -
2026-10-01 09:00:00.602 | INFO     | stock_bot.swing.live:_eod_timer:765 - 0900 WS 연결 등록 40/40 틱 0 (마지막 없음) · 감시 30 (틱수신 0 · 확정봉 0) 보유 10 신규 0/3 (일반 0/1) 대기 0 확인중 0 진입가능=시간전 미트리거 사유: -
2026-10-01 09:00:01.476 | INFO     | stock_bot.swing.live:on_tick:239 - 첫 틱 수신 375500 @78,600 — WS 데이터 흐름 시작
2026-10-01 09:00:02.139 | WARNING  | stock_bot.broker.kis_ws:run:342 - 연결 끊김(1회차): ConnectionClosedError no close frame received or sent — 접속 유지 542초, 1초 후 재접속
2026-10-01 09:00:02.140 | WARNING  | stock_bot.swing.live:on_gap:289 - WS 끊김 — 재접속 먼저, REST 백필 40종목은 백그라운드
2026-10-01 09:00:03.376 | INFO     | stock_bot.broker.kis_ws:_session:360 - ws 접속 ws://ops.koreainvestment.com:31000 (40종목)
2026-10-01 09:00:03.703 | INFO     | stock_bot.broker.kis_ws:_register:265 - 등록 40/40건
2026-10-01 09:00:03.751 | INFO     | stock_bot.swing.live:on_tick:244 - WS 복구 — 틱 공백 2초
2026-10-01 09:01:27.202 | INFO     | stock_bot.swing.live:_backfill:323 - REST 백필 완료 40/40종목 (실패 0) — 틱 공백 2초 · 세션 고저 갱신
2026-10-01 09:03:00.263 | INFO     | stock_bot.swing.live:_note:445 - 트리거 감지 028670 MOMENTUM 유지 @5,850 → 미진입: 시간전
2026-10-01 09:03:00.473 | INFO     | stock_bot.swing.live:_note:445 - 트리거 감지 092870 MOMENTUM 유지 @49,850 → 미진입: 시간전
2026-10-01 09:03:00.658 | INFO     | stock_bot.swing.live:_eod_timer:765 - 0903 WS 연결 등록 40/40 재연결 1회 틱 4,290 (마지막 0초전) · 감시 30 (틱수신 30 · 확정봉 10) 보유 10 신규 0/3 (일반 0/1) 대기 0 확인중 0 진입가능=시간전 미트리거 사유: 전일종가하회 5, 저점근접 2, 유지 2, VWAP하회 1
2026-10-01 09:03:00.689 | INFO     | stock_bot.swing.live:_note:445 - 트리거 감지 252990 MOMENTUM 유지 @19,890 → 미진입: 시간전
2026-10-01 09:03:01.114 | INFO     | stock_bot.swing.live:_note:445 - 트리거 감지 011200 MOMENTUM 유지 @21,050 → 미진입: 시간전
2026-10-01 09:03:02.261 | INFO     | stock_bot.swing.live:_note:445 - 트리거 감지 214450 MEANREV 눌림반등 @309,000 → 미진입: 시간전
2026-10-01 09:03:07.730 | INFO     | stock_bot.swing.live:_note:445 - 트리거 감지 053800 MOMENTUM 유지 @76,000 → 미진입: 시간전
2026-10-01 09:03:08.581 | INFO     | stock_bot.swing.live:_note:445 - 트리거 감지 425420 MOMENTUM 유지 @65,900 → 미진입: 시간전
2026-10-01 09:06:00.250 | INFO     | stock_bot.swing.live:_note:445 - 트리거 감지 232140 MOMENTUM 유지 @14,800 → 미진입: 시간전
2026-10-01 09:06:00.274 | INFO     | stock_bot.swing.live:_note:445 - 트리거 감지 073240 MOMENTUM 유지 @6,780 → 미진입: 시간전
2026-10-01 09:06:00.278 | INFO     | stock_bot.swing.live:_note:445 - 트리거 감지 122640 MOMENTUM 유지 @33,900 → 미진입: 시간전
2026-10-01 09:06:00.470 | INFO     | stock_bot.swing.live:_note:445 - 트리거 감지 375500 MOMENTUM 유지 @78,500 → 미진입: 시간전
2026-10-01 09:06:00.698 | INFO     | stock_bot.swing.live:_note:445 - 트리거 감지 000990 MOMENTUM 유지 @140,300 → 미진입: 시간전
2026-10-01 09:06:00.714 | INFO     | stock_bot.swing.live:_eod_timer:765 - 0906 WS 연결 등록 40/40 재연결 1회 틱 9,312 (마지막 0초전) · 감시 30 (틱수신 30 · 확정봉 46) 보유 10 신규 0/3 (일반 0/1) 대기 0 확인중 0 진입가능=시간전 미트리거 사유: 전일종가하회 15, 유지 11, VWAP하회 2, 저점근접 1, 눌림반등 1
2026-10-01 09:06:00.906 | INFO     | stock_bot.swing.live:_note:445 - 트리거 감지 033640 MOMENTUM 유지 @29,450 → 미진입: 시간전
2026-10-01 09:06:01.555 | INFO     | stock_bot.swing.live:_note:445 - 트리거 감지 144960 MOMENTUM 유지 @13,060 → 미진입: 시간전
2026-10-01 09:06:03.683 | INFO     | stock_bot.swing.live:_note:445 - 트리거 감지 128940 FLOW_PULLBACK 유지 @501,000 → 미진입: 시간전
2026-10-01 09:09:00.061 | INFO     | stock_bot.swing.live:_note:445 - 트리거 감지 036540 MOMENTUM 유지 @10,970 → 미진입: 시간전
2026-10-01 09:09:00.492 | INFO     | stock_bot.swing.live:_note:445 - 트리거 감지 059090 MOMENTUM 유지 @23,350 → 미진입: 시간전
2026-10-01 09:09:00.771 | INFO     | stock_bot.swing.live:_eod_timer:765 - 0909 WS 연결 등록 40/40 재연결 1회 틱 13,712 (마지막 0초전) · 감시 30 (틱수신 30 · 확정봉 69) 보유 10 신규 0/3 (일반 0/1) 대기 0 확인중 0 진입가능=시간전 미트리거 사유: 유지 16, 전일종가하회 12, 저점근접 1, 눌림반등 1
2026-10-01 09:09:01.751 | INFO     | stock_bot.swing.live:_note:445 - 트리거 감지 356860 MOMENTUM 유지 @45,950 → 미진입: 시간전
2026-10-01 09:12:00.583 | INFO     | stock_bot.swing.live:_note:445 - 트리거 감지 064760 MOMENTUM 유지 @306,000 → 미진입: 시간전
2026-10-01 09:12:00.826 | INFO     | stock_bot.swing.live:_eod_timer:765 - 0912 WS 연결 등록 40/40 재연결 1회 틱 18,415 (마지막 0초전) · 감시 30 (틱수신 30 · 확정봉 108) 보유 10 신규 0/3 (일반 0/1) 대기 0 확인중 0 진입가능=시간전 미트리거 사유: 유지 15, 전일종가하회 11, VWAP하회 1, 저점근접 1, 눌림반등 1
2026-10-01 09:15:00.885 | INFO     | stock_bot.swing.live:_eod_timer:765 - 0915 WS 연결 등록 40/40 재연결 1회 틱 22,779 (마지막 0초전) · 감시 30 (틱수신 30 · 확정봉 130) 보유 10 신규 0/3 (일반 0/1) 대기 0 확인중 0 진입가능=시간전 미트리거 사유: 유지 14, 전일종가하회 12, VWAP하회 2, 눌림반등 1, 음봉 1
2026-10-01 09:15:04.514 | INFO     | stock_bot.swing.live:_note:445 - 트리거 감지 161890 MOMENTUM 유지 @146,800 → 미진입: 시간전
2026-10-01 09:18:00.953 | INFO     | stock_bot.swing.live:_eod_timer:765 - 0918 WS 연결 등록 40/40 재연결 1회 틱 26,527 (마지막 0초전) · 감시 30 (틱수신 30 · 확정봉 163) 보유 10 신규 0/3 (일반 0/1) 대기 0 확인중 0 진입가능=시간전 미트리거 사유: 전일종가하회 12, 유지 10, VWAP하회 5, 음봉 2, 저점근접 1
2026-10-01 09:21:01.005 | INFO     | stock_bot.swing.live:_eod_timer:765 - 0921 WS 연결 등록 40/40 재연결 1회 틱 30,152 (마지막 0초전) · 감시 30 (틱수신 30 · 확정봉 190) 보유 10 신규 0/3 (일반 0/1) 대기 0 확인중 0 진입가능=시간전 미트리거 사유: 전일종가하회 13, 유지 8, VWAP하회 6, 음봉 2, 저점근접 1
2026-10-01 09:24:01.060 | INFO     | stock_bot.swing.live:_eod_timer:765 - 0924 WS 연결 등록 40/40 재연결 1회 틱 33,943 (마지막 0초전) · 감시 30 (틱수신 30 · 확정봉 222) 보유 10 신규 0/3 (일반 0/1) 대기 0 확인중 0 진입가능=시간전 미트리거 사유: 전일종가하회 12, 유지 8, VWAP하회 7, 음봉 2, 저점근접 1
2026-10-01 09:27:01.111 | INFO     | stock_bot.swing.live:_eod_timer:765 - 0927 WS 연결 등록 40/40 재연결 1회 틱 37,395 (마지막 0초전) · 감시 30 (틱수신 30 · 확정봉 251) 보유 10 신규 0/3 (일반 0/1) 대기 0 확인중 0 진입가능=시간전 미트리거 사유: 전일종가하회 14, 유지 9, VWAP하회 5, 저점근접 1, 음봉 1
2026-10-01 09:27:10.008 | INFO     | stock_bot.swing.live:_note:445 - 트리거 감지 192820 MOMENTUM 유지 @268,500 → 미진입: 시간전
2026-10-01 09:30:00.295 | INFO     | stock_bot.swing.live:_note:445 - 트리거 감지 036540 MOMENTUM 유지 @11,170 → 미진입: 슬롯 없음
2026-10-01 09:30:00.368 | INFO     | stock_bot.swing.live:_note:445 - 트리거 감지 425420 MOMENTUM 유지 @69,300 → 미진입: 슬롯 없음
2026-10-01 09:30:00.586 | INFO     | stock_bot.swing.live:_note:445 - 트리거 감지 033640 MOMENTUM 유지 @30,700 → 미진입: 슬롯 없음
2026-10-01 09:30:00.662 | INFO     | stock_bot.swing.live:_note:445 - 트리거 감지 059090 MOMENTUM 유지 @23,200 → 미진입: 슬롯 없음
2026-10-01 09:30:00.816 | INFO     | stock_bot.swing.live:_note:445 - 트리거 감지 232140 MOMENTUM 유지 @15,240 → 미진입: 슬롯 없음
2026-10-01 09:30:00.849 | INFO     | stock_bot.swing.live:_note:445 - 트리거 감지 092870 MOMENTUM 유지 @52,900 → 미진입: 슬롯 없음
2026-10-01 09:30:01.014 | INFO     | stock_bot.swing.live:_note:445 - 트리거 감지 161890 MOMENTUM 유지 @147,200 → 미진입: 슬롯 없음
2026-10-01 09:30:01.171 | INFO     | stock_bot.swing.live:_eod_timer:765 - 0930 WS 연결 등록 40/40 재연결 1회 틱 40,860 (마지막 0초전) · 감시 30 (틱수신 30 · 확정봉 288) 보유 10 신규 0/3 (일반 0/1) 대기 0 확인중 0 진입가능=슬롯 없음 미트리거 사유: 전일종가하회 12, 유지 11, VWAP하회 4, 음봉 2, 저점근접 1
2026-10-01 09:30:02.534 | INFO     | stock_bot.swing.live:_note:445 - 트리거 감지 064760 MOMENTUM 유지 @304,500 → 미진입: 슬롯 없음
2026-10-01 09:33:00.391 | INFO     | stock_bot.swing.live:_note:445 - 트리거 감지 356860 MOMENTUM 유지 @46,000 → 미진입: 슬롯 없음
2026-10-01 09:33:00.418 | INFO     | stock_bot.swing.live:_note:445 - 트리거 감지 122640 MOMENTUM 유지 @34,300 → 미진입: 슬롯 없음
2026-10-01 09:33:01.225 | INFO     | stock_bot.swing.live:_note:445 - 트리거 감지 192820 MOMENTUM 유지 @271,500 → 미진입: 슬롯 없음
2026-10-01 09:33:01.247 | INFO     | stock_bot.swing.live:_eod_timer:765 - 0933 WS 연결 등록 40/40 재연결 1회 틱 44,654 (마지막 0초전) · 감시 30 (틱수신 30 · 확정봉 314) 보유 10 신규 0/3 (일반 0/1) 대기 0 확인중 0 진입가능=슬롯 없음 미트리거 사유: 전일종가하회 11, 유지 11, VWAP하회 5, 저점근접 2, 음봉 1
2026-10-01 09:33:01.865 | INFO     | stock_bot.swing.live:_note:445 - 트리거 감지 252990 MOMENTUM 유지 @20,200 → 미진입: 슬롯 없음
2026-10-01 09:33:06.250 | INFO     | stock_bot.swing.live:_note:445 - 트리거 감지 128940 FLOW_PULLBACK 유지 @501,000 → 미진입: 슬롯 없음
2026-10-01 09:33:12.738 | INFO     | stock_bot.swing.live:_note:445 - 트리거 감지 214450 MEANREV 눌림반등 @309,000 → 미진입: 슬롯 없음
2026-10-01 09:36:01.310 | INFO     | stock_bot.swing.live:_eod_timer:765 - 0936 WS 연결 등록 40/40 재연결 1회 틱 48,312 (마지막 0초전) · 감시 30 (틱수신 30 · 확정봉 344) 보유 10 신규 0/3 (일반 0/1) 대기 0 확인중 0 진입가능=슬롯 없음 미트리거 사유: 전일종가하회 12, 유지 10, VWAP하회 5, 저점근접 1, 눌림반등 1
2026-10-01 09:36:08.146 | INFO     | stock_bot.swing.live:_note:445 - 트리거 감지 053800 MOMENTUM 유지 @76,800 → 미진입: 슬롯 없음
2026-10-01 09:39:01.370 | INFO     | stock_bot.swing.live:_eod_timer:765 - 0939 WS 연결 등록 40/40 재연결 1회 틱 51,885 (마지막 0초전) · 감시 30 (틱수신 30 · 확정봉 373) 보유 10 신규 0/3 (일반 0/1) 대기 0 확인중 0 진입가능=슬롯 없음 미트리거 사유: 유지 13, 전일종가하회 10, VWAP하회 5, 음봉 2
2026-10-01 09:42:00.222 | INFO     | stock_bot.swing.live:_note:445 - 트리거 감지 000990 MOMENTUM 유지 @139,400 → 미진입: 슬롯 없음
2026-10-01 09:42:01.425 | INFO     | stock_bot.swing.live:_eod_timer:765 - 0942 WS 연결 등록 40/40 재연결 1회 틱 55,688 (마지막 0초전) · 감시 30 (틱수신 30 · 확정봉 406) 보유 10 신규 0/3 (일반 0/1) 대기 0 확인중 0 진입가능=슬롯 없음 미트리거 사유: 유지 14, 전일종가하회 9, VWAP하회 5, 눌림반등 1, 음봉 1
2026-10-01 09:42:02.478 | INFO     | stock_bot.swing.live:_note:445 - 트리거 감지 144960 MOMENTUM 유지 @13,120 → 미진입: 슬롯 없음
2026-10-01 09:45:01.483 | INFO     | stock_bot.swing.live:_eod_timer:765 - 0945 WS 연결 등록 40/40 재연결 1회 틱 59,379 (마지막 0초전) · 감시 30 (틱수신 30 · 확정봉 437) 보유 10 신규 0/3 (일반 0/1) 대기 0 확인중 0 진입가능=슬롯 없음 미트리거 사유: 유지 15, 전일종가하회 9, VWAP하회 4, 음봉 2
2026-10-01 09:48:01.542 | INFO     | stock_bot.swing.live:_eod_timer:765 - 0948 WS 연결 등록 40/40 재연결 1회 틱 63,438 (마지막 0초전) · 감시 30 (틱수신 30 · 확정봉 460) 보유 10 신규 0/3 (일반 0/1) 대기 0 확인중 0 진입가능=슬롯 없음 미트리거 사유: 유지 13, 전일종가하회 10, VWAP하회 5, 음봉 2
2026-10-01 09:51:01.633 | INFO     | stock_bot.swing.live:_eod_timer:765 - 0951 WS 연결 등록 40/40 재연결 1회 틱 67,340 (마지막 0초전) · 감시 30 (틱수신 30 · 확정봉 497) 보유 10 신규 0/3 (일반 0/1) 대기 0 확인중 0 진입가능=슬롯 없음 미트리거 사유: 유지 12, 전일종가하회 11, VWAP하회 5, 음봉 2
2026-10-01 09:51:03.259 | INFO     | stock_bot.swing.live:_note:445 - 트리거 감지 011200 MOMENTUM 유지 @21,100 → 미진입: 슬롯 없음
2026-10-01 09:54:01.721 | INFO     | stock_bot.swing.live:_eod_timer:765 - 0954 WS 연결 등록 40/40 재연결 1회 틱 71,015 (마지막 0초전) · 감시 30 (틱수신 30 · 확정봉 524) 보유 10 신규 0/3 (일반 0/1) 대기 0 확인중 0 진입가능=슬롯 없음 미트리거 사유: 유지 13, 전일종가하회 10, VWAP하회 5, 음봉 2
2026-10-01 09:57:01.782 | INFO     | stock_bot.swing.live:_eod_timer:765 - 0957 WS 연결 등록 40/40 재연결 1회 틱 74,500 (마지막 0초전) · 감시 30 (틱수신 30 · 확정봉 553) 보유 10 신규 0/3 (일반 0/1) 대기 0 확인중 0 진입가능=슬롯 없음 미트리거 사유: 전일종가하회 12, 유지 10, VWAP하회 6, 음봉 2
2026-10-01 10:00:01.841 | INFO     | stock_bot.swing.live:_eod_timer:765 - 1000 WS 연결 등록 40/40 재연결 1회 틱 78,096 (마지막 0초전) · 감시 30 (틱수신 30 · 확정봉 596) 보유 10 신규 0/3 (일반 0/1) 대기 0 확인중 0 진입가능=슬롯 없음 미트리거 사유: 전일종가하회 13, 유지 9, VWAP하회 6, 저점근접 1, 음봉 1
2026-10-01 10:00:02.425 | WARNING  | stock_bot.broker.kis_ws:run:342 - 연결 끊김(2회차): ConnectionClosedError no close frame received or sent — 접속 유지 3599초, 1초 후 재접속
2026-10-01 10:00:02.437 | WARNING  | stock_bot.swing.live:on_gap:289 - WS 끊김 — 재접속 먼저, REST 백필 40종목은 백그라운드
2026-10-01 10:00:06.717 | INFO     | stock_bot.broker.kis_ws:_session:360 - ws 접속 ws://ops.koreainvestment.com:31000 (40종목)
2026-10-01 10:00:07.259 | INFO     | stock_bot.broker.kis_ws:_register:265 - 등록 40/40건
2026-10-01 10:00:07.269 | INFO     | stock_bot.swing.live:on_tick:244 - WS 복구 — 틱 공백 5초
2026-10-01 10:03:00.160 | INFO     | stock_bot.swing.live:_note:445 - 트리거 감지 073240 MOMENTUM 유지 @6,740 → 미진입: 슬롯 없음
2026-10-01 10:03:04.081 | INFO     | stock_bot.swing.live:_eod_timer:765 - 1003 WS 연결 등록 40/40 재연결 2회 틱 81,303 (마지막 0초전) · 감시 30 (틱수신 30 · 확정봉 623) 보유 10 신규 0/3 (일반 0/1) 대기 0 확인중 0 진입가능=슬롯 없음 미트리거 사유: 전일종가하회 13, 유지 10, VWAP하회 6, 저점근접 1
2026-10-01 10:03:36.051 | INFO     | stock_bot.swing.live:_backfill:323 - REST 백필 완료 40/40종목 (실패 0) — 틱 공백 5초 · 세션 고저 갱신
2026-10-01 10:06:04.138 | INFO     | stock_bot.swing.live:_eod_timer:765 - 1006 WS 연결 등록 40/40 재연결 2회 틱 84,260 (마지막 0초전) · 감시 30 (틱수신 30 · 확정봉 651) 보유 10 신규 0/3 (일반 0/1) 대기 0 확인중 0 진입가능=슬롯 없음 미트리거 사유: 전일종가하회 12, VWAP하회 9, 유지 8, 음봉 1
2026-10-01 10:09:06.896 | INFO     | stock_bot.swing.live:_eod_timer:765 - 1009 WS 연결 등록 40/40 재연결 2회 틱 87,171 (마지막 0초전) · 감시 30 (틱수신 30 · 확정봉 684) 보유 10 신규 0/3 (일반 0/1) 대기 0 확인중 0 진입가능=슬롯 없음 미트리거 사유: 전일종가하회 11, VWAP하회 9, 유지 9, 음봉 1
2026-10-01 10:12:09.633 | INFO     | stock_bot.swing.live:_eod_timer:765 - 1012 WS 연결 등록 40/40 재연결 2회 틱 90,239 (마지막 0초전) · 감시 30 (틱수신 30 · 확정봉 715) 보유 10 신규 0/3 (일반 0/1) 대기 0 확인중 0 진입가능=슬롯 없음 미트리거 사유: 전일종가하회 11, 유지 10, VWAP하회 7, 저점근접 1, 음봉 1
2026-10-01 10:15:14.252 | INFO     | stock_bot.swing.live:_eod_timer:765 - 1015 WS 연결 등록 40/40 재연결 2회 틱 93,358 (마지막 3초전) · 감시 30 (틱수신 30 · 확정봉 743) 보유 10 신규 0/3 (일반 0/1) 대기 0 확인중 0 진입가능=슬롯 없음 미트리거 사유: 유지 11, 전일종가하회 9, VWAP하회 8, 저점근접 1, 눌림반등 1
2026-10-01 10:18:15.027 | INFO     | stock_bot.swing.live:_eod_timer:765 - 1018 WS 연결 등록 40/40 재연결 2회 틱 96,254 (마지막 0초전) · 감시 30 (틱수신 30 · 확정봉 778) 보유 10 신규 0/3 (일반 0/1) 대기 0 확인중 0 진입가능=슬롯 없음 미트리거 사유: 유지 11, 전일종가하회 9, VWAP하회 7, 음봉 2, 저점근접 1
2026-10-01 10:21:16.799 | INFO     | stock_bot.swing.live:_eod_timer:765 - 1021 WS 연결 등록 40/40 재연결 2회 틱 98,710 (마지막 0초전) · 감시 30 (틱수신 30 · 확정봉 808) 보유 10 신규 0/3 (일반 0/1) 대기 0 확인중 0 진입가능=슬롯 없음 미트리거 사유: 유지 14, 전일종가하회 10, VWAP하회 4, 저점근접 1, 눌림반등 1
2026-10-01 10:24:16.883 | INFO     | stock_bot.swing.live:_eod_timer:765 - 1024 WS 연결 등록 40/40 재연결 2회 틱 101,213 (마지막 0초전) · 감시 30 (틱수신 30 · 확정봉 838) 보유 10 신규 0/3 (일반 0/1) 대기 0 확인중 0 진입가능=슬롯 없음 미트리거 사유: 유지 12, 전일종가하회 8, VWAP하회 7, 음봉 2, 저점근접 1
2026-10-01 10:27:20.799 | INFO     | stock_bot.swing.live:_eod_timer:765 - 1027 WS 연결 등록 40/40 재연결 2회 틱 103,646 (마지막 0초전) · 감시 30 (틱수신 30 · 확정봉 867) 보유 10 신규 0/3 (일반 0/1) 대기 0 확인중 0 진입가능=슬롯 없음 미트리거 사유: 유지 13, 전일종가하회 8, VWAP하회 6, 음봉 2, 저점근접 1
2026-10-01 10:30:20.853 | INFO     | stock_bot.swing.live:_eod_timer:765 - 1030 WS 연결 등록 40/40 재연결 2회 틱 106,011 (마지막 0초전) · 감시 30 (틱수신 30 · 확정봉 898) 보유 10 신규 0/3 (일반 0/1) 대기 0 확인중 0 진입가능=슬롯 없음 미트리거 사유: 유지 13, 전일종가하회 8, VWAP하회 6, 저점근접 1, 눌림반등 1
2026-10-01 10:33:22.161 | INFO     | stock_bot.swing.live:_eod_timer:765 - 1033 WS 연결 등록 40/40 재연결 2회 틱 108,669 (마지막 0초전) · 감시 30 (틱수신 30 · 확정봉 930) 보유 10 신규 0/3 (일반 0/1) 대기 0 확인중 0 진입가능=슬롯 없음 미트리거 사유: 유지 12, 전일종가하회 9, VWAP하회 7, 저점근접 1, 음봉 1
2026-10-01 10:36:22.228 | INFO     | stock_bot.swing.live:_eod_timer:765 - 1036 WS 연결 등록 40/40 재연결 2회 틱 111,425 (마지막 0초전) · 감시 30 (틱수신 30 · 확정봉 959) 보유 10 신규 0/3 (일반 0/1) 대기 0 확인중 0 진입가능=슬롯 없음 미트리거 사유: 유지 12, 전일종가하회 9, VWAP하회 7, 저점근접 1, 눌림반등 1
2026-10-01 10:39:25.826 | INFO     | stock_bot.swing.live:_eod_timer:765 - 1039 WS 연결 등록 40/40 재연결 2회 틱 114,138 (마지막 0초전) · 감시 30 (틱수신 30 · 확정봉 989) 보유 10 신규 0/3 (일반 0/1) 대기 0 확인중 0 진입가능=슬롯 없음 미트리거 사유: 유지 13, 전일종가하회 10, VWAP하회 5, 저점근접 1, 음봉 1
2026-10-01 10:42:25.883 | INFO     | stock_bot.swing.live:_eod_timer:765 - 1042 WS 연결 등록 40/40 재연결 2회 틱 116,764 (마지막 0초전) · 감시 30 (틱수신 30 · 확정봉 1019) 보유 10 신규 0/3 (일반 0/1) 대기 0 확인중 0 진입가능=슬롯 없음 미트리거 사유: VWAP하회 10, 유지 9, 전일종가하회 8, 저점근접 1, 눌림반등 1
2026-10-01 10:45:29.256 | INFO     | stock_bot.swing.live:_eod_timer:765 - 1045 WS 연결 등록 40/40 재연결 2회 틱 119,437 (마지막 1초전) · 감시 30 (틱수신 30 · 확정봉 1048) 보유 10 신규 0/3 (일반 0/1) 대기 0 확인중 0 진입가능=슬롯 없음 미트리거 사유: 유지 10, VWAP하회 9, 전일종가하회 8, 저점근접 1, 눌림반등 1
2026-10-01 10:48:31.552 | INFO     | stock_bot.swing.live:_eod_timer:765 - 1048 WS 연결 등록 40/40 재연결 2회 틱 122,280 (마지막 0초전) · 감시 30 (틱수신 30 · 확정봉 1079) 보유 10 신규 0/3 (일반 0/1) 대기 0 확인중 0 진입가능=슬롯 없음 미트리거 사유: 유지 10, VWAP하회 9, 전일종가하회 8, 저점근접 1, 눌림반등 1
2026-10-01 10:51:31.610 | INFO     | stock_bot.swing.live:_eod_timer:765 - 1051 WS 연결 등록 40/40 재연결 2회 틱 125,080 (마지막 0초전) · 감시 30 (틱수신 30 · 확정봉 1109) 보유 10 신규 0/3 (일반 0/1) 대기 0 확인중 0 진입가능=슬롯 없음 미트리거 사유: 유지 11, 전일종가하회 8, VWAP하회 8, 음봉 2, 저점근접 1
2026-10-01 10:54:33.156 | INFO     | stock_bot.swing.live:_eod_timer:765 - 1054 WS 연결 등록 40/40 재연결 2회 틱 127,552 (마지막 0초전) · 감시 30 (틱수신 30 · 확정봉 1139) 보유 10 신규 0/3 (일반 0/1) 대기 0 확인중 0 진입가능=슬롯 없음 미트리거 사유: 유지 11, 전일종가하회 9, VWAP하회 8, 저점근접 1, 음봉 1
2026-10-01 10:57:33.527 | INFO     | stock_bot.swing.live:_eod_timer:765 - 1057 WS 연결 등록 40/40 재연결 2회 틱 130,000 (마지막 0초전) · 감시 30 (틱수신 30 · 확정봉 1168) 보유 10 신규 0/3 (일반 0/1) 대기 0 확인중 0 진입가능=슬롯 없음 미트리거 사유: 유지 12, 전일종가하회 10, VWAP하회 6, 저점근접 1, 음봉 1
2026-10-01 11:00:01.407 | WARNING  | stock_bot.broker.kis_ws:run:342 - 연결 끊김(3회차): ConnectionClosedError no close frame received or sent — 접속 유지 3598초, 1초 후 재접속
2026-10-01 11:00:01.410 | WARNING  | stock_bot.swing.live:on_gap:289 - WS 끊김 — 재접속 먼저, REST 백필 40종목은 백그라운드
2026-10-01 11:00:05.914 | INFO     | stock_bot.broker.kis_ws:_session:360 - ws 접속 ws://ops.koreainvestment.com:31000 (40종목)
2026-10-01 11:00:06.128 | INFO     | stock_bot.swing.live:on_tick:244 - WS 복구 — 틱 공백 5초
2026-10-01 11:00:06.296 | INFO     | stock_bot.broker.kis_ws:_register:265 - 등록 40/40건
2026-10-01 11:00:35.953 | INFO     | stock_bot.swing.live:_eod_timer:765 - 1100 WS 연결 등록 40/40 재연결 3회 틱 132,351 (마지막 0초전) · 감시 30 (틱수신 30 · 확정봉 1199) 보유 10 신규 0/3 (일반 0/1) 대기 0 확인중 0 진입가능=슬롯 없음 미트리거 사유: 유지 12, 전일종가하회 9, VWAP하회 6, 음봉 2, 저점근접 1
2026-10-01 11:01:49.097 | INFO     | stock_bot.swing.live:_backfill:323 - REST 백필 완료 40/40종목 (실패 0) — 틱 공백 5초 · 세션 고저 갱신
2026-10-01 11:03:22.611 | INFO     | stock_bot.swing.live:_note:445 - 트리거 감지 039490 MEANREV 눌림반등 @252,500 → 미진입: 슬롯 없음
2026-10-01 11:03:36.007 | INFO     | stock_bot.swing.live:_eod_timer:765 - 1103 WS 연결 등록 40/40 재연결 3회 틱 134,522 (마지막 0초전) · 감시 30 (틱수신 30 · 확정봉 1230) 보유 10 신규 0/3 (일반 0/1) 대기 0 확인중 0 진입가능=슬롯 없음 미트리거 사유: 유지 12, 전일종가하회 9, VWAP하회 6, 저점근접 1, 음봉 1
2026-10-01 11:06:36.070 | INFO     | stock_bot.swing.live:_eod_timer:765 - 1106 WS 연결 등록 40/40 재연결 3회 틱 136,904 (마지막 0초전) · 감시 30 (틱수신 30 · 확정봉 1258) 보유 10 신규 0/3 (일반 0/1) 대기 0 확인중 0 진입가능=슬롯 없음 미트리거 사유: 유지 12, 전일종가하회 9, VWAP하회 6, 저점근접 1, 눌림반등 1
2026-10-01 11:09:36.130 | INFO     | stock_bot.swing.live:_eod_timer:765 - 1109 WS 연결 등록 40/40 재연결 3회 틱 139,419 (마지막 0초전) · 감시 30 (틱수신 30 · 확정봉 1290) 보유 10 신규 0/3 (일반 0/1) 대기 0 확인중 0 진입가능=슬롯 없음 미트리거 사유: 유지 12, 전일종가하회 9, VWAP하회 6, 음봉 2, 저점근접 1
2026-10-01 11:12:36.188 | INFO     | stock_bot.swing.live:_eod_timer:765 - 1112 WS 연결 등록 40/40 재연결 3회 틱 141,689 (마지막 0초전) · 감시 30 (틱수신 30 · 확정봉 1320) 보유 10 신규 0/3 (일반 0/1) 대기 0 확인중 0 진입가능=슬롯 없음 미트리거 사유: 유지 13, 전일종가하회 9, VWAP하회 5, 음봉 2, 저점근접 1
2026-10-01 11:15:36.255 | INFO     | stock_bot.swing.live:_eod_timer:765 - 1115 WS 연결 등록 40/40 재연결 3회 틱 143,870 (마지막 0초전) · 감시 30 (틱수신 30 · 확정봉 1349) 보유 10 신규 0/3 (일반 0/1) 대기 0 확인중 0 진입가능=슬롯 없음 미트리거 사유: 유지 13, 전일종가하회 9, VWAP하회 5, 음봉 2, 저점근접 1
2026-10-01 11:18:36.314 | INFO     | stock_bot.swing.live:_eod_timer:765 - 1118 WS 연결 등록 40/40 재연결 3회 틱 146,086 (마지막 0초전) · 감시 30 (틱수신 30 · 확정봉 1380) 보유 10 신규 0/3 (일반 0/1) 대기 0 확인중 0 진입가능=슬롯 없음 미트리거 사유: 유지 13, 전일종가하회 9, VWAP하회 5, 음봉 2, 저점근접 1
2026-10-01 11:21:36.374 | INFO     | stock_bot.swing.live:_eod_timer:765 - 1121 WS 연결 등록 40/40 재연결 3회 틱 148,320 (마지막 0초전) · 감시 30 (틱수신 30 · 확정봉 1409) 보유 10 신규 0/3 (일반 0/1) 대기 0 확인중 0 진입가능=슬롯 없음 미트리거 사유: 유지 13, 전일종가하회 8, VWAP하회 6, 저점근접 1, 눌림반등 1
2026-10-01 11:24:36.437 | INFO     | stock_bot.swing.live:_eod_timer:765 - 1124 WS 연결 등록 40/40 재연결 3회 틱 150,644 (마지막 0초전) · 감시 30 (틱수신 30 · 확정봉 1439) 보유 10 신규 0/3 (일반 0/1) 대기 0 확인중 0 진입가능=슬롯 없음 미트리거 사유: 유지 14, 전일종가하회 8, VWAP하회 5, 저점근접 1, 음봉 1
2026-10-01 11:27:39.061 | INFO     | stock_bot.swing.live:_eod_timer:765 - 1127 WS 연결 등록 40/40 재연결 3회 틱 152,982 (마지막 0초전) · 감시 30 (틱수신 30 · 확정봉 1470) 보유 10 신규 0/3 (일반 0/1) 대기 0 확인중 0 진입가능=슬롯 없음 미트리거 사유: 유지 12, 전일종가하회 9, VWAP하회 6, 저점근접 1, 눌림반등 1
2026-10-01 11:30:39.111 | INFO     | stock_bot.swing.live:_eod_timer:765 - 1130 WS 연결 등록 40/40 재연결 3회 틱 155,333 (마지막 0초전) · 감시 30 (틱수신 30 · 확정봉 1500) 보유 10 신규 0/3 (일반 0/1) 대기 0 확인중 0 진입가능=슬롯 없음 미트리거 사유: 유지 12, 전일종가하회 10, VWAP하회 6, 저점근접 1, 음봉 1
2026-10-01 11:33:39.902 | INFO     | stock_bot.swing.live:_eod_timer:765 - 1133 WS 연결 등록 40/40 재연결 3회 틱 157,609 (마지막 0초전) · 감시 30 (틱수신 30 · 확정봉 1530) 보유 10 신규 0/3 (일반 0/1) 대기 0 확인중 0 진입가능=슬롯 없음 미트리거 사유: 유지 11, 전일종가하회 9, VWAP하회 8, 저점근접 1, 음봉 1
2026-10-01 11:36:39.949 | INFO     | stock_bot.swing.live:_eod_timer:765 - 1136 WS 연결 등록 40/40 재연결 3회 틱 159,914 (마지막 0초전) · 감시 30 (틱수신 30 · 확정봉 1560) 보유 10 신규 0/3 (일반 0/1) 대기 0 확인중 0 진입가능=슬롯 없음 미트리거 사유: 유지 13, 전일종가하회 8, VWAP하회 7, 음봉 2
2026-10-01 11:39:40.020 | INFO     | stock_bot.swing.live:_eod_timer:765 - 1139 WS 연결 등록 40/40 재연결 3회 틱 162,176 (마지막 0초전) · 감시 30 (틱수신 30 · 확정봉 1590) 보유 10 신규 0/3 (일반 0/1) 대기 0 확인중 0 진입가능=슬롯 없음 미트리거 사유: 유지 13, 전일종가하회 8, VWAP하회 7, 눌림반등 2
2026-10-01 11:42:04.079 | INFO     | stock_bot.swing.live:_note:445 - 트리거 감지 028670 MOMENTUM 유지 @5,890 → 미진입: 슬롯 없음
2026-10-01 11:42:43.027 | INFO     | stock_bot.swing.live:_eod_timer:765 - 1142 WS 연결 등록 40/40 재연결 3회 틱 164,416 (마지막 0초전) · 감시 30 (틱수신 30 · 확정봉 1619) 보유 10 신규 0/3 (일반 0/1) 대기 0 확인중 0 진입가능=슬롯 없음 미트리거 사유: 유지 14, 전일종가하회 8, VWAP하회 6, 눌림반등 1, 음봉 1
2026-10-01 11:45:47.745 | INFO     | stock_bot.swing.live:_eod_timer:765 - 1145 WS 연결 등록 40/40 재연결 3회 틱 166,761 (마지막 0초전) · 감시 30 (틱수신 30 · 확정봉 1649) 보유 10 신규 0/3 (일반 0/1) 대기 0 확인중 0 진입가능=슬롯 없음 미트리거 사유: 유지 14, 전일종가하회 8, VWAP하회 6, 눌림반등 2
2026-10-01 11:48:50.920 | INFO     | stock_bot.swing.live:_eod_timer:765 - 1148 WS 연결 등록 40/40 재연결 3회 틱 169,052 (마지막 0초전) · 감시 30 (틱수신 30 · 확정봉 1680) 보유 10 신규 0/3 (일반 0/1) 대기 0 확인중 0 진입가능=슬롯 없음 미트리거 사유: 유지 13, 전일종가하회 8, VWAP하회 7, 눌림반등 2
2026-10-01 11:51:52.735 | INFO     | stock_bot.swing.live:_eod_timer:765 - 1151 WS 연결 등록 40/40 재연결 3회 틱 171,369 (마지막 0초전) · 감시 30 (틱수신 30 · 확정봉 1710) 보유 10 신규 0/3 (일반 0/1) 대기 0 확인중 0 진입가능=슬롯 없음 미트리거 사유: 유지 13, 전일종가하회 8, VWAP하회 7, 음봉 1, 눌림반등 1
2026-10-01 11:54:52.838 | INFO     | stock_bot.swing.live:_eod_timer:765 - 1154 WS 연결 등록 40/40 재연결 3회 틱 173,504 (마지막 0초전) · 감시 30 (틱수신 30 · 확정봉 1740) 보유 10 신규 0/3 (일반 0/1) 대기 0 확인중 0 진입가능=슬롯 없음 미트리거 사유: 유지 12, 전일종가하회 8, VWAP하회 8, 음봉 1, 눌림반등 1
2026-10-01 11:57:52.880 | INFO     | stock_bot.swing.live:_eod_timer:765 - 1157 WS 연결 등록 40/40 재연결 3회 틱 175,651 (마지막 0초전) · 감시 30 (틱수신 30 · 확정봉 1770) 보유 10 신규 0/3 (일반 0/1) 대기 0 확인중 0 진입가능=슬롯 없음 미트리거 사유: 유지 11, VWAP하회 9, 전일종가하회 8, 음봉 1, 눌림반등 1
2026-10-01 12:00:01.397 | WARNING  | stock_bot.broker.kis_ws:run:342 - 연결 끊김(4회차): ConnectionClosedError no close frame received or sent — 접속 유지 3599초, 1초 후 재접속
2026-10-01 12:00:01.400 | WARNING  | stock_bot.swing.live:on_gap:289 - WS 끊김 — 재접속 먼저, REST 백필 40종목은 백그라운드
2026-10-01 12:00:06.466 | INFO     | stock_bot.broker.kis_ws:_session:360 - ws 접속 ws://ops.koreainvestment.com:31000 (40종목)
2026-10-01 12:00:06.645 | INFO     | stock_bot.swing.live:on_tick:244 - WS 복구 — 틱 공백 5초
2026-10-01 12:00:07.002 | INFO     | stock_bot.broker.kis_ws:_register:265 - 등록 40/40건
2026-10-01 12:00:57.258 | INFO     | stock_bot.swing.live:_eod_timer:765 - 1200 WS 연결 등록 40/40 재연결 4회 틱 177,857 (마지막 0초전) · 감시 30 (틱수신 30 · 확정봉 1800) 보유 10 신규 0/3 (일반 0/1) 대기 0 확인중 0 진입가능=슬롯 없음 미트리거 사유: 유지 11, VWAP하회 9, 전일종가하회 8, 음봉 2
2026-10-01 12:02:57.290 | INFO     | stock_bot.swing.live:_backfill:323 - REST 백필 완료 40/40종목 (실패 0) — 틱 공백 5초 · 세션 고저 갱신
2026-10-01 12:03:58.166 | INFO     | stock_bot.swing.live:_eod_timer:765 - 1203 WS 연결 등록 40/40 재연결 4회 틱 180,125 (마지막 0초전) · 감시 30 (틱수신 30 · 확정봉 1830) 보유 10 신규 0/3 (일반 0/1) 대기 0 확인중 0 진입가능=슬롯 없음 미트리거 사유: 유지 10, VWAP하회 10, 전일종가하회 8, 음봉 1, 눌림반등 1
2026-10-01 12:06:59.899 | INFO     | stock_bot.swing.live:_eod_timer:765 - 1206 WS 연결 등록 40/40 재연결 4회 틱 182,536 (마지막 0초전) · 감시 30 (틱수신 30 · 확정봉 1860) 보유 10 신규 0/3 (일반 0/1) 대기 0 확인중 0 진입가능=슬롯 없음 미트리거 사유: VWAP하회 11, 유지 9, 전일종가하회 8, 음봉 1, 눌림반등 1
2026-10-01 12:10:01.601 | INFO     | stock_bot.swing.live:_eod_timer:765 - 1210 WS 연결 등록 40/40 재연결 4회 틱 184,825 (마지막 0초전) · 감시 30 (틱수신 30 · 확정봉 1890) 보유 10 신규 0/3 (일반 0/1) 대기 0 확인중 0 진입가능=슬롯 없음 미트리거 사유: 유지 10, 전일종가하회 9, VWAP하회 9, 음봉 1, 눌림반등 1
2026-10-01 12:13:03.466 | INFO     | stock_bot.swing.live:_eod_timer:765 - 1213 WS 연결 등록 40/40 재연결 4회 틱 187,175 (마지막 0초전) · 감시 30 (틱수신 30 · 확정봉 1920) 보유 10 신규 0/3 (일반 0/1) 대기 0 확인중 0 진입가능=슬롯 없음 미트리거 사유: 유지 11, 전일종가하회 9, VWAP하회 7, 저점근접 1, 눌림반등 1
2026-10-01 12:16:06.007 | INFO     | stock_bot.swing.live:_eod_timer:765 - 1216 WS 연결 등록 40/40 재연결 4회 틱 189,535 (마지막 0초전) · 감시 30 (틱수신 30 · 확정봉 1950) 보유 10 신규 0/3 (일반 0/1) 대기 0 확인중 0 진입가능=슬롯 없음 미트리거 사유: 유지 10, VWAP하회 9, 전일종가하회 8, 음봉 2, 저점근접 1
2026-10-01 12:19:08.150 | INFO     | stock_bot.swing.live:_eod_timer:765 - 1219 WS 연결 등록 40/40 재연결 4회 틱 191,541 (마지막 0초전) · 감시 30 (틱수신 30 · 확정봉 1980) 보유 10 신규 0/3 (일반 0/1) 대기 0 확인중 0 진입가능=슬롯 없음 미트리거 사유: 전일종가하회 9, 유지 9, VWAP하회 9, 눌림반등 2, 저점근접 1
2026-10-01 12:22:09.332 | INFO     | stock_bot.swing.live:_eod_timer:765 - 1222 WS 연결 등록 40/40 재연결 4회 틱 193,642 (마지막 0초전) · 감시 30 (틱수신 30 · 확정봉 2010) 보유 10 신규 0/3 (일반 0/1) 대기 0 확인중 0 진입가능=슬롯 없음 미트리거 사유: VWAP하회 10, 전일종가하회 9, 유지 8, 저점근접 1, 음봉 1
2026-10-01 12:25:11.109 | INFO     | stock_bot.swing.live:_eod_timer:765 - 1225 WS 연결 등록 40/40 재연결 4회 틱 195,666 (마지막 0초전) · 감시 30 (틱수신 30 · 확정봉 2040) 보유 10 신규 0/3 (일반 0/1) 대기 0 확인중 0 진입가능=슬롯 없음 미트리거 사유: 유지 10, VWAP하회 9, 전일종가하회 8, 저점근접 1, 음봉 1
2026-10-01 12:28:14.731 | INFO     | stock_bot.swing.live:_eod_timer:765 - 1228 WS 연결 등록 40/40 재연결 4회 틱 197,812 (마지막 0초전) · 감시 30 (틱수신 30 · 확정봉 2070) 보유 10 신규 0/3 (일반 0/1) 대기 0 확인중 0 진입가능=슬롯 없음 미트리거 사유: 유지 10, VWAP하회 9, 전일종가하회 8, 음봉 2, 저점근접 1
2026-10-01 12:31:16.366 | INFO     | stock_bot.swing.live:_eod_timer:765 - 1231 WS 연결 등록 40/40 재연결 4회 틱 199,860 (마지막 0초전) · 감시 30 (틱수신 30 · 확정봉 2100) 보유 10 신규 0/3 (일반 0/1) 대기 0 확인중 0 진입가능=슬롯 없음 미트리거 사유: 유지 11, 전일종가하회 8, VWAP하회 8, 저점근접 1, 눌림반등 1
2026-10-01 12:34:20.602 | INFO     | stock_bot.swing.live:_eod_timer:765 - 1234 WS 연결 등록 40/40 재연결 4회 틱 201,854 (마지막 1초전) · 감시 30 (틱수신 30 · 확정봉 2130) 보유 10 신규 0/3 (일반 0/1) 대기 0 확인중 0 진입가능=슬롯 없음 미트리거 사유: 유지 12, 전일종가하회 9, VWAP하회 6, 저점근접 1, 음봉 1
2026-10-01 12:37:21.121 | INFO     | stock_bot.swing.live:_eod_timer:765 - 1237 WS 연결 등록 40/40 재연결 4회 틱 203,936 (마지막 0초전) · 감시 30 (틱수신 30 · 확정봉 2160) 보유 10 신규 0/3 (일반 0/1) 대기 0 확인중 0 진입가능=슬롯 없음 미트리거 사유: 유지 10, 전일종가하회 9, VWAP하회 8, 음봉 2, 저점근접 1
2026-10-01 12:40:22.461 | INFO     | stock_bot.swing.live:_eod_timer:765 - 1240 WS 연결 등록 40/40 재연결 4회 틱 205,937 (마지막 0초전) · 감시 30 (틱수신 30 · 확정봉 2190) 보유 10 신규 0/3 (일반 0/1) 대기 0 확인중 0 진입가능=슬롯 없음 미트리거 사유: 유지 12, 전일종가하회 9, VWAP하회 6, 음봉 2, 저점근접 1
2026-10-01 12:43:22.511 | INFO     | stock_bot.swing.live:_eod_timer:765 - 1243 WS 연결 등록 40/40 재연결 4회 틱 208,010 (마지막 0초전) · 감시 30 (틱수신 30 · 확정봉 2219) 보유 10 신규 0/3 (일반 0/1) 대기 0 확인중 0 진입가능=슬롯 없음 미트리거 사유: 유지 10, 전일종가하회 9, VWAP하회 8, 눌림반등 2, 저점근접 1
2026-10-01 12:46:22.884 | INFO     | stock_bot.swing.live:_eod_timer:765 - 1246 WS 연결 등록 40/40 재연결 4회 틱 210,059 (마지막 0초전) · 감시 30 (틱수신 30 · 확정봉 2250) 보유 10 신규 0/3 (일반 0/1) 대기 0 확인중 0 진입가능=슬롯 없음 미트리거 사유: VWAP하회 10, 전일종가하회 9, 유지 8, 음봉 2, 저점근접 1
2026-10-01 12:49:25.052 | INFO     | stock_bot.swing.live:_eod_timer:765 - 1249 WS 연결 등록 40/40 재연결 4회 틱 212,199 (마지막 0초전) · 감시 30 (틱수신 30 · 확정봉 2280) 보유 10 신규 0/3 (일반 0/1) 대기 0 확인중 0 진입가능=슬롯 없음 미트리거 사유: VWAP하회 10, 유지 9, 전일종가하회 8, 눌림반등 2, 저점근접 1
2026-10-01 12:52:25.859 | INFO     | stock_bot.swing.live:_eod_timer:765 - 1252 WS 연결 등록 40/40 재연결 4회 틱 214,371 (마지막 0초전) · 감시 30 (틱수신 30 · 확정봉 2310) 보유 10 신규 0/3 (일반 0/1) 대기 0 확인중 0 진입가능=슬롯 없음 미트리거 사유: 유지 10, VWAP하회 9, 전일종가하회 8, 음봉 2, 저점근접 1
2026-10-01 12:55:26.232 | INFO     | stock_bot.swing.live:_eod_timer:765 - 1255 WS 연결 등록 40/40 재연결 4회 틱 216,419 (마지막 0초전) · 감시 30 (틱수신 30 · 확정봉 2340) 보유 10 신규 0/3 (일반 0/1) 대기 0 확인중 0 진입가능=슬롯 없음 미트리거 사유: 유지 10, 전일종가하회 9, VWAP하회 9, 음봉 2
2026-10-01 12:58:26.291 | INFO     | stock_bot.swing.live:_eod_timer:765 - 1258 WS 연결 등록 40/40 재연결 4회 틱 218,499 (마지막 0초전) · 감시 30 (틱수신 30 · 확정봉 2370) 보유 10 신규 0/3 (일반 0/1) 대기 0 확인중 0 진입가능=슬롯 없음 미트리거 사유: 유지 10, VWAP하회 9, 전일종가하회 8, 저점근접 1, 눌림반등 1
2026-10-01 13:00:01.422 | WARNING  | stock_bot.broker.kis_ws:run:342 - 연결 끊김(5회차): ConnectionClosedError no close frame received or sent — 접속 유지 3599초, 1초 후 재접속
2026-10-01 13:00:01.424 | WARNING  | stock_bot.swing.live:on_gap:289 - WS 끊김 — 재접속 먼저, REST 백필 40종목은 백그라운드
2026-10-01 13:00:04.971 | INFO     | stock_bot.broker.kis_ws:_session:360 - ws 접속 ws://ops.koreainvestment.com:31000 (40종목)
2026-10-01 13:00:05.168 | INFO     | stock_bot.swing.live:on_tick:244 - WS 복구 — 틱 공백 4초
2026-10-01 13:00:05.441 | INFO     | stock_bot.broker.kis_ws:_register:265 - 등록 40/40건
2026-10-01 13:01:26.387 | INFO     | stock_bot.swing.live:_eod_timer:765 - 1301 WS 연결 등록 40/40 재연결 5회 틱 220,826 (마지막 0초전) · 감시 30 (틱수신 30 · 확정봉 2400) 보유 10 신규 0/3 (일반 0/1) 대기 0 확인중 0 진입가능=슬롯 없음 미트리거 사유: 유지 11, 전일종가하회 9, VWAP하회 7, 음봉 2, 저점근접 1
2026-10-01 13:03:27.466 | INFO     | stock_bot.swing.live:_backfill:323 - REST 백필 완료 40/40종목 (실패 0) — 틱 공백 4초 · 세션 고저 갱신
2026-10-01 13:04:26.447 | INFO     | stock_bot.swing.live:_eod_timer:765 - 1304 WS 연결 등록 40/40 재연결 5회 틱 223,207 (마지막 0초전) · 감시 30 (틱수신 30 · 확정봉 2430) 보유 10 신규 0/3 (일반 0/1) 대기 0 확인중 0 진입가능=슬롯 없음 미트리거 사유: 유지 10, 전일종가하회 9, VWAP하회 8, 눌림반등 2, 저점근접 1
2026-10-01 13:07:26.505 | INFO     | stock_bot.swing.live:_eod_timer:765 - 1307 WS 연결 등록 40/40 재연결 5회 틱 225,446 (마지막 0초전) · 감시 30 (틱수신 30 · 확정봉 2460) 보유 10 신규 0/3 (일반 0/1) 대기 0 확인중 0 진입가능=슬롯 없음 미트리거 사유: 유지 10, 전일종가하회 9, VWAP하회 9, 음봉 2
2026-10-01 13:10:26.560 | INFO     | stock_bot.swing.live:_eod_timer:765 - 1310 WS 연결 등록 40/40 재연결 5회 틱 227,573 (마지막 0초전) · 감시 30 (틱수신 30 · 확정봉 2489) 보유 10 신규 0/3 (일반 0/1) 대기 0 확인중 0 진입가능=슬롯 없음 미트리거 사유: 유지 10, 전일종가하회 9, VWAP하회 8, 음봉 2, 저점근접 1
2026-10-01 13:13:26.611 | INFO     | stock_bot.swing.live:_eod_timer:765 - 1313 WS 연결 등록 40/40 재연결 5회 틱 229,745 (마지막 0초전) · 감시 30 (틱수신 30 · 확정봉 2520) 보유 10 신규 0/3 (일반 0/1) 대기 0 확인중 0 진입가능=슬롯 없음 미트리거 사유: 유지 10, VWAP하회 9, 전일종가하회 8, 음봉 2, 저점근접 1
2026-10-01 13:16:26.664 | INFO     | stock_bot.swing.live:_eod_timer:765 - 1316 WS 연결 등록 40/40 재연결 5회 틱 232,089 (마지막 0초전) · 감시 30 (틱수신 30 · 확정봉 2549) 보유 10 신규 0/3 (일반 0/1) 대기 0 확인중 0 진입가능=슬롯 없음 미트리거 사유: VWAP하회 10, 유지 9, 전일종가하회 8, 저점근접 1, 음봉 1
2026-10-01 13:19:26.722 | INFO     | stock_bot.swing.live:_eod_timer:765 - 1319 WS 연결 등록 40/40 재연결 5회 틱 234,280 (마지막 0초전) · 감시 30 (틱수신 30 · 확정봉 2580) 보유 10 신규 0/3 (일반 0/1) 대기 0 확인중 0 진입가능=슬롯 없음 미트리거 사유: VWAP하회 10, 유지 9, 전일종가하회 8, 음봉 2, 저점근접 1
2026-10-01 13:22:26.772 | INFO     | stock_bot.swing.live:_eod_timer:765 - 1322 WS 연결 등록 40/40 재연결 5회 틱 236,606 (마지막 0초전) · 감시 30 (틱수신 30 · 확정봉 2610) 보유 10 신규 0/3 (일반 0/1) 대기 0 확인중 0 진입가능=슬롯 없음 미트리거 사유: 유지 10, VWAP하회 9, 전일종가하회 8, 저점근접 1, 눌림반등 1
2026-10-01 13:25:26.828 | INFO     | stock_bot.swing.live:_eod_timer:765 - 1325 WS 연결 등록 40/40 재연결 5회 틱 238,875 (마지막 0초전) · 감시 30 (틱수신 30 · 확정봉 2640) 보유 10 신규 0/3 (일반 0/1) 대기 0 확인중 0 진입가능=슬롯 없음 미트리거 사유: 유지 12, 전일종가하회 8, VWAP하회 7, 저점근접 1, 눌림반등 1
2026-10-01 13:28:26.886 | INFO     | stock_bot.swing.live:_eod_timer:765 - 1328 WS 연결 등록 40/40 재연결 5회 틱 241,264 (마지막 0초전) · 감시 30 (틱수신 30 · 확정봉 2670) 보유 10 신규 0/3 (일반 0/1) 대기 0 확인중 0 진입가능=슬롯 없음 미트리거 사유: 유지 11, 전일종가하회 8, VWAP하회 8, 음봉 2, 저점근접 1
2026-10-01 13:31:26.941 | INFO     | stock_bot.swing.live:_eod_timer:765 - 1331 WS 연결 등록 40/40 재연결 5회 틱 243,891 (마지막 0초전) · 감시 30 (틱수신 30 · 확정봉 2700) 보유 10 신규 0/3 (일반 0/1) 대기 0 확인중 0 진입가능=슬롯 없음 미트리거 사유: 유지 11, 전일종가하회 8, VWAP하회 8, 음봉 2, 저점근접 1
2026-10-01 13:34:26.988 | INFO     | stock_bot.swing.live:_eod_timer:765 - 1334 WS 연결 등록 40/40 재연결 5회 틱 246,645 (마지막 0초전) · 감시 30 (틱수신 30 · 확정봉 2730) 보유 10 신규 0/3 (일반 0/1) 대기 0 확인중 0 진입가능=슬롯 없음 미트리거 사유: 유지 10, VWAP하회 9, 전일종가하회 8, 저점근접 1, 음봉 1
2026-10-01 13:37:27.045 | INFO     | stock_bot.swing.live:_eod_timer:765 - 1337 WS 연결 등록 40/40 재연결 5회 틱 249,058 (마지막 0초전) · 감시 30 (틱수신 30 · 확정봉 2760) 보유 10 신규 0/3 (일반 0/1) 대기 0 확인중 0 진입가능=슬롯 없음 미트리거 사유: VWAP하회 10, 유지 9, 전일종가하회 8, 음봉 2, 저점근접 1
2026-10-01 13:40:27.102 | INFO     | stock_bot.swing.live:_eod_timer:765 - 1340 WS 연결 등록 40/40 재연결 5회 틱 251,378 (마지막 0초전) · 감시 30 (틱수신 30 · 확정봉 2790) 보유 10 신규 0/3 (일반 0/1) 대기 0 확인중 0 진입가능=슬롯 없음 미트리거 사유: 유지 10, VWAP하회 9, 전일종가하회 8, 저점근접 1, 음봉 1
2026-10-01 13:43:27.160 | INFO     | stock_bot.swing.live:_eod_timer:765 - 1343 WS 연결 등록 40/40 재연결 5회 틱 253,649 (마지막 0초전) · 감시 30 (틱수신 30 · 확정봉 2820) 보유 10 신규 0/3 (일반 0/1) 대기 0 확인중 0 진입가능=슬롯 없음 미트리거 사유: 유지 10, VWAP하회 9, 전일종가하회 8, 저점근접 1, 눌림반등 1
2026-10-01 13:46:27.247 | INFO     | stock_bot.swing.live:_eod_timer:765 - 1346 WS 연결 등록 40/40 재연결 5회 틱 256,172 (마지막 0초전) · 감시 30 (틱수신 30 · 확정봉 2850) 보유 10 신규 0/3 (일반 0/1) 대기 0 확인중 0 진입가능=슬롯 없음 미트리거 사유: 유지 10, VWAP하회 9, 전일종가하회 8, 저점근접 1, 음봉 1
2026-10-01 13:49:27.357 | INFO     | stock_bot.swing.live:_eod_timer:765 - 1349 WS 연결 등록 40/40 재연결 5회 틱 258,643 (마지막 0초전) · 감시 30 (틱수신 30 · 확정봉 2880) 보유 10 신규 0/3 (일반 0/1) 대기 0 확인중 0 진입가능=슬롯 없음 미트리거 사유: 유지 10, VWAP하회 9, 전일종가하회 8, 눌림반등 2, 저점근접 1
2026-10-01 13:52:27.425 | INFO     | stock_bot.swing.live:_eod_timer:765 - 1352 WS 연결 등록 40/40 재연결 5회 틱 261,397 (마지막 0초전) · 감시 30 (틱수신 30 · 확정봉 2910) 보유 10 신규 0/3 (일반 0/1) 대기 0 확인중 0 진입가능=슬롯 없음 미트리거 사유: 유지 10, VWAP하회 9, 전일종가하회 8, 음봉 2, 저점근접 1
2026-10-01 13:55:27.484 | INFO     | stock_bot.swing.live:_eod_timer:765 - 1355 WS 연결 등록 40/40 재연결 5회 틱 264,063 (마지막 0초전) · 감시 30 (틱수신 30 · 확정봉 2940) 보유 10 신규 0/3 (일반 0/1) 대기 0 확인중 0 진입가능=슬롯 없음 미트리거 사유: 유지 10, VWAP하회 9, 전일종가하회 8, 저점근접 1, 눌림반등 1
2026-10-01 13:58:27.543 | INFO     | stock_bot.swing.live:_eod_timer:765 - 1358 WS 연결 등록 40/40 재연결 5회 틱 266,732 (마지막 0초전) · 감시 30 (틱수신 30 · 확정봉 2970) 보유 10 신규 0/3 (일반 0/1) 대기 0 확인중 0 진입가능=슬롯 없음 미트리거 사유: 유지 11, 전일종가하회 8, VWAP하회 8, 저점근접 1, 음봉 1
2026-10-01 14:00:01.468 | WARNING  | stock_bot.broker.kis_ws:run:342 - 연결 끊김(6회차): ConnectionClosedError no close frame received or sent — 접속 유지 3599초, 1초 후 재접속
2026-10-01 14:00:01.473 | WARNING  | stock_bot.swing.live:on_gap:289 - WS 끊김 — 재접속 먼저, REST 백필 40종목은 백그라운드
2026-10-01 14:00:07.762 | INFO     | stock_bot.broker.kis_ws:_session:360 - ws 접속 ws://ops.koreainvestment.com:31000 (40종목)
2026-10-01 14:00:08.055 | INFO     | stock_bot.swing.live:on_tick:244 - WS 복구 — 틱 공백 7초
2026-10-01 14:00:08.203 | INFO     | stock_bot.broker.kis_ws:_register:265 - 등록 40/40건
2026-10-01 14:01:27.817 | INFO     | stock_bot.swing.live:_eod_timer:765 - 1401 WS 연결 등록 40/40 재연결 6회 틱 269,364 (마지막 0초전) · 감시 30 (틱수신 30 · 확정봉 3000) 보유 10 신규 0/3 (일반 0/1) 대기 0 확인중 0 진입가능=슬롯 없음 미트리거 사유: 유지 11, VWAP하회 9, 전일종가하회 8, 음봉 2
2026-10-01 14:04:02.854 | INFO     | stock_bot.swing.live:_backfill:323 - REST 백필 완료 40/40종목 (실패 0) — 틱 공백 7초 · 세션 고저 갱신
2026-10-01 14:04:27.880 | INFO     | stock_bot.swing.live:_eod_timer:765 - 1404 WS 연결 등록 40/40 재연결 6회 틱 272,089 (마지막 0초전) · 감시 30 (틱수신 30 · 확정봉 3030) 보유 10 신규 0/3 (일반 0/1) 대기 0 확인중 0 진입가능=슬롯 없음 미트리거 사유: 유지 11, VWAP하회 9, 전일종가하회 8, 음봉 1, 눌림반등 1
2026-10-01 14:07:27.940 | INFO     | stock_bot.swing.live:_eod_timer:765 - 1407 WS 연결 등록 40/40 재연결 6회 틱 275,171 (마지막 0초전) · 감시 30 (틱수신 30 · 확정봉 3060) 보유 10 신규 0/3 (일반 0/1) 대기 0 확인중 0 진입가능=슬롯 없음 미트리거 사유: 유지 13, 전일종가하회 8, VWAP하회 7, 음봉 1, 눌림반등 1
2026-10-01 14:10:27.997 | INFO     | stock_bot.swing.live:_eod_timer:765 - 1410 WS 연결 등록 40/40 재연결 6회 틱 278,233 (마지막 0초전) · 감시 30 (틱수신 30 · 확정봉 3090) 보유 10 신규 0/3 (일반 0/1) 대기 0 확인중 0 진입가능=슬롯 없음 미트리거 사유: 유지 12, 전일종가하회 8, VWAP하회 8, 음봉 1, 눌림반등 1
2026-10-01 14:13:28.049 | INFO     | stock_bot.swing.live:_eod_timer:765 - 1413 WS 연결 등록 40/40 재연결 6회 틱 281,386 (마지막 0초전) · 감시 30 (틱수신 30 · 확정봉 3120) 보유 10 신규 0/3 (일반 0/1) 대기 0 확인중 0 진입가능=슬롯 없음 미트리거 사유: 유지 10, VWAP하회 10, 전일종가하회 8, 음봉 2
2026-10-01 14:16:28.103 | INFO     | stock_bot.swing.live:_eod_timer:765 - 1416 WS 연결 등록 40/40 재연결 6회 틱 284,639 (마지막 0초전) · 감시 30 (틱수신 30 · 확정봉 3150) 보유 10 신규 0/3 (일반 0/1) 대기 0 확인중 0 진입가능=슬롯 없음 미트리거 사유: 유지 12, 전일종가하회 8, VWAP하회 8, 음봉 1, 눌림반등 1
2026-10-01 14:19:28.162 | INFO     | stock_bot.swing.live:_eod_timer:765 - 1419 WS 연결 등록 40/40 재연결 6회 틱 288,099 (마지막 0초전) · 감시 30 (틱수신 30 · 확정봉 3180) 보유 10 신규 0/3 (일반 0/1) 대기 0 확인중 0 진입가능=슬롯 없음 미트리거 사유: 유지 11, 전일종가하회 9, VWAP하회 7, 음봉 2, 저점근접 1
2026-10-01 14:22:28.213 | INFO     | stock_bot.swing.live:_eod_timer:765 - 1422 WS 연결 등록 40/40 재연결 6회 틱 291,501 (마지막 0초전) · 감시 30 (틱수신 30 · 확정봉 3210) 보유 10 신규 0/3 (일반 0/1) 대기 0 확인중 0 진입가능=슬롯 없음 미트리거 사유: 유지 11, 전일종가하회 9, VWAP하회 7, 눌림반등 2, 저점근접 1
2026-10-01 14:25:28.271 | INFO     | stock_bot.swing.live:_eod_timer:765 - 1425 WS 연결 등록 40/40 재연결 6회 틱 294,977 (마지막 0초전) · 감시 30 (틱수신 30 · 확정봉 3240) 보유 10 신규 0/3 (일반 0/1) 대기 0 확인중 0 진입가능=슬롯 없음 미트리거 사유: 유지 11, 전일종가하회 8, VWAP하회 8, 음봉 2, 저점근접 1
2026-10-01 14:28:28.324 | INFO     | stock_bot.swing.live:_eod_timer:765 - 1428 WS 연결 등록 40/40 재연결 6회 틱 298,559 (마지막 0초전) · 감시 30 (틱수신 30 · 확정봉 3270) 보유 10 신규 0/3 (일반 0/1) 대기 0 확인중 0 진입가능=슬롯 없음 미트리거 사유: 유지 11, 전일종가하회 8, VWAP하회 8, 음봉 2, 저점근접 1
2026-10-01 14:31:28.796 | INFO     | stock_bot.swing.live:_eod_timer:765 - 1431 WS 연결 등록 40/40 재연결 6회 틱 302,083 (마지막 0초전) · 감시 30 (틱수신 30 · 확정봉 3300) 보유 10 신규 0/3 (일반 0/1) 대기 0 확인중 0 진입가능=슬롯 없음 미트리거 사유: 유지 11, 전일종가하회 8, VWAP하회 8, 저점근접 1, 눌림반등 1
2026-10-01 14:33:16.910 | INFO     | stock_bot.swing.live:_note:445 - 트리거 감지 009155 FLOW_PULLBACK 유지 @527,000 → 미진입: 슬롯 없음
2026-10-01 14:34:28.849 | INFO     | stock_bot.swing.live:_eod_timer:765 - 1434 WS 연결 등록 40/40 재연결 6회 틱 305,585 (마지막 0초전) · 감시 30 (틱수신 30 · 확정봉 3330) 보유 10 신규 0/3 (일반 0/1) 대기 0 확인중 0 진입가능=슬롯 없음 미트리거 사유: 유지 13, 전일종가하회 8, VWAP하회 6, 저점근접 1, 음봉 1
2026-10-01 14:37:28.901 | INFO     | stock_bot.swing.live:_eod_timer:765 - 1437 WS 연결 등록 40/40 재연결 6회 틱 309,088 (마지막 0초전) · 감시 30 (틱수신 30 · 확정봉 3360) 보유 10 신규 0/3 (일반 0/1) 대기 0 확인중 0 진입가능=슬롯 없음 미트리거 사유: 유지 12, 전일종가하회 8, VWAP하회 7, 저점근접 1, 눌림반등 1
2026-10-01 14:40:28.953 | INFO     | stock_bot.swing.live:_eod_timer:765 - 1440 WS 연결 등록 40/40 재연결 6회 틱 312,775 (마지막 0초전) · 감시 30 (틱수신 30 · 확정봉 3390) 보유 10 신규 0/3 (일반 0/1) 대기 0 확인중 0 진입가능=슬롯 없음 미트리거 사유: 유지 11, 전일종가하회 8, VWAP하회 8, 눌림반등 2, 저점근접 1
2026-10-01 14:43:29.001 | INFO     | stock_bot.swing.live:_eod_timer:765 - 1443 WS 연결 등록 40/40 재연결 6회 틱 316,783 (마지막 0초전) · 감시 30 (틱수신 30 · 확정봉 3420) 보유 10 신규 0/3 (일반 0/1) 대기 0 확인중 0 진입가능=슬롯 없음 미트리거 사유: 유지 11, 전일종가하회 8, VWAP하회 8, 저점근접 1, 음봉 1
2026-10-01 14:46:29.062 | INFO     | stock_bot.swing.live:_eod_timer:765 - 1446 WS 연결 등록 40/40 재연결 6회 틱 320,891 (마지막 0초전) · 감시 30 (틱수신 30 · 확정봉 3450) 보유 10 신규 0/3 (일반 0/1) 대기 0 확인중 0 진입가능=슬롯 없음 미트리거 사유: 유지 13, 전일종가하회 8, VWAP하회 6, 저점근접 1, 눌림반등 1
2026-10-01 14:49:29.119 | INFO     | stock_bot.swing.live:_eod_timer:765 - 1449 WS 연결 등록 40/40 재연결 6회 틱 324,865 (마지막 0초전) · 감시 30 (틱수신 30 · 확정봉 3480) 보유 10 신규 0/3 (일반 0/1) 대기 0 확인중 0 진입가능=슬롯 없음 미트리거 사유: 유지 15, 전일종가하회 9, VWAP하회 3, 음봉 2, 저점근접 1
2026-10-01 14:52:29.171 | INFO     | stock_bot.swing.live:_eod_timer:765 - 1452 WS 연결 등록 40/40 재연결 6회 틱 328,865 (마지막 0초전) · 감시 30 (틱수신 30 · 확정봉 3510) 보유 10 신규 0/3 (일반 0/1) 대기 0 확인중 0 진입가능=슬롯 없음 미트리거 사유: 유지 13, 전일종가하회 9, VWAP하회 6, 눌림반등 1, 음봉 1
2026-10-01 14:55:29.226 | INFO     | stock_bot.swing.live:_eod_timer:765 - 1455 WS 연결 등록 40/40 재연결 6회 틱 333,139 (마지막 0초전) · 감시 30 (틱수신 30 · 확정봉 3540) 보유 10 신규 0/3 (일반 0/1) 대기 0 확인중 0 진입가능=슬롯 없음 미트리거 사유: 유지 14, 전일종가하회 7, VWAP하회 6, 저점근접 1, 눌림반등 1
2026-10-01 14:58:29.284 | INFO     | stock_bot.swing.live:_eod_timer:765 - 1458 WS 연결 등록 40/40 재연결 6회 틱 337,188 (마지막 0초전) · 감시 30 (틱수신 30 · 확정봉 3570) 보유 10 신규 0/3 (일반 0/1) 대기 0 확인중 0 진입가능=슬롯 없음 미트리거 사유: 유지 13, 전일종가하회 9, VWAP하회 5, 음봉 2, 저점근접 1
2026-10-01 15:00:01.479 | WARNING  | stock_bot.broker.kis_ws:run:342 - 연결 끊김(7회차): ConnectionClosedError no close frame received or sent — 접속 유지 3599초, 1초 후 재접속
2026-10-01 15:00:01.480 | WARNING  | stock_bot.swing.live:on_gap:289 - WS 끊김 — 재접속 먼저, REST 백필 40종목은 백그라운드
2026-10-01 15:00:05.929 | INFO     | stock_bot.broker.kis_ws:_session:360 - ws 접속 ws://ops.koreainvestment.com:31000 (40종목)
2026-10-01 15:00:06.184 | INFO     | stock_bot.swing.live:on_tick:244 - WS 복구 — 틱 공백 5초
2026-10-01 15:00:06.302 | INFO     | stock_bot.broker.kis_ws:_register:265 - 등록 40/40건
2026-10-01 15:01:30.967 | INFO     | stock_bot.swing.live:_eod_timer:765 - 1501 WS 연결 등록 40/40 재연결 7회 틱 341,166 (마지막 0초전) · 감시 30 (틱수신 30 · 확정봉 3600) 보유 10 신규 0/3 (일반 0/1) 대기 0 확인중 0 진입가능=슬롯 없음 미트리거 사유: 유지 12, 전일종가하회 9, VWAP하회 6, 음봉 2, 저점근접 1
2026-10-01 15:02:56.107 | INFO     | stock_bot.swing.live:_backfill:323 - REST 백필 완료 40/40종목 (실패 0) — 틱 공백 5초 · 세션 고저 갱신
2026-10-01 15:04:31.022 | INFO     | stock_bot.swing.live:_eod_timer:765 - 1504 WS 연결 등록 40/40 재연결 7회 틱 344,819 (마지막 0초전) · 감시 30 (틱수신 30 · 확정봉 3630) 보유 10 신규 0/3 (일반 0/1) 대기 0 확인중 0 진입가능=슬롯 없음 미트리거 사유: 유지 13, 전일종가하회 9, VWAP하회 5, 저점근접 1, 눌림반등 1
2026-10-01 15:07:31.079 | INFO     | stock_bot.swing.live:_eod_timer:765 - 1507 WS 연결 등록 40/40 재연결 7회 틱 348,630 (마지막 0초전) · 감시 30 (틱수신 30 · 확정봉 3660) 보유 10 신규 0/3 (일반 0/1) 대기 0 확인중 0 진입가능=슬롯 없음 미트리거 사유: 유지 14, 전일종가하회 8, VWAP하회 5, 눌림반등 2, 저점근접 1
2026-10-01 15:10:32.136 | INFO     | stock_bot.swing.live:_eod_timer:765 - 1510 WS 연결 등록 40/40 재연결 7회 틱 352,473 (마지막 0초전) · 감시 30 (틱수신 30 · 확정봉 3690) 보유 10 신규 0/3 (일반 0/1) 대기 0 확인중 0 진입가능=슬롯 없음 미트리거 사유: 유지 15, 전일종가하회 8, VWAP하회 4, 저점근접 1, 음봉 1
2026-10-01 15:13:32.202 | INFO     | stock_bot.swing.live:_eod_timer:765 - 1513 WS 연결 등록 40/40 재연결 7회 틱 356,235 (마지막 0초전) · 감시 30 (틱수신 30 · 확정봉 3720) 보유 10 신규 0/3 (일반 0/1) 대기 0 확인중 0 진입가능=슬롯 없음 미트리거 사유: 유지 16, 전일종가하회 9, VWAP하회 3, 음봉 2
2026-10-01 15:15:01.008 | INFO     | stock_bot.swing.live:_note:445 - 트리거 감지 053800 MOMENTUM 유지 @77,600 → 미진입: 시간후
2026-10-01 15:15:01.205 | INFO     | stock_bot.swing.live:_note:445 - 트리거 감지 059090 MOMENTUM 유지 @23,400 → 미진입: 시간후
2026-10-01 15:15:01.617 | INFO     | stock_bot.swing.live:_note:445 - 트리거 감지 144960 MOMENTUM 유지 @13,140 → 미진입: 시간후
2026-10-01 15:15:17.789 | INFO     | stock_bot.swing.live:_note:445 - 트리거 감지 033640 MOMENTUM 유지 @31,650 → 미진입: 시간후
2026-10-01 15:16:32.254 | INFO     | stock_bot.swing.live:_eod_timer:765 - 1516 WS 연결 등록 40/40 재연결 7회 틱 360,181 (마지막 0초전) · 감시 30 (틱수신 30 · 확정봉 3750) 보유 10 신규 0/3 (일반 0/1) 대기 0 확인중 0 진입가능=시간후 미트리거 사유: 유지 14, 전일종가하회 9, VWAP하회 4, 저점근접 1, 눌림반등 1
2026-10-01 15:18:00.072 | INFO     | stock_bot.swing.live:_note:445 - 트리거 감지 356860 MOMENTUM 유지 @48,300 → 미진입: 시간후
2026-10-01 15:18:00.076 | INFO     | stock_bot.swing.live:_note:445 - 트리거 감지 192820 MOMENTUM 유지 @279,000 → 미진입: 시간후
2026-10-01 15:18:00.080 | INFO     | stock_bot.swing.live:_note:445 - 트리거 감지 122640 MOMENTUM 유지 @34,450 → 미진입: 시간후
2026-10-01 15:18:00.084 | INFO     | stock_bot.swing.live:_note:445 - 트리거 감지 000990 MOMENTUM 유지 @141,500 → 미진입: 시간후
2026-10-01 15:18:00.319 | INFO     | stock_bot.swing.live:_note:445 - 트리거 감지 214450 MEANREV 눌림반등 @314,000 → 미진입: 시간후
2026-10-01 15:18:00.524 | INFO     | stock_bot.swing.live:_note:445 - 트리거 감지 064760 MOMENTUM 유지 @312,500 → 미진입: 시간후
2026-10-01 15:18:00.542 | INFO     | stock_bot.swing.live:_note:445 - 트리거 감지 425420 MOMENTUM 유지 @73,900 → 미진입: 시간후
2026-10-01 15:18:00.730 | INFO     | stock_bot.swing.live:_note:445 - 트리거 감지 011200 MOMENTUM 유지 @21,150 → 미진입: 시간후
2026-10-01 15:18:00.746 | INFO     | stock_bot.swing.live:_note:445 - 트리거 감지 232140 MOMENTUM 유지 @15,945 → 미진입: 시간후
2026-10-01 15:18:00.761 | INFO     | stock_bot.swing.live:_note:445 - 트리거 감지 092870 MOMENTUM 유지 @53,200 → 미진입: 시간후
2026-10-01 15:18:02.625 | INFO     | stock_bot.swing.live:_note:445 - 트리거 감지 009155 FLOW_PULLBACK 유지 @528,000 → 미진입: 시간후
2026-10-01 15:18:04.677 | INFO     | stock_bot.swing.live:_note:445 - 트리거 감지 073240 MOMENTUM 유지 @6,870 → 미진입: 시간후
2026-10-01 15:19:32.311 | INFO     | stock_bot.swing.live:_eod_timer:765 - 1519 WS 연결 등록 40/40 재연결 7회 틱 363,959 (마지막 0초전) · 감시 30 (틱수신 30 · 확정봉 3780) 보유 10 신규 0/3 (일반 0/1) 대기 0 확인중 0 진입가능=시간후 미트리거 사유: 유지 15, 전일종가하회 8, VWAP하회 4, 저점근접 1, 눌림반등 1
2026-10-01 15:20:02.324 | INFO     | stock_bot.swing.live:eod:673 - 15:20 마감 판정 — 보유 10
2026-10-01 15:20:18.200 | INFO     | stock_bot.swing.live:eod:703 - 마감 요약: WS 연결 등록 40/40 재연결 7회 틱 364,591 (마지막 18초전) · 감시 30 (틱수신 30 · 확정봉 3780) 보유 10 신규 0/3 (일반 0/1) 대기 0 확인중 0 진입가능=시간후 미트리거 사유: 유지 15, 전일종가하회 8, VWAP하회 4, 저점근접 1, 눌림반등 1
2026-10-01 15:30:05.965 | INFO     | stock_bot.swing.live:_note:445 - 트리거 감지 039490 MEANREV 눌림반등 @263,000 → 미진입: 시간후
2026-10-01 15:31:00.754 | INFO     | stock_bot.swing.live:_note:445 - 트리거 감지 252990 MOMENTUM 유지 @20,150 → 미진입: 시간후
2026-10-01 15:31:00.765 | INFO     | stock_bot.swing.live:run:819 - WS 종료 1531 — WS 연결 등록 40/40 재연결 7회 틱 364,631 (마지막 30초전)
2026-10-01 15:46:03.472 | INFO     | stock_bot.live.runner:_is_trading_day:661 - 거래일 판정 2026-10-01 → 거래일 (출처: exchange_calendars)
2026-10-01 15:52:49.131 | INFO     | stock_bot.swing.collector:collect_daily:494 - collect_daily 100/2772 ok=100 fail=0 380s
2026-10-01 15:58:07.540 | INFO     | stock_bot.swing.collector:collect_daily:494 - collect_daily 200/2772 ok=200 fail=0 698s
2026-10-01 16:03:11.631 | INFO     | stock_bot.swing.collector:collect_daily:494 - collect_daily 300/2772 ok=300 fail=0 1002s
2026-10-01 16:10:29.298 | INFO     | stock_bot.swing.collector:collect_daily:494 - collect_daily 400/2772 ok=400 fail=0 1440s
2026-10-01 16:16:31.487 | INFO     | stock_bot.swing.collector:collect_daily:494 - collect_daily 500/2772 ok=500 fail=0 1802s
2026-10-01 16:22:23.424 | INFO     | stock_bot.swing.collector:collect_daily:494 - collect_daily 600/2772 ok=600 fail=0 2154s
2026-10-01 16:29:04.900 | INFO     | stock_bot.swing.collector:collect_daily:494 - collect_daily 700/2772 ok=700 fail=0 2555s
2026-10-01 16:37:16.502 | INFO     | stock_bot.swing.collector:collect_daily:494 - collect_daily 800/2772 ok=800 fail=0 3047s
2026-10-01 16:45:37.353 | INFO     | stock_bot.swing.collector:collect_daily:494 - collect_daily 900/2772 ok=900 fail=0 3548s
2026-10-01 16:51:39.452 | INFO     | stock_bot.swing.collector:collect_daily:494 - collect_daily 1000/2772 ok=1000 fail=0 3910s
2026-10-01 16:57:19.045 | INFO     | stock_bot.swing.collector:collect_daily:494 - collect_daily 1100/2772 ok=1100 fail=0 4249s
2026-10-01 17:04:55.230 | INFO     | stock_bot.swing.collector:collect_daily:494 - collect_daily 1200/2772 ok=1200 fail=0 4706s
2026-10-01 17:10:46.323 | INFO     | stock_bot.swing.collector:collect_daily:494 - collect_daily 1300/2772 ok=1300 fail=0 5057s
2026-10-01 17:16:35.353 | INFO     | stock_bot.swing.collector:collect_daily:494 - collect_daily 1400/2772 ok=1400 fail=0 5406s
2026-10-01 17:22:07.859 | INFO     | stock_bot.swing.collector:collect_daily:494 - collect_daily 1500/2772 ok=1500 fail=0 5738s
2026-10-01 17:28:10.248 | INFO     | stock_bot.swing.collector:collect_daily:494 - collect_daily 1600/2772 ok=1600 fail=0 6101s
2026-10-01 17:34:01.900 | INFO     | stock_bot.swing.collector:collect_daily:494 - collect_daily 1700/2772 ok=1700 fail=0 6452s
2026-10-01 17:45:20.399 | INFO     | stock_bot.swing.collector:collect_daily:494 - collect_daily 1800/2772 ok=1800 fail=0 7131s
2026-10-01 17:54:44.918 | INFO     | stock_bot.swing.collector:collect_daily:494 - collect_daily 1900/2772 ok=1900 fail=0 7695s
2026-10-01 18:01:55.493 | INFO     | stock_bot.swing.collector:collect_daily:494 - collect_daily 2000/2772 ok=2000 fail=0 8126s
2026-10-01 18:09:33.446 | INFO     | stock_bot.swing.collector:collect_daily:494 - collect_daily 2100/2772 ok=2100 fail=0 8584s
2026-10-01 18:14:38.060 | INFO     | stock_bot.swing.collector:collect_daily:494 - collect_daily 2200/2772 ok=2200 fail=0 8888s
2026-10-01 18:20:03.734 | INFO     | stock_bot.swing.collector:collect_daily:494 - collect_daily 2300/2772 ok=2300 fail=0 9214s
2026-10-01 18:25:11.251 | INFO     | stock_bot.swing.collector:collect_daily:494 - collect_daily 2400/2772 ok=2400 fail=0 9522s
2026-10-01 18:31:19.883 | INFO     | stock_bot.swing.collector:collect_daily:494 - collect_daily 2500/2772 ok=2500 fail=0 9890s
2026-10-01 18:36:55.117 | INFO     | stock_bot.swing.collector:collect_daily:494 - collect_daily 2600/2772 ok=2600 fail=0 10225s
2026-10-01 18:43:24.540 | INFO     | stock_bot.swing.collector:collect_daily:494 - collect_daily 2700/2772 ok=2700 fail=0 10615s
2026-10-01 18:55:16.235 | INFO     | stock_bot.swing.daily_scan:scan:127 - scan 20261001: panel 2751종목, strategies=['NEWHIGH', 'MOMENTUM', 'FLOW_PULLBACK', 'FLOW_FORGN', 'FLOW_INST', 'FLOW_BOTH', 'MEANREV', 'GAPGO'], trend=False
2026-10-01 19:14:35.610 | INFO     | stock_bot.swing.daily_scan:run_nightly_scan:321 - scan 20261001: 신호 3679건(게이트통과 444), 후보 풀 50 (풀 밖 265) → 축 하한 20 탈락 17 → 감시 33(예비 3 포함)종목
2026-10-01 19:14:35.641 | INFO     | stock_bot.swing.daily_scan:run_nightly_scan:326 - 축 채움률: setup 100% / value 97% / quality 97% / growth 96% / flow 100% / liq 100% / prog 100%
2026-10-01 19:14:35.648 | INFO     | __main__:main:107 - nightly 20261001 ok: universe=2766 | collect ok=2772 fail=0 skipped=0 | index+1 | complete=2766/2772 (100%) | signals=3679 watch=33 | 12512s
