2026-07-12 00:00:00.032 | DEBUG    | stock_bot.live.runner:_send_cost_report:445 - claude_code 백엔드 — API 비용 리포트 생략
2026-07-12 00:00:00.285 | INFO     | stock_bot.news.crawler:fetch_naver_news:165 - news relevance filter: 10 → 1 (제외 9건) [006360]
2026-07-12 00:00:00.286 | INFO     | stock_bot.news.crawler:fetch_naver_news:170 - fetched 1 news items for 006360
2026-07-12 00:00:00.291 | DEBUG    | stock_bot.live.runner:_news_tick:624 - news 006360 new=0/1 (모두 중복)
2026-07-12 00:00:00.630 | INFO     | stock_bot.news.crawler:fetch_naver_news:170 - fetched 1 news items for 013580
2026-07-12 00:00:00.635 | DEBUG    | stock_bot.live.runner:_news_tick:624 - news 013580 new=0/1 (모두 중복)
2026-07-12 00:05:00.554 | DEBUG    | stock_bot.live.backup:_export_logs:182 - backup: bot 로그 2026-07-11 추출 16KB
2026-07-12 00:05:06.093 | DEBUG    | stock_bot.live.backup:_export_logs:182 - backup: web 로그 2026-07-11 추출 562KB
2026-07-12 00:05:06.115 | DEBUG    | stock_bot.live.backup:_export_logs:182 - backup: leader 로그 2026-07-11 추출 0KB
2026-07-12 00:05:08.724 | DEBUG    | stock_bot.live.backup:_git_push:265 - backup: origin 정렬됨(behind=0) → reset 생략, 바로 push
2026-07-12 00:05:10.847 | INFO     | stock_bot.live.backup:run_backup:344 - backup 완료: trades=61 reviews=56 news=0 log=579KB → git push
2026-07-12 01:00:00.263 | INFO     | stock_bot.news.crawler:fetch_naver_news:165 - news relevance filter: 10 → 1 (제외 9건) [006360]
2026-07-12 01:00:00.264 | INFO     | stock_bot.news.crawler:fetch_naver_news:170 - fetched 1 news items for 006360
2026-07-12 01:00:00.270 | DEBUG    | stock_bot.live.runner:_news_tick:624 - news 006360 new=0/1 (모두 중복)
2026-07-12 01:00:00.469 | INFO     | stock_bot.news.crawler:fetch_naver_news:170 - fetched 1 news items for 013580
2026-07-12 01:00:00.474 | DEBUG    | stock_bot.live.runner:_news_tick:624 - news 013580 new=0/1 (모두 중복)
2026-07-12 02:00:00.258 | INFO     | stock_bot.news.crawler:fetch_naver_news:165 - news relevance filter: 10 → 1 (제외 9건) [006360]
2026-07-12 02:00:00.260 | INFO     | stock_bot.news.crawler:fetch_naver_news:170 - fetched 1 news items for 006360
2026-07-12 02:00:00.265 | DEBUG    | stock_bot.live.runner:_news_tick:624 - news 006360 new=0/1 (모두 중복)
2026-07-12 02:00:00.471 | INFO     | stock_bot.news.crawler:fetch_naver_news:170 - fetched 1 news items for 013580
2026-07-12 02:00:00.476 | DEBUG    | stock_bot.live.runner:_news_tick:624 - news 013580 new=0/1 (모두 중복)
2026-07-12 03:00:00.275 | INFO     | stock_bot.news.crawler:fetch_naver_news:165 - news relevance filter: 10 → 1 (제외 9건) [006360]
2026-07-12 03:00:00.276 | INFO     | stock_bot.news.crawler:fetch_naver_news:170 - fetched 1 news items for 006360
2026-07-12 03:00:00.281 | DEBUG    | stock_bot.live.runner:_news_tick:624 - news 006360 new=0/1 (모두 중복)
2026-07-12 03:00:00.492 | INFO     | stock_bot.news.crawler:fetch_naver_news:170 - fetched 1 news items for 013580
2026-07-12 03:00:00.497 | DEBUG    | stock_bot.live.runner:_news_tick:624 - news 013580 new=0/1 (모두 중복)
2026-07-12 04:00:00.309 | INFO     | stock_bot.news.crawler:fetch_naver_news:165 - news relevance filter: 10 → 1 (제외 9건) [006360]
2026-07-12 04:00:00.310 | INFO     | stock_bot.news.crawler:fetch_naver_news:170 - fetched 1 news items for 006360
2026-07-12 04:00:00.315 | DEBUG    | stock_bot.live.runner:_news_tick:624 - news 006360 new=0/1 (모두 중복)
2026-07-12 04:00:00.516 | INFO     | stock_bot.news.crawler:fetch_naver_news:170 - fetched 1 news items for 013580
2026-07-12 04:00:00.521 | DEBUG    | stock_bot.live.runner:_news_tick:624 - news 013580 new=0/1 (모두 중복)
2026-07-12 05:00:00.265 | INFO     | stock_bot.news.crawler:fetch_naver_news:165 - news relevance filter: 10 → 1 (제외 9건) [006360]
2026-07-12 05:00:00.267 | INFO     | stock_bot.news.crawler:fetch_naver_news:170 - fetched 1 news items for 006360
2026-07-12 05:00:00.272 | DEBUG    | stock_bot.live.runner:_news_tick:624 - news 006360 new=0/1 (모두 중복)
2026-07-12 05:00:00.481 | INFO     | stock_bot.news.crawler:fetch_naver_news:170 - fetched 1 news items for 013580
2026-07-12 05:00:00.486 | DEBUG    | stock_bot.live.runner:_news_tick:624 - news 013580 new=0/1 (모두 중복)
2026-07-12 06:00:00.238 | INFO     | stock_bot.news.crawler:fetch_naver_news:165 - news relevance filter: 10 → 1 (제외 9건) [006360]
2026-07-12 06:00:00.240 | INFO     | stock_bot.news.crawler:fetch_naver_news:170 - fetched 1 news items for 006360
2026-07-12 06:00:00.245 | DEBUG    | stock_bot.live.runner:_news_tick:624 - news 006360 new=0/1 (모두 중복)
2026-07-12 06:00:00.442 | INFO     | stock_bot.news.crawler:fetch_naver_news:170 - fetched 1 news items for 013580
2026-07-12 06:00:00.448 | DEBUG    | stock_bot.live.runner:_news_tick:624 - news 013580 new=0/1 (모두 중복)
2026-07-12 07:00:00.927 | INFO     | stock_bot.news.crawler:fetch_naver_news:165 - news relevance filter: 11 → 1 (제외 10건) [006360]
2026-07-12 07:00:00.928 | INFO     | stock_bot.news.crawler:fetch_naver_news:170 - fetched 1 news items for 006360
2026-07-12 07:00:00.933 | DEBUG    | stock_bot.live.runner:_news_tick:624 - news 006360 new=0/1 (모두 중복)
2026-07-12 07:00:01.187 | INFO     | stock_bot.news.crawler:fetch_naver_news:170 - fetched 1 news items for 013580
2026-07-12 07:00:01.193 | DEBUG    | stock_bot.live.runner:_news_tick:624 - news 013580 new=0/1 (모두 중복)
2026-07-12 08:00:00.930 | INFO     | stock_bot.news.crawler:fetch_naver_news:165 - news relevance filter: 12 → 1 (제외 11건) [006360]
2026-07-12 08:00:00.932 | INFO     | stock_bot.news.crawler:fetch_naver_news:170 - fetched 1 news items for 006360
2026-07-12 08:00:18.859 | INFO     | stock_bot.live.runner:_news_tick:663 - news 006360 new=1/1 critical=0 llm_batch=1
2026-07-12 08:00:19.131 | INFO     | stock_bot.news.crawler:fetch_naver_news:170 - fetched 1 news items for 013580
2026-07-12 08:00:19.136 | DEBUG    | stock_bot.live.runner:_news_tick:624 - news 013580 new=0/1 (모두 중복)
2026-07-12 09:00:00.913 | INFO     | stock_bot.news.crawler:fetch_naver_news:165 - news relevance filter: 13 → 1 (제외 12건) [006360]
2026-07-12 09:00:00.914 | INFO     | stock_bot.news.crawler:fetch_naver_news:170 - fetched 1 news items for 006360
2026-07-12 09:00:00.919 | DEBUG    | stock_bot.live.runner:_news_tick:624 - news 006360 new=0/1 (모두 중복)
2026-07-12 09:00:01.118 | INFO     | stock_bot.news.crawler:fetch_naver_news:170 - fetched 1 news items for 013580
2026-07-12 09:00:01.123 | DEBUG    | stock_bot.live.runner:_news_tick:624 - news 013580 new=0/1 (모두 중복)
2026-07-12 10:00:00.967 | INFO     | stock_bot.news.crawler:fetch_naver_news:165 - news relevance filter: 13 → 1 (제외 12건) [006360]
2026-07-12 10:00:00.968 | INFO     | stock_bot.news.crawler:fetch_naver_news:170 - fetched 1 news items for 006360
2026-07-12 10:00:00.973 | DEBUG    | stock_bot.live.runner:_news_tick:624 - news 006360 new=0/1 (모두 중복)
2026-07-12 10:00:01.177 | INFO     | stock_bot.news.crawler:fetch_naver_news:170 - fetched 1 news items for 013580
2026-07-12 10:00:01.182 | DEBUG    | stock_bot.live.runner:_news_tick:624 - news 013580 new=0/1 (모두 중복)
2026-07-12 11:00:00.892 | INFO     | stock_bot.news.crawler:fetch_naver_news:165 - news relevance filter: 14 → 1 (제외 13건) [006360]
2026-07-12 11:00:00.893 | INFO     | stock_bot.news.crawler:fetch_naver_news:170 - fetched 1 news items for 006360
2026-07-12 11:00:00.898 | DEBUG    | stock_bot.live.runner:_news_tick:624 - news 006360 new=0/1 (모두 중복)
2026-07-12 11:00:01.099 | INFO     | stock_bot.news.crawler:fetch_naver_news:170 - fetched 1 news items for 013580
2026-07-12 11:00:01.104 | DEBUG    | stock_bot.live.runner:_news_tick:624 - news 013580 new=0/1 (모두 중복)
2026-07-12 12:00:00.964 | INFO     | stock_bot.news.crawler:fetch_naver_news:165 - news relevance filter: 14 → 1 (제외 13건) [006360]
2026-07-12 12:00:00.965 | INFO     | stock_bot.news.crawler:fetch_naver_news:170 - fetched 1 news items for 006360
2026-07-12 12:00:00.971 | DEBUG    | stock_bot.live.runner:_news_tick:624 - news 006360 new=0/1 (모두 중복)
2026-07-12 12:00:01.174 | INFO     | stock_bot.news.crawler:fetch_naver_news:170 - fetched 1 news items for 013580
2026-07-12 12:00:01.183 | DEBUG    | stock_bot.live.runner:_news_tick:624 - news 013580 new=0/1 (모두 중복)
2026-07-12 13:00:00.908 | INFO     | stock_bot.news.crawler:fetch_naver_news:165 - news relevance filter: 14 → 1 (제외 13건) [006360]
2026-07-12 13:00:00.909 | INFO     | stock_bot.news.crawler:fetch_naver_news:170 - fetched 1 news items for 006360
2026-07-12 13:00:00.914 | DEBUG    | stock_bot.live.runner:_news_tick:624 - news 006360 new=0/1 (모두 중복)
2026-07-12 13:00:01.124 | INFO     | stock_bot.news.crawler:fetch_naver_news:170 - fetched 1 news items for 013580
2026-07-12 13:00:01.129 | DEBUG    | stock_bot.live.runner:_news_tick:624 - news 013580 new=0/1 (모두 중복)
2026-07-12 14:00:00.847 | INFO     | stock_bot.news.crawler:fetch_naver_news:165 - news relevance filter: 15 → 1 (제외 14건) [006360]
2026-07-12 14:00:00.848 | INFO     | stock_bot.news.crawler:fetch_naver_news:170 - fetched 1 news items for 006360
2026-07-12 14:00:00.853 | DEBUG    | stock_bot.live.runner:_news_tick:624 - news 006360 new=0/1 (모두 중복)
2026-07-12 14:00:01.118 | INFO     | stock_bot.news.crawler:fetch_naver_news:170 - fetched 1 news items for 013580
2026-07-12 14:00:01.123 | DEBUG    | stock_bot.live.runner:_news_tick:624 - news 013580 new=0/1 (모두 중복)
2026-07-12 15:00:00.900 | INFO     | stock_bot.news.crawler:fetch_naver_news:165 - news relevance filter: 17 → 1 (제외 16건) [006360]
2026-07-12 15:00:00.901 | INFO     | stock_bot.news.crawler:fetch_naver_news:170 - fetched 1 news items for 006360
2026-07-12 15:00:00.906 | DEBUG    | stock_bot.live.runner:_news_tick:624 - news 006360 new=0/1 (모두 중복)
2026-07-12 15:00:01.111 | INFO     | stock_bot.news.crawler:fetch_naver_news:170 - fetched 2 news items for 013580
2026-07-12 15:00:08.856 | INFO     | stock_bot.live.runner:_news_tick:663 - news 013580 new=1/2 critical=0 llm_batch=1
2026-07-12 16:00:00.973 | INFO     | stock_bot.news.crawler:fetch_naver_news:165 - news relevance filter: 17 → 1 (제외 16건) [006360]
2026-07-12 16:00:00.973 | INFO     | stock_bot.news.crawler:fetch_naver_news:170 - fetched 1 news items for 006360
2026-07-12 16:00:00.979 | DEBUG    | stock_bot.live.runner:_news_tick:624 - news 006360 new=0/1 (모두 중복)
2026-07-12 16:00:01.217 | INFO     | stock_bot.news.crawler:fetch_naver_news:170 - fetched 1 news items for 013580
2026-07-12 16:00:01.223 | DEBUG    | stock_bot.live.runner:_news_tick:624 - news 013580 new=0/1 (모두 중복)
2026-07-12 17:00:00.974 | INFO     | stock_bot.news.crawler:fetch_naver_news:165 - news relevance filter: 17 → 1 (제외 16건) [006360]
2026-07-12 17:00:00.975 | INFO     | stock_bot.news.crawler:fetch_naver_news:170 - fetched 1 news items for 006360
2026-07-12 17:00:00.980 | DEBUG    | stock_bot.live.runner:_news_tick:624 - news 006360 new=0/1 (모두 중복)
2026-07-12 17:00:01.188 | INFO     | stock_bot.news.crawler:fetch_naver_news:170 - fetched 1 news items for 013580
2026-07-12 17:00:01.193 | DEBUG    | stock_bot.live.runner:_news_tick:624 - news 013580 new=0/1 (모두 중복)
2026-07-12 18:00:00.846 | INFO     | stock_bot.news.crawler:fetch_naver_news:165 - news relevance filter: 17 → 1 (제외 16건) [006360]
2026-07-12 18:00:00.847 | INFO     | stock_bot.news.crawler:fetch_naver_news:170 - fetched 1 news items for 006360
2026-07-12 18:00:00.852 | DEBUG    | stock_bot.live.runner:_news_tick:624 - news 006360 new=0/1 (모두 중복)
2026-07-12 18:00:01.060 | INFO     | stock_bot.news.crawler:fetch_naver_news:170 - fetched 1 news items for 013580
2026-07-12 18:00:01.065 | DEBUG    | stock_bot.live.runner:_news_tick:624 - news 013580 new=0/1 (모두 중복)
2026-07-12 19:00:00.910 | INFO     | stock_bot.news.crawler:fetch_naver_news:165 - news relevance filter: 18 → 1 (제외 17건) [006360]
2026-07-12 19:00:00.911 | INFO     | stock_bot.news.crawler:fetch_naver_news:170 - fetched 1 news items for 006360
2026-07-12 19:00:00.917 | DEBUG    | stock_bot.live.runner:_news_tick:624 - news 006360 new=0/1 (모두 중복)
2026-07-12 19:00:01.138 | INFO     | stock_bot.news.crawler:fetch_naver_news:170 - fetched 1 news items for 013580
2026-07-12 19:00:01.144 | DEBUG    | stock_bot.live.runner:_news_tick:624 - news 013580 new=0/1 (모두 중복)
2026-07-12 20:00:00.982 | INFO     | stock_bot.news.crawler:fetch_naver_news:165 - news relevance filter: 18 → 1 (제외 17건) [006360]
2026-07-12 20:00:00.983 | INFO     | stock_bot.news.crawler:fetch_naver_news:170 - fetched 1 news items for 006360
2026-07-12 20:00:00.988 | DEBUG    | stock_bot.live.runner:_news_tick:624 - news 006360 new=0/1 (모두 중복)
2026-07-12 20:00:01.199 | INFO     | stock_bot.news.crawler:fetch_naver_news:170 - fetched 1 news items for 013580
2026-07-12 20:00:01.204 | DEBUG    | stock_bot.live.runner:_news_tick:624 - news 013580 new=0/1 (모두 중복)
2026-07-12 21:00:00.896 | INFO     | stock_bot.news.crawler:fetch_naver_news:165 - news relevance filter: 19 → 1 (제외 18건) [006360]
2026-07-12 21:00:00.897 | INFO     | stock_bot.news.crawler:fetch_naver_news:170 - fetched 1 news items for 006360
2026-07-12 21:00:00.903 | DEBUG    | stock_bot.live.runner:_news_tick:624 - news 006360 new=0/1 (모두 중복)
2026-07-12 21:00:01.100 | INFO     | stock_bot.news.crawler:fetch_naver_news:170 - fetched 1 news items for 013580
2026-07-12 21:00:01.106 | DEBUG    | stock_bot.live.runner:_news_tick:624 - news 013580 new=0/1 (모두 중복)
2026-07-12 22:00:00.878 | INFO     | stock_bot.news.crawler:fetch_naver_news:165 - news relevance filter: 19 → 1 (제외 18건) [006360]
2026-07-12 22:00:00.880 | INFO     | stock_bot.news.crawler:fetch_naver_news:170 - fetched 1 news items for 006360
2026-07-12 22:00:00.885 | DEBUG    | stock_bot.live.runner:_news_tick:624 - news 006360 new=0/1 (모두 중복)
2026-07-12 22:00:01.151 | INFO     | stock_bot.news.crawler:fetch_naver_news:170 - fetched 1 news items for 013580
2026-07-12 22:00:01.156 | DEBUG    | stock_bot.live.runner:_news_tick:624 - news 013580 new=0/1 (모두 중복)
2026-07-12 23:00:00.840 | INFO     | stock_bot.news.crawler:fetch_naver_news:165 - news relevance filter: 19 → 1 (제외 18건) [006360]
2026-07-12 23:00:00.840 | INFO     | stock_bot.news.crawler:fetch_naver_news:170 - fetched 1 news items for 006360
2026-07-12 23:00:00.846 | DEBUG    | stock_bot.live.runner:_news_tick:624 - news 006360 new=0/1 (모두 중복)
2026-07-12 23:00:01.053 | INFO     | stock_bot.news.crawler:fetch_naver_news:170 - fetched 1 news items for 013580
2026-07-12 23:00:01.058 | DEBUG    | stock_bot.live.runner:_news_tick:624 - news 013580 new=0/1 (모두 중복)
