2026-09-13 00:00:00.005 | DEBUG    | stock_bot.live.runner:_send_cost_report:546 - claude_code 백엔드 — API 비용 리포트 생략
2026-09-13 00:00:00.946 | INFO     | stock_bot.news.crawler:fetch_naver_news:165 - news relevance filter: 35 → 0 (제외 35건) [034020]
2026-09-13 00:00:00.946 | INFO     | stock_bot.news.crawler:fetch_naver_news:170 - fetched 0 news items for 034020
2026-09-13 00:00:00.948 | DEBUG    | stock_bot.live.runner:_news_tick:774 - news 034020 new=0/0 (모두 중복)
2026-09-13 00:00:01.173 | INFO     | stock_bot.news.crawler:fetch_naver_news:165 - news relevance filter: 5 → 0 (제외 5건) [241560]
2026-09-13 00:00:01.174 | INFO     | stock_bot.news.crawler:fetch_naver_news:170 - fetched 0 news items for 241560
2026-09-13 00:00:01.176 | DEBUG    | stock_bot.live.runner:_news_tick:774 - news 241560 new=0/0 (모두 중복)
2026-09-13 00:00:01.422 | INFO     | stock_bot.news.crawler:fetch_naver_news:165 - news relevance filter: 3 → 0 (제외 3건) [123330]
2026-09-13 00:00:01.423 | INFO     | stock_bot.news.crawler:fetch_naver_news:170 - fetched 0 news items for 123330
2026-09-13 00:00:01.425 | DEBUG    | stock_bot.live.runner:_news_tick:774 - news 123330 new=0/0 (모두 중복)
2026-09-13 00:05:00.953 | DEBUG    | stock_bot.live.backup:_export_logs:182 - backup: bot 로그 2026-09-12 추출 26KB
2026-09-13 00:05:06.286 | DEBUG    | stock_bot.live.backup:_export_logs:182 - backup: web 로그 2026-09-12 추출 34KB
2026-09-13 00:05:07.747 | DEBUG    | stock_bot.live.backup:_git_push:286 - backup: origin 정렬됨(behind=0) → reset 생략, 바로 push
2026-09-13 00:05:10.032 | INFO     | stock_bot.live.backup:run_backup:365 - backup 완료: trades=68 reviews=38 news=0 log=60KB → git push
2026-09-13 01:00:00.920 | INFO     | stock_bot.news.crawler:fetch_naver_news:165 - news relevance filter: 35 → 0 (제외 35건) [034020]
2026-09-13 01:00:00.921 | INFO     | stock_bot.news.crawler:fetch_naver_news:170 - fetched 0 news items for 034020
2026-09-13 01:00:00.923 | DEBUG    | stock_bot.live.runner:_news_tick:774 - news 034020 new=0/0 (모두 중복)
2026-09-13 01:00:01.148 | INFO     | stock_bot.news.crawler:fetch_naver_news:165 - news relevance filter: 5 → 0 (제외 5건) [241560]
2026-09-13 01:00:01.149 | INFO     | stock_bot.news.crawler:fetch_naver_news:170 - fetched 0 news items for 241560
2026-09-13 01:00:01.150 | DEBUG    | stock_bot.live.runner:_news_tick:774 - news 241560 new=0/0 (모두 중복)
2026-09-13 01:00:01.351 | INFO     | stock_bot.news.crawler:fetch_naver_news:165 - news relevance filter: 3 → 0 (제외 3건) [123330]
2026-09-13 01:00:01.352 | INFO     | stock_bot.news.crawler:fetch_naver_news:170 - fetched 0 news items for 123330
2026-09-13 01:00:01.354 | DEBUG    | stock_bot.live.runner:_news_tick:774 - news 123330 new=0/0 (모두 중복)
2026-09-13 02:00:00.975 | INFO     | stock_bot.news.crawler:fetch_naver_news:165 - news relevance filter: 35 → 0 (제외 35건) [034020]
2026-09-13 02:00:00.976 | INFO     | stock_bot.news.crawler:fetch_naver_news:170 - fetched 0 news items for 034020
2026-09-13 02:00:00.977 | DEBUG    | stock_bot.live.runner:_news_tick:774 - news 034020 new=0/0 (모두 중복)
2026-09-13 02:00:01.191 | INFO     | stock_bot.news.crawler:fetch_naver_news:165 - news relevance filter: 5 → 0 (제외 5건) [241560]
2026-09-13 02:00:01.192 | INFO     | stock_bot.news.crawler:fetch_naver_news:170 - fetched 0 news items for 241560
2026-09-13 02:00:01.193 | DEBUG    | stock_bot.live.runner:_news_tick:774 - news 241560 new=0/0 (모두 중복)
2026-09-13 02:00:01.401 | INFO     | stock_bot.news.crawler:fetch_naver_news:165 - news relevance filter: 3 → 0 (제외 3건) [123330]
2026-09-13 02:00:01.402 | INFO     | stock_bot.news.crawler:fetch_naver_news:170 - fetched 0 news items for 123330
2026-09-13 02:00:01.404 | DEBUG    | stock_bot.live.runner:_news_tick:774 - news 123330 new=0/0 (모두 중복)
2026-09-13 03:00:00.948 | INFO     | stock_bot.news.crawler:fetch_naver_news:165 - news relevance filter: 35 → 0 (제외 35건) [034020]
2026-09-13 03:00:00.950 | INFO     | stock_bot.news.crawler:fetch_naver_news:170 - fetched 0 news items for 034020
2026-09-13 03:00:00.951 | DEBUG    | stock_bot.live.runner:_news_tick:774 - news 034020 new=0/0 (모두 중복)
2026-09-13 03:00:01.189 | INFO     | stock_bot.news.crawler:fetch_naver_news:165 - news relevance filter: 5 → 0 (제외 5건) [241560]
2026-09-13 03:00:01.190 | INFO     | stock_bot.news.crawler:fetch_naver_news:170 - fetched 0 news items for 241560
2026-09-13 03:00:01.192 | DEBUG    | stock_bot.live.runner:_news_tick:774 - news 241560 new=0/0 (모두 중복)
2026-09-13 03:00:01.475 | INFO     | stock_bot.news.crawler:fetch_naver_news:165 - news relevance filter: 3 → 0 (제외 3건) [123330]
2026-09-13 03:00:01.475 | INFO     | stock_bot.news.crawler:fetch_naver_news:170 - fetched 0 news items for 123330
2026-09-13 03:00:01.477 | DEBUG    | stock_bot.live.runner:_news_tick:774 - news 123330 new=0/0 (모두 중복)
2026-09-13 04:00:00.942 | INFO     | stock_bot.news.crawler:fetch_naver_news:165 - news relevance filter: 35 → 0 (제외 35건) [034020]
2026-09-13 04:00:00.943 | INFO     | stock_bot.news.crawler:fetch_naver_news:170 - fetched 0 news items for 034020
2026-09-13 04:00:00.945 | DEBUG    | stock_bot.live.runner:_news_tick:774 - news 034020 new=0/0 (모두 중복)
2026-09-13 04:00:01.175 | INFO     | stock_bot.news.crawler:fetch_naver_news:165 - news relevance filter: 5 → 0 (제외 5건) [241560]
2026-09-13 04:00:01.176 | INFO     | stock_bot.news.crawler:fetch_naver_news:170 - fetched 0 news items for 241560
2026-09-13 04:00:01.177 | DEBUG    | stock_bot.live.runner:_news_tick:774 - news 241560 new=0/0 (모두 중복)
2026-09-13 04:00:01.372 | INFO     | stock_bot.news.crawler:fetch_naver_news:165 - news relevance filter: 3 → 0 (제외 3건) [123330]
2026-09-13 04:00:01.373 | INFO     | stock_bot.news.crawler:fetch_naver_news:170 - fetched 0 news items for 123330
2026-09-13 04:00:01.374 | DEBUG    | stock_bot.live.runner:_news_tick:774 - news 123330 new=0/0 (모두 중복)
2026-09-13 05:00:00.993 | INFO     | stock_bot.news.crawler:fetch_naver_news:165 - news relevance filter: 35 → 0 (제외 35건) [034020]
2026-09-13 05:00:00.994 | INFO     | stock_bot.news.crawler:fetch_naver_news:170 - fetched 0 news items for 034020
2026-09-13 05:00:00.995 | DEBUG    | stock_bot.live.runner:_news_tick:774 - news 034020 new=0/0 (모두 중복)
2026-09-13 05:00:01.224 | INFO     | stock_bot.news.crawler:fetch_naver_news:165 - news relevance filter: 5 → 0 (제외 5건) [241560]
2026-09-13 05:00:01.225 | INFO     | stock_bot.news.crawler:fetch_naver_news:170 - fetched 0 news items for 241560
2026-09-13 05:00:01.226 | DEBUG    | stock_bot.live.runner:_news_tick:774 - news 241560 new=0/0 (모두 중복)
2026-09-13 05:00:01.438 | INFO     | stock_bot.news.crawler:fetch_naver_news:165 - news relevance filter: 3 → 0 (제외 3건) [123330]
2026-09-13 05:00:01.439 | INFO     | stock_bot.news.crawler:fetch_naver_news:170 - fetched 0 news items for 123330
2026-09-13 05:00:01.441 | DEBUG    | stock_bot.live.runner:_news_tick:774 - news 123330 new=0/0 (모두 중복)
2026-09-13 06:00:00.922 | INFO     | stock_bot.news.crawler:fetch_naver_news:165 - news relevance filter: 35 → 0 (제외 35건) [034020]
2026-09-13 06:00:00.923 | INFO     | stock_bot.news.crawler:fetch_naver_news:170 - fetched 0 news items for 034020
2026-09-13 06:00:00.925 | DEBUG    | stock_bot.live.runner:_news_tick:774 - news 034020 new=0/0 (모두 중복)
2026-09-13 06:00:01.154 | INFO     | stock_bot.news.crawler:fetch_naver_news:165 - news relevance filter: 5 → 0 (제외 5건) [241560]
2026-09-13 06:00:01.155 | INFO     | stock_bot.news.crawler:fetch_naver_news:170 - fetched 0 news items for 241560
2026-09-13 06:00:01.157 | DEBUG    | stock_bot.live.runner:_news_tick:774 - news 241560 new=0/0 (모두 중복)
2026-09-13 06:00:01.365 | INFO     | stock_bot.news.crawler:fetch_naver_news:165 - news relevance filter: 3 → 0 (제외 3건) [123330]
2026-09-13 06:00:01.366 | INFO     | stock_bot.news.crawler:fetch_naver_news:170 - fetched 0 news items for 123330
2026-09-13 06:00:01.368 | DEBUG    | stock_bot.live.runner:_news_tick:774 - news 123330 new=0/0 (모두 중복)
2026-09-13 07:00:01.014 | INFO     | stock_bot.news.crawler:fetch_naver_news:165 - news relevance filter: 35 → 0 (제외 35건) [034020]
2026-09-13 07:00:01.014 | INFO     | stock_bot.news.crawler:fetch_naver_news:170 - fetched 0 news items for 034020
2026-09-13 07:00:01.016 | DEBUG    | stock_bot.live.runner:_news_tick:774 - news 034020 new=0/0 (모두 중복)
2026-09-13 07:00:01.250 | INFO     | stock_bot.news.crawler:fetch_naver_news:165 - news relevance filter: 5 → 0 (제외 5건) [241560]
2026-09-13 07:00:01.251 | INFO     | stock_bot.news.crawler:fetch_naver_news:170 - fetched 0 news items for 241560
2026-09-13 07:00:01.253 | DEBUG    | stock_bot.live.runner:_news_tick:774 - news 241560 new=0/0 (모두 중복)
2026-09-13 07:00:01.445 | INFO     | stock_bot.news.crawler:fetch_naver_news:165 - news relevance filter: 3 → 0 (제외 3건) [123330]
2026-09-13 07:00:01.445 | INFO     | stock_bot.news.crawler:fetch_naver_news:170 - fetched 0 news items for 123330
2026-09-13 07:00:01.447 | DEBUG    | stock_bot.live.runner:_news_tick:774 - news 123330 new=0/0 (모두 중복)
2026-09-13 08:00:00.918 | INFO     | stock_bot.news.crawler:fetch_naver_news:165 - news relevance filter: 35 → 0 (제외 35건) [034020]
2026-09-13 08:00:00.919 | INFO     | stock_bot.news.crawler:fetch_naver_news:170 - fetched 0 news items for 034020
2026-09-13 08:00:00.921 | DEBUG    | stock_bot.live.runner:_news_tick:774 - news 034020 new=0/0 (모두 중복)
2026-09-13 08:00:01.178 | INFO     | stock_bot.news.crawler:fetch_naver_news:165 - news relevance filter: 5 → 0 (제외 5건) [241560]
2026-09-13 08:00:01.179 | INFO     | stock_bot.news.crawler:fetch_naver_news:170 - fetched 0 news items for 241560
2026-09-13 08:00:01.180 | DEBUG    | stock_bot.live.runner:_news_tick:774 - news 241560 new=0/0 (모두 중복)
2026-09-13 08:00:01.388 | INFO     | stock_bot.news.crawler:fetch_naver_news:165 - news relevance filter: 3 → 0 (제외 3건) [123330]
2026-09-13 08:00:01.389 | INFO     | stock_bot.news.crawler:fetch_naver_news:170 - fetched 0 news items for 123330
2026-09-13 08:00:01.391 | DEBUG    | stock_bot.live.runner:_news_tick:774 - news 123330 new=0/0 (모두 중복)
2026-09-13 09:00:00.940 | INFO     | stock_bot.news.crawler:fetch_naver_news:165 - news relevance filter: 35 → 0 (제외 35건) [034020]
2026-09-13 09:00:00.941 | INFO     | stock_bot.news.crawler:fetch_naver_news:170 - fetched 0 news items for 034020
2026-09-13 09:00:00.942 | DEBUG    | stock_bot.live.runner:_news_tick:774 - news 034020 new=0/0 (모두 중복)
2026-09-13 09:00:01.154 | INFO     | stock_bot.news.crawler:fetch_naver_news:165 - news relevance filter: 5 → 0 (제외 5건) [241560]
2026-09-13 09:00:01.155 | INFO     | stock_bot.news.crawler:fetch_naver_news:170 - fetched 0 news items for 241560
2026-09-13 09:00:01.156 | DEBUG    | stock_bot.live.runner:_news_tick:774 - news 241560 new=0/0 (모두 중복)
2026-09-13 09:00:01.371 | INFO     | stock_bot.news.crawler:fetch_naver_news:165 - news relevance filter: 3 → 0 (제외 3건) [123330]
2026-09-13 09:00:01.373 | INFO     | stock_bot.news.crawler:fetch_naver_news:170 - fetched 0 news items for 123330
2026-09-13 09:00:01.374 | DEBUG    | stock_bot.live.runner:_news_tick:774 - news 123330 new=0/0 (모두 중복)
2026-09-13 10:00:00.974 | INFO     | stock_bot.news.crawler:fetch_naver_news:165 - news relevance filter: 35 → 0 (제외 35건) [034020]
2026-09-13 10:00:00.974 | INFO     | stock_bot.news.crawler:fetch_naver_news:170 - fetched 0 news items for 034020
2026-09-13 10:00:00.976 | DEBUG    | stock_bot.live.runner:_news_tick:774 - news 034020 new=0/0 (모두 중복)
2026-09-13 10:00:01.214 | INFO     | stock_bot.news.crawler:fetch_naver_news:165 - news relevance filter: 5 → 0 (제외 5건) [241560]
2026-09-13 10:00:01.215 | INFO     | stock_bot.news.crawler:fetch_naver_news:170 - fetched 0 news items for 241560
2026-09-13 10:00:01.217 | DEBUG    | stock_bot.live.runner:_news_tick:774 - news 241560 new=0/0 (모두 중복)
2026-09-13 10:00:01.442 | INFO     | stock_bot.news.crawler:fetch_naver_news:165 - news relevance filter: 3 → 0 (제외 3건) [123330]
2026-09-13 10:00:01.443 | INFO     | stock_bot.news.crawler:fetch_naver_news:170 - fetched 0 news items for 123330
2026-09-13 10:00:01.445 | DEBUG    | stock_bot.live.runner:_news_tick:774 - news 123330 new=0/0 (모두 중복)
2026-09-13 11:00:00.923 | INFO     | stock_bot.news.crawler:fetch_naver_news:165 - news relevance filter: 35 → 0 (제외 35건) [034020]
2026-09-13 11:00:00.924 | INFO     | stock_bot.news.crawler:fetch_naver_news:170 - fetched 0 news items for 034020
2026-09-13 11:00:00.925 | DEBUG    | stock_bot.live.runner:_news_tick:774 - news 034020 new=0/0 (모두 중복)
2026-09-13 11:00:01.146 | INFO     | stock_bot.news.crawler:fetch_naver_news:165 - news relevance filter: 5 → 0 (제외 5건) [241560]
2026-09-13 11:00:01.147 | INFO     | stock_bot.news.crawler:fetch_naver_news:170 - fetched 0 news items for 241560
2026-09-13 11:00:01.149 | DEBUG    | stock_bot.live.runner:_news_tick:774 - news 241560 new=0/0 (모두 중복)
2026-09-13 11:00:01.408 | INFO     | stock_bot.news.crawler:fetch_naver_news:165 - news relevance filter: 3 → 0 (제외 3건) [123330]
2026-09-13 11:00:01.409 | INFO     | stock_bot.news.crawler:fetch_naver_news:170 - fetched 0 news items for 123330
2026-09-13 11:00:01.410 | DEBUG    | stock_bot.live.runner:_news_tick:774 - news 123330 new=0/0 (모두 중복)
2026-09-13 12:00:00.911 | INFO     | stock_bot.news.crawler:fetch_naver_news:165 - news relevance filter: 35 → 0 (제외 35건) [034020]
2026-09-13 12:00:00.912 | INFO     | stock_bot.news.crawler:fetch_naver_news:170 - fetched 0 news items for 034020
2026-09-13 12:00:00.913 | DEBUG    | stock_bot.live.runner:_news_tick:774 - news 034020 new=0/0 (모두 중복)
2026-09-13 12:00:01.154 | INFO     | stock_bot.news.crawler:fetch_naver_news:165 - news relevance filter: 5 → 0 (제외 5건) [241560]
2026-09-13 12:00:01.155 | INFO     | stock_bot.news.crawler:fetch_naver_news:170 - fetched 0 news items for 241560
2026-09-13 12:00:01.157 | DEBUG    | stock_bot.live.runner:_news_tick:774 - news 241560 new=0/0 (모두 중복)
2026-09-13 12:00:01.384 | INFO     | stock_bot.news.crawler:fetch_naver_news:165 - news relevance filter: 3 → 0 (제외 3건) [123330]
2026-09-13 12:00:01.385 | INFO     | stock_bot.news.crawler:fetch_naver_news:170 - fetched 0 news items for 123330
2026-09-13 12:00:01.386 | DEBUG    | stock_bot.live.runner:_news_tick:774 - news 123330 new=0/0 (모두 중복)
2026-09-13 13:00:00.996 | INFO     | stock_bot.news.crawler:fetch_naver_news:165 - news relevance filter: 36 → 0 (제외 36건) [034020]
2026-09-13 13:00:00.997 | INFO     | stock_bot.news.crawler:fetch_naver_news:170 - fetched 0 news items for 034020
2026-09-13 13:00:00.998 | DEBUG    | stock_bot.live.runner:_news_tick:774 - news 034020 new=0/0 (모두 중복)
2026-09-13 13:00:01.215 | INFO     | stock_bot.news.crawler:fetch_naver_news:165 - news relevance filter: 5 → 0 (제외 5건) [241560]
2026-09-13 13:00:01.216 | INFO     | stock_bot.news.crawler:fetch_naver_news:170 - fetched 0 news items for 241560
2026-09-13 13:00:01.218 | DEBUG    | stock_bot.live.runner:_news_tick:774 - news 241560 new=0/0 (모두 중복)
2026-09-13 13:00:01.417 | INFO     | stock_bot.news.crawler:fetch_naver_news:165 - news relevance filter: 3 → 0 (제외 3건) [123330]
2026-09-13 13:00:01.418 | INFO     | stock_bot.news.crawler:fetch_naver_news:170 - fetched 0 news items for 123330
2026-09-13 13:00:01.420 | DEBUG    | stock_bot.live.runner:_news_tick:774 - news 123330 new=0/0 (모두 중복)
2026-09-13 14:00:00.927 | INFO     | stock_bot.news.crawler:fetch_naver_news:165 - news relevance filter: 36 → 0 (제외 36건) [034020]
2026-09-13 14:00:00.928 | INFO     | stock_bot.news.crawler:fetch_naver_news:170 - fetched 0 news items for 034020
2026-09-13 14:00:00.929 | DEBUG    | stock_bot.live.runner:_news_tick:774 - news 034020 new=0/0 (모두 중복)
2026-09-13 14:00:01.140 | INFO     | stock_bot.news.crawler:fetch_naver_news:165 - news relevance filter: 5 → 0 (제외 5건) [241560]
2026-09-13 14:00:01.140 | INFO     | stock_bot.news.crawler:fetch_naver_news:170 - fetched 0 news items for 241560
2026-09-13 14:00:01.142 | DEBUG    | stock_bot.live.runner:_news_tick:774 - news 241560 new=0/0 (모두 중복)
2026-09-13 14:00:01.414 | INFO     | stock_bot.news.crawler:fetch_naver_news:165 - news relevance filter: 3 → 0 (제외 3건) [123330]
2026-09-13 14:00:01.415 | INFO     | stock_bot.news.crawler:fetch_naver_news:170 - fetched 0 news items for 123330
2026-09-13 14:00:01.417 | DEBUG    | stock_bot.live.runner:_news_tick:774 - news 123330 new=0/0 (모두 중복)
2026-09-13 15:00:00.889 | INFO     | stock_bot.news.crawler:fetch_naver_news:165 - news relevance filter: 36 → 0 (제외 36건) [034020]
2026-09-13 15:00:00.890 | INFO     | stock_bot.news.crawler:fetch_naver_news:170 - fetched 0 news items for 034020
2026-09-13 15:00:00.891 | DEBUG    | stock_bot.live.runner:_news_tick:774 - news 034020 new=0/0 (모두 중복)
2026-09-13 15:00:01.129 | INFO     | stock_bot.news.crawler:fetch_naver_news:165 - news relevance filter: 5 → 0 (제외 5건) [241560]
2026-09-13 15:00:01.130 | INFO     | stock_bot.news.crawler:fetch_naver_news:170 - fetched 0 news items for 241560
2026-09-13 15:00:01.131 | DEBUG    | stock_bot.live.runner:_news_tick:774 - news 241560 new=0/0 (모두 중복)
2026-09-13 15:00:01.408 | INFO     | stock_bot.news.crawler:fetch_naver_news:165 - news relevance filter: 3 → 0 (제외 3건) [123330]
2026-09-13 15:00:01.409 | INFO     | stock_bot.news.crawler:fetch_naver_news:170 - fetched 0 news items for 123330
2026-09-13 15:00:01.411 | DEBUG    | stock_bot.live.runner:_news_tick:774 - news 123330 new=0/0 (모두 중복)
2026-09-13 16:00:01.004 | INFO     | stock_bot.news.crawler:fetch_naver_news:165 - news relevance filter: 37 → 0 (제외 37건) [034020]
2026-09-13 16:00:01.005 | INFO     | stock_bot.news.crawler:fetch_naver_news:170 - fetched 0 news items for 034020
2026-09-13 16:00:01.007 | DEBUG    | stock_bot.live.runner:_news_tick:774 - news 034020 new=0/0 (모두 중복)
2026-09-13 16:00:01.225 | INFO     | stock_bot.news.crawler:fetch_naver_news:165 - news relevance filter: 5 → 0 (제외 5건) [241560]
2026-09-13 16:00:01.225 | INFO     | stock_bot.news.crawler:fetch_naver_news:170 - fetched 0 news items for 241560
2026-09-13 16:00:01.227 | DEBUG    | stock_bot.live.runner:_news_tick:774 - news 241560 new=0/0 (모두 중복)
2026-09-13 16:00:01.426 | INFO     | stock_bot.news.crawler:fetch_naver_news:165 - news relevance filter: 3 → 0 (제외 3건) [123330]
2026-09-13 16:00:01.427 | INFO     | stock_bot.news.crawler:fetch_naver_news:170 - fetched 0 news items for 123330
2026-09-13 16:00:01.429 | DEBUG    | stock_bot.live.runner:_news_tick:774 - news 123330 new=0/0 (모두 중복)
2026-09-13 17:00:00.965 | INFO     | stock_bot.news.crawler:fetch_naver_news:165 - news relevance filter: 37 → 0 (제외 37건) [034020]
2026-09-13 17:00:00.965 | INFO     | stock_bot.news.crawler:fetch_naver_news:170 - fetched 0 news items for 034020
2026-09-13 17:00:00.967 | DEBUG    | stock_bot.live.runner:_news_tick:774 - news 034020 new=0/0 (모두 중복)
2026-09-13 17:00:01.176 | INFO     | stock_bot.news.crawler:fetch_naver_news:165 - news relevance filter: 5 → 0 (제외 5건) [241560]
2026-09-13 17:00:01.177 | INFO     | stock_bot.news.crawler:fetch_naver_news:170 - fetched 0 news items for 241560
2026-09-13 17:00:01.178 | DEBUG    | stock_bot.live.runner:_news_tick:774 - news 241560 new=0/0 (모두 중복)
2026-09-13 17:00:01.418 | INFO     | stock_bot.news.crawler:fetch_naver_news:165 - news relevance filter: 3 → 0 (제외 3건) [123330]
2026-09-13 17:00:01.419 | INFO     | stock_bot.news.crawler:fetch_naver_news:170 - fetched 0 news items for 123330
2026-09-13 17:00:01.421 | DEBUG    | stock_bot.live.runner:_news_tick:774 - news 123330 new=0/0 (모두 중복)
2026-09-13 18:00:00.998 | INFO     | stock_bot.news.crawler:fetch_naver_news:165 - news relevance filter: 37 → 0 (제외 37건) [034020]
2026-09-13 18:00:00.999 | INFO     | stock_bot.news.crawler:fetch_naver_news:170 - fetched 0 news items for 034020
2026-09-13 18:00:01.000 | DEBUG    | stock_bot.live.runner:_news_tick:774 - news 034020 new=0/0 (모두 중복)
2026-09-13 18:00:01.225 | INFO     | stock_bot.news.crawler:fetch_naver_news:165 - news relevance filter: 5 → 0 (제외 5건) [241560]
2026-09-13 18:00:01.226 | INFO     | stock_bot.news.crawler:fetch_naver_news:170 - fetched 0 news items for 241560
2026-09-13 18:00:01.227 | DEBUG    | stock_bot.live.runner:_news_tick:774 - news 241560 new=0/0 (모두 중복)
2026-09-13 18:00:01.433 | INFO     | stock_bot.news.crawler:fetch_naver_news:165 - news relevance filter: 3 → 0 (제외 3건) [123330]
2026-09-13 18:00:01.434 | INFO     | stock_bot.news.crawler:fetch_naver_news:170 - fetched 0 news items for 123330
2026-09-13 18:00:01.436 | DEBUG    | stock_bot.live.runner:_news_tick:774 - news 123330 new=0/0 (모두 중복)
2026-09-13 19:00:01.002 | INFO     | stock_bot.news.crawler:fetch_naver_news:165 - news relevance filter: 37 → 0 (제외 37건) [034020]
2026-09-13 19:00:01.003 | INFO     | stock_bot.news.crawler:fetch_naver_news:170 - fetched 0 news items for 034020
2026-09-13 19:00:01.005 | DEBUG    | stock_bot.live.runner:_news_tick:774 - news 034020 new=0/0 (모두 중복)
2026-09-13 19:00:01.226 | INFO     | stock_bot.news.crawler:fetch_naver_news:165 - news relevance filter: 5 → 0 (제외 5건) [241560]
2026-09-13 19:00:01.227 | INFO     | stock_bot.news.crawler:fetch_naver_news:170 - fetched 0 news items for 241560
2026-09-13 19:00:01.228 | DEBUG    | stock_bot.live.runner:_news_tick:774 - news 241560 new=0/0 (모두 중복)
2026-09-13 19:00:01.437 | INFO     | stock_bot.news.crawler:fetch_naver_news:165 - news relevance filter: 3 → 0 (제외 3건) [123330]
2026-09-13 19:00:01.438 | INFO     | stock_bot.news.crawler:fetch_naver_news:170 - fetched 0 news items for 123330
2026-09-13 19:00:01.440 | DEBUG    | stock_bot.live.runner:_news_tick:774 - news 123330 new=0/0 (모두 중복)
2026-09-13 20:00:00.986 | INFO     | stock_bot.news.crawler:fetch_naver_news:165 - news relevance filter: 38 → 0 (제외 38건) [034020]
2026-09-13 20:00:00.987 | INFO     | stock_bot.news.crawler:fetch_naver_news:170 - fetched 0 news items for 034020
2026-09-13 20:00:00.989 | DEBUG    | stock_bot.live.runner:_news_tick:774 - news 034020 new=0/0 (모두 중복)
2026-09-13 20:00:01.206 | INFO     | stock_bot.news.crawler:fetch_naver_news:165 - news relevance filter: 5 → 0 (제외 5건) [241560]
2026-09-13 20:00:01.207 | INFO     | stock_bot.news.crawler:fetch_naver_news:170 - fetched 0 news items for 241560
2026-09-13 20:00:01.208 | DEBUG    | stock_bot.live.runner:_news_tick:774 - news 241560 new=0/0 (모두 중복)
2026-09-13 20:00:01.407 | INFO     | stock_bot.news.crawler:fetch_naver_news:165 - news relevance filter: 3 → 0 (제외 3건) [123330]
2026-09-13 20:00:01.408 | INFO     | stock_bot.news.crawler:fetch_naver_news:170 - fetched 0 news items for 123330
2026-09-13 20:00:01.410 | DEBUG    | stock_bot.live.runner:_news_tick:774 - news 123330 new=0/0 (모두 중복)
2026-09-13 21:00:01.044 | INFO     | stock_bot.news.crawler:fetch_naver_news:165 - news relevance filter: 38 → 0 (제외 38건) [034020]
2026-09-13 21:00:01.045 | INFO     | stock_bot.news.crawler:fetch_naver_news:170 - fetched 0 news items for 034020
2026-09-13 21:00:01.047 | DEBUG    | stock_bot.live.runner:_news_tick:774 - news 034020 new=0/0 (모두 중복)
2026-09-13 21:00:01.279 | INFO     | stock_bot.news.crawler:fetch_naver_news:165 - news relevance filter: 5 → 0 (제외 5건) [241560]
2026-09-13 21:00:01.280 | INFO     | stock_bot.news.crawler:fetch_naver_news:170 - fetched 0 news items for 241560
2026-09-13 21:00:01.282 | DEBUG    | stock_bot.live.runner:_news_tick:774 - news 241560 new=0/0 (모두 중복)
2026-09-13 21:00:01.504 | INFO     | stock_bot.news.crawler:fetch_naver_news:165 - news relevance filter: 3 → 0 (제외 3건) [123330]
2026-09-13 21:00:01.505 | INFO     | stock_bot.news.crawler:fetch_naver_news:170 - fetched 0 news items for 123330
2026-09-13 21:00:01.507 | DEBUG    | stock_bot.live.runner:_news_tick:774 - news 123330 new=0/0 (모두 중복)
2026-09-13 22:00:00.940 | INFO     | stock_bot.news.crawler:fetch_naver_news:165 - news relevance filter: 38 → 0 (제외 38건) [034020]
2026-09-13 22:00:00.941 | INFO     | stock_bot.news.crawler:fetch_naver_news:170 - fetched 0 news items for 034020
2026-09-13 22:00:00.942 | DEBUG    | stock_bot.live.runner:_news_tick:774 - news 034020 new=0/0 (모두 중복)
2026-09-13 22:00:01.161 | INFO     | stock_bot.news.crawler:fetch_naver_news:165 - news relevance filter: 5 → 0 (제외 5건) [241560]
2026-09-13 22:00:01.162 | INFO     | stock_bot.news.crawler:fetch_naver_news:170 - fetched 0 news items for 241560
2026-09-13 22:00:01.164 | DEBUG    | stock_bot.live.runner:_news_tick:774 - news 241560 new=0/0 (모두 중복)
2026-09-13 22:00:01.373 | INFO     | stock_bot.news.crawler:fetch_naver_news:165 - news relevance filter: 3 → 0 (제외 3건) [123330]
2026-09-13 22:00:01.374 | INFO     | stock_bot.news.crawler:fetch_naver_news:170 - fetched 0 news items for 123330
2026-09-13 22:00:01.376 | DEBUG    | stock_bot.live.runner:_news_tick:774 - news 123330 new=0/0 (모두 중복)
2026-09-13 23:00:00.966 | INFO     | stock_bot.news.crawler:fetch_naver_news:165 - news relevance filter: 38 → 0 (제외 38건) [034020]
2026-09-13 23:00:00.967 | INFO     | stock_bot.news.crawler:fetch_naver_news:170 - fetched 0 news items for 034020
2026-09-13 23:00:00.969 | DEBUG    | stock_bot.live.runner:_news_tick:774 - news 034020 new=0/0 (모두 중복)
2026-09-13 23:00:01.211 | INFO     | stock_bot.news.crawler:fetch_naver_news:165 - news relevance filter: 5 → 0 (제외 5건) [241560]
2026-09-13 23:00:01.212 | INFO     | stock_bot.news.crawler:fetch_naver_news:170 - fetched 0 news items for 241560
2026-09-13 23:00:01.214 | DEBUG    | stock_bot.live.runner:_news_tick:774 - news 241560 new=0/0 (모두 중복)
2026-09-13 23:00:01.476 | INFO     | stock_bot.news.crawler:fetch_naver_news:165 - news relevance filter: 3 → 0 (제외 3건) [123330]
2026-09-13 23:00:01.477 | INFO     | stock_bot.news.crawler:fetch_naver_news:170 - fetched 0 news items for 123330
2026-09-13 23:00:01.478 | DEBUG    | stock_bot.live.runner:_news_tick:774 - news 123330 new=0/0 (모두 중복)
