2026-10-09 00:00:00.006 | DEBUG    | stock_bot.live.runner:_send_cost_report:610 - claude_code 백엔드 — API 비용 리포트 생략
2026-10-09 00:00:00.008 | INFO     | stock_bot.live.runner:_is_trading_day:671 - 거래일 판정 2026-10-09 → 휴장 (출처: exchange_calendars)
2026-10-09 00:00:00.152 | INFO     | stock_bot.news.crawler:fetch_naver_news:207 - news relevance filter: 2 → 1 (제외 1건) [388790]
2026-10-09 00:00:00.153 | INFO     | stock_bot.news.crawler:fetch_naver_news:212 - fetched 1 news items for 388790
2026-10-09 00:00:00.158 | DEBUG    | stock_bot.live.runner:_news_tick:850 - news 388790 new=0/1 (모두 중복)
2026-10-09 00:00:00.294 | INFO     | stock_bot.news.crawler:fetch_naver_news:207 - news relevance filter: 5 → 1 (제외 4건) [218410]
2026-10-09 00:00:00.295 | INFO     | stock_bot.news.crawler:fetch_naver_news:212 - fetched 1 news items for 218410
2026-10-09 00:00:00.301 | DEBUG    | stock_bot.live.runner:_news_tick:850 - news 218410 new=0/1 (모두 중복)
2026-10-09 00:05:01.424 | DEBUG    | stock_bot.live.backup:_export_logs:185 - backup: bot 로그 2026-10-08 추출 164KB
2026-10-09 00:05:13.724 | DEBUG    | stock_bot.live.backup:_export_logs:185 - backup: web 로그 2026-10-08 추출 3814KB
2026-10-09 00:05:13.910 | DEBUG    | stock_bot.live.backup:_export_logs:185 - backup: leader 로그 2026-10-08 추출 35KB
2026-10-09 00:05:13.962 | DEBUG    | stock_bot.live.backup:_export_logs:185 - backup: swing 로그 2026-10-08 추출 58KB
2026-10-09 00:05:16.761 | DEBUG    | stock_bot.live.backup:_export_swing:252 - backup: 스윙 2026-10-08 증분 6개 178KB
2026-10-09 00:05:17.717 | INFO     | stock_bot.live.backup:_unindex_ignored:334 - backup: 무시 대상 2개 인덱스 정리 (data/swing.db-shm...)
2026-10-09 00:05:22.851 | DEBUG    | stock_bot.live.backup:_git_push:377 - backup: origin 정렬됨(behind=0) → reset 생략, 바로 push
2026-10-09 00:05:31.120 | INFO     | stock_bot.live.backup:run_backup:458 - backup 완료: trades=130 reviews=70 news=0 log=4073KB swing=6f/178KB → git push
2026-10-09 01:00:00.174 | INFO     | stock_bot.news.crawler:fetch_naver_news:207 - news relevance filter: 2 → 1 (제외 1건) [388790]
2026-10-09 01:00:00.175 | INFO     | stock_bot.news.crawler:fetch_naver_news:212 - fetched 1 news items for 388790
2026-10-09 01:00:00.180 | DEBUG    | stock_bot.live.runner:_news_tick:850 - news 388790 new=0/1 (모두 중복)
2026-10-09 01:00:00.299 | INFO     | stock_bot.news.crawler:fetch_naver_news:207 - news relevance filter: 5 → 1 (제외 4건) [218410]
2026-10-09 01:00:00.300 | INFO     | stock_bot.news.crawler:fetch_naver_news:212 - fetched 1 news items for 218410
2026-10-09 01:00:00.305 | DEBUG    | stock_bot.live.runner:_news_tick:850 - news 218410 new=0/1 (모두 중복)
2026-10-09 02:00:00.189 | INFO     | stock_bot.news.crawler:fetch_naver_news:207 - news relevance filter: 2 → 1 (제외 1건) [388790]
2026-10-09 02:00:00.190 | INFO     | stock_bot.news.crawler:fetch_naver_news:212 - fetched 1 news items for 388790
2026-10-09 02:00:00.195 | DEBUG    | stock_bot.live.runner:_news_tick:850 - news 388790 new=0/1 (모두 중복)
2026-10-09 02:00:00.343 | INFO     | stock_bot.news.crawler:fetch_naver_news:207 - news relevance filter: 5 → 1 (제외 4건) [218410]
2026-10-09 02:00:00.344 | INFO     | stock_bot.news.crawler:fetch_naver_news:212 - fetched 1 news items for 218410
2026-10-09 02:00:00.349 | DEBUG    | stock_bot.live.runner:_news_tick:850 - news 218410 new=0/1 (모두 중복)
2026-10-09 03:00:00.176 | INFO     | stock_bot.news.crawler:fetch_naver_news:207 - news relevance filter: 2 → 1 (제외 1건) [388790]
2026-10-09 03:00:00.178 | INFO     | stock_bot.news.crawler:fetch_naver_news:212 - fetched 1 news items for 388790
2026-10-09 03:00:00.183 | DEBUG    | stock_bot.live.runner:_news_tick:850 - news 388790 new=0/1 (모두 중복)
2026-10-09 03:00:00.334 | INFO     | stock_bot.news.crawler:fetch_naver_news:207 - news relevance filter: 5 → 1 (제외 4건) [218410]
2026-10-09 03:00:00.335 | INFO     | stock_bot.news.crawler:fetch_naver_news:212 - fetched 1 news items for 218410
2026-10-09 03:00:00.340 | DEBUG    | stock_bot.live.runner:_news_tick:850 - news 218410 new=0/1 (모두 중복)
2026-10-09 04:00:00.168 | INFO     | stock_bot.news.crawler:fetch_naver_news:207 - news relevance filter: 2 → 1 (제외 1건) [388790]
2026-10-09 04:00:00.169 | INFO     | stock_bot.news.crawler:fetch_naver_news:212 - fetched 1 news items for 388790
2026-10-09 04:00:00.174 | DEBUG    | stock_bot.live.runner:_news_tick:850 - news 388790 new=0/1 (모두 중복)
2026-10-09 04:00:00.292 | INFO     | stock_bot.news.crawler:fetch_naver_news:207 - news relevance filter: 5 → 1 (제외 4건) [218410]
2026-10-09 04:00:00.293 | INFO     | stock_bot.news.crawler:fetch_naver_news:212 - fetched 1 news items for 218410
2026-10-09 04:00:00.344 | DEBUG    | stock_bot.live.runner:_news_tick:850 - news 218410 new=0/1 (모두 중복)
2026-10-09 05:00:00.189 | INFO     | stock_bot.news.crawler:fetch_naver_news:207 - news relevance filter: 2 → 1 (제외 1건) [388790]
2026-10-09 05:00:00.190 | INFO     | stock_bot.news.crawler:fetch_naver_news:212 - fetched 1 news items for 388790
2026-10-09 05:00:00.195 | DEBUG    | stock_bot.live.runner:_news_tick:850 - news 388790 new=0/1 (모두 중복)
2026-10-09 05:00:00.330 | INFO     | stock_bot.news.crawler:fetch_naver_news:207 - news relevance filter: 5 → 1 (제외 4건) [218410]
2026-10-09 05:00:00.331 | INFO     | stock_bot.news.crawler:fetch_naver_news:212 - fetched 1 news items for 218410
2026-10-09 05:00:00.336 | DEBUG    | stock_bot.live.runner:_news_tick:850 - news 218410 new=0/1 (모두 중복)
2026-10-09 06:00:00.180 | INFO     | stock_bot.news.crawler:fetch_naver_news:207 - news relevance filter: 2 → 1 (제외 1건) [388790]
2026-10-09 06:00:00.181 | INFO     | stock_bot.news.crawler:fetch_naver_news:212 - fetched 1 news items for 388790
2026-10-09 06:00:00.186 | DEBUG    | stock_bot.live.runner:_news_tick:850 - news 388790 new=0/1 (모두 중복)
2026-10-09 06:00:00.317 | INFO     | stock_bot.news.crawler:fetch_naver_news:207 - news relevance filter: 5 → 1 (제외 4건) [218410]
2026-10-09 06:00:00.317 | INFO     | stock_bot.news.crawler:fetch_naver_news:212 - fetched 1 news items for 218410
2026-10-09 06:00:00.323 | DEBUG    | stock_bot.live.runner:_news_tick:850 - news 218410 new=0/1 (모두 중복)
2026-10-09 07:00:00.200 | INFO     | stock_bot.news.crawler:fetch_naver_news:207 - news relevance filter: 2 → 1 (제외 1건) [388790]
2026-10-09 07:00:00.201 | INFO     | stock_bot.news.crawler:fetch_naver_news:212 - fetched 1 news items for 388790
2026-10-09 07:00:00.206 | DEBUG    | stock_bot.live.runner:_news_tick:850 - news 388790 new=0/1 (모두 중복)
2026-10-09 07:00:00.337 | INFO     | stock_bot.news.crawler:fetch_naver_news:207 - news relevance filter: 5 → 1 (제외 4건) [218410]
2026-10-09 07:00:00.338 | INFO     | stock_bot.news.crawler:fetch_naver_news:212 - fetched 1 news items for 218410
2026-10-09 07:00:00.343 | DEBUG    | stock_bot.live.runner:_news_tick:850 - news 218410 new=0/1 (모두 중복)
2026-10-09 08:00:00.138 | INFO     | stock_bot.news.crawler:fetch_naver_news:207 - news relevance filter: 2 → 1 (제외 1건) [388790]
2026-10-09 08:00:00.139 | INFO     | stock_bot.news.crawler:fetch_naver_news:212 - fetched 1 news items for 388790
2026-10-09 08:00:00.144 | DEBUG    | stock_bot.live.runner:_news_tick:850 - news 388790 new=0/1 (모두 중복)
2026-10-09 08:00:00.256 | INFO     | stock_bot.news.crawler:fetch_naver_news:207 - news relevance filter: 5 → 1 (제외 4건) [218410]
2026-10-09 08:00:00.257 | INFO     | stock_bot.news.crawler:fetch_naver_news:212 - fetched 1 news items for 218410
2026-10-09 08:00:00.263 | DEBUG    | stock_bot.live.runner:_news_tick:850 - news 218410 new=0/1 (모두 중복)
2026-10-09 09:00:00.216 | INFO     | stock_bot.news.crawler:fetch_naver_news:207 - news relevance filter: 2 → 1 (제외 1건) [388790]
2026-10-09 09:00:00.227 | INFO     | stock_bot.news.crawler:fetch_naver_news:212 - fetched 1 news items for 388790
2026-10-09 09:00:00.232 | DEBUG    | stock_bot.live.runner:_news_tick:850 - news 388790 new=0/1 (모두 중복)
2026-10-09 09:00:00.369 | INFO     | stock_bot.news.crawler:fetch_naver_news:207 - news relevance filter: 5 → 1 (제외 4건) [218410]
2026-10-09 09:00:00.370 | INFO     | stock_bot.news.crawler:fetch_naver_news:212 - fetched 1 news items for 218410
2026-10-09 09:00:00.434 | DEBUG    | stock_bot.live.runner:_news_tick:850 - news 218410 new=0/1 (모두 중복)
2026-10-09 10:00:00.210 | INFO     | stock_bot.news.crawler:fetch_naver_news:207 - news relevance filter: 2 → 1 (제외 1건) [388790]
2026-10-09 10:00:00.210 | INFO     | stock_bot.news.crawler:fetch_naver_news:212 - fetched 1 news items for 388790
2026-10-09 10:00:00.216 | DEBUG    | stock_bot.live.runner:_news_tick:850 - news 388790 new=0/1 (모두 중복)
2026-10-09 10:00:00.361 | INFO     | stock_bot.news.crawler:fetch_naver_news:207 - news relevance filter: 5 → 1 (제외 4건) [218410]
2026-10-09 10:00:00.362 | INFO     | stock_bot.news.crawler:fetch_naver_news:212 - fetched 1 news items for 218410
2026-10-09 10:00:00.367 | DEBUG    | stock_bot.live.runner:_news_tick:850 - news 218410 new=0/1 (모두 중복)
2026-10-09 11:00:00.177 | INFO     | stock_bot.news.crawler:fetch_naver_news:207 - news relevance filter: 2 → 1 (제외 1건) [388790]
2026-10-09 11:00:00.178 | INFO     | stock_bot.news.crawler:fetch_naver_news:212 - fetched 1 news items for 388790
2026-10-09 11:00:00.183 | DEBUG    | stock_bot.live.runner:_news_tick:850 - news 388790 new=0/1 (모두 중복)
2026-10-09 11:00:00.310 | INFO     | stock_bot.news.crawler:fetch_naver_news:207 - news relevance filter: 5 → 1 (제외 4건) [218410]
2026-10-09 11:00:00.311 | INFO     | stock_bot.news.crawler:fetch_naver_news:212 - fetched 1 news items for 218410
2026-10-09 11:00:00.316 | DEBUG    | stock_bot.live.runner:_news_tick:850 - news 218410 new=0/1 (모두 중복)
2026-10-09 12:00:00.196 | INFO     | stock_bot.news.crawler:fetch_naver_news:207 - news relevance filter: 2 → 1 (제외 1건) [388790]
2026-10-09 12:00:00.197 | INFO     | stock_bot.news.crawler:fetch_naver_news:212 - fetched 1 news items for 388790
2026-10-09 12:00:00.202 | DEBUG    | stock_bot.live.runner:_news_tick:850 - news 388790 new=0/1 (모두 중복)
2026-10-09 12:00:00.336 | INFO     | stock_bot.news.crawler:fetch_naver_news:207 - news relevance filter: 5 → 1 (제외 4건) [218410]
2026-10-09 12:00:00.336 | INFO     | stock_bot.news.crawler:fetch_naver_news:212 - fetched 1 news items for 218410
2026-10-09 12:00:00.342 | DEBUG    | stock_bot.live.runner:_news_tick:850 - news 218410 new=0/1 (모두 중복)
2026-10-09 13:00:00.187 | INFO     | stock_bot.news.crawler:fetch_naver_news:207 - news relevance filter: 2 → 1 (제외 1건) [388790]
2026-10-09 13:00:00.188 | INFO     | stock_bot.news.crawler:fetch_naver_news:212 - fetched 1 news items for 388790
2026-10-09 13:00:00.193 | DEBUG    | stock_bot.live.runner:_news_tick:850 - news 388790 new=0/1 (모두 중복)
2026-10-09 13:00:00.316 | INFO     | stock_bot.news.crawler:fetch_naver_news:207 - news relevance filter: 5 → 1 (제외 4건) [218410]
2026-10-09 13:00:00.317 | INFO     | stock_bot.news.crawler:fetch_naver_news:212 - fetched 1 news items for 218410
2026-10-09 13:00:00.322 | DEBUG    | stock_bot.live.runner:_news_tick:850 - news 218410 new=0/1 (모두 중복)
2026-10-09 14:00:00.191 | INFO     | stock_bot.news.crawler:fetch_naver_news:207 - news relevance filter: 2 → 1 (제외 1건) [388790]
2026-10-09 14:00:00.192 | INFO     | stock_bot.news.crawler:fetch_naver_news:212 - fetched 1 news items for 388790
2026-10-09 14:00:00.197 | DEBUG    | stock_bot.live.runner:_news_tick:850 - news 388790 new=0/1 (모두 중복)
2026-10-09 14:00:00.328 | INFO     | stock_bot.news.crawler:fetch_naver_news:207 - news relevance filter: 5 → 1 (제외 4건) [218410]
2026-10-09 14:00:00.329 | INFO     | stock_bot.news.crawler:fetch_naver_news:212 - fetched 1 news items for 218410
2026-10-09 14:00:00.334 | DEBUG    | stock_bot.live.runner:_news_tick:850 - news 218410 new=0/1 (모두 중복)
2026-10-09 15:00:00.236 | INFO     | stock_bot.news.crawler:fetch_naver_news:207 - news relevance filter: 2 → 1 (제외 1건) [388790]
2026-10-09 15:00:00.237 | INFO     | stock_bot.news.crawler:fetch_naver_news:212 - fetched 1 news items for 388790
2026-10-09 15:00:00.242 | DEBUG    | stock_bot.live.runner:_news_tick:850 - news 388790 new=0/1 (모두 중복)
2026-10-09 15:00:00.380 | INFO     | stock_bot.news.crawler:fetch_naver_news:207 - news relevance filter: 5 → 1 (제외 4건) [218410]
2026-10-09 15:00:00.381 | INFO     | stock_bot.news.crawler:fetch_naver_news:212 - fetched 1 news items for 218410
2026-10-09 15:00:00.386 | DEBUG    | stock_bot.live.runner:_news_tick:850 - news 218410 new=0/1 (모두 중복)
2026-10-09 15:35:00.013 | INFO     | stock_bot.live.review:run_daily_review:549 - daily review skip — 2026-10-09 는 휴장일
2026-10-09 16:00:00.171 | INFO     | stock_bot.news.crawler:fetch_naver_news:207 - news relevance filter: 2 → 1 (제외 1건) [388790]
2026-10-09 16:00:00.173 | INFO     | stock_bot.news.crawler:fetch_naver_news:212 - fetched 1 news items for 388790
2026-10-09 16:00:00.179 | DEBUG    | stock_bot.live.runner:_news_tick:850 - news 388790 new=0/1 (모두 중복)
2026-10-09 16:00:00.316 | INFO     | stock_bot.news.crawler:fetch_naver_news:207 - news relevance filter: 5 → 1 (제외 4건) [218410]
2026-10-09 16:00:00.317 | INFO     | stock_bot.news.crawler:fetch_naver_news:212 - fetched 1 news items for 218410
2026-10-09 16:00:00.322 | DEBUG    | stock_bot.live.runner:_news_tick:850 - news 218410 new=0/1 (모두 중복)
2026-10-09 17:00:00.178 | INFO     | stock_bot.news.crawler:fetch_naver_news:207 - news relevance filter: 2 → 1 (제외 1건) [388790]
2026-10-09 17:00:00.179 | INFO     | stock_bot.news.crawler:fetch_naver_news:212 - fetched 1 news items for 388790
2026-10-09 17:00:00.184 | DEBUG    | stock_bot.live.runner:_news_tick:850 - news 388790 new=0/1 (모두 중복)
2026-10-09 17:00:00.301 | INFO     | stock_bot.news.crawler:fetch_naver_news:207 - news relevance filter: 5 → 1 (제외 4건) [218410]
2026-10-09 17:00:00.302 | INFO     | stock_bot.news.crawler:fetch_naver_news:212 - fetched 1 news items for 218410
2026-10-09 17:00:00.307 | DEBUG    | stock_bot.live.runner:_news_tick:850 - news 218410 new=0/1 (모두 중복)
2026-10-09 18:00:00.167 | INFO     | stock_bot.news.crawler:fetch_naver_news:207 - news relevance filter: 2 → 1 (제외 1건) [388790]
2026-10-09 18:00:00.168 | INFO     | stock_bot.news.crawler:fetch_naver_news:212 - fetched 1 news items for 388790
2026-10-09 18:00:00.173 | DEBUG    | stock_bot.live.runner:_news_tick:850 - news 388790 new=0/1 (모두 중복)
2026-10-09 18:00:00.288 | INFO     | stock_bot.news.crawler:fetch_naver_news:207 - news relevance filter: 5 → 1 (제외 4건) [218410]
2026-10-09 18:00:00.289 | INFO     | stock_bot.news.crawler:fetch_naver_news:212 - fetched 1 news items for 218410
2026-10-09 18:00:00.294 | DEBUG    | stock_bot.live.runner:_news_tick:850 - news 218410 new=0/1 (모두 중복)
2026-10-09 19:00:00.166 | INFO     | stock_bot.news.crawler:fetch_naver_news:207 - news relevance filter: 2 → 1 (제외 1건) [388790]
2026-10-09 19:00:00.167 | INFO     | stock_bot.news.crawler:fetch_naver_news:212 - fetched 1 news items for 388790
2026-10-09 19:00:00.173 | DEBUG    | stock_bot.live.runner:_news_tick:850 - news 388790 new=0/1 (모두 중복)
2026-10-09 19:00:00.290 | INFO     | stock_bot.news.crawler:fetch_naver_news:207 - news relevance filter: 5 → 1 (제외 4건) [218410]
2026-10-09 19:00:00.291 | INFO     | stock_bot.news.crawler:fetch_naver_news:212 - fetched 1 news items for 218410
2026-10-09 19:00:00.297 | DEBUG    | stock_bot.live.runner:_news_tick:850 - news 218410 new=0/1 (모두 중복)
2026-10-09 20:00:00.170 | INFO     | stock_bot.news.crawler:fetch_naver_news:207 - news relevance filter: 2 → 1 (제외 1건) [388790]
2026-10-09 20:00:00.170 | INFO     | stock_bot.news.crawler:fetch_naver_news:212 - fetched 1 news items for 388790
2026-10-09 20:00:00.239 | DEBUG    | stock_bot.live.runner:_news_tick:850 - news 388790 new=0/1 (모두 중복)
2026-10-09 20:00:00.368 | INFO     | stock_bot.news.crawler:fetch_naver_news:207 - news relevance filter: 5 → 1 (제외 4건) [218410]
2026-10-09 20:00:00.369 | INFO     | stock_bot.news.crawler:fetch_naver_news:212 - fetched 1 news items for 218410
2026-10-09 20:00:00.374 | DEBUG    | stock_bot.live.runner:_news_tick:850 - news 218410 new=0/1 (모두 중복)
2026-10-09 21:00:00.197 | INFO     | stock_bot.news.crawler:fetch_naver_news:207 - news relevance filter: 2 → 1 (제외 1건) [388790]
2026-10-09 21:00:00.198 | INFO     | stock_bot.news.crawler:fetch_naver_news:212 - fetched 1 news items for 388790
2026-10-09 21:00:00.204 | DEBUG    | stock_bot.live.runner:_news_tick:850 - news 388790 new=0/1 (모두 중복)
2026-10-09 21:00:00.335 | INFO     | stock_bot.news.crawler:fetch_naver_news:207 - news relevance filter: 5 → 1 (제외 4건) [218410]
2026-10-09 21:00:00.336 | INFO     | stock_bot.news.crawler:fetch_naver_news:212 - fetched 1 news items for 218410
2026-10-09 21:00:00.341 | DEBUG    | stock_bot.live.runner:_news_tick:850 - news 218410 new=0/1 (모두 중복)
2026-10-09 22:00:00.206 | INFO     | stock_bot.news.crawler:fetch_naver_news:207 - news relevance filter: 2 → 1 (제외 1건) [388790]
2026-10-09 22:00:00.206 | INFO     | stock_bot.news.crawler:fetch_naver_news:212 - fetched 1 news items for 388790
2026-10-09 22:00:00.212 | DEBUG    | stock_bot.live.runner:_news_tick:850 - news 388790 new=0/1 (모두 중복)
2026-10-09 22:00:00.761 | INFO     | stock_bot.news.crawler:fetch_naver_news:207 - news relevance filter: 5 → 1 (제외 4건) [218410]
2026-10-09 22:00:00.762 | INFO     | stock_bot.news.crawler:fetch_naver_news:212 - fetched 1 news items for 218410
2026-10-09 22:00:00.767 | DEBUG    | stock_bot.live.runner:_news_tick:850 - news 218410 new=0/1 (모두 중복)
2026-10-09 23:00:00.180 | INFO     | stock_bot.news.crawler:fetch_naver_news:207 - news relevance filter: 2 → 1 (제외 1건) [388790]
2026-10-09 23:00:00.181 | INFO     | stock_bot.news.crawler:fetch_naver_news:212 - fetched 1 news items for 388790
2026-10-09 23:00:00.186 | DEBUG    | stock_bot.live.runner:_news_tick:850 - news 388790 new=0/1 (모두 중복)
2026-10-09 23:00:00.321 | INFO     | stock_bot.news.crawler:fetch_naver_news:207 - news relevance filter: 5 → 1 (제외 4건) [218410]
2026-10-09 23:00:00.322 | INFO     | stock_bot.news.crawler:fetch_naver_news:212 - fetched 1 news items for 218410
2026-10-09 23:00:00.327 | DEBUG    | stock_bot.live.runner:_news_tick:850 - news 218410 new=0/1 (모두 중복)
