2026-09-27 00:00:00.006 | DEBUG    | stock_bot.live.runner:_send_cost_report:600 - claude_code 백엔드 — API 비용 리포트 생략
2026-09-27 00:00:00.188 | INFO     | stock_bot.news.crawler:fetch_naver_news:207 - news relevance filter: 2 → 1 (제외 1건) [034020]
2026-09-27 00:00:00.189 | INFO     | stock_bot.news.crawler:fetch_naver_news:212 - fetched 1 news items for 034020
2026-09-27 00:00:00.194 | DEBUG    | stock_bot.live.runner:_news_tick:840 - news 034020 new=0/1 (모두 중복)
2026-09-27 00:00:00.330 | INFO     | stock_bot.news.crawler:fetch_naver_news:207 - news relevance filter: 8 → 1 (제외 7건) [241560]
2026-09-27 00:00:00.331 | INFO     | stock_bot.news.crawler:fetch_naver_news:212 - fetched 1 news items for 241560
2026-09-27 00:00:00.336 | DEBUG    | stock_bot.live.runner:_news_tick:840 - news 241560 new=0/1 (모두 중복)
2026-09-27 00:00:00.480 | INFO     | stock_bot.news.crawler:fetch_naver_news:207 - news relevance filter: 3 → 1 (제외 2건) [123330]
2026-09-27 00:00:00.481 | INFO     | stock_bot.news.crawler:fetch_naver_news:212 - fetched 1 news items for 123330
2026-09-27 00:00:00.486 | DEBUG    | stock_bot.live.runner:_news_tick:840 - news 123330 new=0/1 (모두 중복)
2026-09-27 00:05:01.202 | DEBUG    | stock_bot.live.backup:_export_logs:184 - backup: bot 로그 2026-09-26 추출 26KB
2026-09-27 00:05:06.095 | DEBUG    | stock_bot.live.backup:_export_logs:184 - backup: web 로그 2026-09-26 추출 40KB
2026-09-27 00:05:08.437 | DEBUG    | stock_bot.live.backup:_git_push:288 - backup: origin 정렬됨(behind=0) → reset 생략, 바로 push
2026-09-27 00:05:11.030 | INFO     | stock_bot.live.backup:run_backup:367 - backup 완료: trades=104 reviews=54 news=1 log=67KB → git push
2026-09-27 01:00:00.190 | INFO     | stock_bot.news.crawler:fetch_naver_news:207 - news relevance filter: 2 → 1 (제외 1건) [034020]
2026-09-27 01:00:00.191 | INFO     | stock_bot.news.crawler:fetch_naver_news:212 - fetched 1 news items for 034020
2026-09-27 01:00:00.196 | DEBUG    | stock_bot.live.runner:_news_tick:840 - news 034020 new=0/1 (모두 중복)
2026-09-27 01:00:00.317 | INFO     | stock_bot.news.crawler:fetch_naver_news:207 - news relevance filter: 8 → 1 (제외 7건) [241560]
2026-09-27 01:00:00.318 | INFO     | stock_bot.news.crawler:fetch_naver_news:212 - fetched 1 news items for 241560
2026-09-27 01:00:00.323 | DEBUG    | stock_bot.live.runner:_news_tick:840 - news 241560 new=0/1 (모두 중복)
2026-09-27 01:00:00.465 | INFO     | stock_bot.news.crawler:fetch_naver_news:207 - news relevance filter: 3 → 1 (제외 2건) [123330]
2026-09-27 01:00:00.466 | INFO     | stock_bot.news.crawler:fetch_naver_news:212 - fetched 1 news items for 123330
2026-09-27 01:00:00.470 | DEBUG    | stock_bot.live.runner:_news_tick:840 - news 123330 new=0/1 (모두 중복)
2026-09-27 02:00:00.176 | INFO     | stock_bot.news.crawler:fetch_naver_news:207 - news relevance filter: 2 → 1 (제외 1건) [034020]
2026-09-27 02:00:00.177 | INFO     | stock_bot.news.crawler:fetch_naver_news:212 - fetched 1 news items for 034020
2026-09-27 02:00:00.182 | DEBUG    | stock_bot.live.runner:_news_tick:840 - news 034020 new=0/1 (모두 중복)
2026-09-27 02:00:00.299 | INFO     | stock_bot.news.crawler:fetch_naver_news:207 - news relevance filter: 8 → 1 (제외 7건) [241560]
2026-09-27 02:00:00.300 | INFO     | stock_bot.news.crawler:fetch_naver_news:212 - fetched 1 news items for 241560
2026-09-27 02:00:00.305 | DEBUG    | stock_bot.live.runner:_news_tick:840 - news 241560 new=0/1 (모두 중복)
2026-09-27 02:00:00.455 | INFO     | stock_bot.news.crawler:fetch_naver_news:207 - news relevance filter: 3 → 1 (제외 2건) [123330]
2026-09-27 02:00:00.456 | INFO     | stock_bot.news.crawler:fetch_naver_news:212 - fetched 1 news items for 123330
2026-09-27 02:00:00.462 | DEBUG    | stock_bot.live.runner:_news_tick:840 - news 123330 new=0/1 (모두 중복)
2026-09-27 03:00:00.156 | INFO     | stock_bot.news.crawler:fetch_naver_news:207 - news relevance filter: 2 → 1 (제외 1건) [034020]
2026-09-27 03:00:00.157 | INFO     | stock_bot.news.crawler:fetch_naver_news:212 - fetched 1 news items for 034020
2026-09-27 03:00:00.162 | DEBUG    | stock_bot.live.runner:_news_tick:840 - news 034020 new=0/1 (모두 중복)
2026-09-27 03:00:00.286 | INFO     | stock_bot.news.crawler:fetch_naver_news:207 - news relevance filter: 8 → 1 (제외 7건) [241560]
2026-09-27 03:00:00.287 | INFO     | stock_bot.news.crawler:fetch_naver_news:212 - fetched 1 news items for 241560
2026-09-27 03:00:00.292 | DEBUG    | stock_bot.live.runner:_news_tick:840 - news 241560 new=0/1 (모두 중복)
2026-09-27 03:00:00.436 | INFO     | stock_bot.news.crawler:fetch_naver_news:207 - news relevance filter: 3 → 1 (제외 2건) [123330]
2026-09-27 03:00:00.437 | INFO     | stock_bot.news.crawler:fetch_naver_news:212 - fetched 1 news items for 123330
2026-09-27 03:00:00.442 | DEBUG    | stock_bot.live.runner:_news_tick:840 - news 123330 new=0/1 (모두 중복)
2026-09-27 04:00:00.179 | INFO     | stock_bot.news.crawler:fetch_naver_news:207 - news relevance filter: 2 → 1 (제외 1건) [034020]
2026-09-27 04:00:00.180 | INFO     | stock_bot.news.crawler:fetch_naver_news:212 - fetched 1 news items for 034020
2026-09-27 04:00:00.208 | DEBUG    | stock_bot.live.runner:_news_tick:840 - news 034020 new=0/1 (모두 중복)
2026-09-27 04:00:00.330 | INFO     | stock_bot.news.crawler:fetch_naver_news:207 - news relevance filter: 8 → 1 (제외 7건) [241560]
2026-09-27 04:00:00.331 | INFO     | stock_bot.news.crawler:fetch_naver_news:212 - fetched 1 news items for 241560
2026-09-27 04:00:00.336 | DEBUG    | stock_bot.live.runner:_news_tick:840 - news 241560 new=0/1 (모두 중복)
2026-09-27 04:00:00.476 | INFO     | stock_bot.news.crawler:fetch_naver_news:207 - news relevance filter: 3 → 1 (제외 2건) [123330]
2026-09-27 04:00:00.477 | INFO     | stock_bot.news.crawler:fetch_naver_news:212 - fetched 1 news items for 123330
2026-09-27 04:00:00.482 | DEBUG    | stock_bot.live.runner:_news_tick:840 - news 123330 new=0/1 (모두 중복)
2026-09-27 05:00:00.182 | INFO     | stock_bot.news.crawler:fetch_naver_news:207 - news relevance filter: 2 → 1 (제외 1건) [034020]
2026-09-27 05:00:00.183 | INFO     | stock_bot.news.crawler:fetch_naver_news:212 - fetched 1 news items for 034020
2026-09-27 05:00:00.188 | DEBUG    | stock_bot.live.runner:_news_tick:840 - news 034020 new=0/1 (모두 중복)
2026-09-27 05:00:00.395 | INFO     | stock_bot.news.crawler:fetch_naver_news:207 - news relevance filter: 8 → 1 (제외 7건) [241560]
2026-09-27 05:00:00.395 | INFO     | stock_bot.news.crawler:fetch_naver_news:212 - fetched 1 news items for 241560
2026-09-27 05:00:00.400 | DEBUG    | stock_bot.live.runner:_news_tick:840 - news 241560 new=0/1 (모두 중복)
2026-09-27 05:00:00.541 | INFO     | stock_bot.news.crawler:fetch_naver_news:207 - news relevance filter: 3 → 1 (제외 2건) [123330]
2026-09-27 05:00:00.542 | INFO     | stock_bot.news.crawler:fetch_naver_news:212 - fetched 1 news items for 123330
2026-09-27 05:00:00.546 | DEBUG    | stock_bot.live.runner:_news_tick:840 - news 123330 new=0/1 (모두 중복)
2026-09-27 06:00:00.163 | INFO     | stock_bot.news.crawler:fetch_naver_news:207 - news relevance filter: 2 → 1 (제외 1건) [034020]
2026-09-27 06:00:00.164 | INFO     | stock_bot.news.crawler:fetch_naver_news:212 - fetched 1 news items for 034020
2026-09-27 06:00:00.169 | DEBUG    | stock_bot.live.runner:_news_tick:840 - news 034020 new=0/1 (모두 중복)
2026-09-27 06:00:00.293 | INFO     | stock_bot.news.crawler:fetch_naver_news:207 - news relevance filter: 8 → 1 (제외 7건) [241560]
2026-09-27 06:00:00.294 | INFO     | stock_bot.news.crawler:fetch_naver_news:212 - fetched 1 news items for 241560
2026-09-27 06:00:00.299 | DEBUG    | stock_bot.live.runner:_news_tick:840 - news 241560 new=0/1 (모두 중복)
2026-09-27 06:00:00.423 | INFO     | stock_bot.news.crawler:fetch_naver_news:207 - news relevance filter: 3 → 1 (제외 2건) [123330]
2026-09-27 06:00:00.424 | INFO     | stock_bot.news.crawler:fetch_naver_news:212 - fetched 1 news items for 123330
2026-09-27 06:00:00.428 | DEBUG    | stock_bot.live.runner:_news_tick:840 - news 123330 new=0/1 (모두 중복)
2026-09-27 07:00:00.164 | INFO     | stock_bot.news.crawler:fetch_naver_news:207 - news relevance filter: 3 → 2 (제외 1건) [034020]
2026-09-27 07:00:00.165 | INFO     | stock_bot.news.crawler:fetch_naver_news:212 - fetched 2 news items for 034020
2026-09-27 07:00:13.081 | INFO     | stock_bot.live.runner:_news_tick:879 - news 034020 new=1/2 critical=0 llm_batch=1
2026-09-27 07:00:13.198 | INFO     | stock_bot.news.crawler:fetch_naver_news:207 - news relevance filter: 8 → 1 (제외 7건) [241560]
2026-09-27 07:00:13.198 | INFO     | stock_bot.news.crawler:fetch_naver_news:212 - fetched 1 news items for 241560
2026-09-27 07:00:13.203 | DEBUG    | stock_bot.live.runner:_news_tick:840 - news 241560 new=0/1 (모두 중복)
2026-09-27 07:00:13.324 | INFO     | stock_bot.news.crawler:fetch_naver_news:207 - news relevance filter: 3 → 1 (제외 2건) [123330]
2026-09-27 07:00:13.325 | INFO     | stock_bot.news.crawler:fetch_naver_news:212 - fetched 1 news items for 123330
2026-09-27 07:00:13.330 | DEBUG    | stock_bot.live.runner:_news_tick:840 - news 123330 new=0/1 (모두 중복)
2026-09-27 08:00:00.193 | INFO     | stock_bot.news.crawler:fetch_naver_news:207 - news relevance filter: 2 → 1 (제외 1건) [034020]
2026-09-27 08:00:00.194 | INFO     | stock_bot.news.crawler:fetch_naver_news:212 - fetched 1 news items for 034020
2026-09-27 08:00:00.199 | DEBUG    | stock_bot.live.runner:_news_tick:840 - news 034020 new=0/1 (모두 중복)
2026-09-27 08:00:00.318 | INFO     | stock_bot.news.crawler:fetch_naver_news:207 - news relevance filter: 8 → 1 (제외 7건) [241560]
2026-09-27 08:00:00.319 | INFO     | stock_bot.news.crawler:fetch_naver_news:212 - fetched 1 news items for 241560
2026-09-27 08:00:00.324 | DEBUG    | stock_bot.live.runner:_news_tick:840 - news 241560 new=0/1 (모두 중복)
2026-09-27 08:00:00.438 | INFO     | stock_bot.news.crawler:fetch_naver_news:207 - news relevance filter: 3 → 1 (제외 2건) [123330]
2026-09-27 08:00:00.439 | INFO     | stock_bot.news.crawler:fetch_naver_news:212 - fetched 1 news items for 123330
2026-09-27 08:00:00.444 | DEBUG    | stock_bot.live.runner:_news_tick:840 - news 123330 new=0/1 (모두 중복)
2026-09-27 09:00:00.172 | INFO     | stock_bot.news.crawler:fetch_naver_news:207 - news relevance filter: 2 → 1 (제외 1건) [034020]
2026-09-27 09:00:00.173 | INFO     | stock_bot.news.crawler:fetch_naver_news:212 - fetched 1 news items for 034020
2026-09-27 09:00:00.178 | DEBUG    | stock_bot.live.runner:_news_tick:840 - news 034020 new=0/1 (모두 중복)
2026-09-27 09:00:00.366 | INFO     | stock_bot.news.crawler:fetch_naver_news:207 - news relevance filter: 8 → 1 (제외 7건) [241560]
2026-09-27 09:00:00.367 | INFO     | stock_bot.news.crawler:fetch_naver_news:212 - fetched 1 news items for 241560
2026-09-27 09:00:00.372 | DEBUG    | stock_bot.live.runner:_news_tick:840 - news 241560 new=0/1 (모두 중복)
2026-09-27 09:00:00.496 | INFO     | stock_bot.news.crawler:fetch_naver_news:207 - news relevance filter: 3 → 1 (제외 2건) [123330]
2026-09-27 09:00:00.497 | INFO     | stock_bot.news.crawler:fetch_naver_news:212 - fetched 1 news items for 123330
2026-09-27 09:00:00.501 | DEBUG    | stock_bot.live.runner:_news_tick:840 - news 123330 new=0/1 (모두 중복)
2026-09-27 10:00:00.156 | INFO     | stock_bot.news.crawler:fetch_naver_news:207 - news relevance filter: 2 → 1 (제외 1건) [034020]
2026-09-27 10:00:00.157 | INFO     | stock_bot.news.crawler:fetch_naver_news:212 - fetched 1 news items for 034020
2026-09-27 10:00:00.162 | DEBUG    | stock_bot.live.runner:_news_tick:840 - news 034020 new=0/1 (모두 중복)
2026-09-27 10:00:00.281 | INFO     | stock_bot.news.crawler:fetch_naver_news:207 - news relevance filter: 9 → 1 (제외 8건) [241560]
2026-09-27 10:00:00.282 | INFO     | stock_bot.news.crawler:fetch_naver_news:212 - fetched 1 news items for 241560
2026-09-27 10:00:00.287 | DEBUG    | stock_bot.live.runner:_news_tick:840 - news 241560 new=0/1 (모두 중복)
2026-09-27 10:00:00.534 | INFO     | stock_bot.news.crawler:fetch_naver_news:207 - news relevance filter: 3 → 1 (제외 2건) [123330]
2026-09-27 10:00:00.535 | INFO     | stock_bot.news.crawler:fetch_naver_news:212 - fetched 1 news items for 123330
2026-09-27 10:00:00.539 | DEBUG    | stock_bot.live.runner:_news_tick:840 - news 123330 new=0/1 (모두 중복)
2026-09-27 11:00:00.180 | INFO     | stock_bot.news.crawler:fetch_naver_news:207 - news relevance filter: 2 → 1 (제외 1건) [034020]
2026-09-27 11:00:00.181 | INFO     | stock_bot.news.crawler:fetch_naver_news:212 - fetched 1 news items for 034020
2026-09-27 11:00:00.186 | DEBUG    | stock_bot.live.runner:_news_tick:840 - news 034020 new=0/1 (모두 중복)
2026-09-27 11:00:00.307 | INFO     | stock_bot.news.crawler:fetch_naver_news:207 - news relevance filter: 10 → 1 (제외 9건) [241560]
2026-09-27 11:00:00.309 | INFO     | stock_bot.news.crawler:fetch_naver_news:212 - fetched 1 news items for 241560
2026-09-27 11:00:00.314 | DEBUG    | stock_bot.live.runner:_news_tick:840 - news 241560 new=0/1 (모두 중복)
2026-09-27 11:00:00.455 | INFO     | stock_bot.news.crawler:fetch_naver_news:207 - news relevance filter: 3 → 1 (제외 2건) [123330]
2026-09-27 11:00:00.456 | INFO     | stock_bot.news.crawler:fetch_naver_news:212 - fetched 1 news items for 123330
2026-09-27 11:00:00.461 | DEBUG    | stock_bot.live.runner:_news_tick:840 - news 123330 new=0/1 (모두 중복)
2026-09-27 12:00:00.193 | INFO     | stock_bot.news.crawler:fetch_naver_news:207 - news relevance filter: 2 → 1 (제외 1건) [034020]
2026-09-27 12:00:00.194 | INFO     | stock_bot.news.crawler:fetch_naver_news:212 - fetched 1 news items for 034020
2026-09-27 12:00:00.199 | DEBUG    | stock_bot.live.runner:_news_tick:840 - news 034020 new=0/1 (모두 중복)
2026-09-27 12:00:00.319 | INFO     | stock_bot.news.crawler:fetch_naver_news:207 - news relevance filter: 10 → 1 (제외 9건) [241560]
2026-09-27 12:00:00.320 | INFO     | stock_bot.news.crawler:fetch_naver_news:212 - fetched 1 news items for 241560
2026-09-27 12:00:00.325 | DEBUG    | stock_bot.live.runner:_news_tick:840 - news 241560 new=0/1 (모두 중복)
2026-09-27 12:00:00.471 | INFO     | stock_bot.news.crawler:fetch_naver_news:207 - news relevance filter: 3 → 1 (제외 2건) [123330]
2026-09-27 12:00:00.472 | INFO     | stock_bot.news.crawler:fetch_naver_news:212 - fetched 1 news items for 123330
2026-09-27 12:00:00.476 | DEBUG    | stock_bot.live.runner:_news_tick:840 - news 123330 new=0/1 (모두 중복)
2026-09-27 13:00:00.179 | INFO     | stock_bot.news.crawler:fetch_naver_news:207 - news relevance filter: 2 → 1 (제외 1건) [034020]
2026-09-27 13:00:00.179 | INFO     | stock_bot.news.crawler:fetch_naver_news:212 - fetched 1 news items for 034020
2026-09-27 13:00:00.185 | DEBUG    | stock_bot.live.runner:_news_tick:840 - news 034020 new=0/1 (모두 중복)
2026-09-27 13:00:00.315 | INFO     | stock_bot.news.crawler:fetch_naver_news:207 - news relevance filter: 10 → 1 (제외 9건) [241560]
2026-09-27 13:00:00.316 | INFO     | stock_bot.news.crawler:fetch_naver_news:212 - fetched 1 news items for 241560
2026-09-27 13:00:00.397 | DEBUG    | stock_bot.live.runner:_news_tick:840 - news 241560 new=0/1 (모두 중복)
2026-09-27 13:00:00.546 | INFO     | stock_bot.news.crawler:fetch_naver_news:207 - news relevance filter: 3 → 1 (제외 2건) [123330]
2026-09-27 13:00:00.546 | INFO     | stock_bot.news.crawler:fetch_naver_news:212 - fetched 1 news items for 123330
2026-09-27 13:00:00.552 | DEBUG    | stock_bot.live.runner:_news_tick:840 - news 123330 new=0/1 (모두 중복)
2026-09-27 14:00:00.177 | INFO     | stock_bot.news.crawler:fetch_naver_news:207 - news relevance filter: 2 → 1 (제외 1건) [034020]
2026-09-27 14:00:00.177 | INFO     | stock_bot.news.crawler:fetch_naver_news:212 - fetched 1 news items for 034020
2026-09-27 14:00:00.182 | DEBUG    | stock_bot.live.runner:_news_tick:840 - news 034020 new=0/1 (모두 중복)
2026-09-27 14:00:00.300 | INFO     | stock_bot.news.crawler:fetch_naver_news:207 - news relevance filter: 10 → 1 (제외 9건) [241560]
2026-09-27 14:00:00.301 | INFO     | stock_bot.news.crawler:fetch_naver_news:212 - fetched 1 news items for 241560
2026-09-27 14:00:00.306 | DEBUG    | stock_bot.live.runner:_news_tick:840 - news 241560 new=0/1 (모두 중복)
2026-09-27 14:00:00.446 | INFO     | stock_bot.news.crawler:fetch_naver_news:207 - news relevance filter: 3 → 1 (제외 2건) [123330]
2026-09-27 14:00:00.447 | INFO     | stock_bot.news.crawler:fetch_naver_news:212 - fetched 1 news items for 123330
2026-09-27 14:00:00.452 | DEBUG    | stock_bot.live.runner:_news_tick:840 - news 123330 new=0/1 (모두 중복)
2026-09-27 15:00:00.155 | INFO     | stock_bot.news.crawler:fetch_naver_news:207 - news relevance filter: 2 → 1 (제외 1건) [034020]
2026-09-27 15:00:00.156 | INFO     | stock_bot.news.crawler:fetch_naver_news:212 - fetched 1 news items for 034020
2026-09-27 15:00:00.161 | DEBUG    | stock_bot.live.runner:_news_tick:840 - news 034020 new=0/1 (모두 중복)
2026-09-27 15:00:00.279 | INFO     | stock_bot.news.crawler:fetch_naver_news:207 - news relevance filter: 10 → 1 (제외 9건) [241560]
2026-09-27 15:00:00.280 | INFO     | stock_bot.news.crawler:fetch_naver_news:212 - fetched 1 news items for 241560
2026-09-27 15:00:00.285 | DEBUG    | stock_bot.live.runner:_news_tick:840 - news 241560 new=0/1 (모두 중복)
2026-09-27 15:00:00.399 | INFO     | stock_bot.news.crawler:fetch_naver_news:207 - news relevance filter: 3 → 1 (제외 2건) [123330]
2026-09-27 15:00:00.400 | INFO     | stock_bot.news.crawler:fetch_naver_news:212 - fetched 1 news items for 123330
2026-09-27 15:00:00.406 | DEBUG    | stock_bot.live.runner:_news_tick:840 - news 123330 new=0/1 (모두 중복)
2026-09-27 16:00:00.164 | INFO     | stock_bot.news.crawler:fetch_naver_news:207 - news relevance filter: 2 → 1 (제외 1건) [034020]
2026-09-27 16:00:00.165 | INFO     | stock_bot.news.crawler:fetch_naver_news:212 - fetched 1 news items for 034020
2026-09-27 16:00:00.170 | DEBUG    | stock_bot.live.runner:_news_tick:840 - news 034020 new=0/1 (모두 중복)
2026-09-27 16:00:00.302 | INFO     | stock_bot.news.crawler:fetch_naver_news:207 - news relevance filter: 10 → 1 (제외 9건) [241560]
2026-09-27 16:00:00.303 | INFO     | stock_bot.news.crawler:fetch_naver_news:212 - fetched 1 news items for 241560
2026-09-27 16:00:00.308 | DEBUG    | stock_bot.live.runner:_news_tick:840 - news 241560 new=0/1 (모두 중복)
2026-09-27 16:00:00.458 | INFO     | stock_bot.news.crawler:fetch_naver_news:207 - news relevance filter: 3 → 1 (제외 2건) [123330]
2026-09-27 16:00:00.459 | INFO     | stock_bot.news.crawler:fetch_naver_news:212 - fetched 1 news items for 123330
2026-09-27 16:00:00.464 | DEBUG    | stock_bot.live.runner:_news_tick:840 - news 123330 new=0/1 (모두 중복)
2026-09-27 17:00:00.173 | INFO     | stock_bot.news.crawler:fetch_naver_news:207 - news relevance filter: 2 → 1 (제외 1건) [034020]
2026-09-27 17:00:00.173 | INFO     | stock_bot.news.crawler:fetch_naver_news:212 - fetched 1 news items for 034020
2026-09-27 17:00:00.178 | DEBUG    | stock_bot.live.runner:_news_tick:840 - news 034020 new=0/1 (모두 중복)
2026-09-27 17:00:00.307 | INFO     | stock_bot.news.crawler:fetch_naver_news:207 - news relevance filter: 10 → 1 (제외 9건) [241560]
2026-09-27 17:00:00.308 | INFO     | stock_bot.news.crawler:fetch_naver_news:212 - fetched 1 news items for 241560
2026-09-27 17:00:00.372 | DEBUG    | stock_bot.live.runner:_news_tick:840 - news 241560 new=0/1 (모두 중복)
2026-09-27 17:00:00.507 | INFO     | stock_bot.news.crawler:fetch_naver_news:207 - news relevance filter: 3 → 1 (제외 2건) [123330]
2026-09-27 17:00:00.508 | INFO     | stock_bot.news.crawler:fetch_naver_news:212 - fetched 1 news items for 123330
2026-09-27 17:00:00.513 | DEBUG    | stock_bot.live.runner:_news_tick:840 - news 123330 new=0/1 (모두 중복)
2026-09-27 18:00:00.182 | INFO     | stock_bot.news.crawler:fetch_naver_news:207 - news relevance filter: 2 → 1 (제외 1건) [034020]
2026-09-27 18:00:00.183 | INFO     | stock_bot.news.crawler:fetch_naver_news:212 - fetched 1 news items for 034020
2026-09-27 18:00:00.188 | DEBUG    | stock_bot.live.runner:_news_tick:840 - news 034020 new=0/1 (모두 중복)
2026-09-27 18:00:00.305 | INFO     | stock_bot.news.crawler:fetch_naver_news:207 - news relevance filter: 10 → 1 (제외 9건) [241560]
2026-09-27 18:00:00.306 | INFO     | stock_bot.news.crawler:fetch_naver_news:212 - fetched 1 news items for 241560
2026-09-27 18:00:00.311 | DEBUG    | stock_bot.live.runner:_news_tick:840 - news 241560 new=0/1 (모두 중복)
2026-09-27 18:00:00.432 | INFO     | stock_bot.news.crawler:fetch_naver_news:207 - news relevance filter: 3 → 1 (제외 2건) [123330]
2026-09-27 18:00:00.432 | INFO     | stock_bot.news.crawler:fetch_naver_news:212 - fetched 1 news items for 123330
2026-09-27 18:00:00.437 | DEBUG    | stock_bot.live.runner:_news_tick:840 - news 123330 new=0/1 (모두 중복)
2026-09-27 19:00:00.121 | INFO     | stock_bot.news.crawler:fetch_naver_news:207 - news relevance filter: 2 → 1 (제외 1건) [034020]
2026-09-27 19:00:00.122 | INFO     | stock_bot.news.crawler:fetch_naver_news:212 - fetched 1 news items for 034020
2026-09-27 19:00:00.127 | DEBUG    | stock_bot.live.runner:_news_tick:840 - news 034020 new=0/1 (모두 중복)
2026-09-27 19:00:00.254 | INFO     | stock_bot.news.crawler:fetch_naver_news:207 - news relevance filter: 10 → 1 (제외 9건) [241560]
2026-09-27 19:00:00.255 | INFO     | stock_bot.news.crawler:fetch_naver_news:212 - fetched 1 news items for 241560
2026-09-27 19:00:00.260 | DEBUG    | stock_bot.live.runner:_news_tick:840 - news 241560 new=0/1 (모두 중복)
2026-09-27 19:00:00.404 | INFO     | stock_bot.news.crawler:fetch_naver_news:207 - news relevance filter: 3 → 1 (제외 2건) [123330]
2026-09-27 19:00:00.405 | INFO     | stock_bot.news.crawler:fetch_naver_news:212 - fetched 1 news items for 123330
2026-09-27 19:00:00.409 | DEBUG    | stock_bot.live.runner:_news_tick:840 - news 123330 new=0/1 (모두 중복)
2026-09-27 20:00:00.168 | INFO     | stock_bot.news.crawler:fetch_naver_news:207 - news relevance filter: 2 → 1 (제외 1건) [034020]
2026-09-27 20:00:00.169 | INFO     | stock_bot.news.crawler:fetch_naver_news:212 - fetched 1 news items for 034020
2026-09-27 20:00:00.174 | DEBUG    | stock_bot.live.runner:_news_tick:840 - news 034020 new=0/1 (모두 중복)
2026-09-27 20:00:00.295 | INFO     | stock_bot.news.crawler:fetch_naver_news:207 - news relevance filter: 10 → 1 (제외 9건) [241560]
2026-09-27 20:00:00.296 | INFO     | stock_bot.news.crawler:fetch_naver_news:212 - fetched 1 news items for 241560
2026-09-27 20:00:00.301 | DEBUG    | stock_bot.live.runner:_news_tick:840 - news 241560 new=0/1 (모두 중복)
2026-09-27 20:00:00.451 | INFO     | stock_bot.news.crawler:fetch_naver_news:207 - news relevance filter: 3 → 1 (제외 2건) [123330]
2026-09-27 20:00:00.452 | INFO     | stock_bot.news.crawler:fetch_naver_news:212 - fetched 1 news items for 123330
2026-09-27 20:00:00.457 | DEBUG    | stock_bot.live.runner:_news_tick:840 - news 123330 new=0/1 (모두 중복)
2026-09-27 21:00:00.161 | INFO     | stock_bot.news.crawler:fetch_naver_news:207 - news relevance filter: 2 → 1 (제외 1건) [034020]
2026-09-27 21:00:00.162 | INFO     | stock_bot.news.crawler:fetch_naver_news:212 - fetched 1 news items for 034020
2026-09-27 21:00:00.168 | DEBUG    | stock_bot.live.runner:_news_tick:840 - news 034020 new=0/1 (모두 중복)
2026-09-27 21:00:00.326 | INFO     | stock_bot.news.crawler:fetch_naver_news:207 - news relevance filter: 10 → 1 (제외 9건) [241560]
2026-09-27 21:00:00.327 | INFO     | stock_bot.news.crawler:fetch_naver_news:212 - fetched 1 news items for 241560
2026-09-27 21:00:00.390 | DEBUG    | stock_bot.live.runner:_news_tick:840 - news 241560 new=0/1 (모두 중복)
2026-09-27 21:00:00.520 | INFO     | stock_bot.news.crawler:fetch_naver_news:207 - news relevance filter: 3 → 1 (제외 2건) [123330]
2026-09-27 21:00:00.521 | INFO     | stock_bot.news.crawler:fetch_naver_news:212 - fetched 1 news items for 123330
2026-09-27 21:00:00.526 | DEBUG    | stock_bot.live.runner:_news_tick:840 - news 123330 new=0/1 (모두 중복)
2026-09-27 22:00:00.177 | INFO     | stock_bot.news.crawler:fetch_naver_news:207 - news relevance filter: 2 → 1 (제외 1건) [034020]
2026-09-27 22:00:00.178 | INFO     | stock_bot.news.crawler:fetch_naver_news:212 - fetched 1 news items for 034020
2026-09-27 22:00:00.183 | DEBUG    | stock_bot.live.runner:_news_tick:840 - news 034020 new=0/1 (모두 중복)
2026-09-27 22:00:00.309 | INFO     | stock_bot.news.crawler:fetch_naver_news:207 - news relevance filter: 10 → 1 (제외 9건) [241560]
2026-09-27 22:00:00.310 | INFO     | stock_bot.news.crawler:fetch_naver_news:212 - fetched 1 news items for 241560
2026-09-27 22:00:00.315 | DEBUG    | stock_bot.live.runner:_news_tick:840 - news 241560 new=0/1 (모두 중복)
2026-09-27 22:00:00.460 | INFO     | stock_bot.news.crawler:fetch_naver_news:207 - news relevance filter: 3 → 1 (제외 2건) [123330]
2026-09-27 22:00:00.461 | INFO     | stock_bot.news.crawler:fetch_naver_news:212 - fetched 1 news items for 123330
2026-09-27 22:00:00.466 | DEBUG    | stock_bot.live.runner:_news_tick:840 - news 123330 new=0/1 (모두 중복)
2026-09-27 23:00:00.187 | INFO     | stock_bot.news.crawler:fetch_naver_news:207 - news relevance filter: 2 → 1 (제외 1건) [034020]
2026-09-27 23:00:00.188 | INFO     | stock_bot.news.crawler:fetch_naver_news:212 - fetched 1 news items for 034020
2026-09-27 23:00:00.194 | DEBUG    | stock_bot.live.runner:_news_tick:840 - news 034020 new=0/1 (모두 중복)
2026-09-27 23:00:00.342 | INFO     | stock_bot.news.crawler:fetch_naver_news:207 - news relevance filter: 10 → 1 (제외 9건) [241560]
2026-09-27 23:00:00.342 | INFO     | stock_bot.news.crawler:fetch_naver_news:212 - fetched 1 news items for 241560
2026-09-27 23:00:00.347 | DEBUG    | stock_bot.live.runner:_news_tick:840 - news 241560 new=0/1 (모두 중복)
2026-09-27 23:00:00.471 | INFO     | stock_bot.news.crawler:fetch_naver_news:207 - news relevance filter: 3 → 1 (제외 2건) [123330]
2026-09-27 23:00:00.471 | INFO     | stock_bot.news.crawler:fetch_naver_news:212 - fetched 1 news items for 123330
2026-09-27 23:00:00.476 | DEBUG    | stock_bot.live.runner:_news_tick:840 - news 123330 new=0/1 (모두 중복)
