2026-09-12 00:00:00.008 | DEBUG    | stock_bot.live.runner:_send_cost_report:546 - claude_code 백엔드 — API 비용 리포트 생략
2026-09-12 00:00:00.981 | INFO     | stock_bot.news.crawler:fetch_naver_news:165 - news relevance filter: 36 → 0 (제외 36건) [034020]
2026-09-12 00:00:00.981 | INFO     | stock_bot.news.crawler:fetch_naver_news:170 - fetched 0 news items for 034020
2026-09-12 00:00:00.983 | DEBUG    | stock_bot.live.runner:_news_tick:774 - news 034020 new=0/0 (모두 중복)
2026-09-12 00:00:01.214 | INFO     | stock_bot.news.crawler:fetch_naver_news:165 - news relevance filter: 5 → 0 (제외 5건) [241560]
2026-09-12 00:00:01.215 | INFO     | stock_bot.news.crawler:fetch_naver_news:170 - fetched 0 news items for 241560
2026-09-12 00:00:01.216 | DEBUG    | stock_bot.live.runner:_news_tick:774 - news 241560 new=0/0 (모두 중복)
2026-09-12 00:00:01.446 | INFO     | stock_bot.news.crawler:fetch_naver_news:165 - news relevance filter: 3 → 0 (제외 3건) [123330]
2026-09-12 00:00:01.447 | INFO     | stock_bot.news.crawler:fetch_naver_news:170 - fetched 0 news items for 123330
2026-09-12 00:00:01.449 | DEBUG    | stock_bot.live.runner:_news_tick:774 - news 123330 new=0/0 (모두 중복)
2026-09-12 00:05:01.054 | DEBUG    | stock_bot.live.backup:_export_logs:182 - backup: bot 로그 2026-09-11 추출 198KB
2026-09-12 00:05:07.072 | DEBUG    | stock_bot.live.backup:_export_logs:182 - backup: web 로그 2026-09-11 추출 128KB
2026-09-12 00:05:07.200 | DEBUG    | stock_bot.live.backup:_export_logs:182 - backup: leader 로그 2026-09-11 추출 58KB
2026-09-12 00:05:09.740 | DEBUG    | stock_bot.live.backup:_git_push:286 - backup: origin 정렬됨(behind=0) → reset 생략, 바로 push
2026-09-12 00:05:12.573 | INFO     | stock_bot.live.backup:run_backup:365 - backup 완료: trades=68 reviews=38 news=0 log=386KB → git push
2026-09-12 01:00:01.016 | INFO     | stock_bot.news.crawler:fetch_naver_news:165 - news relevance filter: 36 → 0 (제외 36건) [034020]
2026-09-12 01:00:01.017 | INFO     | stock_bot.news.crawler:fetch_naver_news:170 - fetched 0 news items for 034020
2026-09-12 01:00:01.019 | DEBUG    | stock_bot.live.runner:_news_tick:774 - news 034020 new=0/0 (모두 중복)
2026-09-12 01:00:01.252 | INFO     | stock_bot.news.crawler:fetch_naver_news:165 - news relevance filter: 5 → 0 (제외 5건) [241560]
2026-09-12 01:00:01.252 | INFO     | stock_bot.news.crawler:fetch_naver_news:170 - fetched 0 news items for 241560
2026-09-12 01:00:01.254 | DEBUG    | stock_bot.live.runner:_news_tick:774 - news 241560 new=0/0 (모두 중복)
2026-09-12 01:00:01.470 | INFO     | stock_bot.news.crawler:fetch_naver_news:165 - news relevance filter: 3 → 0 (제외 3건) [123330]
2026-09-12 01:00:01.471 | INFO     | stock_bot.news.crawler:fetch_naver_news:170 - fetched 0 news items for 123330
2026-09-12 01:00:01.472 | DEBUG    | stock_bot.live.runner:_news_tick:774 - news 123330 new=0/0 (모두 중복)
2026-09-12 02:00:00.971 | INFO     | stock_bot.news.crawler:fetch_naver_news:165 - news relevance filter: 36 → 0 (제외 36건) [034020]
2026-09-12 02:00:00.972 | INFO     | stock_bot.news.crawler:fetch_naver_news:170 - fetched 0 news items for 034020
2026-09-12 02:00:00.974 | DEBUG    | stock_bot.live.runner:_news_tick:774 - news 034020 new=0/0 (모두 중복)
2026-09-12 02:00:01.197 | INFO     | stock_bot.news.crawler:fetch_naver_news:165 - news relevance filter: 5 → 0 (제외 5건) [241560]
2026-09-12 02:00:01.201 | INFO     | stock_bot.news.crawler:fetch_naver_news:170 - fetched 0 news items for 241560
2026-09-12 02:00:01.202 | DEBUG    | stock_bot.live.runner:_news_tick:774 - news 241560 new=0/0 (모두 중복)
2026-09-12 02:00:01.401 | INFO     | stock_bot.news.crawler:fetch_naver_news:165 - news relevance filter: 3 → 0 (제외 3건) [123330]
2026-09-12 02:00:01.402 | INFO     | stock_bot.news.crawler:fetch_naver_news:170 - fetched 0 news items for 123330
2026-09-12 02:00:01.403 | DEBUG    | stock_bot.live.runner:_news_tick:774 - news 123330 new=0/0 (모두 중복)
2026-09-12 03:00:01.002 | INFO     | stock_bot.news.crawler:fetch_naver_news:165 - news relevance filter: 36 → 0 (제외 36건) [034020]
2026-09-12 03:00:01.003 | INFO     | stock_bot.news.crawler:fetch_naver_news:170 - fetched 0 news items for 034020
2026-09-12 03:00:01.005 | DEBUG    | stock_bot.live.runner:_news_tick:774 - news 034020 new=0/0 (모두 중복)
2026-09-12 03:00:01.223 | INFO     | stock_bot.news.crawler:fetch_naver_news:165 - news relevance filter: 5 → 0 (제외 5건) [241560]
2026-09-12 03:00:01.224 | INFO     | stock_bot.news.crawler:fetch_naver_news:170 - fetched 0 news items for 241560
2026-09-12 03:00:01.225 | DEBUG    | stock_bot.live.runner:_news_tick:774 - news 241560 new=0/0 (모두 중복)
2026-09-12 03:00:01.426 | INFO     | stock_bot.news.crawler:fetch_naver_news:165 - news relevance filter: 3 → 0 (제외 3건) [123330]
2026-09-12 03:00:01.427 | INFO     | stock_bot.news.crawler:fetch_naver_news:170 - fetched 0 news items for 123330
2026-09-12 03:00:01.428 | DEBUG    | stock_bot.live.runner:_news_tick:774 - news 123330 new=0/0 (모두 중복)
2026-09-12 04:00:00.943 | INFO     | stock_bot.news.crawler:fetch_naver_news:165 - news relevance filter: 36 → 0 (제외 36건) [034020]
2026-09-12 04:00:00.944 | INFO     | stock_bot.news.crawler:fetch_naver_news:170 - fetched 0 news items for 034020
2026-09-12 04:00:00.945 | DEBUG    | stock_bot.live.runner:_news_tick:774 - news 034020 new=0/0 (모두 중복)
2026-09-12 04:00:01.201 | INFO     | stock_bot.news.crawler:fetch_naver_news:165 - news relevance filter: 5 → 0 (제외 5건) [241560]
2026-09-12 04:00:01.201 | INFO     | stock_bot.news.crawler:fetch_naver_news:170 - fetched 0 news items for 241560
2026-09-12 04:00:01.202 | DEBUG    | stock_bot.live.runner:_news_tick:774 - news 241560 new=0/0 (모두 중복)
2026-09-12 04:00:01.413 | INFO     | stock_bot.news.crawler:fetch_naver_news:165 - news relevance filter: 3 → 0 (제외 3건) [123330]
2026-09-12 04:00:01.414 | INFO     | stock_bot.news.crawler:fetch_naver_news:170 - fetched 0 news items for 123330
2026-09-12 04:00:01.416 | DEBUG    | stock_bot.live.runner:_news_tick:774 - news 123330 new=0/0 (모두 중복)
2026-09-12 05:00:00.938 | INFO     | stock_bot.news.crawler:fetch_naver_news:165 - news relevance filter: 36 → 0 (제외 36건) [034020]
2026-09-12 05:00:00.939 | INFO     | stock_bot.news.crawler:fetch_naver_news:170 - fetched 0 news items for 034020
2026-09-12 05:00:00.941 | DEBUG    | stock_bot.live.runner:_news_tick:774 - news 034020 new=0/0 (모두 중복)
2026-09-12 05:00:01.165 | INFO     | stock_bot.news.crawler:fetch_naver_news:165 - news relevance filter: 5 → 0 (제외 5건) [241560]
2026-09-12 05:00:01.166 | INFO     | stock_bot.news.crawler:fetch_naver_news:170 - fetched 0 news items for 241560
2026-09-12 05:00:01.167 | DEBUG    | stock_bot.live.runner:_news_tick:774 - news 241560 new=0/0 (모두 중복)
2026-09-12 05:00:01.381 | INFO     | stock_bot.news.crawler:fetch_naver_news:165 - news relevance filter: 3 → 0 (제외 3건) [123330]
2026-09-12 05:00:01.382 | INFO     | stock_bot.news.crawler:fetch_naver_news:170 - fetched 0 news items for 123330
2026-09-12 05:00:01.383 | DEBUG    | stock_bot.live.runner:_news_tick:774 - news 123330 new=0/0 (모두 중복)
2026-09-12 06:00:01.015 | INFO     | stock_bot.news.crawler:fetch_naver_news:165 - news relevance filter: 36 → 0 (제외 36건) [034020]
2026-09-12 06:00:01.016 | INFO     | stock_bot.news.crawler:fetch_naver_news:170 - fetched 0 news items for 034020
2026-09-12 06:00:01.017 | DEBUG    | stock_bot.live.runner:_news_tick:774 - news 034020 new=0/0 (모두 중복)
2026-09-12 06:00:01.267 | INFO     | stock_bot.news.crawler:fetch_naver_news:165 - news relevance filter: 5 → 0 (제외 5건) [241560]
2026-09-12 06:00:01.267 | INFO     | stock_bot.news.crawler:fetch_naver_news:170 - fetched 0 news items for 241560
2026-09-12 06:00:01.269 | DEBUG    | stock_bot.live.runner:_news_tick:774 - news 241560 new=0/0 (모두 중복)
2026-09-12 06:00:01.490 | INFO     | stock_bot.news.crawler:fetch_naver_news:165 - news relevance filter: 3 → 0 (제외 3건) [123330]
2026-09-12 06:00:01.490 | INFO     | stock_bot.news.crawler:fetch_naver_news:170 - fetched 0 news items for 123330
2026-09-12 06:00:01.492 | DEBUG    | stock_bot.live.runner:_news_tick:774 - news 123330 new=0/0 (모두 중복)
2026-09-12 07:00:01.115 | INFO     | stock_bot.news.crawler:fetch_naver_news:165 - news relevance filter: 36 → 0 (제외 36건) [034020]
2026-09-12 07:00:01.116 | INFO     | stock_bot.news.crawler:fetch_naver_news:170 - fetched 0 news items for 034020
2026-09-12 07:00:01.118 | DEBUG    | stock_bot.live.runner:_news_tick:774 - news 034020 new=0/0 (모두 중복)
2026-09-12 07:00:01.370 | INFO     | stock_bot.news.crawler:fetch_naver_news:165 - news relevance filter: 5 → 0 (제외 5건) [241560]
2026-09-12 07:00:01.371 | INFO     | stock_bot.news.crawler:fetch_naver_news:170 - fetched 0 news items for 241560
2026-09-12 07:00:01.372 | DEBUG    | stock_bot.live.runner:_news_tick:774 - news 241560 new=0/0 (모두 중복)
2026-09-12 07:00:01.578 | INFO     | stock_bot.news.crawler:fetch_naver_news:165 - news relevance filter: 3 → 0 (제외 3건) [123330]
2026-09-12 07:00:01.579 | INFO     | stock_bot.news.crawler:fetch_naver_news:170 - fetched 0 news items for 123330
2026-09-12 07:00:01.581 | DEBUG    | stock_bot.live.runner:_news_tick:774 - news 123330 new=0/0 (모두 중복)
2026-09-12 08:00:00.943 | INFO     | stock_bot.news.crawler:fetch_naver_news:165 - news relevance filter: 36 → 0 (제외 36건) [034020]
2026-09-12 08:00:00.944 | INFO     | stock_bot.news.crawler:fetch_naver_news:170 - fetched 0 news items for 034020
2026-09-12 08:00:00.945 | DEBUG    | stock_bot.live.runner:_news_tick:774 - news 034020 new=0/0 (모두 중복)
2026-09-12 08:00:01.170 | INFO     | stock_bot.news.crawler:fetch_naver_news:165 - news relevance filter: 5 → 0 (제외 5건) [241560]
2026-09-12 08:00:01.171 | INFO     | stock_bot.news.crawler:fetch_naver_news:170 - fetched 0 news items for 241560
2026-09-12 08:00:01.172 | DEBUG    | stock_bot.live.runner:_news_tick:774 - news 241560 new=0/0 (모두 중복)
2026-09-12 08:00:01.384 | INFO     | stock_bot.news.crawler:fetch_naver_news:165 - news relevance filter: 3 → 0 (제외 3건) [123330]
2026-09-12 08:00:01.385 | INFO     | stock_bot.news.crawler:fetch_naver_news:170 - fetched 0 news items for 123330
2026-09-12 08:00:01.387 | DEBUG    | stock_bot.live.runner:_news_tick:774 - news 123330 new=0/0 (모두 중복)
2026-09-12 09:00:01.006 | INFO     | stock_bot.news.crawler:fetch_naver_news:165 - news relevance filter: 36 → 0 (제외 36건) [034020]
2026-09-12 09:00:01.007 | INFO     | stock_bot.news.crawler:fetch_naver_news:170 - fetched 0 news items for 034020
2026-09-12 09:00:01.009 | DEBUG    | stock_bot.live.runner:_news_tick:774 - news 034020 new=0/0 (모두 중복)
2026-09-12 09:00:01.240 | INFO     | stock_bot.news.crawler:fetch_naver_news:165 - news relevance filter: 5 → 0 (제외 5건) [241560]
2026-09-12 09:00:01.241 | INFO     | stock_bot.news.crawler:fetch_naver_news:170 - fetched 0 news items for 241560
2026-09-12 09:00:01.242 | DEBUG    | stock_bot.live.runner:_news_tick:774 - news 241560 new=0/0 (모두 중복)
2026-09-12 09:00:01.453 | INFO     | stock_bot.news.crawler:fetch_naver_news:165 - news relevance filter: 3 → 0 (제외 3건) [123330]
2026-09-12 09:00:01.454 | INFO     | stock_bot.news.crawler:fetch_naver_news:170 - fetched 0 news items for 123330
2026-09-12 09:00:01.456 | DEBUG    | stock_bot.live.runner:_news_tick:774 - news 123330 new=0/0 (모두 중복)
2026-09-12 10:00:00.956 | INFO     | stock_bot.news.crawler:fetch_naver_news:165 - news relevance filter: 36 → 0 (제외 36건) [034020]
2026-09-12 10:00:00.957 | INFO     | stock_bot.news.crawler:fetch_naver_news:170 - fetched 0 news items for 034020
2026-09-12 10:00:00.959 | DEBUG    | stock_bot.live.runner:_news_tick:774 - news 034020 new=0/0 (모두 중복)
2026-09-12 10:00:01.247 | INFO     | stock_bot.news.crawler:fetch_naver_news:165 - news relevance filter: 5 → 0 (제외 5건) [241560]
2026-09-12 10:00:01.248 | INFO     | stock_bot.news.crawler:fetch_naver_news:170 - fetched 0 news items for 241560
2026-09-12 10:00:01.250 | DEBUG    | stock_bot.live.runner:_news_tick:774 - news 241560 new=0/0 (모두 중복)
2026-09-12 10:00:01.472 | INFO     | stock_bot.news.crawler:fetch_naver_news:165 - news relevance filter: 3 → 0 (제외 3건) [123330]
2026-09-12 10:00:01.473 | INFO     | stock_bot.news.crawler:fetch_naver_news:170 - fetched 0 news items for 123330
2026-09-12 10:00:01.475 | DEBUG    | stock_bot.live.runner:_news_tick:774 - news 123330 new=0/0 (모두 중복)
2026-09-12 11:00:00.937 | INFO     | stock_bot.news.crawler:fetch_naver_news:165 - news relevance filter: 36 → 0 (제외 36건) [034020]
2026-09-12 11:00:00.938 | INFO     | stock_bot.news.crawler:fetch_naver_news:170 - fetched 0 news items for 034020
2026-09-12 11:00:00.939 | DEBUG    | stock_bot.live.runner:_news_tick:774 - news 034020 new=0/0 (모두 중복)
2026-09-12 11:00:01.156 | INFO     | stock_bot.news.crawler:fetch_naver_news:165 - news relevance filter: 5 → 0 (제외 5건) [241560]
2026-09-12 11:00:01.157 | INFO     | stock_bot.news.crawler:fetch_naver_news:170 - fetched 0 news items for 241560
2026-09-12 11:00:01.158 | DEBUG    | stock_bot.live.runner:_news_tick:774 - news 241560 new=0/0 (모두 중복)
2026-09-12 11:00:01.367 | INFO     | stock_bot.news.crawler:fetch_naver_news:165 - news relevance filter: 3 → 0 (제외 3건) [123330]
2026-09-12 11:00:01.368 | INFO     | stock_bot.news.crawler:fetch_naver_news:170 - fetched 0 news items for 123330
2026-09-12 11:00:01.370 | DEBUG    | stock_bot.live.runner:_news_tick:774 - news 123330 new=0/0 (모두 중복)
2026-09-12 12:00:00.977 | INFO     | stock_bot.news.crawler:fetch_naver_news:165 - news relevance filter: 34 → 0 (제외 34건) [034020]
2026-09-12 12:00:00.978 | INFO     | stock_bot.news.crawler:fetch_naver_news:170 - fetched 0 news items for 034020
2026-09-12 12:00:00.979 | DEBUG    | stock_bot.live.runner:_news_tick:774 - news 034020 new=0/0 (모두 중복)
2026-09-12 12:00:01.202 | INFO     | stock_bot.news.crawler:fetch_naver_news:165 - news relevance filter: 5 → 0 (제외 5건) [241560]
2026-09-12 12:00:01.203 | INFO     | stock_bot.news.crawler:fetch_naver_news:170 - fetched 0 news items for 241560
2026-09-12 12:00:01.205 | DEBUG    | stock_bot.live.runner:_news_tick:774 - news 241560 new=0/0 (모두 중복)
2026-09-12 12:00:01.411 | INFO     | stock_bot.news.crawler:fetch_naver_news:165 - news relevance filter: 3 → 0 (제외 3건) [123330]
2026-09-12 12:00:01.412 | INFO     | stock_bot.news.crawler:fetch_naver_news:170 - fetched 0 news items for 123330
2026-09-12 12:00:01.413 | DEBUG    | stock_bot.live.runner:_news_tick:774 - news 123330 new=0/0 (모두 중복)
2026-09-12 13:00:00.941 | INFO     | stock_bot.news.crawler:fetch_naver_news:165 - news relevance filter: 34 → 0 (제외 34건) [034020]
2026-09-12 13:00:00.942 | INFO     | stock_bot.news.crawler:fetch_naver_news:170 - fetched 0 news items for 034020
2026-09-12 13:00:00.944 | DEBUG    | stock_bot.live.runner:_news_tick:774 - news 034020 new=0/0 (모두 중복)
2026-09-12 13:00:01.167 | INFO     | stock_bot.news.crawler:fetch_naver_news:165 - news relevance filter: 5 → 0 (제외 5건) [241560]
2026-09-12 13:00:01.168 | INFO     | stock_bot.news.crawler:fetch_naver_news:170 - fetched 0 news items for 241560
2026-09-12 13:00:01.169 | DEBUG    | stock_bot.live.runner:_news_tick:774 - news 241560 new=0/0 (모두 중복)
2026-09-12 13:00:01.460 | INFO     | stock_bot.news.crawler:fetch_naver_news:165 - news relevance filter: 3 → 0 (제외 3건) [123330]
2026-09-12 13:00:01.461 | INFO     | stock_bot.news.crawler:fetch_naver_news:170 - fetched 0 news items for 123330
2026-09-12 13:00:01.463 | DEBUG    | stock_bot.live.runner:_news_tick:774 - news 123330 new=0/0 (모두 중복)
2026-09-12 14:00:00.941 | INFO     | stock_bot.news.crawler:fetch_naver_news:165 - news relevance filter: 35 → 0 (제외 35건) [034020]
2026-09-12 14:00:00.942 | INFO     | stock_bot.news.crawler:fetch_naver_news:170 - fetched 0 news items for 034020
2026-09-12 14:00:00.944 | DEBUG    | stock_bot.live.runner:_news_tick:774 - news 034020 new=0/0 (모두 중복)
2026-09-12 14:00:01.157 | INFO     | stock_bot.news.crawler:fetch_naver_news:165 - news relevance filter: 5 → 0 (제외 5건) [241560]
2026-09-12 14:00:01.158 | INFO     | stock_bot.news.crawler:fetch_naver_news:170 - fetched 0 news items for 241560
2026-09-12 14:00:01.159 | DEBUG    | stock_bot.live.runner:_news_tick:774 - news 241560 new=0/0 (모두 중복)
2026-09-12 14:00:01.367 | INFO     | stock_bot.news.crawler:fetch_naver_news:165 - news relevance filter: 3 → 0 (제외 3건) [123330]
2026-09-12 14:00:01.368 | INFO     | stock_bot.news.crawler:fetch_naver_news:170 - fetched 0 news items for 123330
2026-09-12 14:00:01.370 | DEBUG    | stock_bot.live.runner:_news_tick:774 - news 123330 new=0/0 (모두 중복)
2026-09-12 15:00:00.973 | INFO     | stock_bot.news.crawler:fetch_naver_news:165 - news relevance filter: 35 → 0 (제외 35건) [034020]
2026-09-12 15:00:00.974 | INFO     | stock_bot.news.crawler:fetch_naver_news:170 - fetched 0 news items for 034020
2026-09-12 15:00:00.975 | DEBUG    | stock_bot.live.runner:_news_tick:774 - news 034020 new=0/0 (모두 중복)
2026-09-12 15:00:01.196 | INFO     | stock_bot.news.crawler:fetch_naver_news:165 - news relevance filter: 5 → 0 (제외 5건) [241560]
2026-09-12 15:00:01.197 | INFO     | stock_bot.news.crawler:fetch_naver_news:170 - fetched 0 news items for 241560
2026-09-12 15:00:01.198 | DEBUG    | stock_bot.live.runner:_news_tick:774 - news 241560 new=0/0 (모두 중복)
2026-09-12 15:00:01.425 | INFO     | stock_bot.news.crawler:fetch_naver_news:165 - news relevance filter: 3 → 0 (제외 3건) [123330]
2026-09-12 15:00:01.426 | INFO     | stock_bot.news.crawler:fetch_naver_news:170 - fetched 0 news items for 123330
2026-09-12 15:00:01.428 | DEBUG    | stock_bot.live.runner:_news_tick:774 - news 123330 new=0/0 (모두 중복)
2026-09-12 16:00:00.931 | INFO     | stock_bot.news.crawler:fetch_naver_news:165 - news relevance filter: 35 → 0 (제외 35건) [034020]
2026-09-12 16:00:00.932 | INFO     | stock_bot.news.crawler:fetch_naver_news:170 - fetched 0 news items for 034020
2026-09-12 16:00:00.933 | DEBUG    | stock_bot.live.runner:_news_tick:774 - news 034020 new=0/0 (모두 중복)
2026-09-12 16:00:01.144 | INFO     | stock_bot.news.crawler:fetch_naver_news:165 - news relevance filter: 5 → 0 (제외 5건) [241560]
2026-09-12 16:00:01.145 | INFO     | stock_bot.news.crawler:fetch_naver_news:170 - fetched 0 news items for 241560
2026-09-12 16:00:01.146 | DEBUG    | stock_bot.live.runner:_news_tick:774 - news 241560 new=0/0 (모두 중복)
2026-09-12 16:00:01.349 | INFO     | stock_bot.news.crawler:fetch_naver_news:165 - news relevance filter: 3 → 0 (제외 3건) [123330]
2026-09-12 16:00:01.350 | INFO     | stock_bot.news.crawler:fetch_naver_news:170 - fetched 0 news items for 123330
2026-09-12 16:00:01.351 | DEBUG    | stock_bot.live.runner:_news_tick:774 - news 123330 new=0/0 (모두 중복)
2026-09-12 17:00:00.991 | INFO     | stock_bot.news.crawler:fetch_naver_news:165 - news relevance filter: 35 → 0 (제외 35건) [034020]
2026-09-12 17:00:00.993 | INFO     | stock_bot.news.crawler:fetch_naver_news:170 - fetched 0 news items for 034020
2026-09-12 17:00:00.994 | DEBUG    | stock_bot.live.runner:_news_tick:774 - news 034020 new=0/0 (모두 중복)
2026-09-12 17:00:01.214 | INFO     | stock_bot.news.crawler:fetch_naver_news:165 - news relevance filter: 5 → 0 (제외 5건) [241560]
2026-09-12 17:00:01.214 | INFO     | stock_bot.news.crawler:fetch_naver_news:170 - fetched 0 news items for 241560
2026-09-12 17:00:01.216 | DEBUG    | stock_bot.live.runner:_news_tick:774 - news 241560 new=0/0 (모두 중복)
2026-09-12 17:00:01.411 | INFO     | stock_bot.news.crawler:fetch_naver_news:165 - news relevance filter: 3 → 0 (제외 3건) [123330]
2026-09-12 17:00:01.412 | INFO     | stock_bot.news.crawler:fetch_naver_news:170 - fetched 0 news items for 123330
2026-09-12 17:00:01.413 | DEBUG    | stock_bot.live.runner:_news_tick:774 - news 123330 new=0/0 (모두 중복)
2026-09-12 18:00:00.931 | INFO     | stock_bot.news.crawler:fetch_naver_news:165 - news relevance filter: 36 → 0 (제외 36건) [034020]
2026-09-12 18:00:00.932 | INFO     | stock_bot.news.crawler:fetch_naver_news:170 - fetched 0 news items for 034020
2026-09-12 18:00:00.933 | DEBUG    | stock_bot.live.runner:_news_tick:774 - news 034020 new=0/0 (모두 중복)
2026-09-12 18:00:02.833 | INFO     | stock_bot.news.crawler:fetch_naver_news:165 - news relevance filter: 5 → 0 (제외 5건) [241560]
2026-09-12 18:00:02.834 | INFO     | stock_bot.news.crawler:fetch_naver_news:170 - fetched 0 news items for 241560
2026-09-12 18:00:02.836 | DEBUG    | stock_bot.live.runner:_news_tick:774 - news 241560 new=0/0 (모두 중복)
2026-09-12 18:00:03.077 | INFO     | stock_bot.news.crawler:fetch_naver_news:165 - news relevance filter: 3 → 0 (제외 3건) [123330]
2026-09-12 18:00:03.078 | INFO     | stock_bot.news.crawler:fetch_naver_news:170 - fetched 0 news items for 123330
2026-09-12 18:00:03.079 | DEBUG    | stock_bot.live.runner:_news_tick:774 - news 123330 new=0/0 (모두 중복)
2026-09-12 19:00:00.924 | INFO     | stock_bot.news.crawler:fetch_naver_news:165 - news relevance filter: 35 → 0 (제외 35건) [034020]
2026-09-12 19:00:00.925 | INFO     | stock_bot.news.crawler:fetch_naver_news:170 - fetched 0 news items for 034020
2026-09-12 19:00:00.926 | DEBUG    | stock_bot.live.runner:_news_tick:774 - news 034020 new=0/0 (모두 중복)
2026-09-12 19:00:01.138 | INFO     | stock_bot.news.crawler:fetch_naver_news:165 - news relevance filter: 5 → 0 (제외 5건) [241560]
2026-09-12 19:00:01.138 | INFO     | stock_bot.news.crawler:fetch_naver_news:170 - fetched 0 news items for 241560
2026-09-12 19:00:01.140 | DEBUG    | stock_bot.live.runner:_news_tick:774 - news 241560 new=0/0 (모두 중복)
2026-09-12 19:00:01.337 | INFO     | stock_bot.news.crawler:fetch_naver_news:165 - news relevance filter: 3 → 0 (제외 3건) [123330]
2026-09-12 19:00:01.338 | INFO     | stock_bot.news.crawler:fetch_naver_news:170 - fetched 0 news items for 123330
2026-09-12 19:00:01.340 | DEBUG    | stock_bot.live.runner:_news_tick:774 - news 123330 new=0/0 (모두 중복)
2026-09-12 20:00:00.962 | INFO     | stock_bot.news.crawler:fetch_naver_news:165 - news relevance filter: 35 → 0 (제외 35건) [034020]
2026-09-12 20:00:00.963 | INFO     | stock_bot.news.crawler:fetch_naver_news:170 - fetched 0 news items for 034020
2026-09-12 20:00:00.965 | DEBUG    | stock_bot.live.runner:_news_tick:774 - news 034020 new=0/0 (모두 중복)
2026-09-12 20:00:01.179 | INFO     | stock_bot.news.crawler:fetch_naver_news:165 - news relevance filter: 5 → 0 (제외 5건) [241560]
2026-09-12 20:00:01.179 | INFO     | stock_bot.news.crawler:fetch_naver_news:170 - fetched 0 news items for 241560
2026-09-12 20:00:01.181 | DEBUG    | stock_bot.live.runner:_news_tick:774 - news 241560 new=0/0 (모두 중복)
2026-09-12 20:00:01.374 | INFO     | stock_bot.news.crawler:fetch_naver_news:165 - news relevance filter: 3 → 0 (제외 3건) [123330]
2026-09-12 20:00:01.374 | INFO     | stock_bot.news.crawler:fetch_naver_news:170 - fetched 0 news items for 123330
2026-09-12 20:00:01.375 | DEBUG    | stock_bot.live.runner:_news_tick:774 - news 123330 new=0/0 (모두 중복)
2026-09-12 21:00:00.934 | INFO     | stock_bot.news.crawler:fetch_naver_news:165 - news relevance filter: 35 → 0 (제외 35건) [034020]
2026-09-12 21:00:00.935 | INFO     | stock_bot.news.crawler:fetch_naver_news:170 - fetched 0 news items for 034020
2026-09-12 21:00:00.937 | DEBUG    | stock_bot.live.runner:_news_tick:774 - news 034020 new=0/0 (모두 중복)
2026-09-12 21:00:01.148 | INFO     | stock_bot.news.crawler:fetch_naver_news:165 - news relevance filter: 5 → 0 (제외 5건) [241560]
2026-09-12 21:00:01.149 | INFO     | stock_bot.news.crawler:fetch_naver_news:170 - fetched 0 news items for 241560
2026-09-12 21:00:01.150 | DEBUG    | stock_bot.live.runner:_news_tick:774 - news 241560 new=0/0 (모두 중복)
2026-09-12 21:00:01.388 | INFO     | stock_bot.news.crawler:fetch_naver_news:165 - news relevance filter: 3 → 0 (제외 3건) [123330]
2026-09-12 21:00:01.389 | INFO     | stock_bot.news.crawler:fetch_naver_news:170 - fetched 0 news items for 123330
2026-09-12 21:00:01.391 | DEBUG    | stock_bot.live.runner:_news_tick:774 - news 123330 new=0/0 (모두 중복)
2026-09-12 22:00:00.932 | INFO     | stock_bot.news.crawler:fetch_naver_news:165 - news relevance filter: 35 → 0 (제외 35건) [034020]
2026-09-12 22:00:00.933 | INFO     | stock_bot.news.crawler:fetch_naver_news:170 - fetched 0 news items for 034020
2026-09-12 22:00:00.935 | DEBUG    | stock_bot.live.runner:_news_tick:774 - news 034020 new=0/0 (모두 중복)
2026-09-12 22:00:01.153 | INFO     | stock_bot.news.crawler:fetch_naver_news:165 - news relevance filter: 5 → 0 (제외 5건) [241560]
2026-09-12 22:00:01.154 | INFO     | stock_bot.news.crawler:fetch_naver_news:170 - fetched 0 news items for 241560
2026-09-12 22:00:01.156 | DEBUG    | stock_bot.live.runner:_news_tick:774 - news 241560 new=0/0 (모두 중복)
2026-09-12 22:00:01.355 | INFO     | stock_bot.news.crawler:fetch_naver_news:165 - news relevance filter: 3 → 0 (제외 3건) [123330]
2026-09-12 22:00:01.356 | INFO     | stock_bot.news.crawler:fetch_naver_news:170 - fetched 0 news items for 123330
2026-09-12 22:00:01.357 | DEBUG    | stock_bot.live.runner:_news_tick:774 - news 123330 new=0/0 (모두 중복)
2026-09-12 23:00:00.964 | INFO     | stock_bot.news.crawler:fetch_naver_news:165 - news relevance filter: 35 → 0 (제외 35건) [034020]
2026-09-12 23:00:00.965 | INFO     | stock_bot.news.crawler:fetch_naver_news:170 - fetched 0 news items for 034020
2026-09-12 23:00:00.966 | DEBUG    | stock_bot.live.runner:_news_tick:774 - news 034020 new=0/0 (모두 중복)
2026-09-12 23:00:01.180 | INFO     | stock_bot.news.crawler:fetch_naver_news:165 - news relevance filter: 5 → 0 (제외 5건) [241560]
2026-09-12 23:00:01.181 | INFO     | stock_bot.news.crawler:fetch_naver_news:170 - fetched 0 news items for 241560
2026-09-12 23:00:01.182 | DEBUG    | stock_bot.live.runner:_news_tick:774 - news 241560 new=0/0 (모두 중복)
2026-09-12 23:00:01.379 | INFO     | stock_bot.news.crawler:fetch_naver_news:165 - news relevance filter: 3 → 0 (제외 3건) [123330]
2026-09-12 23:00:01.380 | INFO     | stock_bot.news.crawler:fetch_naver_news:170 - fetched 0 news items for 123330
2026-09-12 23:00:01.381 | DEBUG    | stock_bot.live.runner:_news_tick:774 - news 123330 new=0/0 (모두 중복)
