2026-08-29 00:00:00.015 | DEBUG    | stock_bot.live.runner:_send_cost_report:541 - claude_code 백엔드 — API 비용 리포트 생략
2026-08-29 00:00:00.355 | INFO     | stock_bot.news.crawler:fetch_naver_news:165 - news relevance filter: 4 → 0 (제외 4건) [034020]
2026-08-29 00:00:00.356 | INFO     | stock_bot.news.crawler:fetch_naver_news:170 - fetched 0 news items for 034020
2026-08-29 00:00:00.357 | DEBUG    | stock_bot.live.runner:_news_tick:769 - news 034020 new=0/0 (모두 중복)
2026-08-29 00:00:00.595 | INFO     | stock_bot.news.crawler:fetch_naver_news:165 - news relevance filter: 9 → 1 (제외 8건) [241560]
2026-08-29 00:00:00.596 | INFO     | stock_bot.news.crawler:fetch_naver_news:170 - fetched 1 news items for 241560
2026-08-29 00:00:00.601 | DEBUG    | stock_bot.live.runner:_news_tick:769 - news 241560 new=0/1 (모두 중복)
2026-08-29 00:00:00.814 | INFO     | stock_bot.news.crawler:fetch_naver_news:165 - news relevance filter: 3 → 1 (제외 2건) [123330]
2026-08-29 00:00:00.815 | INFO     | stock_bot.news.crawler:fetch_naver_news:170 - fetched 1 news items for 123330
2026-08-29 00:00:00.820 | DEBUG    | stock_bot.live.runner:_news_tick:769 - news 123330 new=0/1 (모두 중복)
2026-08-29 00:05:00.975 | DEBUG    | stock_bot.live.backup:_export_logs:182 - backup: bot 로그 2026-08-28 추출 218KB
2026-08-29 00:05:06.894 | DEBUG    | stock_bot.live.backup:_export_logs:182 - backup: web 로그 2026-08-28 추출 2446KB
2026-08-29 00:05:06.989 | DEBUG    | stock_bot.live.backup:_export_logs:182 - backup: leader 로그 2026-08-28 추출 94KB
2026-08-29 00:05:09.404 | DEBUG    | stock_bot.live.backup:_git_push:286 - backup: origin 정렬됨(behind=0) → reset 생략, 바로 push
2026-08-29 00:05:12.541 | INFO     | stock_bot.live.backup:run_backup:365 - backup 완료: trades=27 reviews=18 news=9 log=2759KB → git push
2026-08-29 01:00:00.320 | INFO     | stock_bot.news.crawler:fetch_naver_news:165 - news relevance filter: 5 → 0 (제외 5건) [034020]
2026-08-29 01:00:00.321 | INFO     | stock_bot.news.crawler:fetch_naver_news:170 - fetched 0 news items for 034020
2026-08-29 01:00:00.322 | DEBUG    | stock_bot.live.runner:_news_tick:769 - news 034020 new=0/0 (모두 중복)
2026-08-29 01:00:00.608 | INFO     | stock_bot.news.crawler:fetch_naver_news:165 - news relevance filter: 9 → 1 (제외 8건) [241560]
2026-08-29 01:00:00.609 | INFO     | stock_bot.news.crawler:fetch_naver_news:170 - fetched 1 news items for 241560
2026-08-29 01:00:00.614 | DEBUG    | stock_bot.live.runner:_news_tick:769 - news 241560 new=0/1 (모두 중복)
2026-08-29 01:00:00.816 | INFO     | stock_bot.news.crawler:fetch_naver_news:165 - news relevance filter: 3 → 1 (제외 2건) [123330]
2026-08-29 01:00:00.817 | INFO     | stock_bot.news.crawler:fetch_naver_news:170 - fetched 1 news items for 123330
2026-08-29 01:00:00.822 | DEBUG    | stock_bot.live.runner:_news_tick:769 - news 123330 new=0/1 (모두 중복)
2026-08-29 02:00:00.309 | INFO     | stock_bot.news.crawler:fetch_naver_news:165 - news relevance filter: 6 → 0 (제외 6건) [034020]
2026-08-29 02:00:00.310 | INFO     | stock_bot.news.crawler:fetch_naver_news:170 - fetched 0 news items for 034020
2026-08-29 02:00:00.312 | DEBUG    | stock_bot.live.runner:_news_tick:769 - news 034020 new=0/0 (모두 중복)
2026-08-29 02:00:00.559 | INFO     | stock_bot.news.crawler:fetch_naver_news:165 - news relevance filter: 9 → 1 (제외 8건) [241560]
2026-08-29 02:00:00.560 | INFO     | stock_bot.news.crawler:fetch_naver_news:170 - fetched 1 news items for 241560
2026-08-29 02:00:00.565 | DEBUG    | stock_bot.live.runner:_news_tick:769 - news 241560 new=0/1 (모두 중복)
2026-08-29 02:00:00.781 | INFO     | stock_bot.news.crawler:fetch_naver_news:165 - news relevance filter: 3 → 1 (제외 2건) [123330]
2026-08-29 02:00:00.781 | INFO     | stock_bot.news.crawler:fetch_naver_news:170 - fetched 1 news items for 123330
2026-08-29 02:00:00.786 | DEBUG    | stock_bot.live.runner:_news_tick:769 - news 123330 new=0/1 (모두 중복)
2026-08-29 03:00:00.298 | INFO     | stock_bot.news.crawler:fetch_naver_news:165 - news relevance filter: 6 → 0 (제외 6건) [034020]
2026-08-29 03:00:00.299 | INFO     | stock_bot.news.crawler:fetch_naver_news:170 - fetched 0 news items for 034020
2026-08-29 03:00:00.301 | DEBUG    | stock_bot.live.runner:_news_tick:769 - news 034020 new=0/0 (모두 중복)
2026-08-29 03:00:00.579 | INFO     | stock_bot.news.crawler:fetch_naver_news:165 - news relevance filter: 9 → 1 (제외 8건) [241560]
2026-08-29 03:00:00.579 | INFO     | stock_bot.news.crawler:fetch_naver_news:170 - fetched 1 news items for 241560
2026-08-29 03:00:00.584 | DEBUG    | stock_bot.live.runner:_news_tick:769 - news 241560 new=0/1 (모두 중복)
2026-08-29 03:00:00.788 | INFO     | stock_bot.news.crawler:fetch_naver_news:165 - news relevance filter: 3 → 1 (제외 2건) [123330]
2026-08-29 03:00:00.789 | INFO     | stock_bot.news.crawler:fetch_naver_news:170 - fetched 1 news items for 123330
2026-08-29 03:00:00.794 | DEBUG    | stock_bot.live.runner:_news_tick:769 - news 123330 new=0/1 (모두 중복)
2026-08-29 04:00:00.325 | INFO     | stock_bot.news.crawler:fetch_naver_news:165 - news relevance filter: 6 → 0 (제외 6건) [034020]
2026-08-29 04:00:00.326 | INFO     | stock_bot.news.crawler:fetch_naver_news:170 - fetched 0 news items for 034020
2026-08-29 04:00:00.327 | DEBUG    | stock_bot.live.runner:_news_tick:769 - news 034020 new=0/0 (모두 중복)
2026-08-29 04:00:00.565 | INFO     | stock_bot.news.crawler:fetch_naver_news:165 - news relevance filter: 9 → 1 (제외 8건) [241560]
2026-08-29 04:00:00.565 | INFO     | stock_bot.news.crawler:fetch_naver_news:170 - fetched 1 news items for 241560
2026-08-29 04:00:00.570 | DEBUG    | stock_bot.live.runner:_news_tick:769 - news 241560 new=0/1 (모두 중복)
2026-08-29 04:00:00.776 | INFO     | stock_bot.news.crawler:fetch_naver_news:165 - news relevance filter: 3 → 1 (제외 2건) [123330]
2026-08-29 04:00:00.777 | INFO     | stock_bot.news.crawler:fetch_naver_news:170 - fetched 1 news items for 123330
2026-08-29 04:00:00.782 | DEBUG    | stock_bot.live.runner:_news_tick:769 - news 123330 new=0/1 (모두 중복)
2026-08-29 05:00:00.317 | INFO     | stock_bot.news.crawler:fetch_naver_news:165 - news relevance filter: 7 → 0 (제외 7건) [034020]
2026-08-29 05:00:00.317 | INFO     | stock_bot.news.crawler:fetch_naver_news:170 - fetched 0 news items for 034020
2026-08-29 05:00:00.323 | DEBUG    | stock_bot.live.runner:_news_tick:769 - news 034020 new=0/0 (모두 중복)
2026-08-29 05:00:00.611 | INFO     | stock_bot.news.crawler:fetch_naver_news:165 - news relevance filter: 9 → 1 (제외 8건) [241560]
2026-08-29 05:00:00.612 | INFO     | stock_bot.news.crawler:fetch_naver_news:170 - fetched 1 news items for 241560
2026-08-29 05:00:00.617 | DEBUG    | stock_bot.live.runner:_news_tick:769 - news 241560 new=0/1 (모두 중복)
2026-08-29 05:00:00.837 | INFO     | stock_bot.news.crawler:fetch_naver_news:165 - news relevance filter: 3 → 1 (제외 2건) [123330]
2026-08-29 05:00:00.837 | INFO     | stock_bot.news.crawler:fetch_naver_news:170 - fetched 1 news items for 123330
2026-08-29 05:00:00.843 | DEBUG    | stock_bot.live.runner:_news_tick:769 - news 123330 new=0/1 (모두 중복)
2026-08-29 06:00:00.311 | INFO     | stock_bot.news.crawler:fetch_naver_news:165 - news relevance filter: 7 → 0 (제외 7건) [034020]
2026-08-29 06:00:00.311 | INFO     | stock_bot.news.crawler:fetch_naver_news:170 - fetched 0 news items for 034020
2026-08-29 06:00:00.313 | DEBUG    | stock_bot.live.runner:_news_tick:769 - news 034020 new=0/0 (모두 중복)
2026-08-29 06:00:00.557 | INFO     | stock_bot.news.crawler:fetch_naver_news:165 - news relevance filter: 9 → 1 (제외 8건) [241560]
2026-08-29 06:00:00.558 | INFO     | stock_bot.news.crawler:fetch_naver_news:170 - fetched 1 news items for 241560
2026-08-29 06:00:00.563 | DEBUG    | stock_bot.live.runner:_news_tick:769 - news 241560 new=0/1 (모두 중복)
2026-08-29 06:00:00.776 | INFO     | stock_bot.news.crawler:fetch_naver_news:165 - news relevance filter: 3 → 1 (제외 2건) [123330]
2026-08-29 06:00:00.777 | INFO     | stock_bot.news.crawler:fetch_naver_news:170 - fetched 1 news items for 123330
2026-08-29 06:00:00.782 | DEBUG    | stock_bot.live.runner:_news_tick:769 - news 123330 new=0/1 (모두 중복)
2026-08-29 07:00:00.315 | INFO     | stock_bot.news.crawler:fetch_naver_news:165 - news relevance filter: 8 → 0 (제외 8건) [034020]
2026-08-29 07:00:00.316 | INFO     | stock_bot.news.crawler:fetch_naver_news:170 - fetched 0 news items for 034020
2026-08-29 07:00:00.317 | DEBUG    | stock_bot.live.runner:_news_tick:769 - news 034020 new=0/0 (모두 중복)
2026-08-29 07:00:00.605 | INFO     | stock_bot.news.crawler:fetch_naver_news:165 - news relevance filter: 9 → 1 (제외 8건) [241560]
2026-08-29 07:00:00.606 | INFO     | stock_bot.news.crawler:fetch_naver_news:170 - fetched 1 news items for 241560
2026-08-29 07:00:00.611 | DEBUG    | stock_bot.live.runner:_news_tick:769 - news 241560 new=0/1 (모두 중복)
2026-08-29 07:00:00.842 | INFO     | stock_bot.news.crawler:fetch_naver_news:165 - news relevance filter: 3 → 1 (제외 2건) [123330]
2026-08-29 07:00:00.843 | INFO     | stock_bot.news.crawler:fetch_naver_news:170 - fetched 1 news items for 123330
2026-08-29 07:00:00.849 | DEBUG    | stock_bot.live.runner:_news_tick:769 - news 123330 new=0/1 (모두 중복)
2026-08-29 08:00:00.295 | INFO     | stock_bot.news.crawler:fetch_naver_news:165 - news relevance filter: 10 → 0 (제외 10건) [034020]
2026-08-29 08:00:00.296 | INFO     | stock_bot.news.crawler:fetch_naver_news:170 - fetched 0 news items for 034020
2026-08-29 08:00:00.298 | DEBUG    | stock_bot.live.runner:_news_tick:769 - news 034020 new=0/0 (모두 중복)
2026-08-29 08:00:00.538 | INFO     | stock_bot.news.crawler:fetch_naver_news:165 - news relevance filter: 9 → 1 (제외 8건) [241560]
2026-08-29 08:00:00.539 | INFO     | stock_bot.news.crawler:fetch_naver_news:170 - fetched 1 news items for 241560
2026-08-29 08:00:00.544 | DEBUG    | stock_bot.live.runner:_news_tick:769 - news 241560 new=0/1 (모두 중복)
2026-08-29 08:00:00.747 | INFO     | stock_bot.news.crawler:fetch_naver_news:165 - news relevance filter: 3 → 1 (제외 2건) [123330]
2026-08-29 08:00:00.748 | INFO     | stock_bot.news.crawler:fetch_naver_news:170 - fetched 1 news items for 123330
2026-08-29 08:00:00.753 | DEBUG    | stock_bot.live.runner:_news_tick:769 - news 123330 new=0/1 (모두 중복)
2026-08-29 09:00:00.283 | INFO     | stock_bot.news.crawler:fetch_naver_news:165 - news relevance filter: 11 → 0 (제외 11건) [034020]
2026-08-29 09:00:00.284 | INFO     | stock_bot.news.crawler:fetch_naver_news:170 - fetched 0 news items for 034020
2026-08-29 09:00:00.286 | DEBUG    | stock_bot.live.runner:_news_tick:769 - news 034020 new=0/0 (모두 중복)
2026-08-29 09:00:00.579 | INFO     | stock_bot.news.crawler:fetch_naver_news:165 - news relevance filter: 9 → 1 (제외 8건) [241560]
2026-08-29 09:00:00.580 | INFO     | stock_bot.news.crawler:fetch_naver_news:170 - fetched 1 news items for 241560
2026-08-29 09:00:00.585 | DEBUG    | stock_bot.live.runner:_news_tick:769 - news 241560 new=0/1 (모두 중복)
2026-08-29 09:00:00.799 | INFO     | stock_bot.news.crawler:fetch_naver_news:165 - news relevance filter: 3 → 1 (제외 2건) [123330]
2026-08-29 09:00:00.799 | INFO     | stock_bot.news.crawler:fetch_naver_news:170 - fetched 1 news items for 123330
2026-08-29 09:00:00.804 | DEBUG    | stock_bot.live.runner:_news_tick:769 - news 123330 new=0/1 (모두 중복)
2026-08-29 10:00:00.263 | INFO     | stock_bot.news.crawler:fetch_naver_news:165 - news relevance filter: 11 → 0 (제외 11건) [034020]
2026-08-29 10:00:00.263 | INFO     | stock_bot.news.crawler:fetch_naver_news:170 - fetched 0 news items for 034020
2026-08-29 10:00:00.265 | DEBUG    | stock_bot.live.runner:_news_tick:769 - news 034020 new=0/0 (모두 중복)
2026-08-29 10:00:00.506 | INFO     | stock_bot.news.crawler:fetch_naver_news:165 - news relevance filter: 9 → 1 (제외 8건) [241560]
2026-08-29 10:00:00.507 | INFO     | stock_bot.news.crawler:fetch_naver_news:170 - fetched 1 news items for 241560
2026-08-29 10:00:00.512 | DEBUG    | stock_bot.live.runner:_news_tick:769 - news 241560 new=0/1 (모두 중복)
2026-08-29 10:00:00.710 | INFO     | stock_bot.news.crawler:fetch_naver_news:165 - news relevance filter: 3 → 1 (제외 2건) [123330]
2026-08-29 10:00:00.711 | INFO     | stock_bot.news.crawler:fetch_naver_news:170 - fetched 1 news items for 123330
2026-08-29 10:00:00.717 | DEBUG    | stock_bot.live.runner:_news_tick:769 - news 123330 new=0/1 (모두 중복)
2026-08-29 11:00:00.959 | INFO     | stock_bot.news.crawler:fetch_naver_news:165 - news relevance filter: 15 → 2 (제외 13건) [034020]
2026-08-29 11:00:00.960 | INFO     | stock_bot.news.crawler:fetch_naver_news:170 - fetched 2 news items for 034020
2026-08-29 11:00:18.587 | INFO     | stock_bot.live.runner:_news_tick:808 - news 034020 new=2/2 critical=0 llm_batch=1
2026-08-29 11:00:19.001 | INFO     | stock_bot.news.crawler:fetch_naver_news:165 - news relevance filter: 9 → 1 (제외 8건) [241560]
2026-08-29 11:00:19.002 | INFO     | stock_bot.news.crawler:fetch_naver_news:170 - fetched 1 news items for 241560
2026-08-29 11:00:19.008 | DEBUG    | stock_bot.live.runner:_news_tick:769 - news 241560 new=0/1 (모두 중복)
2026-08-29 11:00:19.255 | INFO     | stock_bot.news.crawler:fetch_naver_news:165 - news relevance filter: 3 → 1 (제외 2건) [123330]
2026-08-29 11:00:19.256 | INFO     | stock_bot.news.crawler:fetch_naver_news:170 - fetched 1 news items for 123330
2026-08-29 11:00:19.262 | DEBUG    | stock_bot.live.runner:_news_tick:769 - news 123330 new=0/1 (모두 중복)
2026-08-29 12:00:00.281 | INFO     | stock_bot.news.crawler:fetch_naver_news:165 - news relevance filter: 5 → 3 (제외 2건) [034020]
2026-08-29 12:00:00.282 | INFO     | stock_bot.news.crawler:fetch_naver_news:170 - fetched 3 news items for 034020
2026-08-29 12:00:07.940 | INFO     | stock_bot.live.runner:_news_tick:808 - news 034020 new=1/3 critical=0 llm_batch=1
2026-08-29 12:00:08.209 | INFO     | stock_bot.news.crawler:fetch_naver_news:165 - news relevance filter: 9 → 1 (제외 8건) [241560]
2026-08-29 12:00:08.210 | INFO     | stock_bot.news.crawler:fetch_naver_news:170 - fetched 1 news items for 241560
2026-08-29 12:00:08.215 | DEBUG    | stock_bot.live.runner:_news_tick:769 - news 241560 new=0/1 (모두 중복)
2026-08-29 12:00:08.445 | INFO     | stock_bot.news.crawler:fetch_naver_news:165 - news relevance filter: 3 → 1 (제외 2건) [123330]
2026-08-29 12:00:08.446 | INFO     | stock_bot.news.crawler:fetch_naver_news:170 - fetched 1 news items for 123330
2026-08-29 12:00:08.452 | DEBUG    | stock_bot.live.runner:_news_tick:769 - news 123330 new=0/1 (모두 중복)
2026-08-29 13:00:00.287 | INFO     | stock_bot.news.crawler:fetch_naver_news:165 - news relevance filter: 3 → 2 (제외 1건) [034020]
2026-08-29 13:00:00.288 | INFO     | stock_bot.news.crawler:fetch_naver_news:170 - fetched 2 news items for 034020
2026-08-29 13:00:00.297 | DEBUG    | stock_bot.live.runner:_news_tick:769 - news 034020 new=0/2 (모두 중복)
2026-08-29 13:00:00.577 | INFO     | stock_bot.news.crawler:fetch_naver_news:165 - news relevance filter: 9 → 1 (제외 8건) [241560]
2026-08-29 13:00:00.578 | INFO     | stock_bot.news.crawler:fetch_naver_news:170 - fetched 1 news items for 241560
2026-08-29 13:00:00.583 | DEBUG    | stock_bot.live.runner:_news_tick:769 - news 241560 new=0/1 (모두 중복)
2026-08-29 13:00:00.873 | INFO     | stock_bot.news.crawler:fetch_naver_news:165 - news relevance filter: 3 → 1 (제외 2건) [123330]
2026-08-29 13:00:00.874 | INFO     | stock_bot.news.crawler:fetch_naver_news:170 - fetched 1 news items for 123330
2026-08-29 13:00:00.880 | DEBUG    | stock_bot.live.runner:_news_tick:769 - news 123330 new=0/1 (모두 중복)
2026-08-29 14:00:02.145 | INFO     | stock_bot.news.crawler:fetch_naver_news:165 - news relevance filter: 9 → 7 (제외 2건) [034020]
2026-08-29 14:00:02.154 | INFO     | stock_bot.news.crawler:fetch_naver_news:170 - fetched 7 news items for 034020
2026-08-29 14:00:12.090 | INFO     | stock_bot.live.runner:_news_tick:808 - news 034020 new=2/7 critical=0 llm_batch=1
2026-08-29 14:00:12.363 | INFO     | stock_bot.news.crawler:fetch_naver_news:165 - news relevance filter: 9 → 1 (제외 8건) [241560]
2026-08-29 14:00:12.364 | INFO     | stock_bot.news.crawler:fetch_naver_news:170 - fetched 1 news items for 241560
2026-08-29 14:00:12.371 | DEBUG    | stock_bot.live.runner:_news_tick:769 - news 241560 new=0/1 (모두 중복)
2026-08-29 14:00:12.615 | INFO     | stock_bot.news.crawler:fetch_naver_news:165 - news relevance filter: 3 → 1 (제외 2건) [123330]
2026-08-29 14:00:12.616 | INFO     | stock_bot.news.crawler:fetch_naver_news:170 - fetched 1 news items for 123330
2026-08-29 14:00:12.622 | DEBUG    | stock_bot.live.runner:_news_tick:769 - news 123330 new=0/1 (모두 중복)
2026-08-29 15:00:00.406 | INFO     | stock_bot.news.crawler:fetch_naver_news:170 - fetched 26 news items for 034020
2026-08-29 15:00:00.723 | DEBUG    | stock_bot.live.runner:_news_tick:769 - news 034020 new=0/26 (모두 중복)
2026-08-29 15:00:01.025 | INFO     | stock_bot.news.crawler:fetch_naver_news:165 - news relevance filter: 9 → 1 (제외 8건) [241560]
2026-08-29 15:00:01.025 | INFO     | stock_bot.news.crawler:fetch_naver_news:170 - fetched 1 news items for 241560
2026-08-29 15:00:01.031 | DEBUG    | stock_bot.live.runner:_news_tick:769 - news 241560 new=0/1 (모두 중복)
2026-08-29 15:00:01.269 | INFO     | stock_bot.news.crawler:fetch_naver_news:165 - news relevance filter: 3 → 1 (제외 2건) [123330]
2026-08-29 15:00:01.270 | INFO     | stock_bot.news.crawler:fetch_naver_news:170 - fetched 1 news items for 123330
2026-08-29 15:00:01.275 | DEBUG    | stock_bot.live.runner:_news_tick:769 - news 123330 new=0/1 (모두 중복)
2026-08-29 16:00:00.466 | INFO     | stock_bot.news.crawler:fetch_naver_news:165 - news relevance filter: 28 → 25 (제외 3건) [034020]
2026-08-29 16:00:00.467 | INFO     | stock_bot.news.crawler:fetch_naver_news:170 - fetched 25 news items for 034020
2026-08-29 16:00:00.774 | DEBUG    | stock_bot.live.runner:_news_tick:769 - news 034020 new=0/25 (모두 중복)
2026-08-29 16:00:01.040 | INFO     | stock_bot.news.crawler:fetch_naver_news:165 - news relevance filter: 9 → 1 (제외 8건) [241560]
2026-08-29 16:00:01.040 | INFO     | stock_bot.news.crawler:fetch_naver_news:170 - fetched 1 news items for 241560
2026-08-29 16:00:01.046 | DEBUG    | stock_bot.live.runner:_news_tick:769 - news 241560 new=0/1 (모두 중복)
2026-08-29 16:00:01.262 | INFO     | stock_bot.news.crawler:fetch_naver_news:165 - news relevance filter: 3 → 1 (제외 2건) [123330]
2026-08-29 16:00:01.263 | INFO     | stock_bot.news.crawler:fetch_naver_news:170 - fetched 1 news items for 123330
2026-08-29 16:00:01.271 | DEBUG    | stock_bot.live.runner:_news_tick:769 - news 123330 new=0/1 (모두 중복)
2026-08-29 17:00:00.528 | INFO     | stock_bot.news.crawler:fetch_naver_news:165 - news relevance filter: 42 → 40 (제외 2건) [034020]
2026-08-29 17:00:00.529 | INFO     | stock_bot.news.crawler:fetch_naver_news:170 - fetched 40 news items for 034020
2026-08-29 17:00:01.027 | DEBUG    | stock_bot.live.runner:_news_tick:769 - news 034020 new=0/40 (모두 중복)
2026-08-29 17:00:01.301 | INFO     | stock_bot.news.crawler:fetch_naver_news:165 - news relevance filter: 9 → 1 (제외 8건) [241560]
2026-08-29 17:00:01.302 | INFO     | stock_bot.news.crawler:fetch_naver_news:170 - fetched 1 news items for 241560
2026-08-29 17:00:01.308 | DEBUG    | stock_bot.live.runner:_news_tick:769 - news 241560 new=0/1 (모두 중복)
2026-08-29 17:00:01.516 | INFO     | stock_bot.news.crawler:fetch_naver_news:165 - news relevance filter: 3 → 1 (제외 2건) [123330]
2026-08-29 17:00:01.517 | INFO     | stock_bot.news.crawler:fetch_naver_news:170 - fetched 1 news items for 123330
2026-08-29 17:00:01.522 | DEBUG    | stock_bot.live.runner:_news_tick:769 - news 123330 new=0/1 (모두 중복)
2026-08-29 18:00:00.423 | INFO     | stock_bot.news.crawler:fetch_naver_news:165 - news relevance filter: 39 → 37 (제외 2건) [034020]
2026-08-29 18:00:00.423 | INFO     | stock_bot.news.crawler:fetch_naver_news:170 - fetched 37 news items for 034020
2026-08-29 18:00:00.840 | DEBUG    | stock_bot.live.runner:_news_tick:769 - news 034020 new=0/37 (모두 중복)
2026-08-29 18:00:01.066 | INFO     | stock_bot.news.crawler:fetch_naver_news:165 - news relevance filter: 9 → 1 (제외 8건) [241560]
2026-08-29 18:00:01.066 | INFO     | stock_bot.news.crawler:fetch_naver_news:170 - fetched 1 news items for 241560
2026-08-29 18:00:01.071 | DEBUG    | stock_bot.live.runner:_news_tick:769 - news 241560 new=0/1 (모두 중복)
2026-08-29 18:00:01.267 | INFO     | stock_bot.news.crawler:fetch_naver_news:165 - news relevance filter: 3 → 1 (제외 2건) [123330]
2026-08-29 18:00:01.268 | INFO     | stock_bot.news.crawler:fetch_naver_news:170 - fetched 1 news items for 123330
2026-08-29 18:00:01.273 | DEBUG    | stock_bot.live.runner:_news_tick:769 - news 123330 new=0/1 (모두 중복)
2026-08-29 19:00:00.401 | INFO     | stock_bot.news.crawler:fetch_naver_news:165 - news relevance filter: 8 → 7 (제외 1건) [034020]
2026-08-29 19:00:00.402 | INFO     | stock_bot.news.crawler:fetch_naver_news:170 - fetched 7 news items for 034020
2026-08-29 19:00:00.475 | DEBUG    | stock_bot.live.runner:_news_tick:769 - news 034020 new=0/7 (모두 중복)
2026-08-29 19:00:00.701 | INFO     | stock_bot.news.crawler:fetch_naver_news:165 - news relevance filter: 9 → 1 (제외 8건) [241560]
2026-08-29 19:00:00.702 | INFO     | stock_bot.news.crawler:fetch_naver_news:170 - fetched 1 news items for 241560
2026-08-29 19:00:00.707 | DEBUG    | stock_bot.live.runner:_news_tick:769 - news 241560 new=0/1 (모두 중복)
2026-08-29 19:00:00.995 | INFO     | stock_bot.news.crawler:fetch_naver_news:165 - news relevance filter: 3 → 1 (제외 2건) [123330]
2026-08-29 19:00:00.996 | INFO     | stock_bot.news.crawler:fetch_naver_news:170 - fetched 1 news items for 123330
2026-08-29 19:00:01.001 | DEBUG    | stock_bot.live.runner:_news_tick:769 - news 123330 new=0/1 (모두 중복)
2026-08-29 20:00:00.446 | INFO     | stock_bot.news.crawler:fetch_naver_news:165 - news relevance filter: 10 → 8 (제외 2건) [034020]
2026-08-29 20:00:00.447 | INFO     | stock_bot.news.crawler:fetch_naver_news:170 - fetched 8 news items for 034020
2026-08-29 20:00:00.533 | DEBUG    | stock_bot.live.runner:_news_tick:769 - news 034020 new=0/8 (모두 중복)
2026-08-29 20:00:00.762 | INFO     | stock_bot.news.crawler:fetch_naver_news:165 - news relevance filter: 9 → 1 (제외 8건) [241560]
2026-08-29 20:00:00.763 | INFO     | stock_bot.news.crawler:fetch_naver_news:170 - fetched 1 news items for 241560
2026-08-29 20:00:00.768 | DEBUG    | stock_bot.live.runner:_news_tick:769 - news 241560 new=0/1 (모두 중복)
2026-08-29 20:00:00.968 | INFO     | stock_bot.news.crawler:fetch_naver_news:165 - news relevance filter: 3 → 1 (제외 2건) [123330]
2026-08-29 20:00:00.969 | INFO     | stock_bot.news.crawler:fetch_naver_news:170 - fetched 1 news items for 123330
2026-08-29 20:00:00.975 | DEBUG    | stock_bot.live.runner:_news_tick:769 - news 123330 new=0/1 (모두 중복)
2026-08-29 21:00:00.493 | INFO     | stock_bot.news.crawler:fetch_naver_news:170 - fetched 0 news items for 034020
2026-08-29 21:00:00.495 | DEBUG    | stock_bot.live.runner:_news_tick:769 - news 034020 new=0/0 (모두 중복)
2026-08-29 21:00:00.735 | INFO     | stock_bot.news.crawler:fetch_naver_news:165 - news relevance filter: 9 → 1 (제외 8건) [241560]
2026-08-29 21:00:00.736 | INFO     | stock_bot.news.crawler:fetch_naver_news:170 - fetched 1 news items for 241560
2026-08-29 21:00:00.741 | DEBUG    | stock_bot.live.runner:_news_tick:769 - news 241560 new=0/1 (모두 중복)
2026-08-29 21:00:00.936 | INFO     | stock_bot.news.crawler:fetch_naver_news:165 - news relevance filter: 3 → 1 (제외 2건) [123330]
2026-08-29 21:00:00.937 | INFO     | stock_bot.news.crawler:fetch_naver_news:170 - fetched 1 news items for 123330
2026-08-29 21:00:00.942 | DEBUG    | stock_bot.live.runner:_news_tick:769 - news 123330 new=0/1 (모두 중복)
2026-08-29 22:00:00.454 | INFO     | stock_bot.news.crawler:fetch_naver_news:165 - news relevance filter: 56 → 45 (제외 11건) [034020]
2026-08-29 22:00:00.454 | INFO     | stock_bot.news.crawler:fetch_naver_news:170 - fetched 45 news items for 034020
2026-08-29 22:00:09.910 | INFO     | stock_bot.live.runner:_news_tick:808 - news 034020 new=1/45 critical=0 llm_batch=1
2026-08-29 22:00:10.181 | INFO     | stock_bot.news.crawler:fetch_naver_news:165 - news relevance filter: 9 → 1 (제외 8건) [241560]
2026-08-29 22:00:10.181 | INFO     | stock_bot.news.crawler:fetch_naver_news:170 - fetched 1 news items for 241560
2026-08-29 22:00:10.187 | DEBUG    | stock_bot.live.runner:_news_tick:769 - news 241560 new=0/1 (모두 중복)
2026-08-29 22:00:10.422 | INFO     | stock_bot.news.crawler:fetch_naver_news:165 - news relevance filter: 3 → 1 (제외 2건) [123330]
2026-08-29 22:00:10.423 | INFO     | stock_bot.news.crawler:fetch_naver_news:170 - fetched 1 news items for 123330
2026-08-29 22:00:10.428 | DEBUG    | stock_bot.live.runner:_news_tick:769 - news 123330 new=0/1 (모두 중복)
2026-08-29 23:00:00.485 | INFO     | stock_bot.news.crawler:fetch_naver_news:170 - fetched 2 news items for 034020
2026-08-29 23:00:00.510 | DEBUG    | stock_bot.live.runner:_news_tick:769 - news 034020 new=0/2 (모두 중복)
2026-08-29 23:00:00.743 | INFO     | stock_bot.news.crawler:fetch_naver_news:165 - news relevance filter: 9 → 1 (제외 8건) [241560]
2026-08-29 23:00:00.744 | INFO     | stock_bot.news.crawler:fetch_naver_news:170 - fetched 1 news items for 241560
2026-08-29 23:00:00.749 | DEBUG    | stock_bot.live.runner:_news_tick:769 - news 241560 new=0/1 (모두 중복)
2026-08-29 23:00:00.985 | INFO     | stock_bot.news.crawler:fetch_naver_news:165 - news relevance filter: 3 → 1 (제외 2건) [123330]
2026-08-29 23:00:00.986 | INFO     | stock_bot.news.crawler:fetch_naver_news:170 - fetched 1 news items for 123330
2026-08-29 23:00:00.991 | DEBUG    | stock_bot.live.runner:_news_tick:769 - news 123330 new=0/1 (모두 중복)
