2026-09-26 00:00:00.050 | DEBUG    | stock_bot.live.runner:_send_cost_report:600 - claude_code 백엔드 — API 비용 리포트 생략
2026-09-26 00:00:00.234 | INFO     | stock_bot.news.crawler:fetch_naver_news:207 - news relevance filter: 3 → 1 (제외 2건) [034020]
2026-09-26 00:00:00.234 | INFO     | stock_bot.news.crawler:fetch_naver_news:212 - fetched 1 news items for 034020
2026-09-26 00:00:00.239 | DEBUG    | stock_bot.live.runner:_news_tick:840 - news 034020 new=0/1 (모두 중복)
2026-09-26 00:00:00.388 | INFO     | stock_bot.news.crawler:fetch_naver_news:207 - news relevance filter: 8 → 1 (제외 7건) [241560]
2026-09-26 00:00:00.389 | INFO     | stock_bot.news.crawler:fetch_naver_news:212 - fetched 1 news items for 241560
2026-09-26 00:00:00.394 | DEBUG    | stock_bot.live.runner:_news_tick:840 - news 241560 new=0/1 (모두 중복)
2026-09-26 00:00:00.535 | INFO     | stock_bot.news.crawler:fetch_naver_news:207 - news relevance filter: 3 → 1 (제외 2건) [123330]
2026-09-26 00:00:00.535 | INFO     | stock_bot.news.crawler:fetch_naver_news:212 - fetched 1 news items for 123330
2026-09-26 00:00:00.540 | DEBUG    | stock_bot.live.runner:_news_tick:840 - news 123330 new=0/1 (모두 중복)
2026-09-26 00:05:01.198 | DEBUG    | stock_bot.live.backup:_export_logs:184 - backup: bot 로그 2026-09-25 추출 27KB
2026-09-26 00:05:06.379 | DEBUG    | stock_bot.live.backup:_export_logs:184 - backup: web 로그 2026-09-25 추출 33KB
2026-09-26 00:05:06.554 | DEBUG    | stock_bot.live.backup:_export_logs:184 - backup: leader 로그 2026-09-25 추출 2KB
2026-09-26 00:05:06.587 | DEBUG    | stock_bot.live.backup:_export_logs:184 - backup: swing 로그 2026-09-25 추출 0KB
2026-09-26 00:05:09.583 | DEBUG    | stock_bot.live.backup:_git_push:288 - backup: origin 정렬됨(behind=0) → reset 생략, 바로 push
2026-09-26 00:05:12.339 | INFO     | stock_bot.live.backup:run_backup:367 - backup 완료: trades=104 reviews=54 news=4 log=63KB → git push
2026-09-26 01:00:00.183 | INFO     | stock_bot.news.crawler:fetch_naver_news:207 - news relevance filter: 3 → 1 (제외 2건) [034020]
2026-09-26 01:00:00.184 | INFO     | stock_bot.news.crawler:fetch_naver_news:212 - fetched 1 news items for 034020
2026-09-26 01:00:00.189 | DEBUG    | stock_bot.live.runner:_news_tick:840 - news 034020 new=0/1 (모두 중복)
2026-09-26 01:00:00.306 | INFO     | stock_bot.news.crawler:fetch_naver_news:207 - news relevance filter: 8 → 1 (제외 7건) [241560]
2026-09-26 01:00:00.307 | INFO     | stock_bot.news.crawler:fetch_naver_news:212 - fetched 1 news items for 241560
2026-09-26 01:00:00.326 | DEBUG    | stock_bot.live.runner:_news_tick:840 - news 241560 new=0/1 (모두 중복)
2026-09-26 01:00:00.450 | INFO     | stock_bot.news.crawler:fetch_naver_news:207 - news relevance filter: 3 → 1 (제외 2건) [123330]
2026-09-26 01:00:00.451 | INFO     | stock_bot.news.crawler:fetch_naver_news:212 - fetched 1 news items for 123330
2026-09-26 01:00:00.456 | DEBUG    | stock_bot.live.runner:_news_tick:840 - news 123330 new=0/1 (모두 중복)
2026-09-26 02:00:00.171 | INFO     | stock_bot.news.crawler:fetch_naver_news:207 - news relevance filter: 3 → 1 (제외 2건) [034020]
2026-09-26 02:00:00.172 | INFO     | stock_bot.news.crawler:fetch_naver_news:212 - fetched 1 news items for 034020
2026-09-26 02:00:00.177 | DEBUG    | stock_bot.live.runner:_news_tick:840 - news 034020 new=0/1 (모두 중복)
2026-09-26 02:00:00.293 | INFO     | stock_bot.news.crawler:fetch_naver_news:207 - news relevance filter: 8 → 1 (제외 7건) [241560]
2026-09-26 02:00:00.294 | INFO     | stock_bot.news.crawler:fetch_naver_news:212 - fetched 1 news items for 241560
2026-09-26 02:00:00.299 | DEBUG    | stock_bot.live.runner:_news_tick:840 - news 241560 new=0/1 (모두 중복)
2026-09-26 02:00:00.421 | INFO     | stock_bot.news.crawler:fetch_naver_news:207 - news relevance filter: 3 → 1 (제외 2건) [123330]
2026-09-26 02:00:00.421 | INFO     | stock_bot.news.crawler:fetch_naver_news:212 - fetched 1 news items for 123330
2026-09-26 02:00:00.426 | DEBUG    | stock_bot.live.runner:_news_tick:840 - news 123330 new=0/1 (모두 중복)
2026-09-26 03:00:00.177 | INFO     | stock_bot.news.crawler:fetch_naver_news:207 - news relevance filter: 3 → 1 (제외 2건) [034020]
2026-09-26 03:00:00.178 | INFO     | stock_bot.news.crawler:fetch_naver_news:212 - fetched 1 news items for 034020
2026-09-26 03:00:00.183 | DEBUG    | stock_bot.live.runner:_news_tick:840 - news 034020 new=0/1 (모두 중복)
2026-09-26 03:00:00.307 | INFO     | stock_bot.news.crawler:fetch_naver_news:207 - news relevance filter: 8 → 1 (제외 7건) [241560]
2026-09-26 03:00:00.308 | INFO     | stock_bot.news.crawler:fetch_naver_news:212 - fetched 1 news items for 241560
2026-09-26 03:00:00.313 | DEBUG    | stock_bot.live.runner:_news_tick:840 - news 241560 new=0/1 (모두 중복)
2026-09-26 03:00:00.433 | INFO     | stock_bot.news.crawler:fetch_naver_news:207 - news relevance filter: 3 → 1 (제외 2건) [123330]
2026-09-26 03:00:00.434 | INFO     | stock_bot.news.crawler:fetch_naver_news:212 - fetched 1 news items for 123330
2026-09-26 03:00:00.439 | DEBUG    | stock_bot.live.runner:_news_tick:840 - news 123330 new=0/1 (모두 중복)
2026-09-26 04:00:00.198 | INFO     | stock_bot.news.crawler:fetch_naver_news:207 - news relevance filter: 3 → 1 (제외 2건) [034020]
2026-09-26 04:00:00.210 | INFO     | stock_bot.news.crawler:fetch_naver_news:212 - fetched 1 news items for 034020
2026-09-26 04:00:00.215 | DEBUG    | stock_bot.live.runner:_news_tick:840 - news 034020 new=0/1 (모두 중복)
2026-09-26 04:00:00.335 | INFO     | stock_bot.news.crawler:fetch_naver_news:207 - news relevance filter: 8 → 1 (제외 7건) [241560]
2026-09-26 04:00:00.336 | INFO     | stock_bot.news.crawler:fetch_naver_news:212 - fetched 1 news items for 241560
2026-09-26 04:00:00.341 | DEBUG    | stock_bot.live.runner:_news_tick:840 - news 241560 new=0/1 (모두 중복)
2026-09-26 04:00:00.480 | INFO     | stock_bot.news.crawler:fetch_naver_news:207 - news relevance filter: 3 → 1 (제외 2건) [123330]
2026-09-26 04:00:00.481 | INFO     | stock_bot.news.crawler:fetch_naver_news:212 - fetched 1 news items for 123330
2026-09-26 04:00:00.549 | DEBUG    | stock_bot.live.runner:_news_tick:840 - news 123330 new=0/1 (모두 중복)
2026-09-26 05:00:00.130 | INFO     | stock_bot.news.crawler:fetch_naver_news:207 - news relevance filter: 3 → 1 (제외 2건) [034020]
2026-09-26 05:00:00.131 | INFO     | stock_bot.news.crawler:fetch_naver_news:212 - fetched 1 news items for 034020
2026-09-26 05:00:00.136 | DEBUG    | stock_bot.live.runner:_news_tick:840 - news 034020 new=0/1 (모두 중복)
2026-09-26 05:00:00.257 | INFO     | stock_bot.news.crawler:fetch_naver_news:207 - news relevance filter: 8 → 1 (제외 7건) [241560]
2026-09-26 05:00:00.258 | INFO     | stock_bot.news.crawler:fetch_naver_news:212 - fetched 1 news items for 241560
2026-09-26 05:00:00.263 | DEBUG    | stock_bot.live.runner:_news_tick:840 - news 241560 new=0/1 (모두 중복)
2026-09-26 05:00:00.391 | INFO     | stock_bot.news.crawler:fetch_naver_news:207 - news relevance filter: 3 → 1 (제외 2건) [123330]
2026-09-26 05:00:00.392 | INFO     | stock_bot.news.crawler:fetch_naver_news:212 - fetched 1 news items for 123330
2026-09-26 05:00:00.397 | DEBUG    | stock_bot.live.runner:_news_tick:840 - news 123330 new=0/1 (모두 중복)
2026-09-26 06:00:00.180 | INFO     | stock_bot.news.crawler:fetch_naver_news:207 - news relevance filter: 3 → 1 (제외 2건) [034020]
2026-09-26 06:00:00.181 | INFO     | stock_bot.news.crawler:fetch_naver_news:212 - fetched 1 news items for 034020
2026-09-26 06:00:00.186 | DEBUG    | stock_bot.live.runner:_news_tick:840 - news 034020 new=0/1 (모두 중복)
2026-09-26 06:00:00.301 | INFO     | stock_bot.news.crawler:fetch_naver_news:207 - news relevance filter: 8 → 1 (제외 7건) [241560]
2026-09-26 06:00:00.302 | INFO     | stock_bot.news.crawler:fetch_naver_news:212 - fetched 1 news items for 241560
2026-09-26 06:00:00.307 | DEBUG    | stock_bot.live.runner:_news_tick:840 - news 241560 new=0/1 (모두 중복)
2026-09-26 06:00:00.430 | INFO     | stock_bot.news.crawler:fetch_naver_news:207 - news relevance filter: 3 → 1 (제외 2건) [123330]
2026-09-26 06:00:00.431 | INFO     | stock_bot.news.crawler:fetch_naver_news:212 - fetched 1 news items for 123330
2026-09-26 06:00:00.436 | DEBUG    | stock_bot.live.runner:_news_tick:840 - news 123330 new=0/1 (모두 중복)
2026-09-26 07:00:00.171 | INFO     | stock_bot.news.crawler:fetch_naver_news:207 - news relevance filter: 3 → 1 (제외 2건) [034020]
2026-09-26 07:00:00.172 | INFO     | stock_bot.news.crawler:fetch_naver_news:212 - fetched 1 news items for 034020
2026-09-26 07:00:00.178 | DEBUG    | stock_bot.live.runner:_news_tick:840 - news 034020 new=0/1 (모두 중복)
2026-09-26 07:00:00.308 | INFO     | stock_bot.news.crawler:fetch_naver_news:207 - news relevance filter: 8 → 1 (제외 7건) [241560]
2026-09-26 07:00:00.309 | INFO     | stock_bot.news.crawler:fetch_naver_news:212 - fetched 1 news items for 241560
2026-09-26 07:00:00.313 | DEBUG    | stock_bot.live.runner:_news_tick:840 - news 241560 new=0/1 (모두 중복)
2026-09-26 07:00:00.432 | INFO     | stock_bot.news.crawler:fetch_naver_news:207 - news relevance filter: 3 → 1 (제외 2건) [123330]
2026-09-26 07:00:00.433 | INFO     | stock_bot.news.crawler:fetch_naver_news:212 - fetched 1 news items for 123330
2026-09-26 07:00:00.438 | DEBUG    | stock_bot.live.runner:_news_tick:840 - news 123330 new=0/1 (모두 중복)
2026-09-26 08:00:00.163 | INFO     | stock_bot.news.crawler:fetch_naver_news:207 - news relevance filter: 3 → 1 (제외 2건) [034020]
2026-09-26 08:00:00.164 | INFO     | stock_bot.news.crawler:fetch_naver_news:212 - fetched 1 news items for 034020
2026-09-26 08:00:00.169 | DEBUG    | stock_bot.live.runner:_news_tick:840 - news 034020 new=0/1 (모두 중복)
2026-09-26 08:00:00.288 | INFO     | stock_bot.news.crawler:fetch_naver_news:207 - news relevance filter: 8 → 1 (제외 7건) [241560]
2026-09-26 08:00:00.288 | INFO     | stock_bot.news.crawler:fetch_naver_news:212 - fetched 1 news items for 241560
2026-09-26 08:00:00.360 | DEBUG    | stock_bot.live.runner:_news_tick:840 - news 241560 new=0/1 (모두 중복)
2026-09-26 08:00:00.488 | INFO     | stock_bot.news.crawler:fetch_naver_news:207 - news relevance filter: 3 → 1 (제외 2건) [123330]
2026-09-26 08:00:00.489 | INFO     | stock_bot.news.crawler:fetch_naver_news:212 - fetched 1 news items for 123330
2026-09-26 08:00:00.494 | DEBUG    | stock_bot.live.runner:_news_tick:840 - news 123330 new=0/1 (모두 중복)
2026-09-26 09:00:00.153 | INFO     | stock_bot.news.crawler:fetch_naver_news:207 - news relevance filter: 3 → 1 (제외 2건) [034020]
2026-09-26 09:00:00.154 | INFO     | stock_bot.news.crawler:fetch_naver_news:212 - fetched 1 news items for 034020
2026-09-26 09:00:00.159 | DEBUG    | stock_bot.live.runner:_news_tick:840 - news 034020 new=0/1 (모두 중복)
2026-09-26 09:00:00.276 | INFO     | stock_bot.news.crawler:fetch_naver_news:207 - news relevance filter: 8 → 1 (제외 7건) [241560]
2026-09-26 09:00:00.278 | INFO     | stock_bot.news.crawler:fetch_naver_news:212 - fetched 1 news items for 241560
2026-09-26 09:00:00.283 | DEBUG    | stock_bot.live.runner:_news_tick:840 - news 241560 new=0/1 (모두 중복)
2026-09-26 09:00:00.389 | INFO     | stock_bot.news.crawler:fetch_naver_news:207 - news relevance filter: 3 → 1 (제외 2건) [123330]
2026-09-26 09:00:00.390 | INFO     | stock_bot.news.crawler:fetch_naver_news:212 - fetched 1 news items for 123330
2026-09-26 09:00:00.395 | DEBUG    | stock_bot.live.runner:_news_tick:840 - news 123330 new=0/1 (모두 중복)
2026-09-26 10:00:00.162 | INFO     | stock_bot.news.crawler:fetch_naver_news:207 - news relevance filter: 3 → 1 (제외 2건) [034020]
2026-09-26 10:00:00.163 | INFO     | stock_bot.news.crawler:fetch_naver_news:212 - fetched 1 news items for 034020
2026-09-26 10:00:00.168 | DEBUG    | stock_bot.live.runner:_news_tick:840 - news 034020 new=0/1 (모두 중복)
2026-09-26 10:00:00.291 | INFO     | stock_bot.news.crawler:fetch_naver_news:207 - news relevance filter: 8 → 1 (제외 7건) [241560]
2026-09-26 10:00:00.292 | INFO     | stock_bot.news.crawler:fetch_naver_news:212 - fetched 1 news items for 241560
2026-09-26 10:00:00.297 | DEBUG    | stock_bot.live.runner:_news_tick:840 - news 241560 new=0/1 (모두 중복)
2026-09-26 10:00:00.432 | INFO     | stock_bot.news.crawler:fetch_naver_news:207 - news relevance filter: 3 → 1 (제외 2건) [123330]
2026-09-26 10:00:00.433 | INFO     | stock_bot.news.crawler:fetch_naver_news:212 - fetched 1 news items for 123330
2026-09-26 10:00:00.438 | DEBUG    | stock_bot.live.runner:_news_tick:840 - news 123330 new=0/1 (모두 중복)
2026-09-26 11:00:00.186 | INFO     | stock_bot.news.crawler:fetch_naver_news:207 - news relevance filter: 3 → 1 (제외 2건) [034020]
2026-09-26 11:00:00.187 | INFO     | stock_bot.news.crawler:fetch_naver_news:212 - fetched 1 news items for 034020
2026-09-26 11:00:00.192 | DEBUG    | stock_bot.live.runner:_news_tick:840 - news 034020 new=0/1 (모두 중복)
2026-09-26 11:00:00.306 | INFO     | stock_bot.news.crawler:fetch_naver_news:207 - news relevance filter: 8 → 1 (제외 7건) [241560]
2026-09-26 11:00:00.307 | INFO     | stock_bot.news.crawler:fetch_naver_news:212 - fetched 1 news items for 241560
2026-09-26 11:00:00.312 | DEBUG    | stock_bot.live.runner:_news_tick:840 - news 241560 new=0/1 (모두 중복)
2026-09-26 11:00:00.435 | INFO     | stock_bot.news.crawler:fetch_naver_news:207 - news relevance filter: 3 → 1 (제외 2건) [123330]
2026-09-26 11:00:00.436 | INFO     | stock_bot.news.crawler:fetch_naver_news:212 - fetched 1 news items for 123330
2026-09-26 11:00:00.441 | DEBUG    | stock_bot.live.runner:_news_tick:840 - news 123330 new=0/1 (모두 중복)
2026-09-26 12:00:00.176 | INFO     | stock_bot.news.crawler:fetch_naver_news:207 - news relevance filter: 3 → 1 (제외 2건) [034020]
2026-09-26 12:00:00.178 | INFO     | stock_bot.news.crawler:fetch_naver_news:212 - fetched 1 news items for 034020
2026-09-26 12:00:00.183 | DEBUG    | stock_bot.live.runner:_news_tick:840 - news 034020 new=0/1 (모두 중복)
2026-09-26 12:00:00.376 | INFO     | stock_bot.news.crawler:fetch_naver_news:207 - news relevance filter: 8 → 1 (제외 7건) [241560]
2026-09-26 12:00:00.377 | INFO     | stock_bot.news.crawler:fetch_naver_news:212 - fetched 1 news items for 241560
2026-09-26 12:00:00.383 | DEBUG    | stock_bot.live.runner:_news_tick:840 - news 241560 new=0/1 (모두 중복)
2026-09-26 12:00:00.493 | INFO     | stock_bot.news.crawler:fetch_naver_news:207 - news relevance filter: 3 → 1 (제외 2건) [123330]
2026-09-26 12:00:00.494 | INFO     | stock_bot.news.crawler:fetch_naver_news:212 - fetched 1 news items for 123330
2026-09-26 12:00:00.499 | DEBUG    | stock_bot.live.runner:_news_tick:840 - news 123330 new=0/1 (모두 중복)
2026-09-26 13:00:00.163 | INFO     | stock_bot.news.crawler:fetch_naver_news:207 - news relevance filter: 4 → 1 (제외 3건) [034020]
2026-09-26 13:00:00.164 | INFO     | stock_bot.news.crawler:fetch_naver_news:212 - fetched 1 news items for 034020
2026-09-26 13:00:00.169 | DEBUG    | stock_bot.live.runner:_news_tick:840 - news 034020 new=0/1 (모두 중복)
2026-09-26 13:00:00.284 | INFO     | stock_bot.news.crawler:fetch_naver_news:207 - news relevance filter: 8 → 1 (제외 7건) [241560]
2026-09-26 13:00:00.285 | INFO     | stock_bot.news.crawler:fetch_naver_news:212 - fetched 1 news items for 241560
2026-09-26 13:00:00.289 | DEBUG    | stock_bot.live.runner:_news_tick:840 - news 241560 new=0/1 (모두 중복)
2026-09-26 13:00:00.403 | INFO     | stock_bot.news.crawler:fetch_naver_news:207 - news relevance filter: 3 → 1 (제외 2건) [123330]
2026-09-26 13:00:00.404 | INFO     | stock_bot.news.crawler:fetch_naver_news:212 - fetched 1 news items for 123330
2026-09-26 13:00:00.408 | DEBUG    | stock_bot.live.runner:_news_tick:840 - news 123330 new=0/1 (모두 중복)
2026-09-26 14:00:00.155 | INFO     | stock_bot.news.crawler:fetch_naver_news:207 - news relevance filter: 5 → 2 (제외 3건) [034020]
2026-09-26 14:00:00.156 | INFO     | stock_bot.news.crawler:fetch_naver_news:212 - fetched 2 news items for 034020
2026-09-26 14:00:18.050 | INFO     | stock_bot.live.runner:_news_tick:879 - news 034020 new=1/2 critical=0 llm_batch=1
2026-09-26 14:00:18.205 | INFO     | stock_bot.news.crawler:fetch_naver_news:207 - news relevance filter: 8 → 1 (제외 7건) [241560]
2026-09-26 14:00:18.206 | INFO     | stock_bot.news.crawler:fetch_naver_news:212 - fetched 1 news items for 241560
2026-09-26 14:00:18.211 | DEBUG    | stock_bot.live.runner:_news_tick:840 - news 241560 new=0/1 (모두 중복)
2026-09-26 14:00:18.377 | INFO     | stock_bot.news.crawler:fetch_naver_news:207 - news relevance filter: 3 → 1 (제외 2건) [123330]
2026-09-26 14:00:18.378 | INFO     | stock_bot.news.crawler:fetch_naver_news:212 - fetched 1 news items for 123330
2026-09-26 14:00:18.383 | DEBUG    | stock_bot.live.runner:_news_tick:840 - news 123330 new=0/1 (모두 중복)
2026-09-26 15:00:00.167 | INFO     | stock_bot.news.crawler:fetch_naver_news:207 - news relevance filter: 2 → 1 (제외 1건) [034020]
2026-09-26 15:00:00.168 | INFO     | stock_bot.news.crawler:fetch_naver_news:212 - fetched 1 news items for 034020
2026-09-26 15:00:00.173 | DEBUG    | stock_bot.live.runner:_news_tick:840 - news 034020 new=0/1 (모두 중복)
2026-09-26 15:00:00.285 | INFO     | stock_bot.news.crawler:fetch_naver_news:207 - news relevance filter: 8 → 1 (제외 7건) [241560]
2026-09-26 15:00:00.286 | INFO     | stock_bot.news.crawler:fetch_naver_news:212 - fetched 1 news items for 241560
2026-09-26 15:00:00.291 | DEBUG    | stock_bot.live.runner:_news_tick:840 - news 241560 new=0/1 (모두 중복)
2026-09-26 15:00:00.442 | INFO     | stock_bot.news.crawler:fetch_naver_news:207 - news relevance filter: 3 → 1 (제외 2건) [123330]
2026-09-26 15:00:00.443 | INFO     | stock_bot.news.crawler:fetch_naver_news:212 - fetched 1 news items for 123330
2026-09-26 15:00:00.448 | DEBUG    | stock_bot.live.runner:_news_tick:840 - news 123330 new=0/1 (모두 중복)
2026-09-26 16:00:00.168 | INFO     | stock_bot.news.crawler:fetch_naver_news:207 - news relevance filter: 2 → 1 (제외 1건) [034020]
2026-09-26 16:00:00.169 | INFO     | stock_bot.news.crawler:fetch_naver_news:212 - fetched 1 news items for 034020
2026-09-26 16:00:00.174 | DEBUG    | stock_bot.live.runner:_news_tick:840 - news 034020 new=0/1 (모두 중복)
2026-09-26 16:00:00.298 | INFO     | stock_bot.news.crawler:fetch_naver_news:207 - news relevance filter: 8 → 1 (제외 7건) [241560]
2026-09-26 16:00:00.299 | INFO     | stock_bot.news.crawler:fetch_naver_news:212 - fetched 1 news items for 241560
2026-09-26 16:00:00.304 | DEBUG    | stock_bot.live.runner:_news_tick:840 - news 241560 new=0/1 (모두 중복)
2026-09-26 16:00:00.460 | INFO     | stock_bot.news.crawler:fetch_naver_news:207 - news relevance filter: 3 → 1 (제외 2건) [123330]
2026-09-26 16:00:00.461 | INFO     | stock_bot.news.crawler:fetch_naver_news:212 - fetched 1 news items for 123330
2026-09-26 16:00:00.466 | DEBUG    | stock_bot.live.runner:_news_tick:840 - news 123330 new=0/1 (모두 중복)
2026-09-26 17:00:00.172 | INFO     | stock_bot.news.crawler:fetch_naver_news:207 - news relevance filter: 2 → 1 (제외 1건) [034020]
2026-09-26 17:00:00.173 | INFO     | stock_bot.news.crawler:fetch_naver_news:212 - fetched 1 news items for 034020
2026-09-26 17:00:00.178 | DEBUG    | stock_bot.live.runner:_news_tick:840 - news 034020 new=0/1 (모두 중복)
2026-09-26 17:00:00.302 | INFO     | stock_bot.news.crawler:fetch_naver_news:207 - news relevance filter: 8 → 1 (제외 7건) [241560]
2026-09-26 17:00:00.303 | INFO     | stock_bot.news.crawler:fetch_naver_news:212 - fetched 1 news items for 241560
2026-09-26 17:00:00.308 | DEBUG    | stock_bot.live.runner:_news_tick:840 - news 241560 new=0/1 (모두 중복)
2026-09-26 17:00:00.448 | INFO     | stock_bot.news.crawler:fetch_naver_news:207 - news relevance filter: 3 → 1 (제외 2건) [123330]
2026-09-26 17:00:00.449 | INFO     | stock_bot.news.crawler:fetch_naver_news:212 - fetched 1 news items for 123330
2026-09-26 17:00:00.454 | DEBUG    | stock_bot.live.runner:_news_tick:840 - news 123330 new=0/1 (모두 중복)
2026-09-26 18:00:00.183 | INFO     | stock_bot.news.crawler:fetch_naver_news:207 - news relevance filter: 2 → 1 (제외 1건) [034020]
2026-09-26 18:00:00.184 | INFO     | stock_bot.news.crawler:fetch_naver_news:212 - fetched 1 news items for 034020
2026-09-26 18:00:00.241 | DEBUG    | stock_bot.live.runner:_news_tick:840 - news 034020 new=0/1 (모두 중복)
2026-09-26 18:00:00.377 | INFO     | stock_bot.news.crawler:fetch_naver_news:207 - news relevance filter: 8 → 1 (제외 7건) [241560]
2026-09-26 18:00:00.378 | INFO     | stock_bot.news.crawler:fetch_naver_news:212 - fetched 1 news items for 241560
2026-09-26 18:00:00.383 | DEBUG    | stock_bot.live.runner:_news_tick:840 - news 241560 new=0/1 (모두 중복)
2026-09-26 18:00:00.532 | INFO     | stock_bot.news.crawler:fetch_naver_news:207 - news relevance filter: 3 → 1 (제외 2건) [123330]
2026-09-26 18:00:00.533 | INFO     | stock_bot.news.crawler:fetch_naver_news:212 - fetched 1 news items for 123330
2026-09-26 18:00:00.538 | DEBUG    | stock_bot.live.runner:_news_tick:840 - news 123330 new=0/1 (모두 중복)
2026-09-26 19:00:00.152 | INFO     | stock_bot.news.crawler:fetch_naver_news:207 - news relevance filter: 2 → 1 (제외 1건) [034020]
2026-09-26 19:00:00.153 | INFO     | stock_bot.news.crawler:fetch_naver_news:212 - fetched 1 news items for 034020
2026-09-26 19:00:00.158 | DEBUG    | stock_bot.live.runner:_news_tick:840 - news 034020 new=0/1 (모두 중복)
2026-09-26 19:00:00.283 | INFO     | stock_bot.news.crawler:fetch_naver_news:207 - news relevance filter: 8 → 1 (제외 7건) [241560]
2026-09-26 19:00:00.284 | INFO     | stock_bot.news.crawler:fetch_naver_news:212 - fetched 1 news items for 241560
2026-09-26 19:00:00.289 | DEBUG    | stock_bot.live.runner:_news_tick:840 - news 241560 new=0/1 (모두 중복)
2026-09-26 19:00:00.416 | INFO     | stock_bot.news.crawler:fetch_naver_news:207 - news relevance filter: 3 → 1 (제외 2건) [123330]
2026-09-26 19:00:00.416 | INFO     | stock_bot.news.crawler:fetch_naver_news:212 - fetched 1 news items for 123330
2026-09-26 19:00:00.421 | DEBUG    | stock_bot.live.runner:_news_tick:840 - news 123330 new=0/1 (모두 중복)
2026-09-26 20:00:00.170 | INFO     | stock_bot.news.crawler:fetch_naver_news:207 - news relevance filter: 2 → 1 (제외 1건) [034020]
2026-09-26 20:00:00.171 | INFO     | stock_bot.news.crawler:fetch_naver_news:212 - fetched 1 news items for 034020
2026-09-26 20:00:00.176 | DEBUG    | stock_bot.live.runner:_news_tick:840 - news 034020 new=0/1 (모두 중복)
2026-09-26 20:00:00.301 | INFO     | stock_bot.news.crawler:fetch_naver_news:207 - news relevance filter: 8 → 1 (제외 7건) [241560]
2026-09-26 20:00:00.301 | INFO     | stock_bot.news.crawler:fetch_naver_news:212 - fetched 1 news items for 241560
2026-09-26 20:00:00.306 | DEBUG    | stock_bot.live.runner:_news_tick:840 - news 241560 new=0/1 (모두 중복)
2026-09-26 20:00:00.446 | INFO     | stock_bot.news.crawler:fetch_naver_news:207 - news relevance filter: 3 → 1 (제외 2건) [123330]
2026-09-26 20:00:00.447 | INFO     | stock_bot.news.crawler:fetch_naver_news:212 - fetched 1 news items for 123330
2026-09-26 20:00:00.452 | DEBUG    | stock_bot.live.runner:_news_tick:840 - news 123330 new=0/1 (모두 중복)
2026-09-26 21:00:00.152 | INFO     | stock_bot.news.crawler:fetch_naver_news:207 - news relevance filter: 2 → 1 (제외 1건) [034020]
2026-09-26 21:00:00.153 | INFO     | stock_bot.news.crawler:fetch_naver_news:212 - fetched 1 news items for 034020
2026-09-26 21:00:00.158 | DEBUG    | stock_bot.live.runner:_news_tick:840 - news 034020 new=0/1 (모두 중복)
2026-09-26 21:00:00.281 | INFO     | stock_bot.news.crawler:fetch_naver_news:207 - news relevance filter: 8 → 1 (제외 7건) [241560]
2026-09-26 21:00:00.282 | INFO     | stock_bot.news.crawler:fetch_naver_news:212 - fetched 1 news items for 241560
2026-09-26 21:00:00.287 | DEBUG    | stock_bot.live.runner:_news_tick:840 - news 241560 new=0/1 (모두 중복)
2026-09-26 21:00:00.400 | INFO     | stock_bot.news.crawler:fetch_naver_news:207 - news relevance filter: 3 → 1 (제외 2건) [123330]
2026-09-26 21:00:00.401 | INFO     | stock_bot.news.crawler:fetch_naver_news:212 - fetched 1 news items for 123330
2026-09-26 21:00:00.406 | DEBUG    | stock_bot.live.runner:_news_tick:840 - news 123330 new=0/1 (모두 중복)
2026-09-26 22:00:00.261 | INFO     | stock_bot.news.crawler:fetch_naver_news:207 - news relevance filter: 2 → 1 (제외 1건) [034020]
2026-09-26 22:00:00.262 | INFO     | stock_bot.news.crawler:fetch_naver_news:212 - fetched 1 news items for 034020
2026-09-26 22:00:00.268 | DEBUG    | stock_bot.live.runner:_news_tick:840 - news 034020 new=0/1 (모두 중복)
2026-09-26 22:00:00.403 | INFO     | stock_bot.news.crawler:fetch_naver_news:207 - news relevance filter: 8 → 1 (제외 7건) [241560]
2026-09-26 22:00:00.404 | INFO     | stock_bot.news.crawler:fetch_naver_news:212 - fetched 1 news items for 241560
2026-09-26 22:00:00.409 | DEBUG    | stock_bot.live.runner:_news_tick:840 - news 241560 new=0/1 (모두 중복)
2026-09-26 22:00:00.557 | INFO     | stock_bot.news.crawler:fetch_naver_news:207 - news relevance filter: 3 → 1 (제외 2건) [123330]
2026-09-26 22:00:00.558 | INFO     | stock_bot.news.crawler:fetch_naver_news:212 - fetched 1 news items for 123330
2026-09-26 22:00:00.563 | DEBUG    | stock_bot.live.runner:_news_tick:840 - news 123330 new=0/1 (모두 중복)
2026-09-26 23:00:00.175 | INFO     | stock_bot.news.crawler:fetch_naver_news:207 - news relevance filter: 2 → 1 (제외 1건) [034020]
2026-09-26 23:00:00.176 | INFO     | stock_bot.news.crawler:fetch_naver_news:212 - fetched 1 news items for 034020
2026-09-26 23:00:00.181 | DEBUG    | stock_bot.live.runner:_news_tick:840 - news 034020 new=0/1 (모두 중복)
2026-09-26 23:00:00.293 | INFO     | stock_bot.news.crawler:fetch_naver_news:207 - news relevance filter: 8 → 1 (제외 7건) [241560]
2026-09-26 23:00:00.294 | INFO     | stock_bot.news.crawler:fetch_naver_news:212 - fetched 1 news items for 241560
2026-09-26 23:00:00.299 | DEBUG    | stock_bot.live.runner:_news_tick:840 - news 241560 new=0/1 (모두 중복)
2026-09-26 23:00:00.433 | INFO     | stock_bot.news.crawler:fetch_naver_news:207 - news relevance filter: 3 → 1 (제외 2건) [123330]
2026-09-26 23:00:00.434 | INFO     | stock_bot.news.crawler:fetch_naver_news:212 - fetched 1 news items for 123330
2026-09-26 23:00:00.439 | DEBUG    | stock_bot.live.runner:_news_tick:840 - news 123330 new=0/1 (모두 중복)
