2026-08-23 00:00:00.005 | DEBUG    | stock_bot.live.runner:_send_cost_report:532 - claude_code 백엔드 — API 비용 리포트 생략
2026-08-23 00:00:00.355 | INFO     | stock_bot.news.crawler:fetch_naver_news:170 - fetched 0 news items for 034020
2026-08-23 00:00:00.357 | DEBUG    | stock_bot.live.runner:_news_tick:760 - news 034020 new=0/0 (모두 중복)
2026-08-23 00:00:00.632 | INFO     | stock_bot.news.crawler:fetch_naver_news:165 - news relevance filter: 7 → 1 (제외 6건) [241560]
2026-08-23 00:00:00.633 | INFO     | stock_bot.news.crawler:fetch_naver_news:170 - fetched 1 news items for 241560
2026-08-23 00:00:00.639 | DEBUG    | stock_bot.live.runner:_news_tick:760 - news 241560 new=0/1 (모두 중복)
2026-08-23 00:00:00.839 | INFO     | stock_bot.news.crawler:fetch_naver_news:170 - fetched 1 news items for 123330
2026-08-23 00:00:00.844 | DEBUG    | stock_bot.live.runner:_news_tick:760 - news 123330 new=0/1 (모두 중복)
2026-08-23 00:05:00.794 | DEBUG    | stock_bot.live.backup:_export_logs:182 - backup: bot 로그 2026-08-22 추출 21KB
2026-08-23 00:05:06.265 | DEBUG    | stock_bot.live.backup:_export_logs:182 - backup: web 로그 2026-08-22 추출 176KB
2026-08-23 00:05:08.789 | DEBUG    | stock_bot.live.backup:_git_push:265 - backup: origin 정렬됨(behind=0) → reset 생략, 바로 push
2026-08-23 00:05:12.040 | INFO     | stock_bot.live.backup:run_backup:344 - backup 완료: trades=20 reviews=9 news=2 log=198KB → git push
2026-08-23 01:00:00.428 | INFO     | stock_bot.news.crawler:fetch_naver_news:170 - fetched 0 news items for 034020
2026-08-23 01:00:00.430 | DEBUG    | stock_bot.live.runner:_news_tick:760 - news 034020 new=0/0 (모두 중복)
2026-08-23 01:00:00.714 | INFO     | stock_bot.news.crawler:fetch_naver_news:165 - news relevance filter: 7 → 1 (제외 6건) [241560]
2026-08-23 01:00:00.715 | INFO     | stock_bot.news.crawler:fetch_naver_news:170 - fetched 1 news items for 241560
2026-08-23 01:00:00.720 | DEBUG    | stock_bot.live.runner:_news_tick:760 - news 241560 new=0/1 (모두 중복)
2026-08-23 01:00:00.914 | INFO     | stock_bot.news.crawler:fetch_naver_news:170 - fetched 1 news items for 123330
2026-08-23 01:00:00.919 | DEBUG    | stock_bot.live.runner:_news_tick:760 - news 123330 new=0/1 (모두 중복)
2026-08-23 02:00:00.379 | INFO     | stock_bot.news.crawler:fetch_naver_news:170 - fetched 0 news items for 034020
2026-08-23 02:00:00.381 | DEBUG    | stock_bot.live.runner:_news_tick:760 - news 034020 new=0/0 (모두 중복)
2026-08-23 02:00:00.704 | INFO     | stock_bot.news.crawler:fetch_naver_news:165 - news relevance filter: 7 → 1 (제외 6건) [241560]
2026-08-23 02:00:00.705 | INFO     | stock_bot.news.crawler:fetch_naver_news:170 - fetched 1 news items for 241560
2026-08-23 02:00:00.710 | DEBUG    | stock_bot.live.runner:_news_tick:760 - news 241560 new=0/1 (모두 중복)
2026-08-23 02:00:00.918 | INFO     | stock_bot.news.crawler:fetch_naver_news:170 - fetched 1 news items for 123330
2026-08-23 02:00:00.923 | DEBUG    | stock_bot.live.runner:_news_tick:760 - news 123330 new=0/1 (모두 중복)
2026-08-23 03:00:00.359 | INFO     | stock_bot.news.crawler:fetch_naver_news:170 - fetched 0 news items for 034020
2026-08-23 03:00:00.360 | DEBUG    | stock_bot.live.runner:_news_tick:760 - news 034020 new=0/0 (모두 중복)
2026-08-23 03:00:00.654 | INFO     | stock_bot.news.crawler:fetch_naver_news:165 - news relevance filter: 7 → 1 (제외 6건) [241560]
2026-08-23 03:00:00.655 | INFO     | stock_bot.news.crawler:fetch_naver_news:170 - fetched 1 news items for 241560
2026-08-23 03:00:00.660 | DEBUG    | stock_bot.live.runner:_news_tick:760 - news 241560 new=0/1 (모두 중복)
2026-08-23 03:00:00.854 | INFO     | stock_bot.news.crawler:fetch_naver_news:170 - fetched 1 news items for 123330
2026-08-23 03:00:00.859 | DEBUG    | stock_bot.live.runner:_news_tick:760 - news 123330 new=0/1 (모두 중복)
2026-08-23 04:00:00.352 | INFO     | stock_bot.news.crawler:fetch_naver_news:170 - fetched 0 news items for 034020
2026-08-23 04:00:00.354 | DEBUG    | stock_bot.live.runner:_news_tick:760 - news 034020 new=0/0 (모두 중복)
2026-08-23 04:00:00.647 | INFO     | stock_bot.news.crawler:fetch_naver_news:165 - news relevance filter: 7 → 1 (제외 6건) [241560]
2026-08-23 04:00:00.648 | INFO     | stock_bot.news.crawler:fetch_naver_news:170 - fetched 1 news items for 241560
2026-08-23 04:00:00.653 | DEBUG    | stock_bot.live.runner:_news_tick:760 - news 241560 new=0/1 (모두 중복)
2026-08-23 04:00:00.844 | INFO     | stock_bot.news.crawler:fetch_naver_news:170 - fetched 1 news items for 123330
2026-08-23 04:00:00.851 | DEBUG    | stock_bot.live.runner:_news_tick:760 - news 123330 new=0/1 (모두 중복)
2026-08-23 05:00:00.359 | INFO     | stock_bot.news.crawler:fetch_naver_news:170 - fetched 0 news items for 034020
2026-08-23 05:00:00.361 | DEBUG    | stock_bot.live.runner:_news_tick:760 - news 034020 new=0/0 (모두 중복)
2026-08-23 05:00:00.680 | INFO     | stock_bot.news.crawler:fetch_naver_news:165 - news relevance filter: 7 → 1 (제외 6건) [241560]
2026-08-23 05:00:00.681 | INFO     | stock_bot.news.crawler:fetch_naver_news:170 - fetched 1 news items for 241560
2026-08-23 05:00:00.686 | DEBUG    | stock_bot.live.runner:_news_tick:760 - news 241560 new=0/1 (모두 중복)
2026-08-23 05:00:00.885 | INFO     | stock_bot.news.crawler:fetch_naver_news:170 - fetched 1 news items for 123330
2026-08-23 05:00:00.890 | DEBUG    | stock_bot.live.runner:_news_tick:760 - news 123330 new=0/1 (모두 중복)
2026-08-23 06:00:00.356 | INFO     | stock_bot.news.crawler:fetch_naver_news:170 - fetched 0 news items for 034020
2026-08-23 06:00:00.359 | DEBUG    | stock_bot.live.runner:_news_tick:760 - news 034020 new=0/0 (모두 중복)
2026-08-23 06:00:00.657 | INFO     | stock_bot.news.crawler:fetch_naver_news:165 - news relevance filter: 7 → 1 (제외 6건) [241560]
2026-08-23 06:00:00.658 | INFO     | stock_bot.news.crawler:fetch_naver_news:170 - fetched 1 news items for 241560
2026-08-23 06:00:00.664 | DEBUG    | stock_bot.live.runner:_news_tick:760 - news 241560 new=0/1 (모두 중복)
2026-08-23 06:00:00.889 | INFO     | stock_bot.news.crawler:fetch_naver_news:170 - fetched 1 news items for 123330
2026-08-23 06:00:00.895 | DEBUG    | stock_bot.live.runner:_news_tick:760 - news 123330 new=0/1 (모두 중복)
2026-08-23 07:00:00.387 | INFO     | stock_bot.news.crawler:fetch_naver_news:165 - news relevance filter: 3 → 0 (제외 3건) [034020]
2026-08-23 07:00:00.389 | INFO     | stock_bot.news.crawler:fetch_naver_news:170 - fetched 0 news items for 034020
2026-08-23 07:00:00.390 | DEBUG    | stock_bot.live.runner:_news_tick:760 - news 034020 new=0/0 (모두 중복)
2026-08-23 07:00:00.687 | INFO     | stock_bot.news.crawler:fetch_naver_news:165 - news relevance filter: 7 → 1 (제외 6건) [241560]
2026-08-23 07:00:00.687 | INFO     | stock_bot.news.crawler:fetch_naver_news:170 - fetched 1 news items for 241560
2026-08-23 07:00:00.693 | DEBUG    | stock_bot.live.runner:_news_tick:760 - news 241560 new=0/1 (모두 중복)
2026-08-23 07:00:00.901 | INFO     | stock_bot.news.crawler:fetch_naver_news:170 - fetched 1 news items for 123330
2026-08-23 07:00:00.906 | DEBUG    | stock_bot.live.runner:_news_tick:760 - news 123330 new=0/1 (모두 중복)
2026-08-23 08:00:00.346 | INFO     | stock_bot.news.crawler:fetch_naver_news:165 - news relevance filter: 3 → 0 (제외 3건) [034020]
2026-08-23 08:00:00.347 | INFO     | stock_bot.news.crawler:fetch_naver_news:170 - fetched 0 news items for 034020
2026-08-23 08:00:00.349 | DEBUG    | stock_bot.live.runner:_news_tick:760 - news 034020 new=0/0 (모두 중복)
2026-08-23 08:00:00.635 | INFO     | stock_bot.news.crawler:fetch_naver_news:165 - news relevance filter: 7 → 1 (제외 6건) [241560]
2026-08-23 08:00:00.637 | INFO     | stock_bot.news.crawler:fetch_naver_news:170 - fetched 1 news items for 241560
2026-08-23 08:00:00.642 | DEBUG    | stock_bot.live.runner:_news_tick:760 - news 241560 new=0/1 (모두 중복)
2026-08-23 08:00:00.900 | INFO     | stock_bot.news.crawler:fetch_naver_news:170 - fetched 1 news items for 123330
2026-08-23 08:00:00.905 | DEBUG    | stock_bot.live.runner:_news_tick:760 - news 123330 new=0/1 (모두 중복)
2026-08-23 09:00:00.318 | INFO     | stock_bot.news.crawler:fetch_naver_news:165 - news relevance filter: 4 → 0 (제외 4건) [034020]
2026-08-23 09:00:00.319 | INFO     | stock_bot.news.crawler:fetch_naver_news:170 - fetched 0 news items for 034020
2026-08-23 09:00:00.321 | DEBUG    | stock_bot.live.runner:_news_tick:760 - news 034020 new=0/0 (모두 중복)
2026-08-23 09:00:00.609 | INFO     | stock_bot.news.crawler:fetch_naver_news:165 - news relevance filter: 7 → 1 (제외 6건) [241560]
2026-08-23 09:00:00.610 | INFO     | stock_bot.news.crawler:fetch_naver_news:170 - fetched 1 news items for 241560
2026-08-23 09:00:00.615 | DEBUG    | stock_bot.live.runner:_news_tick:760 - news 241560 new=0/1 (모두 중복)
2026-08-23 09:00:00.817 | INFO     | stock_bot.news.crawler:fetch_naver_news:170 - fetched 1 news items for 123330
2026-08-23 09:00:00.822 | DEBUG    | stock_bot.live.runner:_news_tick:760 - news 123330 new=0/1 (모두 중복)
2026-08-23 10:00:00.296 | INFO     | stock_bot.news.crawler:fetch_naver_news:165 - news relevance filter: 4 → 0 (제외 4건) [034020]
2026-08-23 10:00:00.297 | INFO     | stock_bot.news.crawler:fetch_naver_news:170 - fetched 0 news items for 034020
2026-08-23 10:00:00.298 | DEBUG    | stock_bot.live.runner:_news_tick:760 - news 034020 new=0/0 (모두 중복)
2026-08-23 10:00:00.642 | INFO     | stock_bot.news.crawler:fetch_naver_news:165 - news relevance filter: 7 → 1 (제외 6건) [241560]
2026-08-23 10:00:00.643 | INFO     | stock_bot.news.crawler:fetch_naver_news:170 - fetched 1 news items for 241560
2026-08-23 10:00:00.648 | DEBUG    | stock_bot.live.runner:_news_tick:760 - news 241560 new=0/1 (모두 중복)
2026-08-23 10:00:00.848 | INFO     | stock_bot.news.crawler:fetch_naver_news:170 - fetched 1 news items for 123330
2026-08-23 10:00:00.853 | DEBUG    | stock_bot.live.runner:_news_tick:760 - news 123330 new=0/1 (모두 중복)
2026-08-23 11:00:00.315 | INFO     | stock_bot.news.crawler:fetch_naver_news:165 - news relevance filter: 4 → 0 (제외 4건) [034020]
2026-08-23 11:00:00.316 | INFO     | stock_bot.news.crawler:fetch_naver_news:170 - fetched 0 news items for 034020
2026-08-23 11:00:00.318 | DEBUG    | stock_bot.live.runner:_news_tick:760 - news 034020 new=0/0 (모두 중복)
2026-08-23 11:00:00.605 | INFO     | stock_bot.news.crawler:fetch_naver_news:165 - news relevance filter: 7 → 1 (제외 6건) [241560]
2026-08-23 11:00:00.605 | INFO     | stock_bot.news.crawler:fetch_naver_news:170 - fetched 1 news items for 241560
2026-08-23 11:00:00.611 | DEBUG    | stock_bot.live.runner:_news_tick:760 - news 241560 new=0/1 (모두 중복)
2026-08-23 11:00:00.807 | INFO     | stock_bot.news.crawler:fetch_naver_news:170 - fetched 1 news items for 123330
2026-08-23 11:00:00.812 | DEBUG    | stock_bot.live.runner:_news_tick:760 - news 123330 new=0/1 (모두 중복)
2026-08-23 12:00:00.284 | INFO     | stock_bot.news.crawler:fetch_naver_news:165 - news relevance filter: 5 → 0 (제외 5건) [034020]
2026-08-23 12:00:00.285 | INFO     | stock_bot.news.crawler:fetch_naver_news:170 - fetched 0 news items for 034020
2026-08-23 12:00:00.286 | DEBUG    | stock_bot.live.runner:_news_tick:760 - news 034020 new=0/0 (모두 중복)
2026-08-23 12:00:01.173 | INFO     | stock_bot.news.crawler:fetch_naver_news:165 - news relevance filter: 7 → 1 (제외 6건) [241560]
2026-08-23 12:00:01.174 | INFO     | stock_bot.news.crawler:fetch_naver_news:170 - fetched 1 news items for 241560
2026-08-23 12:00:01.182 | DEBUG    | stock_bot.live.runner:_news_tick:760 - news 241560 new=0/1 (모두 중복)
2026-08-23 12:00:01.386 | INFO     | stock_bot.news.crawler:fetch_naver_news:170 - fetched 1 news items for 123330
2026-08-23 12:00:01.393 | DEBUG    | stock_bot.live.runner:_news_tick:760 - news 123330 new=0/1 (모두 중복)
2026-08-23 13:00:00.275 | INFO     | stock_bot.news.crawler:fetch_naver_news:165 - news relevance filter: 5 → 0 (제외 5건) [034020]
2026-08-23 13:00:00.276 | INFO     | stock_bot.news.crawler:fetch_naver_news:170 - fetched 0 news items for 034020
2026-08-23 13:00:00.277 | DEBUG    | stock_bot.live.runner:_news_tick:760 - news 034020 new=0/0 (모두 중복)
2026-08-23 13:00:00.582 | INFO     | stock_bot.news.crawler:fetch_naver_news:165 - news relevance filter: 7 → 1 (제외 6건) [241560]
2026-08-23 13:00:00.583 | INFO     | stock_bot.news.crawler:fetch_naver_news:170 - fetched 1 news items for 241560
2026-08-23 13:00:00.588 | DEBUG    | stock_bot.live.runner:_news_tick:760 - news 241560 new=0/1 (모두 중복)
2026-08-23 13:00:00.776 | INFO     | stock_bot.news.crawler:fetch_naver_news:170 - fetched 1 news items for 123330
2026-08-23 13:00:00.781 | DEBUG    | stock_bot.live.runner:_news_tick:760 - news 123330 new=0/1 (모두 중복)
2026-08-23 14:00:00.305 | INFO     | stock_bot.news.crawler:fetch_naver_news:165 - news relevance filter: 5 → 0 (제외 5건) [034020]
2026-08-23 14:00:00.315 | INFO     | stock_bot.news.crawler:fetch_naver_news:170 - fetched 0 news items for 034020
2026-08-23 14:00:00.316 | DEBUG    | stock_bot.live.runner:_news_tick:760 - news 034020 new=0/0 (모두 중복)
2026-08-23 14:00:00.663 | INFO     | stock_bot.news.crawler:fetch_naver_news:165 - news relevance filter: 7 → 1 (제외 6건) [241560]
2026-08-23 14:00:00.664 | INFO     | stock_bot.news.crawler:fetch_naver_news:170 - fetched 1 news items for 241560
2026-08-23 14:00:00.669 | DEBUG    | stock_bot.live.runner:_news_tick:760 - news 241560 new=0/1 (모두 중복)
2026-08-23 14:00:00.858 | INFO     | stock_bot.news.crawler:fetch_naver_news:170 - fetched 1 news items for 123330
2026-08-23 14:00:00.863 | DEBUG    | stock_bot.live.runner:_news_tick:760 - news 123330 new=0/1 (모두 중복)
2026-08-23 15:00:00.264 | INFO     | stock_bot.news.crawler:fetch_naver_news:165 - news relevance filter: 5 → 0 (제외 5건) [034020]
2026-08-23 15:00:00.265 | INFO     | stock_bot.news.crawler:fetch_naver_news:170 - fetched 0 news items for 034020
2026-08-23 15:00:00.267 | DEBUG    | stock_bot.live.runner:_news_tick:760 - news 034020 new=0/0 (모두 중복)
2026-08-23 15:00:00.547 | INFO     | stock_bot.news.crawler:fetch_naver_news:165 - news relevance filter: 7 → 1 (제외 6건) [241560]
2026-08-23 15:00:00.548 | INFO     | stock_bot.news.crawler:fetch_naver_news:170 - fetched 1 news items for 241560
2026-08-23 15:00:00.553 | DEBUG    | stock_bot.live.runner:_news_tick:760 - news 241560 new=0/1 (모두 중복)
2026-08-23 15:00:00.755 | INFO     | stock_bot.news.crawler:fetch_naver_news:170 - fetched 1 news items for 123330
2026-08-23 15:00:00.760 | DEBUG    | stock_bot.live.runner:_news_tick:760 - news 123330 new=0/1 (모두 중복)
2026-08-23 16:00:00.267 | INFO     | stock_bot.news.crawler:fetch_naver_news:165 - news relevance filter: 5 → 0 (제외 5건) [034020]
2026-08-23 16:00:00.268 | INFO     | stock_bot.news.crawler:fetch_naver_news:170 - fetched 0 news items for 034020
2026-08-23 16:00:00.269 | DEBUG    | stock_bot.live.runner:_news_tick:760 - news 034020 new=0/0 (모두 중복)
2026-08-23 16:00:00.614 | INFO     | stock_bot.news.crawler:fetch_naver_news:165 - news relevance filter: 7 → 1 (제외 6건) [241560]
2026-08-23 16:00:00.615 | INFO     | stock_bot.news.crawler:fetch_naver_news:170 - fetched 1 news items for 241560
2026-08-23 16:00:00.620 | DEBUG    | stock_bot.live.runner:_news_tick:760 - news 241560 new=0/1 (모두 중복)
2026-08-23 16:00:00.819 | INFO     | stock_bot.news.crawler:fetch_naver_news:170 - fetched 1 news items for 123330
2026-08-23 16:00:00.825 | DEBUG    | stock_bot.live.runner:_news_tick:760 - news 123330 new=0/1 (모두 중복)
2026-08-23 17:00:00.261 | INFO     | stock_bot.news.crawler:fetch_naver_news:165 - news relevance filter: 5 → 0 (제외 5건) [034020]
2026-08-23 17:00:00.262 | INFO     | stock_bot.news.crawler:fetch_naver_news:170 - fetched 0 news items for 034020
2026-08-23 17:00:00.264 | DEBUG    | stock_bot.live.runner:_news_tick:760 - news 034020 new=0/0 (모두 중복)
2026-08-23 17:00:00.498 | INFO     | stock_bot.news.crawler:fetch_naver_news:165 - news relevance filter: 8 → 1 (제외 7건) [241560]
2026-08-23 17:00:00.499 | INFO     | stock_bot.news.crawler:fetch_naver_news:170 - fetched 1 news items for 241560
2026-08-23 17:00:00.504 | DEBUG    | stock_bot.live.runner:_news_tick:760 - news 241560 new=0/1 (모두 중복)
2026-08-23 17:00:00.703 | INFO     | stock_bot.news.crawler:fetch_naver_news:170 - fetched 1 news items for 123330
2026-08-23 17:00:00.708 | DEBUG    | stock_bot.live.runner:_news_tick:760 - news 123330 new=0/1 (모두 중복)
2026-08-23 18:00:00.267 | INFO     | stock_bot.news.crawler:fetch_naver_news:165 - news relevance filter: 5 → 0 (제외 5건) [034020]
2026-08-23 18:00:00.268 | INFO     | stock_bot.news.crawler:fetch_naver_news:170 - fetched 0 news items for 034020
2026-08-23 18:00:00.269 | DEBUG    | stock_bot.live.runner:_news_tick:760 - news 034020 new=0/0 (모두 중복)
2026-08-23 18:00:00.499 | INFO     | stock_bot.news.crawler:fetch_naver_news:165 - news relevance filter: 8 → 1 (제외 7건) [241560]
2026-08-23 18:00:00.499 | INFO     | stock_bot.news.crawler:fetch_naver_news:170 - fetched 1 news items for 241560
2026-08-23 18:00:00.504 | DEBUG    | stock_bot.live.runner:_news_tick:760 - news 241560 new=0/1 (모두 중복)
2026-08-23 18:00:00.701 | INFO     | stock_bot.news.crawler:fetch_naver_news:170 - fetched 1 news items for 123330
2026-08-23 18:00:00.706 | DEBUG    | stock_bot.live.runner:_news_tick:760 - news 123330 new=0/1 (모두 중복)
2026-08-23 19:00:00.339 | INFO     | stock_bot.news.crawler:fetch_naver_news:165 - news relevance filter: 5 → 0 (제외 5건) [034020]
2026-08-23 19:00:00.340 | INFO     | stock_bot.news.crawler:fetch_naver_news:170 - fetched 0 news items for 034020
2026-08-23 19:00:00.342 | DEBUG    | stock_bot.live.runner:_news_tick:760 - news 034020 new=0/0 (모두 중복)
2026-08-23 19:00:00.579 | INFO     | stock_bot.news.crawler:fetch_naver_news:165 - news relevance filter: 8 → 1 (제외 7건) [241560]
2026-08-23 19:00:00.580 | INFO     | stock_bot.news.crawler:fetch_naver_news:170 - fetched 1 news items for 241560
2026-08-23 19:00:00.586 | DEBUG    | stock_bot.live.runner:_news_tick:760 - news 241560 new=0/1 (모두 중복)
2026-08-23 19:00:00.781 | INFO     | stock_bot.news.crawler:fetch_naver_news:170 - fetched 1 news items for 123330
2026-08-23 19:00:00.786 | DEBUG    | stock_bot.live.runner:_news_tick:760 - news 123330 new=0/1 (모두 중복)
2026-08-23 20:00:00.285 | INFO     | stock_bot.news.crawler:fetch_naver_news:165 - news relevance filter: 5 → 0 (제외 5건) [034020]
2026-08-23 20:00:00.286 | INFO     | stock_bot.news.crawler:fetch_naver_news:170 - fetched 0 news items for 034020
2026-08-23 20:00:00.287 | DEBUG    | stock_bot.live.runner:_news_tick:760 - news 034020 new=0/0 (모두 중복)
2026-08-23 20:00:00.522 | INFO     | stock_bot.news.crawler:fetch_naver_news:165 - news relevance filter: 8 → 1 (제외 7건) [241560]
2026-08-23 20:00:00.523 | INFO     | stock_bot.news.crawler:fetch_naver_news:170 - fetched 1 news items for 241560
2026-08-23 20:00:00.528 | DEBUG    | stock_bot.live.runner:_news_tick:760 - news 241560 new=0/1 (모두 중복)
2026-08-23 20:00:00.719 | INFO     | stock_bot.news.crawler:fetch_naver_news:170 - fetched 1 news items for 123330
2026-08-23 20:00:00.724 | DEBUG    | stock_bot.live.runner:_news_tick:760 - news 123330 new=0/1 (모두 중복)
2026-08-23 21:00:00.288 | INFO     | stock_bot.news.crawler:fetch_naver_news:165 - news relevance filter: 5 → 0 (제외 5건) [034020]
2026-08-23 21:00:00.289 | INFO     | stock_bot.news.crawler:fetch_naver_news:170 - fetched 0 news items for 034020
2026-08-23 21:00:00.290 | DEBUG    | stock_bot.live.runner:_news_tick:760 - news 034020 new=0/0 (모두 중복)
2026-08-23 21:00:00.594 | INFO     | stock_bot.news.crawler:fetch_naver_news:165 - news relevance filter: 8 → 1 (제외 7건) [241560]
2026-08-23 21:00:00.594 | INFO     | stock_bot.news.crawler:fetch_naver_news:170 - fetched 1 news items for 241560
2026-08-23 21:00:00.599 | DEBUG    | stock_bot.live.runner:_news_tick:760 - news 241560 new=0/1 (모두 중복)
2026-08-23 21:00:00.789 | INFO     | stock_bot.news.crawler:fetch_naver_news:170 - fetched 1 news items for 123330
2026-08-23 21:00:00.794 | DEBUG    | stock_bot.live.runner:_news_tick:760 - news 123330 new=0/1 (모두 중복)
2026-08-23 22:00:00.258 | INFO     | stock_bot.news.crawler:fetch_naver_news:165 - news relevance filter: 5 → 0 (제외 5건) [034020]
2026-08-23 22:00:00.259 | INFO     | stock_bot.news.crawler:fetch_naver_news:170 - fetched 0 news items for 034020
2026-08-23 22:00:00.260 | DEBUG    | stock_bot.live.runner:_news_tick:760 - news 034020 new=0/0 (모두 중복)
2026-08-23 22:00:00.501 | INFO     | stock_bot.news.crawler:fetch_naver_news:165 - news relevance filter: 8 → 1 (제외 7건) [241560]
2026-08-23 22:00:00.501 | INFO     | stock_bot.news.crawler:fetch_naver_news:170 - fetched 1 news items for 241560
2026-08-23 22:00:00.507 | DEBUG    | stock_bot.live.runner:_news_tick:760 - news 241560 new=0/1 (모두 중복)
2026-08-23 22:00:00.704 | INFO     | stock_bot.news.crawler:fetch_naver_news:170 - fetched 1 news items for 123330
2026-08-23 22:00:00.709 | DEBUG    | stock_bot.live.runner:_news_tick:760 - news 123330 new=0/1 (모두 중복)
2026-08-23 23:00:00.377 | INFO     | stock_bot.news.crawler:fetch_naver_news:165 - news relevance filter: 5 → 0 (제외 5건) [034020]
2026-08-23 23:00:00.378 | INFO     | stock_bot.news.crawler:fetch_naver_news:170 - fetched 0 news items for 034020
2026-08-23 23:00:00.379 | DEBUG    | stock_bot.live.runner:_news_tick:760 - news 034020 new=0/0 (모두 중복)
2026-08-23 23:00:00.629 | INFO     | stock_bot.news.crawler:fetch_naver_news:165 - news relevance filter: 9 → 1 (제외 8건) [241560]
2026-08-23 23:00:00.630 | INFO     | stock_bot.news.crawler:fetch_naver_news:170 - fetched 1 news items for 241560
2026-08-23 23:00:00.635 | DEBUG    | stock_bot.live.runner:_news_tick:760 - news 241560 new=0/1 (모두 중복)
2026-08-23 23:00:00.896 | INFO     | stock_bot.news.crawler:fetch_naver_news:170 - fetched 1 news items for 123330
2026-08-23 23:00:00.902 | DEBUG    | stock_bot.live.runner:_news_tick:760 - news 123330 new=0/1 (모두 중복)
