2026-07-18 00:00:00.078 | DEBUG    | stock_bot.live.runner:_send_cost_report:445 - claude_code 백엔드 — API 비용 리포트 생략
2026-07-18 00:00:00.938 | INFO     | stock_bot.news.crawler:fetch_naver_news:165 - news relevance filter: 14 → 0 (제외 14건) [006360]
2026-07-18 00:00:00.939 | INFO     | stock_bot.news.crawler:fetch_naver_news:170 - fetched 0 news items for 006360
2026-07-18 00:00:00.940 | DEBUG    | stock_bot.live.runner:_news_tick:624 - news 006360 new=0/0 (모두 중복)
2026-07-18 00:00:01.192 | INFO     | stock_bot.news.crawler:fetch_naver_news:165 - news relevance filter: 3 → 1 (제외 2건) [013580]
2026-07-18 00:00:01.193 | INFO     | stock_bot.news.crawler:fetch_naver_news:170 - fetched 1 news items for 013580
2026-07-18 00:00:01.198 | DEBUG    | stock_bot.live.runner:_news_tick:624 - news 013580 new=0/1 (모두 중복)
2026-07-18 00:05:00.782 | DEBUG    | stock_bot.live.backup:_export_logs:182 - backup: bot 로그 2026-07-17 추출 97KB
2026-07-18 00:05:07.419 | DEBUG    | stock_bot.live.backup:_export_logs:182 - backup: web 로그 2026-07-17 추출 1088KB
2026-07-18 00:05:07.444 | DEBUG    | stock_bot.live.backup:_export_logs:182 - backup: leader 로그 2026-07-17 추출 5KB
2026-07-18 00:05:10.330 | DEBUG    | stock_bot.live.backup:_git_push:265 - backup: origin 정렬됨(behind=0) → reset 생략, 바로 push
2026-07-18 00:05:12.733 | INFO     | stock_bot.live.backup:run_backup:344 - backup 완료: trades=61 reviews=60 news=0 log=1191KB → git push
2026-07-18 01:00:00.905 | INFO     | stock_bot.news.crawler:fetch_naver_news:165 - news relevance filter: 14 → 0 (제외 14건) [006360]
2026-07-18 01:00:00.906 | INFO     | stock_bot.news.crawler:fetch_naver_news:170 - fetched 0 news items for 006360
2026-07-18 01:00:00.907 | DEBUG    | stock_bot.live.runner:_news_tick:624 - news 006360 new=0/0 (모두 중복)
2026-07-18 01:00:01.163 | INFO     | stock_bot.news.crawler:fetch_naver_news:165 - news relevance filter: 3 → 1 (제외 2건) [013580]
2026-07-18 01:00:01.164 | INFO     | stock_bot.news.crawler:fetch_naver_news:170 - fetched 1 news items for 013580
2026-07-18 01:00:01.169 | DEBUG    | stock_bot.live.runner:_news_tick:624 - news 013580 new=0/1 (모두 중복)
2026-07-18 02:00:00.908 | INFO     | stock_bot.news.crawler:fetch_naver_news:165 - news relevance filter: 14 → 0 (제외 14건) [006360]
2026-07-18 02:00:00.909 | INFO     | stock_bot.news.crawler:fetch_naver_news:170 - fetched 0 news items for 006360
2026-07-18 02:00:00.911 | DEBUG    | stock_bot.live.runner:_news_tick:624 - news 006360 new=0/0 (모두 중복)
2026-07-18 02:00:01.209 | INFO     | stock_bot.news.crawler:fetch_naver_news:165 - news relevance filter: 3 → 1 (제외 2건) [013580]
2026-07-18 02:00:01.209 | INFO     | stock_bot.news.crawler:fetch_naver_news:170 - fetched 1 news items for 013580
2026-07-18 02:00:01.214 | DEBUG    | stock_bot.live.runner:_news_tick:624 - news 013580 new=0/1 (모두 중복)
2026-07-18 03:00:00.915 | INFO     | stock_bot.news.crawler:fetch_naver_news:165 - news relevance filter: 14 → 0 (제외 14건) [006360]
2026-07-18 03:00:00.916 | INFO     | stock_bot.news.crawler:fetch_naver_news:170 - fetched 0 news items for 006360
2026-07-18 03:00:00.917 | DEBUG    | stock_bot.live.runner:_news_tick:624 - news 006360 new=0/0 (모두 중복)
2026-07-18 03:00:01.170 | INFO     | stock_bot.news.crawler:fetch_naver_news:165 - news relevance filter: 3 → 1 (제외 2건) [013580]
2026-07-18 03:00:01.171 | INFO     | stock_bot.news.crawler:fetch_naver_news:170 - fetched 1 news items for 013580
2026-07-18 03:00:01.176 | DEBUG    | stock_bot.live.runner:_news_tick:624 - news 013580 new=0/1 (모두 중복)
2026-07-18 04:00:00.884 | INFO     | stock_bot.news.crawler:fetch_naver_news:165 - news relevance filter: 14 → 0 (제외 14건) [006360]
2026-07-18 04:00:00.885 | INFO     | stock_bot.news.crawler:fetch_naver_news:170 - fetched 0 news items for 006360
2026-07-18 04:00:00.887 | DEBUG    | stock_bot.live.runner:_news_tick:624 - news 006360 new=0/0 (모두 중복)
2026-07-18 04:00:01.189 | INFO     | stock_bot.news.crawler:fetch_naver_news:165 - news relevance filter: 3 → 1 (제외 2건) [013580]
2026-07-18 04:00:01.190 | INFO     | stock_bot.news.crawler:fetch_naver_news:170 - fetched 1 news items for 013580
2026-07-18 04:00:01.195 | DEBUG    | stock_bot.live.runner:_news_tick:624 - news 013580 new=0/1 (모두 중복)
2026-07-18 05:00:00.909 | INFO     | stock_bot.news.crawler:fetch_naver_news:165 - news relevance filter: 14 → 0 (제외 14건) [006360]
2026-07-18 05:00:00.910 | INFO     | stock_bot.news.crawler:fetch_naver_news:170 - fetched 0 news items for 006360
2026-07-18 05:00:00.912 | DEBUG    | stock_bot.live.runner:_news_tick:624 - news 006360 new=0/0 (모두 중복)
2026-07-18 05:00:01.174 | INFO     | stock_bot.news.crawler:fetch_naver_news:165 - news relevance filter: 3 → 1 (제외 2건) [013580]
2026-07-18 05:00:01.174 | INFO     | stock_bot.news.crawler:fetch_naver_news:170 - fetched 1 news items for 013580
2026-07-18 05:00:01.180 | DEBUG    | stock_bot.live.runner:_news_tick:624 - news 013580 new=0/1 (모두 중복)
2026-07-18 06:00:01.206 | INFO     | stock_bot.news.crawler:fetch_naver_news:165 - news relevance filter: 14 → 0 (제외 14건) [006360]
2026-07-18 06:00:01.207 | INFO     | stock_bot.news.crawler:fetch_naver_news:170 - fetched 0 news items for 006360
2026-07-18 06:00:01.209 | DEBUG    | stock_bot.live.runner:_news_tick:624 - news 006360 new=0/0 (모두 중복)
2026-07-18 06:00:01.528 | INFO     | stock_bot.news.crawler:fetch_naver_news:165 - news relevance filter: 3 → 1 (제외 2건) [013580]
2026-07-18 06:00:01.529 | INFO     | stock_bot.news.crawler:fetch_naver_news:170 - fetched 1 news items for 013580
2026-07-18 06:00:01.535 | DEBUG    | stock_bot.live.runner:_news_tick:624 - news 013580 new=0/1 (모두 중복)
2026-07-18 07:00:00.881 | INFO     | stock_bot.news.crawler:fetch_naver_news:165 - news relevance filter: 14 → 0 (제외 14건) [006360]
2026-07-18 07:00:00.882 | INFO     | stock_bot.news.crawler:fetch_naver_news:170 - fetched 0 news items for 006360
2026-07-18 07:00:00.883 | DEBUG    | stock_bot.live.runner:_news_tick:624 - news 006360 new=0/0 (모두 중복)
2026-07-18 07:00:01.139 | INFO     | stock_bot.news.crawler:fetch_naver_news:165 - news relevance filter: 3 → 1 (제외 2건) [013580]
2026-07-18 07:00:01.140 | INFO     | stock_bot.news.crawler:fetch_naver_news:170 - fetched 1 news items for 013580
2026-07-18 07:00:01.145 | DEBUG    | stock_bot.live.runner:_news_tick:624 - news 013580 new=0/1 (모두 중복)
2026-07-18 08:00:00.908 | INFO     | stock_bot.news.crawler:fetch_naver_news:165 - news relevance filter: 16 → 0 (제외 16건) [006360]
2026-07-18 08:00:00.909 | INFO     | stock_bot.news.crawler:fetch_naver_news:170 - fetched 0 news items for 006360
2026-07-18 08:00:00.910 | DEBUG    | stock_bot.live.runner:_news_tick:624 - news 006360 new=0/0 (모두 중복)
2026-07-18 08:00:01.239 | INFO     | stock_bot.news.crawler:fetch_naver_news:165 - news relevance filter: 3 → 1 (제외 2건) [013580]
2026-07-18 08:00:01.240 | INFO     | stock_bot.news.crawler:fetch_naver_news:170 - fetched 1 news items for 013580
2026-07-18 08:00:01.246 | DEBUG    | stock_bot.live.runner:_news_tick:624 - news 013580 new=0/1 (모두 중복)
2026-07-18 09:00:00.916 | INFO     | stock_bot.news.crawler:fetch_naver_news:165 - news relevance filter: 16 → 0 (제외 16건) [006360]
2026-07-18 09:00:00.917 | INFO     | stock_bot.news.crawler:fetch_naver_news:170 - fetched 0 news items for 006360
2026-07-18 09:00:00.919 | DEBUG    | stock_bot.live.runner:_news_tick:624 - news 006360 new=0/0 (모두 중복)
2026-07-18 09:00:01.186 | INFO     | stock_bot.news.crawler:fetch_naver_news:165 - news relevance filter: 3 → 1 (제외 2건) [013580]
2026-07-18 09:00:01.187 | INFO     | stock_bot.news.crawler:fetch_naver_news:170 - fetched 1 news items for 013580
2026-07-18 09:00:01.192 | DEBUG    | stock_bot.live.runner:_news_tick:624 - news 013580 new=0/1 (모두 중복)
2026-07-18 10:00:00.893 | INFO     | stock_bot.news.crawler:fetch_naver_news:165 - news relevance filter: 19 → 0 (제외 19건) [006360]
2026-07-18 10:00:00.893 | INFO     | stock_bot.news.crawler:fetch_naver_news:170 - fetched 0 news items for 006360
2026-07-18 10:00:00.895 | DEBUG    | stock_bot.live.runner:_news_tick:624 - news 006360 new=0/0 (모두 중복)
2026-07-18 10:00:01.200 | INFO     | stock_bot.news.crawler:fetch_naver_news:165 - news relevance filter: 3 → 1 (제외 2건) [013580]
2026-07-18 10:00:01.200 | INFO     | stock_bot.news.crawler:fetch_naver_news:170 - fetched 1 news items for 013580
2026-07-18 10:00:01.205 | DEBUG    | stock_bot.live.runner:_news_tick:624 - news 013580 new=0/1 (모두 중복)
2026-07-18 11:00:00.919 | INFO     | stock_bot.news.crawler:fetch_naver_news:165 - news relevance filter: 19 → 0 (제외 19건) [006360]
2026-07-18 11:00:00.920 | INFO     | stock_bot.news.crawler:fetch_naver_news:170 - fetched 0 news items for 006360
2026-07-18 11:00:00.921 | DEBUG    | stock_bot.live.runner:_news_tick:624 - news 006360 new=0/0 (모두 중복)
2026-07-18 11:00:01.180 | INFO     | stock_bot.news.crawler:fetch_naver_news:165 - news relevance filter: 3 → 1 (제외 2건) [013580]
2026-07-18 11:00:01.181 | INFO     | stock_bot.news.crawler:fetch_naver_news:170 - fetched 1 news items for 013580
2026-07-18 11:00:01.186 | DEBUG    | stock_bot.live.runner:_news_tick:624 - news 013580 new=0/1 (모두 중복)
2026-07-18 12:00:00.905 | INFO     | stock_bot.news.crawler:fetch_naver_news:165 - news relevance filter: 19 → 0 (제외 19건) [006360]
2026-07-18 12:00:00.906 | INFO     | stock_bot.news.crawler:fetch_naver_news:170 - fetched 0 news items for 006360
2026-07-18 12:00:00.907 | DEBUG    | stock_bot.live.runner:_news_tick:624 - news 006360 new=0/0 (모두 중복)
2026-07-18 12:00:01.222 | INFO     | stock_bot.news.crawler:fetch_naver_news:165 - news relevance filter: 3 → 1 (제외 2건) [013580]
2026-07-18 12:00:01.223 | INFO     | stock_bot.news.crawler:fetch_naver_news:170 - fetched 1 news items for 013580
2026-07-18 12:00:01.228 | DEBUG    | stock_bot.live.runner:_news_tick:624 - news 013580 new=0/1 (모두 중복)
2026-07-18 13:00:00.899 | INFO     | stock_bot.news.crawler:fetch_naver_news:165 - news relevance filter: 20 → 0 (제외 20건) [006360]
2026-07-18 13:00:00.900 | INFO     | stock_bot.news.crawler:fetch_naver_news:170 - fetched 0 news items for 006360
2026-07-18 13:00:00.902 | DEBUG    | stock_bot.live.runner:_news_tick:624 - news 006360 new=0/0 (모두 중복)
2026-07-18 13:00:01.169 | INFO     | stock_bot.news.crawler:fetch_naver_news:165 - news relevance filter: 3 → 1 (제외 2건) [013580]
2026-07-18 13:00:01.170 | INFO     | stock_bot.news.crawler:fetch_naver_news:170 - fetched 1 news items for 013580
2026-07-18 13:00:01.175 | DEBUG    | stock_bot.live.runner:_news_tick:624 - news 013580 new=0/1 (모두 중복)
2026-07-18 14:00:00.901 | INFO     | stock_bot.news.crawler:fetch_naver_news:165 - news relevance filter: 20 → 0 (제외 20건) [006360]
2026-07-18 14:00:00.902 | INFO     | stock_bot.news.crawler:fetch_naver_news:170 - fetched 0 news items for 006360
2026-07-18 14:00:00.904 | DEBUG    | stock_bot.live.runner:_news_tick:624 - news 006360 new=0/0 (모두 중복)
2026-07-18 14:00:01.211 | INFO     | stock_bot.news.crawler:fetch_naver_news:165 - news relevance filter: 3 → 1 (제외 2건) [013580]
2026-07-18 14:00:01.212 | INFO     | stock_bot.news.crawler:fetch_naver_news:170 - fetched 1 news items for 013580
2026-07-18 14:00:01.217 | DEBUG    | stock_bot.live.runner:_news_tick:624 - news 013580 new=0/1 (모두 중복)
2026-07-18 15:00:00.914 | INFO     | stock_bot.news.crawler:fetch_naver_news:165 - news relevance filter: 20 → 0 (제외 20건) [006360]
2026-07-18 15:00:00.915 | INFO     | stock_bot.news.crawler:fetch_naver_news:170 - fetched 0 news items for 006360
2026-07-18 15:00:00.917 | DEBUG    | stock_bot.live.runner:_news_tick:624 - news 006360 new=0/0 (모두 중복)
2026-07-18 15:00:01.200 | INFO     | stock_bot.news.crawler:fetch_naver_news:165 - news relevance filter: 3 → 1 (제외 2건) [013580]
2026-07-18 15:00:01.201 | INFO     | stock_bot.news.crawler:fetch_naver_news:170 - fetched 1 news items for 013580
2026-07-18 15:00:01.208 | DEBUG    | stock_bot.live.runner:_news_tick:624 - news 013580 new=0/1 (모두 중복)
2026-07-18 16:00:00.926 | INFO     | stock_bot.news.crawler:fetch_naver_news:165 - news relevance filter: 20 → 0 (제외 20건) [006360]
2026-07-18 16:00:00.927 | INFO     | stock_bot.news.crawler:fetch_naver_news:170 - fetched 0 news items for 006360
2026-07-18 16:00:00.928 | DEBUG    | stock_bot.live.runner:_news_tick:624 - news 006360 new=0/0 (모두 중복)
2026-07-18 16:00:01.232 | INFO     | stock_bot.news.crawler:fetch_naver_news:165 - news relevance filter: 3 → 1 (제외 2건) [013580]
2026-07-18 16:00:01.233 | INFO     | stock_bot.news.crawler:fetch_naver_news:170 - fetched 1 news items for 013580
2026-07-18 16:00:01.238 | DEBUG    | stock_bot.live.runner:_news_tick:624 - news 013580 new=0/1 (모두 중복)
2026-07-18 17:00:00.929 | INFO     | stock_bot.news.crawler:fetch_naver_news:165 - news relevance filter: 20 → 0 (제외 20건) [006360]
2026-07-18 17:00:00.930 | INFO     | stock_bot.news.crawler:fetch_naver_news:170 - fetched 0 news items for 006360
2026-07-18 17:00:00.932 | DEBUG    | stock_bot.live.runner:_news_tick:624 - news 006360 new=0/0 (모두 중복)
2026-07-18 17:00:01.197 | INFO     | stock_bot.news.crawler:fetch_naver_news:165 - news relevance filter: 3 → 1 (제외 2건) [013580]
2026-07-18 17:00:01.198 | INFO     | stock_bot.news.crawler:fetch_naver_news:170 - fetched 1 news items for 013580
2026-07-18 17:00:01.203 | DEBUG    | stock_bot.live.runner:_news_tick:624 - news 013580 new=0/1 (모두 중복)
2026-07-18 18:00:00.922 | INFO     | stock_bot.news.crawler:fetch_naver_news:165 - news relevance filter: 20 → 0 (제외 20건) [006360]
2026-07-18 18:00:00.923 | INFO     | stock_bot.news.crawler:fetch_naver_news:170 - fetched 0 news items for 006360
2026-07-18 18:00:00.925 | DEBUG    | stock_bot.live.runner:_news_tick:624 - news 006360 new=0/0 (모두 중복)
2026-07-18 18:00:02.578 | INFO     | stock_bot.news.crawler:fetch_naver_news:165 - news relevance filter: 3 → 1 (제외 2건) [013580]
2026-07-18 18:00:02.579 | INFO     | stock_bot.news.crawler:fetch_naver_news:170 - fetched 1 news items for 013580
2026-07-18 18:00:02.585 | DEBUG    | stock_bot.live.runner:_news_tick:624 - news 013580 new=0/1 (모두 중복)
2026-07-18 19:00:00.898 | INFO     | stock_bot.news.crawler:fetch_naver_news:165 - news relevance filter: 20 → 0 (제외 20건) [006360]
2026-07-18 19:00:00.900 | INFO     | stock_bot.news.crawler:fetch_naver_news:170 - fetched 0 news items for 006360
2026-07-18 19:00:00.901 | DEBUG    | stock_bot.live.runner:_news_tick:624 - news 006360 new=0/0 (모두 중복)
2026-07-18 19:00:01.168 | INFO     | stock_bot.news.crawler:fetch_naver_news:165 - news relevance filter: 3 → 1 (제외 2건) [013580]
2026-07-18 19:00:01.169 | INFO     | stock_bot.news.crawler:fetch_naver_news:170 - fetched 1 news items for 013580
2026-07-18 19:00:01.174 | DEBUG    | stock_bot.live.runner:_news_tick:624 - news 013580 new=0/1 (모두 중복)
2026-07-18 20:00:00.925 | INFO     | stock_bot.news.crawler:fetch_naver_news:165 - news relevance filter: 20 → 0 (제외 20건) [006360]
2026-07-18 20:00:00.926 | INFO     | stock_bot.news.crawler:fetch_naver_news:170 - fetched 0 news items for 006360
2026-07-18 20:00:00.928 | DEBUG    | stock_bot.live.runner:_news_tick:624 - news 006360 new=0/0 (모두 중복)
2026-07-18 20:00:01.229 | INFO     | stock_bot.news.crawler:fetch_naver_news:165 - news relevance filter: 3 → 1 (제외 2건) [013580]
2026-07-18 20:00:01.230 | INFO     | stock_bot.news.crawler:fetch_naver_news:170 - fetched 1 news items for 013580
2026-07-18 20:00:01.235 | DEBUG    | stock_bot.live.runner:_news_tick:624 - news 013580 new=0/1 (모두 중복)
2026-07-18 21:00:00.923 | INFO     | stock_bot.news.crawler:fetch_naver_news:165 - news relevance filter: 20 → 0 (제외 20건) [006360]
2026-07-18 21:00:00.924 | INFO     | stock_bot.news.crawler:fetch_naver_news:170 - fetched 0 news items for 006360
2026-07-18 21:00:00.926 | DEBUG    | stock_bot.live.runner:_news_tick:624 - news 006360 new=0/0 (모두 중복)
2026-07-18 21:00:01.174 | INFO     | stock_bot.news.crawler:fetch_naver_news:165 - news relevance filter: 3 → 1 (제외 2건) [013580]
2026-07-18 21:00:01.175 | INFO     | stock_bot.news.crawler:fetch_naver_news:170 - fetched 1 news items for 013580
2026-07-18 21:00:01.180 | DEBUG    | stock_bot.live.runner:_news_tick:624 - news 013580 new=0/1 (모두 중복)
2026-07-18 22:00:00.909 | INFO     | stock_bot.news.crawler:fetch_naver_news:165 - news relevance filter: 20 → 0 (제외 20건) [006360]
2026-07-18 22:00:00.910 | INFO     | stock_bot.news.crawler:fetch_naver_news:170 - fetched 0 news items for 006360
2026-07-18 22:00:00.912 | DEBUG    | stock_bot.live.runner:_news_tick:624 - news 006360 new=0/0 (모두 중복)
2026-07-18 22:00:01.205 | INFO     | stock_bot.news.crawler:fetch_naver_news:165 - news relevance filter: 3 → 1 (제외 2건) [013580]
2026-07-18 22:00:01.206 | INFO     | stock_bot.news.crawler:fetch_naver_news:170 - fetched 1 news items for 013580
2026-07-18 22:00:01.211 | DEBUG    | stock_bot.live.runner:_news_tick:624 - news 013580 new=0/1 (모두 중복)
2026-07-18 23:00:00.950 | INFO     | stock_bot.news.crawler:fetch_naver_news:165 - news relevance filter: 20 → 0 (제외 20건) [006360]
2026-07-18 23:00:00.951 | INFO     | stock_bot.news.crawler:fetch_naver_news:170 - fetched 0 news items for 006360
2026-07-18 23:00:00.953 | DEBUG    | stock_bot.live.runner:_news_tick:624 - news 006360 new=0/0 (모두 중복)
2026-07-18 23:00:01.197 | INFO     | stock_bot.news.crawler:fetch_naver_news:165 - news relevance filter: 3 → 1 (제외 2건) [013580]
2026-07-18 23:00:01.198 | INFO     | stock_bot.news.crawler:fetch_naver_news:170 - fetched 1 news items for 013580
2026-07-18 23:00:01.203 | DEBUG    | stock_bot.live.runner:_news_tick:624 - news 013580 new=0/1 (모두 중복)
