2026-08-22 00:00:00.007 | DEBUG    | stock_bot.live.runner:_send_cost_report:532 - claude_code 백엔드 — API 비용 리포트 생략
2026-08-22 00:00:00.391 | INFO     | stock_bot.news.crawler:fetch_naver_news:165 - news relevance filter: 3 → 2 (제외 1건) [034020]
2026-08-22 00:00:00.392 | INFO     | stock_bot.news.crawler:fetch_naver_news:170 - fetched 2 news items for 034020
2026-08-22 00:00:00.400 | DEBUG    | stock_bot.live.runner:_news_tick:760 - news 034020 new=0/2 (모두 중복)
2026-08-22 00:00:00.739 | INFO     | stock_bot.news.crawler:fetch_naver_news:165 - news relevance filter: 6 → 1 (제외 5건) [241560]
2026-08-22 00:00:00.741 | INFO     | stock_bot.news.crawler:fetch_naver_news:170 - fetched 1 news items for 241560
2026-08-22 00:00:00.746 | DEBUG    | stock_bot.live.runner:_news_tick:760 - news 241560 new=0/1 (모두 중복)
2026-08-22 00:00:00.952 | INFO     | stock_bot.news.crawler:fetch_naver_news:170 - fetched 1 news items for 123330
2026-08-22 00:00:00.957 | DEBUG    | stock_bot.live.runner:_news_tick:760 - news 123330 new=0/1 (모두 중복)
2026-08-22 00:05:00.935 | DEBUG    | stock_bot.live.backup:_export_logs:182 - backup: bot 로그 2026-08-21 추출 186KB
2026-08-22 00:05:09.231 | DEBUG    | stock_bot.live.backup:_export_logs:182 - backup: web 로그 2026-08-21 추출 3033KB
2026-08-22 00:05:09.310 | DEBUG    | stock_bot.live.backup:_export_logs:182 - backup: leader 로그 2026-08-21 추출 103KB
2026-08-22 00:05:12.231 | DEBUG    | stock_bot.live.backup:_git_push:265 - backup: origin 정렬됨(behind=0) → reset 생략, 바로 push
2026-08-22 00:05:15.225 | INFO     | stock_bot.live.backup:run_backup:344 - backup 완료: trades=20 reviews=9 news=6 log=3323KB → git push
2026-08-22 01:00:00.375 | INFO     | stock_bot.news.crawler:fetch_naver_news:165 - news relevance filter: 3 → 2 (제외 1건) [034020]
2026-08-22 01:00:00.376 | INFO     | stock_bot.news.crawler:fetch_naver_news:170 - fetched 2 news items for 034020
2026-08-22 01:00:00.384 | DEBUG    | stock_bot.live.runner:_news_tick:760 - news 034020 new=0/2 (모두 중복)
2026-08-22 01:00:00.710 | INFO     | stock_bot.news.crawler:fetch_naver_news:165 - news relevance filter: 6 → 1 (제외 5건) [241560]
2026-08-22 01:00:00.711 | INFO     | stock_bot.news.crawler:fetch_naver_news:170 - fetched 1 news items for 241560
2026-08-22 01:00:00.716 | DEBUG    | stock_bot.live.runner:_news_tick:760 - news 241560 new=0/1 (모두 중복)
2026-08-22 01:00:00.944 | INFO     | stock_bot.news.crawler:fetch_naver_news:170 - fetched 1 news items for 123330
2026-08-22 01:00:00.949 | DEBUG    | stock_bot.live.runner:_news_tick:760 - news 123330 new=0/1 (모두 중복)
2026-08-22 02:00:00.392 | INFO     | stock_bot.news.crawler:fetch_naver_news:165 - news relevance filter: 4 → 3 (제외 1건) [034020]
2026-08-22 02:00:00.393 | INFO     | stock_bot.news.crawler:fetch_naver_news:170 - fetched 3 news items for 034020
2026-08-22 02:00:11.871 | INFO     | stock_bot.live.runner:_news_tick:799 - news 034020 new=1/3 critical=0 llm_batch=1
2026-08-22 02:00:12.192 | INFO     | stock_bot.news.crawler:fetch_naver_news:165 - news relevance filter: 6 → 1 (제외 5건) [241560]
2026-08-22 02:00:12.193 | INFO     | stock_bot.news.crawler:fetch_naver_news:170 - fetched 1 news items for 241560
2026-08-22 02:00:12.198 | DEBUG    | stock_bot.live.runner:_news_tick:760 - news 241560 new=0/1 (모두 중복)
2026-08-22 02:00:12.409 | INFO     | stock_bot.news.crawler:fetch_naver_news:170 - fetched 1 news items for 123330
2026-08-22 02:00:12.415 | DEBUG    | stock_bot.live.runner:_news_tick:760 - news 123330 new=0/1 (모두 중복)
2026-08-22 03:00:00.346 | INFO     | stock_bot.news.crawler:fetch_naver_news:170 - fetched 1 news items for 034020
2026-08-22 03:00:00.352 | DEBUG    | stock_bot.live.runner:_news_tick:760 - news 034020 new=0/1 (모두 중복)
2026-08-22 03:00:00.680 | INFO     | stock_bot.news.crawler:fetch_naver_news:165 - news relevance filter: 6 → 1 (제외 5건) [241560]
2026-08-22 03:00:00.681 | INFO     | stock_bot.news.crawler:fetch_naver_news:170 - fetched 1 news items for 241560
2026-08-22 03:00:00.686 | DEBUG    | stock_bot.live.runner:_news_tick:760 - news 241560 new=0/1 (모두 중복)
2026-08-22 03:00:00.893 | INFO     | stock_bot.news.crawler:fetch_naver_news:170 - fetched 1 news items for 123330
2026-08-22 03:00:00.898 | DEBUG    | stock_bot.live.runner:_news_tick:760 - news 123330 new=0/1 (모두 중복)
2026-08-22 04:00:00.340 | INFO     | stock_bot.news.crawler:fetch_naver_news:170 - fetched 1 news items for 034020
2026-08-22 04:00:00.345 | DEBUG    | stock_bot.live.runner:_news_tick:760 - news 034020 new=0/1 (모두 중복)
2026-08-22 04:00:00.639 | INFO     | stock_bot.news.crawler:fetch_naver_news:165 - news relevance filter: 6 → 1 (제외 5건) [241560]
2026-08-22 04:00:00.639 | INFO     | stock_bot.news.crawler:fetch_naver_news:170 - fetched 1 news items for 241560
2026-08-22 04:00:00.644 | DEBUG    | stock_bot.live.runner:_news_tick:760 - news 241560 new=0/1 (모두 중복)
2026-08-22 04:00:00.836 | INFO     | stock_bot.news.crawler:fetch_naver_news:170 - fetched 1 news items for 123330
2026-08-22 04:00:00.841 | DEBUG    | stock_bot.live.runner:_news_tick:760 - news 123330 new=0/1 (모두 중복)
2026-08-22 05:00:00.386 | INFO     | stock_bot.news.crawler:fetch_naver_news:170 - fetched 1 news items for 034020
2026-08-22 05:00:00.392 | DEBUG    | stock_bot.live.runner:_news_tick:760 - news 034020 new=0/1 (모두 중복)
2026-08-22 05:00:00.702 | INFO     | stock_bot.news.crawler:fetch_naver_news:165 - news relevance filter: 6 → 1 (제외 5건) [241560]
2026-08-22 05:00:00.703 | INFO     | stock_bot.news.crawler:fetch_naver_news:170 - fetched 1 news items for 241560
2026-08-22 05:00:00.708 | DEBUG    | stock_bot.live.runner:_news_tick:760 - news 241560 new=0/1 (모두 중복)
2026-08-22 05:00:00.906 | INFO     | stock_bot.news.crawler:fetch_naver_news:170 - fetched 1 news items for 123330
2026-08-22 05:00:00.911 | DEBUG    | stock_bot.live.runner:_news_tick:760 - news 123330 new=0/1 (모두 중복)
2026-08-22 06:00:00.349 | INFO     | stock_bot.news.crawler:fetch_naver_news:170 - fetched 1 news items for 034020
2026-08-22 06:00:00.354 | DEBUG    | stock_bot.live.runner:_news_tick:760 - news 034020 new=0/1 (모두 중복)
2026-08-22 06:00:00.685 | INFO     | stock_bot.news.crawler:fetch_naver_news:165 - news relevance filter: 6 → 1 (제외 5건) [241560]
2026-08-22 06:00:00.686 | INFO     | stock_bot.news.crawler:fetch_naver_news:170 - fetched 1 news items for 241560
2026-08-22 06:00:00.691 | DEBUG    | stock_bot.live.runner:_news_tick:760 - news 241560 new=0/1 (모두 중복)
2026-08-22 06:00:00.896 | INFO     | stock_bot.news.crawler:fetch_naver_news:170 - fetched 1 news items for 123330
2026-08-22 06:00:00.901 | DEBUG    | stock_bot.live.runner:_news_tick:760 - news 123330 new=0/1 (모두 중복)
2026-08-22 07:00:00.344 | INFO     | stock_bot.news.crawler:fetch_naver_news:170 - fetched 1 news items for 034020
2026-08-22 07:00:00.350 | DEBUG    | stock_bot.live.runner:_news_tick:760 - news 034020 new=0/1 (모두 중복)
2026-08-22 07:00:00.655 | INFO     | stock_bot.news.crawler:fetch_naver_news:165 - news relevance filter: 6 → 1 (제외 5건) [241560]
2026-08-22 07:00:00.656 | INFO     | stock_bot.news.crawler:fetch_naver_news:170 - fetched 1 news items for 241560
2026-08-22 07:00:00.661 | DEBUG    | stock_bot.live.runner:_news_tick:760 - news 241560 new=0/1 (모두 중복)
2026-08-22 07:00:00.876 | INFO     | stock_bot.news.crawler:fetch_naver_news:170 - fetched 1 news items for 123330
2026-08-22 07:00:00.881 | DEBUG    | stock_bot.live.runner:_news_tick:760 - news 123330 new=0/1 (모두 중복)
2026-08-22 08:00:02.136 | INFO     | stock_bot.news.crawler:fetch_naver_news:165 - news relevance filter: 2 → 1 (제외 1건) [034020]
2026-08-22 08:00:02.137 | INFO     | stock_bot.news.crawler:fetch_naver_news:170 - fetched 1 news items for 034020
2026-08-22 08:00:02.143 | DEBUG    | stock_bot.live.runner:_news_tick:760 - news 034020 new=0/1 (모두 중복)
2026-08-22 08:00:02.451 | INFO     | stock_bot.news.crawler:fetch_naver_news:165 - news relevance filter: 6 → 1 (제외 5건) [241560]
2026-08-22 08:00:02.451 | INFO     | stock_bot.news.crawler:fetch_naver_news:170 - fetched 1 news items for 241560
2026-08-22 08:00:02.456 | DEBUG    | stock_bot.live.runner:_news_tick:760 - news 241560 new=0/1 (모두 중복)
2026-08-22 08:00:02.685 | INFO     | stock_bot.news.crawler:fetch_naver_news:170 - fetched 1 news items for 123330
2026-08-22 08:00:02.691 | DEBUG    | stock_bot.live.runner:_news_tick:760 - news 123330 new=0/1 (모두 중복)
2026-08-22 09:00:00.347 | INFO     | stock_bot.news.crawler:fetch_naver_news:165 - news relevance filter: 2 → 1 (제외 1건) [034020]
2026-08-22 09:00:00.348 | INFO     | stock_bot.news.crawler:fetch_naver_news:170 - fetched 1 news items for 034020
2026-08-22 09:00:00.353 | DEBUG    | stock_bot.live.runner:_news_tick:760 - news 034020 new=0/1 (모두 중복)
2026-08-22 09:00:00.684 | INFO     | stock_bot.news.crawler:fetch_naver_news:165 - news relevance filter: 6 → 1 (제외 5건) [241560]
2026-08-22 09:00:00.685 | INFO     | stock_bot.news.crawler:fetch_naver_news:170 - fetched 1 news items for 241560
2026-08-22 09:00:00.690 | DEBUG    | stock_bot.live.runner:_news_tick:760 - news 241560 new=0/1 (모두 중복)
2026-08-22 09:00:00.892 | INFO     | stock_bot.news.crawler:fetch_naver_news:170 - fetched 1 news items for 123330
2026-08-22 09:00:00.898 | DEBUG    | stock_bot.live.runner:_news_tick:760 - news 123330 new=0/1 (모두 중복)
2026-08-22 10:00:00.372 | INFO     | stock_bot.news.crawler:fetch_naver_news:165 - news relevance filter: 2 → 1 (제외 1건) [034020]
2026-08-22 10:00:00.373 | INFO     | stock_bot.news.crawler:fetch_naver_news:170 - fetched 1 news items for 034020
2026-08-22 10:00:00.378 | DEBUG    | stock_bot.live.runner:_news_tick:760 - news 034020 new=0/1 (모두 중복)
2026-08-22 10:00:00.669 | INFO     | stock_bot.news.crawler:fetch_naver_news:165 - news relevance filter: 6 → 1 (제외 5건) [241560]
2026-08-22 10:00:00.669 | INFO     | stock_bot.news.crawler:fetch_naver_news:170 - fetched 1 news items for 241560
2026-08-22 10:00:00.674 | DEBUG    | stock_bot.live.runner:_news_tick:760 - news 241560 new=0/1 (모두 중복)
2026-08-22 10:00:00.864 | INFO     | stock_bot.news.crawler:fetch_naver_news:170 - fetched 1 news items for 123330
2026-08-22 10:00:00.869 | DEBUG    | stock_bot.live.runner:_news_tick:760 - news 123330 new=0/1 (모두 중복)
2026-08-22 11:00:00.401 | INFO     | stock_bot.news.crawler:fetch_naver_news:165 - news relevance filter: 2 → 1 (제외 1건) [034020]
2026-08-22 11:00:00.402 | INFO     | stock_bot.news.crawler:fetch_naver_news:170 - fetched 1 news items for 034020
2026-08-22 11:00:00.414 | DEBUG    | stock_bot.live.runner:_news_tick:760 - news 034020 new=0/1 (모두 중복)
2026-08-22 11:00:00.699 | INFO     | stock_bot.news.crawler:fetch_naver_news:165 - news relevance filter: 6 → 1 (제외 5건) [241560]
2026-08-22 11:00:00.700 | INFO     | stock_bot.news.crawler:fetch_naver_news:170 - fetched 1 news items for 241560
2026-08-22 11:00:00.705 | DEBUG    | stock_bot.live.runner:_news_tick:760 - news 241560 new=0/1 (모두 중복)
2026-08-22 11:00:00.913 | INFO     | stock_bot.news.crawler:fetch_naver_news:170 - fetched 1 news items for 123330
2026-08-22 11:00:00.918 | DEBUG    | stock_bot.live.runner:_news_tick:760 - news 123330 new=0/1 (모두 중복)
2026-08-22 12:00:00.351 | INFO     | stock_bot.news.crawler:fetch_naver_news:165 - news relevance filter: 2 → 1 (제외 1건) [034020]
2026-08-22 12:00:00.352 | INFO     | stock_bot.news.crawler:fetch_naver_news:170 - fetched 1 news items for 034020
2026-08-22 12:00:00.357 | DEBUG    | stock_bot.live.runner:_news_tick:760 - news 034020 new=0/1 (모두 중복)
2026-08-22 12:00:00.686 | INFO     | stock_bot.news.crawler:fetch_naver_news:165 - news relevance filter: 6 → 1 (제외 5건) [241560]
2026-08-22 12:00:00.687 | INFO     | stock_bot.news.crawler:fetch_naver_news:170 - fetched 1 news items for 241560
2026-08-22 12:00:00.692 | DEBUG    | stock_bot.live.runner:_news_tick:760 - news 241560 new=0/1 (모두 중복)
2026-08-22 12:00:00.894 | INFO     | stock_bot.news.crawler:fetch_naver_news:170 - fetched 1 news items for 123330
2026-08-22 12:00:00.900 | DEBUG    | stock_bot.live.runner:_news_tick:760 - news 123330 new=0/1 (모두 중복)
2026-08-22 13:00:00.351 | INFO     | stock_bot.news.crawler:fetch_naver_news:165 - news relevance filter: 2 → 1 (제외 1건) [034020]
2026-08-22 13:00:00.352 | INFO     | stock_bot.news.crawler:fetch_naver_news:170 - fetched 1 news items for 034020
2026-08-22 13:00:00.357 | DEBUG    | stock_bot.live.runner:_news_tick:760 - news 034020 new=0/1 (모두 중복)
2026-08-22 13:00:00.656 | INFO     | stock_bot.news.crawler:fetch_naver_news:165 - news relevance filter: 6 → 1 (제외 5건) [241560]
2026-08-22 13:00:00.657 | INFO     | stock_bot.news.crawler:fetch_naver_news:170 - fetched 1 news items for 241560
2026-08-22 13:00:00.662 | DEBUG    | stock_bot.live.runner:_news_tick:760 - news 241560 new=0/1 (모두 중복)
2026-08-22 13:00:00.854 | INFO     | stock_bot.news.crawler:fetch_naver_news:170 - fetched 1 news items for 123330
2026-08-22 13:00:00.859 | DEBUG    | stock_bot.live.runner:_news_tick:760 - news 123330 new=0/1 (모두 중복)
2026-08-22 14:00:00.385 | INFO     | stock_bot.news.crawler:fetch_naver_news:165 - news relevance filter: 2 → 1 (제외 1건) [034020]
2026-08-22 14:00:00.386 | INFO     | stock_bot.news.crawler:fetch_naver_news:170 - fetched 1 news items for 034020
2026-08-22 14:00:00.391 | DEBUG    | stock_bot.live.runner:_news_tick:760 - news 034020 new=0/1 (모두 중복)
2026-08-22 14:00:00.710 | INFO     | stock_bot.news.crawler:fetch_naver_news:165 - news relevance filter: 6 → 1 (제외 5건) [241560]
2026-08-22 14:00:00.710 | INFO     | stock_bot.news.crawler:fetch_naver_news:170 - fetched 1 news items for 241560
2026-08-22 14:00:00.715 | DEBUG    | stock_bot.live.runner:_news_tick:760 - news 241560 new=0/1 (모두 중복)
2026-08-22 14:00:00.916 | INFO     | stock_bot.news.crawler:fetch_naver_news:170 - fetched 1 news items for 123330
2026-08-22 14:00:00.921 | DEBUG    | stock_bot.live.runner:_news_tick:760 - news 123330 new=0/1 (모두 중복)
2026-08-22 15:00:00.341 | INFO     | stock_bot.news.crawler:fetch_naver_news:165 - news relevance filter: 3 → 1 (제외 2건) [034020]
2026-08-22 15:00:00.342 | INFO     | stock_bot.news.crawler:fetch_naver_news:170 - fetched 1 news items for 034020
2026-08-22 15:00:00.347 | DEBUG    | stock_bot.live.runner:_news_tick:760 - news 034020 new=0/1 (모두 중복)
2026-08-22 15:00:00.683 | INFO     | stock_bot.news.crawler:fetch_naver_news:165 - news relevance filter: 6 → 1 (제외 5건) [241560]
2026-08-22 15:00:00.684 | INFO     | stock_bot.news.crawler:fetch_naver_news:170 - fetched 1 news items for 241560
2026-08-22 15:00:00.689 | DEBUG    | stock_bot.live.runner:_news_tick:760 - news 241560 new=0/1 (모두 중복)
2026-08-22 15:00:00.882 | INFO     | stock_bot.news.crawler:fetch_naver_news:170 - fetched 1 news items for 123330
2026-08-22 15:00:00.892 | DEBUG    | stock_bot.live.runner:_news_tick:760 - news 123330 new=0/1 (모두 중복)
2026-08-22 16:00:00.354 | INFO     | stock_bot.news.crawler:fetch_naver_news:165 - news relevance filter: 3 → 1 (제외 2건) [034020]
2026-08-22 16:00:00.355 | INFO     | stock_bot.news.crawler:fetch_naver_news:170 - fetched 1 news items for 034020
2026-08-22 16:00:00.360 | DEBUG    | stock_bot.live.runner:_news_tick:760 - news 034020 new=0/1 (모두 중복)
2026-08-22 16:00:00.638 | INFO     | stock_bot.news.crawler:fetch_naver_news:165 - news relevance filter: 7 → 1 (제외 6건) [241560]
2026-08-22 16:00:00.639 | INFO     | stock_bot.news.crawler:fetch_naver_news:170 - fetched 1 news items for 241560
2026-08-22 16:00:00.644 | DEBUG    | stock_bot.live.runner:_news_tick:760 - news 241560 new=0/1 (모두 중복)
2026-08-22 16:00:00.846 | INFO     | stock_bot.news.crawler:fetch_naver_news:170 - fetched 1 news items for 123330
2026-08-22 16:00:00.851 | DEBUG    | stock_bot.live.runner:_news_tick:760 - news 123330 new=0/1 (모두 중복)
2026-08-22 17:00:00.404 | INFO     | stock_bot.news.crawler:fetch_naver_news:165 - news relevance filter: 3 → 1 (제외 2건) [034020]
2026-08-22 17:00:00.405 | INFO     | stock_bot.news.crawler:fetch_naver_news:170 - fetched 1 news items for 034020
2026-08-22 17:00:00.410 | DEBUG    | stock_bot.live.runner:_news_tick:760 - news 034020 new=0/1 (모두 중복)
2026-08-22 17:00:00.694 | INFO     | stock_bot.news.crawler:fetch_naver_news:165 - news relevance filter: 7 → 1 (제외 6건) [241560]
2026-08-22 17:00:00.695 | INFO     | stock_bot.news.crawler:fetch_naver_news:170 - fetched 1 news items for 241560
2026-08-22 17:00:00.700 | DEBUG    | stock_bot.live.runner:_news_tick:760 - news 241560 new=0/1 (모두 중복)
2026-08-22 17:00:00.897 | INFO     | stock_bot.news.crawler:fetch_naver_news:170 - fetched 1 news items for 123330
2026-08-22 17:00:00.902 | DEBUG    | stock_bot.live.runner:_news_tick:760 - news 123330 new=0/1 (모두 중복)
2026-08-22 18:00:00.359 | INFO     | stock_bot.news.crawler:fetch_naver_news:165 - news relevance filter: 4 → 2 (제외 2건) [034020]
2026-08-22 18:00:00.360 | INFO     | stock_bot.news.crawler:fetch_naver_news:170 - fetched 2 news items for 034020
2026-08-22 18:00:14.342 | INFO     | stock_bot.live.runner:_news_tick:799 - news 034020 new=1/2 critical=0 llm_batch=1
2026-08-22 18:00:14.698 | INFO     | stock_bot.news.crawler:fetch_naver_news:165 - news relevance filter: 7 → 1 (제외 6건) [241560]
2026-08-22 18:00:14.699 | INFO     | stock_bot.news.crawler:fetch_naver_news:170 - fetched 1 news items for 241560
2026-08-22 18:00:14.704 | DEBUG    | stock_bot.live.runner:_news_tick:760 - news 241560 new=0/1 (모두 중복)
2026-08-22 18:00:14.950 | INFO     | stock_bot.news.crawler:fetch_naver_news:170 - fetched 1 news items for 123330
2026-08-22 18:00:14.955 | DEBUG    | stock_bot.live.runner:_news_tick:760 - news 123330 new=0/1 (모두 중복)
2026-08-22 19:00:00.338 | INFO     | stock_bot.news.crawler:fetch_naver_news:170 - fetched 1 news items for 034020
2026-08-22 19:00:00.343 | DEBUG    | stock_bot.live.runner:_news_tick:760 - news 034020 new=0/1 (모두 중복)
2026-08-22 19:00:00.616 | INFO     | stock_bot.news.crawler:fetch_naver_news:165 - news relevance filter: 7 → 1 (제외 6건) [241560]
2026-08-22 19:00:00.617 | INFO     | stock_bot.news.crawler:fetch_naver_news:170 - fetched 1 news items for 241560
2026-08-22 19:00:00.622 | DEBUG    | stock_bot.live.runner:_news_tick:760 - news 241560 new=0/1 (모두 중복)
2026-08-22 19:00:00.831 | INFO     | stock_bot.news.crawler:fetch_naver_news:170 - fetched 1 news items for 123330
2026-08-22 19:00:00.837 | DEBUG    | stock_bot.live.runner:_news_tick:760 - news 123330 new=0/1 (모두 중복)
2026-08-22 20:00:00.386 | INFO     | stock_bot.news.crawler:fetch_naver_news:170 - fetched 0 news items for 034020
2026-08-22 20:00:00.388 | DEBUG    | stock_bot.live.runner:_news_tick:760 - news 034020 new=0/0 (모두 중복)
2026-08-22 20:00:00.685 | INFO     | stock_bot.news.crawler:fetch_naver_news:165 - news relevance filter: 7 → 1 (제외 6건) [241560]
2026-08-22 20:00:00.686 | INFO     | stock_bot.news.crawler:fetch_naver_news:170 - fetched 1 news items for 241560
2026-08-22 20:00:00.691 | DEBUG    | stock_bot.live.runner:_news_tick:760 - news 241560 new=0/1 (모두 중복)
2026-08-22 20:00:00.893 | INFO     | stock_bot.news.crawler:fetch_naver_news:170 - fetched 1 news items for 123330
2026-08-22 20:00:00.898 | DEBUG    | stock_bot.live.runner:_news_tick:760 - news 123330 new=0/1 (모두 중복)
2026-08-22 21:00:00.303 | INFO     | stock_bot.news.crawler:fetch_naver_news:170 - fetched 0 news items for 034020
2026-08-22 21:00:00.305 | DEBUG    | stock_bot.live.runner:_news_tick:760 - news 034020 new=0/0 (모두 중복)
2026-08-22 21:00:00.595 | INFO     | stock_bot.news.crawler:fetch_naver_news:165 - news relevance filter: 7 → 1 (제외 6건) [241560]
2026-08-22 21:00:00.596 | INFO     | stock_bot.news.crawler:fetch_naver_news:170 - fetched 1 news items for 241560
2026-08-22 21:00:00.601 | DEBUG    | stock_bot.live.runner:_news_tick:760 - news 241560 new=0/1 (모두 중복)
2026-08-22 21:00:00.854 | INFO     | stock_bot.news.crawler:fetch_naver_news:170 - fetched 1 news items for 123330
2026-08-22 21:00:00.859 | DEBUG    | stock_bot.live.runner:_news_tick:760 - news 123330 new=0/1 (모두 중복)
2026-08-22 22:00:00.355 | INFO     | stock_bot.news.crawler:fetch_naver_news:170 - fetched 0 news items for 034020
2026-08-22 22:00:00.357 | DEBUG    | stock_bot.live.runner:_news_tick:760 - news 034020 new=0/0 (모두 중복)
2026-08-22 22:00:00.657 | INFO     | stock_bot.news.crawler:fetch_naver_news:165 - news relevance filter: 7 → 1 (제외 6건) [241560]
2026-08-22 22:00:00.657 | INFO     | stock_bot.news.crawler:fetch_naver_news:170 - fetched 1 news items for 241560
2026-08-22 22:00:00.662 | DEBUG    | stock_bot.live.runner:_news_tick:760 - news 241560 new=0/1 (모두 중복)
2026-08-22 22:00:00.871 | INFO     | stock_bot.news.crawler:fetch_naver_news:170 - fetched 1 news items for 123330
2026-08-22 22:00:00.876 | DEBUG    | stock_bot.live.runner:_news_tick:760 - news 123330 new=0/1 (모두 중복)
2026-08-22 23:00:00.359 | INFO     | stock_bot.news.crawler:fetch_naver_news:170 - fetched 0 news items for 034020
2026-08-22 23:00:00.361 | DEBUG    | stock_bot.live.runner:_news_tick:760 - news 034020 new=0/0 (모두 중복)
2026-08-22 23:00:00.693 | INFO     | stock_bot.news.crawler:fetch_naver_news:165 - news relevance filter: 7 → 1 (제외 6건) [241560]
2026-08-22 23:00:00.694 | INFO     | stock_bot.news.crawler:fetch_naver_news:170 - fetched 1 news items for 241560
2026-08-22 23:00:00.699 | DEBUG    | stock_bot.live.runner:_news_tick:760 - news 241560 new=0/1 (모두 중복)
2026-08-22 23:00:00.903 | INFO     | stock_bot.news.crawler:fetch_naver_news:170 - fetched 1 news items for 123330
2026-08-22 23:00:00.908 | DEBUG    | stock_bot.live.runner:_news_tick:760 - news 123330 new=0/1 (모두 중복)
