2026-07-04 00:00:00.940 | INFO     | stock_bot.news.crawler:fetch_naver_news:165 - news relevance filter: 19 → 1 (제외 18건) [095610]
2026-07-04 00:00:00.941 | INFO     | stock_bot.news.crawler:fetch_naver_news:170 - fetched 1 news items for 095610
2026-07-04 00:00:00.946 | DEBUG    | stock_bot.live.runner:_news_tick:602 - news 095610 new=0/1 (모두 중복)
2026-07-04 00:05:00.584 | DEBUG    | stock_bot.live.backup:_export_logs:182 - backup: bot 로그 2026-07-03 추출 101KB
2026-07-04 00:05:06.644 | DEBUG    | stock_bot.live.backup:_export_logs:182 - backup: web 로그 2026-07-03 추출 10074KB
2026-07-04 00:05:06.667 | DEBUG    | stock_bot.live.backup:_export_logs:182 - backup: leader 로그 2026-07-03 추출 13KB
2026-07-04 00:05:11.208 | DEBUG    | stock_bot.live.backup:_git_push:265 - backup: origin 정렬됨(behind=0) → reset 생략, 바로 push
2026-07-04 00:05:18.669 | INFO     | stock_bot.live.backup:run_backup:344 - backup 완료: trades=61 reviews=51 news=0 log=10189KB → git push
2026-07-04 01:00:00.895 | INFO     | stock_bot.news.crawler:fetch_naver_news:165 - news relevance filter: 19 → 1 (제외 18건) [095610]
2026-07-04 01:00:00.896 | INFO     | stock_bot.news.crawler:fetch_naver_news:170 - fetched 1 news items for 095610
2026-07-04 01:00:00.901 | DEBUG    | stock_bot.live.runner:_news_tick:602 - news 095610 new=0/1 (모두 중복)
2026-07-04 02:00:00.867 | INFO     | stock_bot.news.crawler:fetch_naver_news:165 - news relevance filter: 19 → 1 (제외 18건) [095610]
2026-07-04 02:00:00.870 | INFO     | stock_bot.news.crawler:fetch_naver_news:170 - fetched 1 news items for 095610
2026-07-04 02:00:00.876 | DEBUG    | stock_bot.live.runner:_news_tick:602 - news 095610 new=0/1 (모두 중복)
2026-07-04 03:00:00.863 | INFO     | stock_bot.news.crawler:fetch_naver_news:165 - news relevance filter: 19 → 1 (제외 18건) [095610]
2026-07-04 03:00:00.863 | INFO     | stock_bot.news.crawler:fetch_naver_news:170 - fetched 1 news items for 095610
2026-07-04 03:00:00.869 | DEBUG    | stock_bot.live.runner:_news_tick:602 - news 095610 new=0/1 (모두 중복)
2026-07-04 04:00:00.914 | INFO     | stock_bot.news.crawler:fetch_naver_news:165 - news relevance filter: 19 → 1 (제외 18건) [095610]
2026-07-04 04:00:00.915 | INFO     | stock_bot.news.crawler:fetch_naver_news:170 - fetched 1 news items for 095610
2026-07-04 04:00:00.920 | DEBUG    | stock_bot.live.runner:_news_tick:602 - news 095610 new=0/1 (모두 중복)
2026-07-04 05:00:00.873 | INFO     | stock_bot.news.crawler:fetch_naver_news:165 - news relevance filter: 19 → 1 (제외 18건) [095610]
2026-07-04 05:00:00.874 | INFO     | stock_bot.news.crawler:fetch_naver_news:170 - fetched 1 news items for 095610
2026-07-04 05:00:00.879 | DEBUG    | stock_bot.live.runner:_news_tick:602 - news 095610 new=0/1 (모두 중복)
2026-07-04 06:00:00.880 | INFO     | stock_bot.news.crawler:fetch_naver_news:165 - news relevance filter: 19 → 1 (제외 18건) [095610]
2026-07-04 06:00:00.881 | INFO     | stock_bot.news.crawler:fetch_naver_news:170 - fetched 1 news items for 095610
2026-07-04 06:00:00.886 | DEBUG    | stock_bot.live.runner:_news_tick:602 - news 095610 new=0/1 (모두 중복)
2026-07-04 07:00:00.857 | INFO     | stock_bot.news.crawler:fetch_naver_news:165 - news relevance filter: 19 → 1 (제외 18건) [095610]
2026-07-04 07:00:00.859 | INFO     | stock_bot.news.crawler:fetch_naver_news:170 - fetched 1 news items for 095610
2026-07-04 07:00:00.864 | DEBUG    | stock_bot.live.runner:_news_tick:602 - news 095610 new=0/1 (모두 중복)
2026-07-04 08:00:00.907 | INFO     | stock_bot.news.crawler:fetch_naver_news:165 - news relevance filter: 19 → 1 (제외 18건) [095610]
2026-07-04 08:00:00.908 | INFO     | stock_bot.news.crawler:fetch_naver_news:170 - fetched 1 news items for 095610
2026-07-04 08:00:00.913 | DEBUG    | stock_bot.live.runner:_news_tick:602 - news 095610 new=0/1 (모두 중복)
2026-07-04 09:00:00.857 | INFO     | stock_bot.news.crawler:fetch_naver_news:165 - news relevance filter: 19 → 1 (제외 18건) [095610]
2026-07-04 09:00:00.858 | INFO     | stock_bot.news.crawler:fetch_naver_news:170 - fetched 1 news items for 095610
2026-07-04 09:00:00.863 | DEBUG    | stock_bot.live.runner:_news_tick:602 - news 095610 new=0/1 (모두 중복)
2026-07-04 10:00:00.879 | INFO     | stock_bot.news.crawler:fetch_naver_news:165 - news relevance filter: 19 → 1 (제외 18건) [095610]
2026-07-04 10:00:00.880 | INFO     | stock_bot.news.crawler:fetch_naver_news:170 - fetched 1 news items for 095610
2026-07-04 10:00:00.885 | DEBUG    | stock_bot.live.runner:_news_tick:602 - news 095610 new=0/1 (모두 중복)
2026-07-04 11:00:00.889 | INFO     | stock_bot.news.crawler:fetch_naver_news:165 - news relevance filter: 19 → 1 (제외 18건) [095610]
2026-07-04 11:00:00.890 | INFO     | stock_bot.news.crawler:fetch_naver_news:170 - fetched 1 news items for 095610
2026-07-04 11:00:00.895 | DEBUG    | stock_bot.live.runner:_news_tick:602 - news 095610 new=0/1 (모두 중복)
2026-07-04 12:00:00.906 | INFO     | stock_bot.news.crawler:fetch_naver_news:165 - news relevance filter: 19 → 1 (제외 18건) [095610]
2026-07-04 12:00:00.906 | INFO     | stock_bot.news.crawler:fetch_naver_news:170 - fetched 1 news items for 095610
2026-07-04 12:00:00.911 | DEBUG    | stock_bot.live.runner:_news_tick:602 - news 095610 new=0/1 (모두 중복)
2026-07-04 13:00:00.890 | INFO     | stock_bot.news.crawler:fetch_naver_news:165 - news relevance filter: 19 → 1 (제외 18건) [095610]
2026-07-04 13:00:00.891 | INFO     | stock_bot.news.crawler:fetch_naver_news:170 - fetched 1 news items for 095610
2026-07-04 13:00:00.896 | DEBUG    | stock_bot.live.runner:_news_tick:602 - news 095610 new=0/1 (모두 중복)
2026-07-04 13:23:58.313 | INFO     | stock_bot.live.runner:_reload_env_if_changed:416 - .env 변경 감지, 핫리로드[스톡봇]: api_budget_usd: 4.16 → 5.0; api_budget_reset_at: 0.0 → 1783139037.0
2026-07-04 14:00:00.870 | INFO     | stock_bot.news.crawler:fetch_naver_news:165 - news relevance filter: 19 → 1 (제외 18건) [095610]
2026-07-04 14:00:00.871 | INFO     | stock_bot.news.crawler:fetch_naver_news:170 - fetched 1 news items for 095610
2026-07-04 14:00:00.876 | DEBUG    | stock_bot.live.runner:_news_tick:602 - news 095610 new=0/1 (모두 중복)
2026-07-04 15:00:00.860 | INFO     | stock_bot.news.crawler:fetch_naver_news:165 - news relevance filter: 19 → 1 (제외 18건) [095610]
2026-07-04 15:00:00.861 | INFO     | stock_bot.news.crawler:fetch_naver_news:170 - fetched 1 news items for 095610
2026-07-04 15:00:00.867 | DEBUG    | stock_bot.live.runner:_news_tick:602 - news 095610 new=0/1 (모두 중복)
2026-07-04 16:00:00.931 | INFO     | stock_bot.news.crawler:fetch_naver_news:165 - news relevance filter: 19 → 1 (제외 18건) [095610]
2026-07-04 16:00:00.932 | INFO     | stock_bot.news.crawler:fetch_naver_news:170 - fetched 1 news items for 095610
2026-07-04 16:00:00.937 | DEBUG    | stock_bot.live.runner:_news_tick:602 - news 095610 new=0/1 (모두 중복)
2026-07-04 17:00:00.896 | INFO     | stock_bot.news.crawler:fetch_naver_news:165 - news relevance filter: 19 → 1 (제외 18건) [095610]
2026-07-04 17:00:00.897 | INFO     | stock_bot.news.crawler:fetch_naver_news:170 - fetched 1 news items for 095610
2026-07-04 17:00:00.902 | DEBUG    | stock_bot.live.runner:_news_tick:602 - news 095610 new=0/1 (모두 중복)
2026-07-04 18:00:00.872 | INFO     | stock_bot.news.crawler:fetch_naver_news:165 - news relevance filter: 19 → 1 (제외 18건) [095610]
2026-07-04 18:00:00.873 | INFO     | stock_bot.news.crawler:fetch_naver_news:170 - fetched 1 news items for 095610
2026-07-04 18:00:00.878 | DEBUG    | stock_bot.live.runner:_news_tick:602 - news 095610 new=0/1 (모두 중복)
2026-07-04 19:00:00.859 | INFO     | stock_bot.news.crawler:fetch_naver_news:165 - news relevance filter: 19 → 1 (제외 18건) [095610]
2026-07-04 19:00:00.860 | INFO     | stock_bot.news.crawler:fetch_naver_news:170 - fetched 1 news items for 095610
2026-07-04 19:00:00.865 | DEBUG    | stock_bot.live.runner:_news_tick:602 - news 095610 new=0/1 (모두 중복)
2026-07-04 20:00:00.926 | INFO     | stock_bot.news.crawler:fetch_naver_news:165 - news relevance filter: 19 → 1 (제외 18건) [095610]
2026-07-04 20:00:00.927 | INFO     | stock_bot.news.crawler:fetch_naver_news:170 - fetched 1 news items for 095610
2026-07-04 20:00:00.932 | DEBUG    | stock_bot.live.runner:_news_tick:602 - news 095610 new=0/1 (모두 중복)
2026-07-04 21:00:00.876 | INFO     | stock_bot.news.crawler:fetch_naver_news:165 - news relevance filter: 19 → 1 (제외 18건) [095610]
2026-07-04 21:00:00.877 | INFO     | stock_bot.news.crawler:fetch_naver_news:170 - fetched 1 news items for 095610
2026-07-04 21:00:00.882 | DEBUG    | stock_bot.live.runner:_news_tick:602 - news 095610 new=0/1 (모두 중복)
2026-07-04 22:00:00.871 | INFO     | stock_bot.news.crawler:fetch_naver_news:165 - news relevance filter: 19 → 1 (제외 18건) [095610]
2026-07-04 22:00:00.872 | INFO     | stock_bot.news.crawler:fetch_naver_news:170 - fetched 1 news items for 095610
2026-07-04 22:00:00.878 | DEBUG    | stock_bot.live.runner:_news_tick:602 - news 095610 new=0/1 (모두 중복)
2026-07-04 23:00:01.076 | INFO     | stock_bot.news.crawler:fetch_naver_news:165 - news relevance filter: 19 → 1 (제외 18건) [095610]
2026-07-04 23:00:01.078 | INFO     | stock_bot.news.crawler:fetch_naver_news:170 - fetched 1 news items for 095610
2026-07-04 23:00:01.083 | DEBUG    | stock_bot.live.runner:_news_tick:602 - news 095610 new=0/1 (모두 중복)
