2026-07-19 00:00:00.005 | DEBUG    | stock_bot.live.runner:_send_cost_report:445 - claude_code 백엔드 — API 비용 리포트 생략
2026-07-19 00:00:00.918 | INFO     | stock_bot.news.crawler:fetch_naver_news:165 - news relevance filter: 20 → 0 (제외 20건) [006360]
2026-07-19 00:00:00.919 | INFO     | stock_bot.news.crawler:fetch_naver_news:170 - fetched 0 news items for 006360
2026-07-19 00:00:00.920 | DEBUG    | stock_bot.live.runner:_news_tick:624 - news 006360 new=0/0 (모두 중복)
2026-07-19 00:00:05.221 | INFO     | stock_bot.news.crawler:fetch_naver_news:165 - news relevance filter: 3 → 1 (제외 2건) [013580]
2026-07-19 00:00:05.222 | INFO     | stock_bot.news.crawler:fetch_naver_news:170 - fetched 1 news items for 013580
2026-07-19 00:00:05.227 | DEBUG    | stock_bot.live.runner:_news_tick:624 - news 013580 new=0/1 (모두 중복)
2026-07-19 00:05:00.498 | DEBUG    | stock_bot.live.backup:_export_logs:182 - backup: bot 로그 2026-07-18 추출 17KB
2026-07-19 00:05:05.954 | DEBUG    | stock_bot.live.backup:_export_logs:182 - backup: web 로그 2026-07-18 추출 330KB
2026-07-19 00:05:07.769 | DEBUG    | stock_bot.live.backup:_git_push:265 - backup: origin 정렬됨(behind=0) → reset 생략, 바로 push
2026-07-19 00:05:09.983 | INFO     | stock_bot.live.backup:run_backup:344 - backup 완료: trades=61 reviews=60 news=0 log=348KB → git push
2026-07-19 01:00:00.914 | INFO     | stock_bot.news.crawler:fetch_naver_news:165 - news relevance filter: 20 → 0 (제외 20건) [006360]
2026-07-19 01:00:00.915 | INFO     | stock_bot.news.crawler:fetch_naver_news:170 - fetched 0 news items for 006360
2026-07-19 01:00:00.917 | DEBUG    | stock_bot.live.runner:_news_tick:624 - news 006360 new=0/0 (모두 중복)
2026-07-19 01:00:01.169 | INFO     | stock_bot.news.crawler:fetch_naver_news:165 - news relevance filter: 3 → 1 (제외 2건) [013580]
2026-07-19 01:00:01.170 | INFO     | stock_bot.news.crawler:fetch_naver_news:170 - fetched 1 news items for 013580
2026-07-19 01:00:01.175 | DEBUG    | stock_bot.live.runner:_news_tick:624 - news 013580 new=0/1 (모두 중복)
2026-07-19 02:00:00.903 | INFO     | stock_bot.news.crawler:fetch_naver_news:165 - news relevance filter: 20 → 0 (제외 20건) [006360]
2026-07-19 02:00:00.904 | INFO     | stock_bot.news.crawler:fetch_naver_news:170 - fetched 0 news items for 006360
2026-07-19 02:00:00.905 | DEBUG    | stock_bot.live.runner:_news_tick:624 - news 006360 new=0/0 (모두 중복)
2026-07-19 02:00:01.216 | INFO     | stock_bot.news.crawler:fetch_naver_news:165 - news relevance filter: 3 → 1 (제외 2건) [013580]
2026-07-19 02:00:01.216 | INFO     | stock_bot.news.crawler:fetch_naver_news:170 - fetched 1 news items for 013580
2026-07-19 02:00:01.222 | DEBUG    | stock_bot.live.runner:_news_tick:624 - news 013580 new=0/1 (모두 중복)
2026-07-19 03:00:00.898 | INFO     | stock_bot.news.crawler:fetch_naver_news:165 - news relevance filter: 20 → 0 (제외 20건) [006360]
2026-07-19 03:00:00.899 | INFO     | stock_bot.news.crawler:fetch_naver_news:170 - fetched 0 news items for 006360
2026-07-19 03:00:00.901 | DEBUG    | stock_bot.live.runner:_news_tick:624 - news 006360 new=0/0 (모두 중복)
2026-07-19 03:00:01.146 | INFO     | stock_bot.news.crawler:fetch_naver_news:165 - news relevance filter: 3 → 1 (제외 2건) [013580]
2026-07-19 03:00:01.147 | INFO     | stock_bot.news.crawler:fetch_naver_news:170 - fetched 1 news items for 013580
2026-07-19 03:00:01.153 | DEBUG    | stock_bot.live.runner:_news_tick:624 - news 013580 new=0/1 (모두 중복)
2026-07-19 04:00:00.912 | INFO     | stock_bot.news.crawler:fetch_naver_news:165 - news relevance filter: 20 → 0 (제외 20건) [006360]
2026-07-19 04:00:00.913 | INFO     | stock_bot.news.crawler:fetch_naver_news:170 - fetched 0 news items for 006360
2026-07-19 04:00:00.914 | DEBUG    | stock_bot.live.runner:_news_tick:624 - news 006360 new=0/0 (모두 중복)
2026-07-19 04:00:01.231 | INFO     | stock_bot.news.crawler:fetch_naver_news:165 - news relevance filter: 3 → 1 (제외 2건) [013580]
2026-07-19 04:00:01.232 | INFO     | stock_bot.news.crawler:fetch_naver_news:170 - fetched 1 news items for 013580
2026-07-19 04:00:01.237 | DEBUG    | stock_bot.live.runner:_news_tick:624 - news 013580 new=0/1 (모두 중복)
2026-07-19 05:00:00.906 | INFO     | stock_bot.news.crawler:fetch_naver_news:165 - news relevance filter: 20 → 0 (제외 20건) [006360]
2026-07-19 05:00:00.907 | INFO     | stock_bot.news.crawler:fetch_naver_news:170 - fetched 0 news items for 006360
2026-07-19 05:00:00.909 | DEBUG    | stock_bot.live.runner:_news_tick:624 - news 006360 new=0/0 (모두 중복)
2026-07-19 05:00:01.156 | INFO     | stock_bot.news.crawler:fetch_naver_news:165 - news relevance filter: 3 → 1 (제외 2건) [013580]
2026-07-19 05:00:01.156 | INFO     | stock_bot.news.crawler:fetch_naver_news:170 - fetched 1 news items for 013580
2026-07-19 05:00:01.162 | DEBUG    | stock_bot.live.runner:_news_tick:624 - news 013580 new=0/1 (모두 중복)
2026-07-19 06:00:00.872 | INFO     | stock_bot.news.crawler:fetch_naver_news:165 - news relevance filter: 20 → 0 (제외 20건) [006360]
2026-07-19 06:00:00.873 | INFO     | stock_bot.news.crawler:fetch_naver_news:170 - fetched 0 news items for 006360
2026-07-19 06:00:00.875 | DEBUG    | stock_bot.live.runner:_news_tick:624 - news 006360 new=0/0 (모두 중복)
2026-07-19 06:00:01.170 | INFO     | stock_bot.news.crawler:fetch_naver_news:165 - news relevance filter: 3 → 1 (제외 2건) [013580]
2026-07-19 06:00:01.170 | INFO     | stock_bot.news.crawler:fetch_naver_news:170 - fetched 1 news items for 013580
2026-07-19 06:00:01.175 | DEBUG    | stock_bot.live.runner:_news_tick:624 - news 013580 new=0/1 (모두 중복)
2026-07-19 07:00:00.887 | INFO     | stock_bot.news.crawler:fetch_naver_news:165 - news relevance filter: 20 → 0 (제외 20건) [006360]
2026-07-19 07:00:00.888 | INFO     | stock_bot.news.crawler:fetch_naver_news:170 - fetched 0 news items for 006360
2026-07-19 07:00:00.890 | DEBUG    | stock_bot.live.runner:_news_tick:624 - news 006360 new=0/0 (모두 중복)
2026-07-19 07:00:01.138 | INFO     | stock_bot.news.crawler:fetch_naver_news:165 - news relevance filter: 3 → 1 (제외 2건) [013580]
2026-07-19 07:00:01.138 | INFO     | stock_bot.news.crawler:fetch_naver_news:170 - fetched 1 news items for 013580
2026-07-19 07:00:01.144 | DEBUG    | stock_bot.live.runner:_news_tick:624 - news 013580 new=0/1 (모두 중복)
2026-07-19 08:00:00.882 | INFO     | stock_bot.news.crawler:fetch_naver_news:165 - news relevance filter: 20 → 0 (제외 20건) [006360]
2026-07-19 08:00:00.883 | INFO     | stock_bot.news.crawler:fetch_naver_news:170 - fetched 0 news items for 006360
2026-07-19 08:00:00.884 | DEBUG    | stock_bot.live.runner:_news_tick:624 - news 006360 new=0/0 (모두 중복)
2026-07-19 08:00:01.181 | INFO     | stock_bot.news.crawler:fetch_naver_news:165 - news relevance filter: 3 → 1 (제외 2건) [013580]
2026-07-19 08:00:01.181 | INFO     | stock_bot.news.crawler:fetch_naver_news:170 - fetched 1 news items for 013580
2026-07-19 08:00:01.186 | DEBUG    | stock_bot.live.runner:_news_tick:624 - news 013580 new=0/1 (모두 중복)
2026-07-19 09:00:00.905 | INFO     | stock_bot.news.crawler:fetch_naver_news:165 - news relevance filter: 22 → 0 (제외 22건) [006360]
2026-07-19 09:00:00.906 | INFO     | stock_bot.news.crawler:fetch_naver_news:170 - fetched 0 news items for 006360
2026-07-19 09:00:00.908 | DEBUG    | stock_bot.live.runner:_news_tick:624 - news 006360 new=0/0 (모두 중복)
2026-07-19 09:00:01.157 | INFO     | stock_bot.news.crawler:fetch_naver_news:165 - news relevance filter: 3 → 1 (제외 2건) [013580]
2026-07-19 09:00:01.158 | INFO     | stock_bot.news.crawler:fetch_naver_news:170 - fetched 1 news items for 013580
2026-07-19 09:00:01.163 | DEBUG    | stock_bot.live.runner:_news_tick:624 - news 013580 new=0/1 (모두 중복)
2026-07-19 10:00:00.882 | INFO     | stock_bot.news.crawler:fetch_naver_news:165 - news relevance filter: 22 → 0 (제외 22건) [006360]
2026-07-19 10:00:00.883 | INFO     | stock_bot.news.crawler:fetch_naver_news:170 - fetched 0 news items for 006360
2026-07-19 10:00:00.885 | DEBUG    | stock_bot.live.runner:_news_tick:624 - news 006360 new=0/0 (모두 중복)
2026-07-19 10:00:01.172 | INFO     | stock_bot.news.crawler:fetch_naver_news:165 - news relevance filter: 3 → 1 (제외 2건) [013580]
2026-07-19 10:00:01.172 | INFO     | stock_bot.news.crawler:fetch_naver_news:170 - fetched 1 news items for 013580
2026-07-19 10:00:01.177 | DEBUG    | stock_bot.live.runner:_news_tick:624 - news 013580 new=0/1 (모두 중복)
2026-07-19 11:00:00.902 | INFO     | stock_bot.news.crawler:fetch_naver_news:165 - news relevance filter: 25 → 0 (제외 25건) [006360]
2026-07-19 11:00:00.903 | INFO     | stock_bot.news.crawler:fetch_naver_news:170 - fetched 0 news items for 006360
2026-07-19 11:00:00.905 | DEBUG    | stock_bot.live.runner:_news_tick:624 - news 006360 new=0/0 (모두 중복)
2026-07-19 11:00:01.156 | INFO     | stock_bot.news.crawler:fetch_naver_news:165 - news relevance filter: 3 → 1 (제외 2건) [013580]
2026-07-19 11:00:01.157 | INFO     | stock_bot.news.crawler:fetch_naver_news:170 - fetched 1 news items for 013580
2026-07-19 11:00:01.162 | DEBUG    | stock_bot.live.runner:_news_tick:624 - news 013580 new=0/1 (모두 중복)
2026-07-19 12:00:00.891 | INFO     | stock_bot.news.crawler:fetch_naver_news:165 - news relevance filter: 25 → 0 (제외 25건) [006360]
2026-07-19 12:00:00.892 | INFO     | stock_bot.news.crawler:fetch_naver_news:170 - fetched 0 news items for 006360
2026-07-19 12:00:00.893 | DEBUG    | stock_bot.live.runner:_news_tick:624 - news 006360 new=0/0 (모두 중복)
2026-07-19 12:00:01.192 | INFO     | stock_bot.news.crawler:fetch_naver_news:165 - news relevance filter: 3 → 1 (제외 2건) [013580]
2026-07-19 12:00:01.193 | INFO     | stock_bot.news.crawler:fetch_naver_news:170 - fetched 1 news items for 013580
2026-07-19 12:00:01.198 | DEBUG    | stock_bot.live.runner:_news_tick:624 - news 013580 new=0/1 (모두 중복)
2026-07-19 13:00:00.910 | INFO     | stock_bot.news.crawler:fetch_naver_news:165 - news relevance filter: 25 → 0 (제외 25건) [006360]
2026-07-19 13:00:00.911 | INFO     | stock_bot.news.crawler:fetch_naver_news:170 - fetched 0 news items for 006360
2026-07-19 13:00:00.913 | DEBUG    | stock_bot.live.runner:_news_tick:624 - news 006360 new=0/0 (모두 중복)
2026-07-19 13:00:01.162 | INFO     | stock_bot.news.crawler:fetch_naver_news:165 - news relevance filter: 3 → 1 (제외 2건) [013580]
2026-07-19 13:00:01.163 | INFO     | stock_bot.news.crawler:fetch_naver_news:170 - fetched 1 news items for 013580
2026-07-19 13:00:01.168 | DEBUG    | stock_bot.live.runner:_news_tick:624 - news 013580 new=0/1 (모두 중복)
2026-07-19 14:00:00.906 | INFO     | stock_bot.news.crawler:fetch_naver_news:165 - news relevance filter: 26 → 0 (제외 26건) [006360]
2026-07-19 14:00:00.907 | INFO     | stock_bot.news.crawler:fetch_naver_news:170 - fetched 0 news items for 006360
2026-07-19 14:00:00.909 | DEBUG    | stock_bot.live.runner:_news_tick:624 - news 006360 new=0/0 (모두 중복)
2026-07-19 14:00:01.199 | INFO     | stock_bot.news.crawler:fetch_naver_news:165 - news relevance filter: 3 → 1 (제외 2건) [013580]
2026-07-19 14:00:01.200 | INFO     | stock_bot.news.crawler:fetch_naver_news:170 - fetched 1 news items for 013580
2026-07-19 14:00:01.205 | DEBUG    | stock_bot.live.runner:_news_tick:624 - news 013580 new=0/1 (모두 중복)
2026-07-19 15:00:00.892 | INFO     | stock_bot.news.crawler:fetch_naver_news:165 - news relevance filter: 27 → 0 (제외 27건) [006360]
2026-07-19 15:00:00.893 | INFO     | stock_bot.news.crawler:fetch_naver_news:170 - fetched 0 news items for 006360
2026-07-19 15:00:00.894 | DEBUG    | stock_bot.live.runner:_news_tick:624 - news 006360 new=0/0 (모두 중복)
2026-07-19 15:00:01.141 | INFO     | stock_bot.news.crawler:fetch_naver_news:165 - news relevance filter: 3 → 1 (제외 2건) [013580]
2026-07-19 15:00:01.141 | INFO     | stock_bot.news.crawler:fetch_naver_news:170 - fetched 1 news items for 013580
2026-07-19 15:00:01.146 | DEBUG    | stock_bot.live.runner:_news_tick:624 - news 013580 new=0/1 (모두 중복)
2026-07-19 16:00:10.154 | DEBUG    | stock_bot.news.crawler:fetch_naver_news:139 - naver news fetch attempt 1/3 failed for 006360: _ssl.c:999: The handshake operation timed out
2026-07-19 16:00:11.790 | INFO     | stock_bot.news.crawler:fetch_naver_news:135 - naver news recovered on attempt 2/3 for 006360
2026-07-19 16:00:12.503 | INFO     | stock_bot.news.crawler:fetch_naver_news:165 - news relevance filter: 27 → 0 (제외 27건) [006360]
2026-07-19 16:00:12.504 | INFO     | stock_bot.news.crawler:fetch_naver_news:170 - fetched 0 news items for 006360
2026-07-19 16:00:12.506 | DEBUG    | stock_bot.live.runner:_news_tick:624 - news 006360 new=0/0 (모두 중복)
2026-07-19 16:00:12.799 | INFO     | stock_bot.news.crawler:fetch_naver_news:165 - news relevance filter: 3 → 1 (제외 2건) [013580]
2026-07-19 16:00:12.800 | INFO     | stock_bot.news.crawler:fetch_naver_news:170 - fetched 1 news items for 013580
2026-07-19 16:00:12.805 | DEBUG    | stock_bot.live.runner:_news_tick:624 - news 013580 new=0/1 (모두 중복)
2026-07-19 17:00:00.913 | INFO     | stock_bot.news.crawler:fetch_naver_news:165 - news relevance filter: 28 → 0 (제외 28건) [006360]
2026-07-19 17:00:00.914 | INFO     | stock_bot.news.crawler:fetch_naver_news:170 - fetched 0 news items for 006360
2026-07-19 17:00:00.916 | DEBUG    | stock_bot.live.runner:_news_tick:624 - news 006360 new=0/0 (모두 중복)
2026-07-19 17:00:01.168 | INFO     | stock_bot.news.crawler:fetch_naver_news:165 - news relevance filter: 3 → 1 (제외 2건) [013580]
2026-07-19 17:00:01.169 | INFO     | stock_bot.news.crawler:fetch_naver_news:170 - fetched 1 news items for 013580
2026-07-19 17:00:01.175 | DEBUG    | stock_bot.live.runner:_news_tick:624 - news 013580 new=0/1 (모두 중복)
2026-07-19 18:00:00.894 | INFO     | stock_bot.news.crawler:fetch_naver_news:165 - news relevance filter: 26 → 0 (제외 26건) [006360]
2026-07-19 18:00:00.895 | INFO     | stock_bot.news.crawler:fetch_naver_news:170 - fetched 0 news items for 006360
2026-07-19 18:00:00.896 | DEBUG    | stock_bot.live.runner:_news_tick:624 - news 006360 new=0/0 (모두 중복)
2026-07-19 18:00:01.211 | INFO     | stock_bot.news.crawler:fetch_naver_news:165 - news relevance filter: 3 → 1 (제외 2건) [013580]
2026-07-19 18:00:01.212 | INFO     | stock_bot.news.crawler:fetch_naver_news:170 - fetched 1 news items for 013580
2026-07-19 18:00:01.217 | DEBUG    | stock_bot.live.runner:_news_tick:624 - news 013580 new=0/1 (모두 중복)
2026-07-19 19:00:00.899 | INFO     | stock_bot.news.crawler:fetch_naver_news:165 - news relevance filter: 26 → 0 (제외 26건) [006360]
2026-07-19 19:00:00.900 | INFO     | stock_bot.news.crawler:fetch_naver_news:170 - fetched 0 news items for 006360
2026-07-19 19:00:00.902 | DEBUG    | stock_bot.live.runner:_news_tick:624 - news 006360 new=0/0 (모두 중복)
2026-07-19 19:00:01.159 | INFO     | stock_bot.news.crawler:fetch_naver_news:165 - news relevance filter: 3 → 1 (제외 2건) [013580]
2026-07-19 19:00:01.160 | INFO     | stock_bot.news.crawler:fetch_naver_news:170 - fetched 1 news items for 013580
2026-07-19 19:00:01.165 | DEBUG    | stock_bot.live.runner:_news_tick:624 - news 013580 new=0/1 (모두 중복)
2026-07-19 20:00:00.852 | INFO     | stock_bot.news.crawler:fetch_naver_news:165 - news relevance filter: 26 → 0 (제외 26건) [006360]
2026-07-19 20:00:00.853 | INFO     | stock_bot.news.crawler:fetch_naver_news:170 - fetched 0 news items for 006360
2026-07-19 20:00:00.854 | DEBUG    | stock_bot.live.runner:_news_tick:624 - news 006360 new=0/0 (모두 중복)
2026-07-19 20:00:01.219 | INFO     | stock_bot.news.crawler:fetch_naver_news:165 - news relevance filter: 3 → 1 (제외 2건) [013580]
2026-07-19 20:00:01.220 | INFO     | stock_bot.news.crawler:fetch_naver_news:170 - fetched 1 news items for 013580
2026-07-19 20:00:01.225 | DEBUG    | stock_bot.live.runner:_news_tick:624 - news 013580 new=0/1 (모두 중복)
2026-07-19 21:00:00.905 | INFO     | stock_bot.news.crawler:fetch_naver_news:165 - news relevance filter: 26 → 0 (제외 26건) [006360]
2026-07-19 21:00:00.906 | INFO     | stock_bot.news.crawler:fetch_naver_news:170 - fetched 0 news items for 006360
2026-07-19 21:00:00.908 | DEBUG    | stock_bot.live.runner:_news_tick:624 - news 006360 new=0/0 (모두 중복)
2026-07-19 21:00:01.168 | INFO     | stock_bot.news.crawler:fetch_naver_news:165 - news relevance filter: 3 → 1 (제외 2건) [013580]
2026-07-19 21:00:01.168 | INFO     | stock_bot.news.crawler:fetch_naver_news:170 - fetched 1 news items for 013580
2026-07-19 21:00:01.173 | DEBUG    | stock_bot.live.runner:_news_tick:624 - news 013580 new=0/1 (모두 중복)
2026-07-19 22:00:00.937 | INFO     | stock_bot.news.crawler:fetch_naver_news:165 - news relevance filter: 25 → 0 (제외 25건) [006360]
2026-07-19 22:00:00.938 | INFO     | stock_bot.news.crawler:fetch_naver_news:170 - fetched 0 news items for 006360
2026-07-19 22:00:00.940 | DEBUG    | stock_bot.live.runner:_news_tick:624 - news 006360 new=0/0 (모두 중복)
2026-07-19 22:00:01.300 | INFO     | stock_bot.news.crawler:fetch_naver_news:165 - news relevance filter: 3 → 1 (제외 2건) [013580]
2026-07-19 22:00:01.302 | INFO     | stock_bot.news.crawler:fetch_naver_news:170 - fetched 1 news items for 013580
2026-07-19 22:00:01.308 | DEBUG    | stock_bot.live.runner:_news_tick:624 - news 013580 new=0/1 (모두 중복)
2026-07-19 23:00:00.894 | INFO     | stock_bot.news.crawler:fetch_naver_news:165 - news relevance filter: 26 → 0 (제외 26건) [006360]
2026-07-19 23:00:00.895 | INFO     | stock_bot.news.crawler:fetch_naver_news:170 - fetched 0 news items for 006360
2026-07-19 23:00:00.896 | DEBUG    | stock_bot.live.runner:_news_tick:624 - news 006360 new=0/0 (모두 중복)
2026-07-19 23:00:01.182 | INFO     | stock_bot.news.crawler:fetch_naver_news:165 - news relevance filter: 3 → 1 (제외 2건) [013580]
2026-07-19 23:00:01.183 | INFO     | stock_bot.news.crawler:fetch_naver_news:170 - fetched 1 news items for 013580
2026-07-19 23:00:01.189 | DEBUG    | stock_bot.live.runner:_news_tick:624 - news 013580 new=0/1 (모두 중복)
