2026-09-05 00:00:00.009 | DEBUG    | stock_bot.live.runner:_send_cost_report:544 - claude_code 백엔드 — API 비용 리포트 생략
2026-09-05 00:00:00.352 | INFO     | stock_bot.news.crawler:fetch_naver_news:170 - fetched 1 news items for 002380
2026-09-05 00:00:00.357 | DEBUG    | stock_bot.live.runner:_news_tick:772 - news 002380 new=0/1 (모두 중복)
2026-09-05 00:00:00.574 | INFO     | stock_bot.news.crawler:fetch_naver_news:165 - news relevance filter: 9 → 1 (제외 8건) [058730]
2026-09-05 00:00:00.574 | INFO     | stock_bot.news.crawler:fetch_naver_news:170 - fetched 1 news items for 058730
2026-09-05 00:00:00.580 | DEBUG    | stock_bot.live.runner:_news_tick:772 - news 058730 new=0/1 (모두 중복)
2026-09-05 00:05:00.904 | DEBUG    | stock_bot.live.backup:_export_logs:182 - backup: bot 로그 2026-09-04 추출 152KB
2026-09-05 00:05:06.036 | DEBUG    | stock_bot.live.backup:_export_logs:182 - backup: web 로그 2026-09-04 추출 2111KB
2026-09-05 00:05:06.148 | DEBUG    | stock_bot.live.backup:_export_logs:182 - backup: leader 로그 2026-09-04 추출 58KB
2026-09-05 00:05:08.995 | DEBUG    | stock_bot.live.backup:_git_push:286 - backup: origin 정렬됨(behind=0) → reset 생략, 바로 push
2026-09-05 00:05:12.222 | INFO     | stock_bot.live.backup:run_backup:365 - backup 완료: trades=51 reviews=28 news=2 log=2323KB → git push
2026-09-05 01:00:00.282 | INFO     | stock_bot.news.crawler:fetch_naver_news:170 - fetched 1 news items for 002380
2026-09-05 01:00:00.288 | DEBUG    | stock_bot.live.runner:_news_tick:772 - news 002380 new=0/1 (모두 중복)
2026-09-05 01:00:00.511 | INFO     | stock_bot.news.crawler:fetch_naver_news:165 - news relevance filter: 9 → 1 (제외 8건) [058730]
2026-09-05 01:00:00.512 | INFO     | stock_bot.news.crawler:fetch_naver_news:170 - fetched 1 news items for 058730
2026-09-05 01:00:00.517 | DEBUG    | stock_bot.live.runner:_news_tick:772 - news 058730 new=0/1 (모두 중복)
2026-09-05 02:00:00.269 | INFO     | stock_bot.news.crawler:fetch_naver_news:170 - fetched 1 news items for 002380
2026-09-05 02:00:00.275 | DEBUG    | stock_bot.live.runner:_news_tick:772 - news 002380 new=0/1 (모두 중복)
2026-09-05 02:00:00.474 | INFO     | stock_bot.news.crawler:fetch_naver_news:165 - news relevance filter: 9 → 1 (제외 8건) [058730]
2026-09-05 02:00:00.475 | INFO     | stock_bot.news.crawler:fetch_naver_news:170 - fetched 1 news items for 058730
2026-09-05 02:00:00.479 | DEBUG    | stock_bot.live.runner:_news_tick:772 - news 058730 new=0/1 (모두 중복)
2026-09-05 03:00:00.301 | INFO     | stock_bot.news.crawler:fetch_naver_news:170 - fetched 1 news items for 002380
2026-09-05 03:00:00.307 | DEBUG    | stock_bot.live.runner:_news_tick:772 - news 002380 new=0/1 (모두 중복)
2026-09-05 03:00:00.581 | INFO     | stock_bot.news.crawler:fetch_naver_news:165 - news relevance filter: 9 → 1 (제외 8건) [058730]
2026-09-05 03:00:00.582 | INFO     | stock_bot.news.crawler:fetch_naver_news:170 - fetched 1 news items for 058730
2026-09-05 03:00:00.587 | DEBUG    | stock_bot.live.runner:_news_tick:772 - news 058730 new=0/1 (모두 중복)
2026-09-05 04:00:04.098 | DEBUG    | stock_bot.news.crawler:fetch_naver_news:139 - naver news fetch attempt 1/3 failed for 002380: [Errno -2] Name or service not known
2026-09-05 04:00:06.050 | INFO     | stock_bot.news.crawler:fetch_naver_news:135 - naver news recovered on attempt 2/3 for 002380
2026-09-05 04:00:06.175 | INFO     | stock_bot.news.crawler:fetch_naver_news:170 - fetched 1 news items for 002380
2026-09-05 04:00:06.182 | DEBUG    | stock_bot.live.runner:_news_tick:772 - news 002380 new=0/1 (모두 중복)
2026-09-05 04:00:06.469 | INFO     | stock_bot.news.crawler:fetch_naver_news:165 - news relevance filter: 9 → 1 (제외 8건) [058730]
2026-09-05 04:00:06.470 | INFO     | stock_bot.news.crawler:fetch_naver_news:170 - fetched 1 news items for 058730
2026-09-05 04:00:06.476 | DEBUG    | stock_bot.live.runner:_news_tick:772 - news 058730 new=0/1 (모두 중복)
2026-09-05 05:00:00.290 | INFO     | stock_bot.news.crawler:fetch_naver_news:170 - fetched 1 news items for 002380
2026-09-05 05:00:00.295 | DEBUG    | stock_bot.live.runner:_news_tick:772 - news 002380 new=0/1 (모두 중복)
2026-09-05 05:00:00.492 | INFO     | stock_bot.news.crawler:fetch_naver_news:165 - news relevance filter: 9 → 1 (제외 8건) [058730]
2026-09-05 05:00:00.493 | INFO     | stock_bot.news.crawler:fetch_naver_news:170 - fetched 1 news items for 058730
2026-09-05 05:00:00.498 | DEBUG    | stock_bot.live.runner:_news_tick:772 - news 058730 new=0/1 (모두 중복)
2026-09-05 06:00:00.284 | INFO     | stock_bot.news.crawler:fetch_naver_news:170 - fetched 1 news items for 002380
2026-09-05 06:00:00.289 | DEBUG    | stock_bot.live.runner:_news_tick:772 - news 002380 new=0/1 (모두 중복)
2026-09-05 06:00:00.482 | INFO     | stock_bot.news.crawler:fetch_naver_news:165 - news relevance filter: 9 → 1 (제외 8건) [058730]
2026-09-05 06:00:00.482 | INFO     | stock_bot.news.crawler:fetch_naver_news:170 - fetched 1 news items for 058730
2026-09-05 06:00:00.488 | DEBUG    | stock_bot.live.runner:_news_tick:772 - news 058730 new=0/1 (모두 중복)
2026-09-05 07:00:00.299 | INFO     | stock_bot.news.crawler:fetch_naver_news:170 - fetched 1 news items for 002380
2026-09-05 07:00:00.305 | DEBUG    | stock_bot.live.runner:_news_tick:772 - news 002380 new=0/1 (모두 중복)
2026-09-05 07:00:00.513 | INFO     | stock_bot.news.crawler:fetch_naver_news:165 - news relevance filter: 9 → 1 (제외 8건) [058730]
2026-09-05 07:00:00.514 | INFO     | stock_bot.news.crawler:fetch_naver_news:170 - fetched 1 news items for 058730
2026-09-05 07:00:00.519 | DEBUG    | stock_bot.live.runner:_news_tick:772 - news 058730 new=0/1 (모두 중복)
2026-09-05 08:00:00.301 | INFO     | stock_bot.news.crawler:fetch_naver_news:170 - fetched 1 news items for 002380
2026-09-05 08:00:00.306 | DEBUG    | stock_bot.live.runner:_news_tick:772 - news 002380 new=0/1 (모두 중복)
2026-09-05 08:00:00.502 | INFO     | stock_bot.news.crawler:fetch_naver_news:165 - news relevance filter: 9 → 1 (제외 8건) [058730]
2026-09-05 08:00:00.503 | INFO     | stock_bot.news.crawler:fetch_naver_news:170 - fetched 1 news items for 058730
2026-09-05 08:00:00.508 | DEBUG    | stock_bot.live.runner:_news_tick:772 - news 058730 new=0/1 (모두 중복)
2026-09-05 09:00:00.280 | INFO     | stock_bot.news.crawler:fetch_naver_news:170 - fetched 1 news items for 002380
2026-09-05 09:00:00.285 | DEBUG    | stock_bot.live.runner:_news_tick:772 - news 002380 new=0/1 (모두 중복)
2026-09-05 09:00:00.480 | INFO     | stock_bot.news.crawler:fetch_naver_news:165 - news relevance filter: 9 → 1 (제외 8건) [058730]
2026-09-05 09:00:00.481 | INFO     | stock_bot.news.crawler:fetch_naver_news:170 - fetched 1 news items for 058730
2026-09-05 09:00:00.486 | DEBUG    | stock_bot.live.runner:_news_tick:772 - news 058730 new=0/1 (모두 중복)
2026-09-05 10:00:00.324 | INFO     | stock_bot.news.crawler:fetch_naver_news:170 - fetched 1 news items for 002380
2026-09-05 10:00:00.330 | DEBUG    | stock_bot.live.runner:_news_tick:772 - news 002380 new=0/1 (모두 중복)
2026-09-05 10:00:00.518 | INFO     | stock_bot.news.crawler:fetch_naver_news:165 - news relevance filter: 9 → 1 (제외 8건) [058730]
2026-09-05 10:00:00.518 | INFO     | stock_bot.news.crawler:fetch_naver_news:170 - fetched 1 news items for 058730
2026-09-05 10:00:00.523 | DEBUG    | stock_bot.live.runner:_news_tick:772 - news 058730 new=0/1 (모두 중복)
2026-09-05 11:00:00.307 | INFO     | stock_bot.news.crawler:fetch_naver_news:170 - fetched 1 news items for 002380
2026-09-05 11:00:00.312 | DEBUG    | stock_bot.live.runner:_news_tick:772 - news 002380 new=0/1 (모두 중복)
2026-09-05 11:00:00.515 | INFO     | stock_bot.news.crawler:fetch_naver_news:165 - news relevance filter: 9 → 1 (제외 8건) [058730]
2026-09-05 11:00:00.516 | INFO     | stock_bot.news.crawler:fetch_naver_news:170 - fetched 1 news items for 058730
2026-09-05 11:00:00.521 | DEBUG    | stock_bot.live.runner:_news_tick:772 - news 058730 new=0/1 (모두 중복)
2026-09-05 12:00:00.265 | INFO     | stock_bot.news.crawler:fetch_naver_news:170 - fetched 1 news items for 002380
2026-09-05 12:00:00.270 | DEBUG    | stock_bot.live.runner:_news_tick:772 - news 002380 new=0/1 (모두 중복)
2026-09-05 12:00:00.472 | INFO     | stock_bot.news.crawler:fetch_naver_news:165 - news relevance filter: 9 → 1 (제외 8건) [058730]
2026-09-05 12:00:00.472 | INFO     | stock_bot.news.crawler:fetch_naver_news:170 - fetched 1 news items for 058730
2026-09-05 12:00:00.477 | DEBUG    | stock_bot.live.runner:_news_tick:772 - news 058730 new=0/1 (모두 중복)
2026-09-05 13:00:00.302 | INFO     | stock_bot.news.crawler:fetch_naver_news:170 - fetched 1 news items for 002380
2026-09-05 13:00:00.308 | DEBUG    | stock_bot.live.runner:_news_tick:772 - news 002380 new=0/1 (모두 중복)
2026-09-05 13:00:00.578 | INFO     | stock_bot.news.crawler:fetch_naver_news:165 - news relevance filter: 9 → 1 (제외 8건) [058730]
2026-09-05 13:00:00.579 | INFO     | stock_bot.news.crawler:fetch_naver_news:170 - fetched 1 news items for 058730
2026-09-05 13:00:00.584 | DEBUG    | stock_bot.live.runner:_news_tick:772 - news 058730 new=0/1 (모두 중복)
2026-09-05 14:00:00.295 | INFO     | stock_bot.news.crawler:fetch_naver_news:170 - fetched 1 news items for 002380
2026-09-05 14:00:00.301 | DEBUG    | stock_bot.live.runner:_news_tick:772 - news 002380 new=0/1 (모두 중복)
2026-09-05 14:00:00.500 | INFO     | stock_bot.news.crawler:fetch_naver_news:165 - news relevance filter: 9 → 1 (제외 8건) [058730]
2026-09-05 14:00:00.501 | INFO     | stock_bot.news.crawler:fetch_naver_news:170 - fetched 1 news items for 058730
2026-09-05 14:00:00.506 | DEBUG    | stock_bot.live.runner:_news_tick:772 - news 058730 new=0/1 (모두 중복)
2026-09-05 15:00:00.296 | INFO     | stock_bot.news.crawler:fetch_naver_news:170 - fetched 1 news items for 002380
2026-09-05 15:00:00.301 | DEBUG    | stock_bot.live.runner:_news_tick:772 - news 002380 new=0/1 (모두 중복)
2026-09-05 15:00:00.500 | INFO     | stock_bot.news.crawler:fetch_naver_news:165 - news relevance filter: 9 → 1 (제외 8건) [058730]
2026-09-05 15:00:00.501 | INFO     | stock_bot.news.crawler:fetch_naver_news:170 - fetched 1 news items for 058730
2026-09-05 15:00:00.506 | DEBUG    | stock_bot.live.runner:_news_tick:772 - news 058730 new=0/1 (모두 중복)
2026-09-05 16:00:00.258 | INFO     | stock_bot.news.crawler:fetch_naver_news:170 - fetched 1 news items for 002380
2026-09-05 16:00:00.263 | DEBUG    | stock_bot.live.runner:_news_tick:772 - news 002380 new=0/1 (모두 중복)
2026-09-05 16:00:00.468 | INFO     | stock_bot.news.crawler:fetch_naver_news:165 - news relevance filter: 9 → 1 (제외 8건) [058730]
2026-09-05 16:00:00.469 | INFO     | stock_bot.news.crawler:fetch_naver_news:170 - fetched 1 news items for 058730
2026-09-05 16:00:00.474 | DEBUG    | stock_bot.live.runner:_news_tick:772 - news 058730 new=0/1 (모두 중복)
2026-09-05 17:00:00.305 | INFO     | stock_bot.news.crawler:fetch_naver_news:170 - fetched 1 news items for 002380
2026-09-05 17:00:00.310 | DEBUG    | stock_bot.live.runner:_news_tick:772 - news 002380 new=0/1 (모두 중복)
2026-09-05 17:00:00.524 | INFO     | stock_bot.news.crawler:fetch_naver_news:165 - news relevance filter: 9 → 1 (제외 8건) [058730]
2026-09-05 17:00:00.525 | INFO     | stock_bot.news.crawler:fetch_naver_news:170 - fetched 1 news items for 058730
2026-09-05 17:00:00.530 | DEBUG    | stock_bot.live.runner:_news_tick:772 - news 058730 new=0/1 (모두 중복)
2026-09-05 18:00:00.290 | INFO     | stock_bot.news.crawler:fetch_naver_news:170 - fetched 1 news items for 002380
2026-09-05 18:00:00.295 | DEBUG    | stock_bot.live.runner:_news_tick:772 - news 002380 new=0/1 (모두 중복)
2026-09-05 18:00:00.497 | INFO     | stock_bot.news.crawler:fetch_naver_news:165 - news relevance filter: 9 → 1 (제외 8건) [058730]
2026-09-05 18:00:00.498 | INFO     | stock_bot.news.crawler:fetch_naver_news:170 - fetched 1 news items for 058730
2026-09-05 18:00:00.503 | DEBUG    | stock_bot.live.runner:_news_tick:772 - news 058730 new=0/1 (모두 중복)
2026-09-05 19:00:00.291 | INFO     | stock_bot.news.crawler:fetch_naver_news:170 - fetched 1 news items for 002380
2026-09-05 19:00:00.297 | DEBUG    | stock_bot.live.runner:_news_tick:772 - news 002380 new=0/1 (모두 중복)
2026-09-05 19:00:00.502 | INFO     | stock_bot.news.crawler:fetch_naver_news:165 - news relevance filter: 9 → 1 (제외 8건) [058730]
2026-09-05 19:00:00.503 | INFO     | stock_bot.news.crawler:fetch_naver_news:170 - fetched 1 news items for 058730
2026-09-05 19:00:00.508 | DEBUG    | stock_bot.live.runner:_news_tick:772 - news 058730 new=0/1 (모두 중복)
2026-09-05 20:00:00.288 | INFO     | stock_bot.news.crawler:fetch_naver_news:170 - fetched 1 news items for 002380
2026-09-05 20:00:00.294 | DEBUG    | stock_bot.live.runner:_news_tick:772 - news 002380 new=0/1 (모두 중복)
2026-09-05 20:00:00.551 | INFO     | stock_bot.news.crawler:fetch_naver_news:165 - news relevance filter: 9 → 1 (제외 8건) [058730]
2026-09-05 20:00:00.552 | INFO     | stock_bot.news.crawler:fetch_naver_news:170 - fetched 1 news items for 058730
2026-09-05 20:00:00.557 | DEBUG    | stock_bot.live.runner:_news_tick:772 - news 058730 new=0/1 (모두 중복)
2026-09-05 21:00:00.279 | INFO     | stock_bot.news.crawler:fetch_naver_news:170 - fetched 1 news items for 002380
2026-09-05 21:00:00.285 | DEBUG    | stock_bot.live.runner:_news_tick:772 - news 002380 new=0/1 (모두 중복)
2026-09-05 21:00:00.476 | INFO     | stock_bot.news.crawler:fetch_naver_news:165 - news relevance filter: 9 → 1 (제외 8건) [058730]
2026-09-05 21:00:00.476 | INFO     | stock_bot.news.crawler:fetch_naver_news:170 - fetched 1 news items for 058730
2026-09-05 21:00:00.482 | DEBUG    | stock_bot.live.runner:_news_tick:772 - news 058730 new=0/1 (모두 중복)
2026-09-05 22:00:00.313 | INFO     | stock_bot.news.crawler:fetch_naver_news:170 - fetched 1 news items for 002380
2026-09-05 22:00:00.319 | DEBUG    | stock_bot.live.runner:_news_tick:772 - news 002380 new=0/1 (모두 중복)
2026-09-05 22:00:00.511 | INFO     | stock_bot.news.crawler:fetch_naver_news:165 - news relevance filter: 9 → 1 (제외 8건) [058730]
2026-09-05 22:00:00.512 | INFO     | stock_bot.news.crawler:fetch_naver_news:170 - fetched 1 news items for 058730
2026-09-05 22:00:00.517 | DEBUG    | stock_bot.live.runner:_news_tick:772 - news 058730 new=0/1 (모두 중복)
2026-09-05 23:00:00.294 | INFO     | stock_bot.news.crawler:fetch_naver_news:170 - fetched 1 news items for 002380
2026-09-05 23:00:00.299 | DEBUG    | stock_bot.live.runner:_news_tick:772 - news 002380 new=0/1 (모두 중복)
2026-09-05 23:00:00.494 | INFO     | stock_bot.news.crawler:fetch_naver_news:165 - news relevance filter: 9 → 1 (제외 8건) [058730]
2026-09-05 23:00:00.495 | INFO     | stock_bot.news.crawler:fetch_naver_news:170 - fetched 1 news items for 058730
2026-09-05 23:00:00.500 | DEBUG    | stock_bot.live.runner:_news_tick:772 - news 058730 new=0/1 (모두 중복)
