2026-08-30 00:00:00.002 | DEBUG    | stock_bot.live.runner:_send_cost_report:541 - claude_code 백엔드 — API 비용 리포트 생략
2026-08-30 00:00:00.440 | INFO     | stock_bot.news.crawler:fetch_naver_news:165 - news relevance filter: 5 → 4 (제외 1건) [034020]
2026-08-30 00:00:00.441 | INFO     | stock_bot.news.crawler:fetch_naver_news:170 - fetched 4 news items for 034020
2026-08-30 00:00:00.491 | DEBUG    | stock_bot.live.runner:_news_tick:769 - news 034020 new=0/4 (모두 중복)
2026-08-30 00:00:00.722 | INFO     | stock_bot.news.crawler:fetch_naver_news:165 - news relevance filter: 9 → 1 (제외 8건) [241560]
2026-08-30 00:00:00.722 | INFO     | stock_bot.news.crawler:fetch_naver_news:170 - fetched 1 news items for 241560
2026-08-30 00:00:00.729 | DEBUG    | stock_bot.live.runner:_news_tick:769 - news 241560 new=0/1 (모두 중복)
2026-08-30 00:00:00.929 | INFO     | stock_bot.news.crawler:fetch_naver_news:165 - news relevance filter: 3 → 1 (제외 2건) [123330]
2026-08-30 00:00:00.930 | INFO     | stock_bot.news.crawler:fetch_naver_news:170 - fetched 1 news items for 123330
2026-08-30 00:00:00.935 | DEBUG    | stock_bot.live.runner:_news_tick:769 - news 123330 new=0/1 (모두 중복)
2026-08-30 00:05:00.855 | DEBUG    | stock_bot.live.backup:_export_logs:182 - backup: bot 로그 2026-08-29 추출 26KB
2026-08-30 00:05:05.662 | DEBUG    | stock_bot.live.backup:_export_logs:182 - backup: web 로그 2026-08-29 추출 4KB
2026-08-30 00:05:07.696 | DEBUG    | stock_bot.live.backup:_git_push:286 - backup: origin 정렬됨(behind=0) → reset 생략, 바로 push
2026-08-30 00:05:10.469 | INFO     | stock_bot.live.backup:run_backup:365 - backup 완료: trades=27 reviews=18 news=6 log=30KB → git push
2026-08-30 01:00:00.499 | INFO     | stock_bot.news.crawler:fetch_naver_news:165 - news relevance filter: 5 → 4 (제외 1건) [034020]
2026-08-30 01:00:00.504 | INFO     | stock_bot.news.crawler:fetch_naver_news:170 - fetched 4 news items for 034020
2026-08-30 01:00:09.337 | INFO     | stock_bot.live.runner:_news_tick:808 - news 034020 new=1/4 critical=0 llm_batch=1
2026-08-30 01:00:09.570 | INFO     | stock_bot.news.crawler:fetch_naver_news:165 - news relevance filter: 9 → 1 (제외 8건) [241560]
2026-08-30 01:00:09.571 | INFO     | stock_bot.news.crawler:fetch_naver_news:170 - fetched 1 news items for 241560
2026-08-30 01:00:09.576 | DEBUG    | stock_bot.live.runner:_news_tick:769 - news 241560 new=0/1 (모두 중복)
2026-08-30 01:00:09.833 | INFO     | stock_bot.news.crawler:fetch_naver_news:165 - news relevance filter: 3 → 1 (제외 2건) [123330]
2026-08-30 01:00:09.834 | INFO     | stock_bot.news.crawler:fetch_naver_news:170 - fetched 1 news items for 123330
2026-08-30 01:00:09.843 | DEBUG    | stock_bot.live.runner:_news_tick:769 - news 123330 new=0/1 (모두 중복)
2026-08-30 02:00:00.514 | INFO     | stock_bot.news.crawler:fetch_naver_news:165 - news relevance filter: 5 → 4 (제외 1건) [034020]
2026-08-30 02:00:00.515 | INFO     | stock_bot.news.crawler:fetch_naver_news:170 - fetched 4 news items for 034020
2026-08-30 02:00:00.552 | DEBUG    | stock_bot.live.runner:_news_tick:769 - news 034020 new=0/4 (모두 중복)
2026-08-30 02:00:00.788 | INFO     | stock_bot.news.crawler:fetch_naver_news:165 - news relevance filter: 9 → 1 (제외 8건) [241560]
2026-08-30 02:00:00.789 | INFO     | stock_bot.news.crawler:fetch_naver_news:170 - fetched 1 news items for 241560
2026-08-30 02:00:00.794 | DEBUG    | stock_bot.live.runner:_news_tick:769 - news 241560 new=0/1 (모두 중복)
2026-08-30 02:00:01.008 | INFO     | stock_bot.news.crawler:fetch_naver_news:165 - news relevance filter: 3 → 1 (제외 2건) [123330]
2026-08-30 02:00:01.009 | INFO     | stock_bot.news.crawler:fetch_naver_news:170 - fetched 1 news items for 123330
2026-08-30 02:00:01.014 | DEBUG    | stock_bot.live.runner:_news_tick:769 - news 123330 new=0/1 (모두 중복)
2026-08-30 03:00:00.469 | INFO     | stock_bot.news.crawler:fetch_naver_news:165 - news relevance filter: 5 → 4 (제외 1건) [034020]
2026-08-30 03:00:00.470 | INFO     | stock_bot.news.crawler:fetch_naver_news:170 - fetched 4 news items for 034020
2026-08-30 03:00:00.507 | DEBUG    | stock_bot.live.runner:_news_tick:769 - news 034020 new=0/4 (모두 중복)
2026-08-30 03:00:00.779 | INFO     | stock_bot.news.crawler:fetch_naver_news:165 - news relevance filter: 9 → 1 (제외 8건) [241560]
2026-08-30 03:00:00.780 | INFO     | stock_bot.news.crawler:fetch_naver_news:170 - fetched 1 news items for 241560
2026-08-30 03:00:00.785 | DEBUG    | stock_bot.live.runner:_news_tick:769 - news 241560 new=0/1 (모두 중복)
2026-08-30 03:00:00.984 | INFO     | stock_bot.news.crawler:fetch_naver_news:165 - news relevance filter: 3 → 1 (제외 2건) [123330]
2026-08-30 03:00:00.985 | INFO     | stock_bot.news.crawler:fetch_naver_news:170 - fetched 1 news items for 123330
2026-08-30 03:00:00.990 | DEBUG    | stock_bot.live.runner:_news_tick:769 - news 123330 new=0/1 (모두 중복)
2026-08-30 04:00:00.480 | INFO     | stock_bot.news.crawler:fetch_naver_news:165 - news relevance filter: 5 → 4 (제외 1건) [034020]
2026-08-30 04:00:00.481 | INFO     | stock_bot.news.crawler:fetch_naver_news:170 - fetched 4 news items for 034020
2026-08-30 04:00:00.518 | DEBUG    | stock_bot.live.runner:_news_tick:769 - news 034020 new=0/4 (모두 중복)
2026-08-30 04:00:00.750 | INFO     | stock_bot.news.crawler:fetch_naver_news:165 - news relevance filter: 9 → 1 (제외 8건) [241560]
2026-08-30 04:00:00.751 | INFO     | stock_bot.news.crawler:fetch_naver_news:170 - fetched 1 news items for 241560
2026-08-30 04:00:00.756 | DEBUG    | stock_bot.live.runner:_news_tick:769 - news 241560 new=0/1 (모두 중복)
2026-08-30 04:00:00.955 | INFO     | stock_bot.news.crawler:fetch_naver_news:165 - news relevance filter: 3 → 1 (제외 2건) [123330]
2026-08-30 04:00:00.956 | INFO     | stock_bot.news.crawler:fetch_naver_news:170 - fetched 1 news items for 123330
2026-08-30 04:00:00.961 | DEBUG    | stock_bot.live.runner:_news_tick:769 - news 123330 new=0/1 (모두 중복)
2026-08-30 05:00:00.476 | INFO     | stock_bot.news.crawler:fetch_naver_news:165 - news relevance filter: 5 → 4 (제외 1건) [034020]
2026-08-30 05:00:00.478 | INFO     | stock_bot.news.crawler:fetch_naver_news:170 - fetched 4 news items for 034020
2026-08-30 05:00:00.515 | DEBUG    | stock_bot.live.runner:_news_tick:769 - news 034020 new=0/4 (모두 중복)
2026-08-30 05:00:00.765 | INFO     | stock_bot.news.crawler:fetch_naver_news:165 - news relevance filter: 9 → 1 (제외 8건) [241560]
2026-08-30 05:00:00.766 | INFO     | stock_bot.news.crawler:fetch_naver_news:170 - fetched 1 news items for 241560
2026-08-30 05:00:00.771 | DEBUG    | stock_bot.live.runner:_news_tick:769 - news 241560 new=0/1 (모두 중복)
2026-08-30 05:00:00.970 | INFO     | stock_bot.news.crawler:fetch_naver_news:165 - news relevance filter: 3 → 1 (제외 2건) [123330]
2026-08-30 05:00:00.970 | INFO     | stock_bot.news.crawler:fetch_naver_news:170 - fetched 1 news items for 123330
2026-08-30 05:00:00.975 | DEBUG    | stock_bot.live.runner:_news_tick:769 - news 123330 new=0/1 (모두 중복)
2026-08-30 06:00:01.125 | INFO     | stock_bot.news.crawler:fetch_naver_news:165 - news relevance filter: 8 → 5 (제외 3건) [034020]
2026-08-30 06:00:01.126 | INFO     | stock_bot.news.crawler:fetch_naver_news:170 - fetched 5 news items for 034020
2026-08-30 06:00:01.175 | DEBUG    | stock_bot.live.runner:_news_tick:769 - news 034020 new=0/5 (모두 중복)
2026-08-30 06:00:01.405 | INFO     | stock_bot.news.crawler:fetch_naver_news:165 - news relevance filter: 9 → 1 (제외 8건) [241560]
2026-08-30 06:00:01.405 | INFO     | stock_bot.news.crawler:fetch_naver_news:170 - fetched 1 news items for 241560
2026-08-30 06:00:01.410 | DEBUG    | stock_bot.live.runner:_news_tick:769 - news 241560 new=0/1 (모두 중복)
2026-08-30 06:00:01.611 | INFO     | stock_bot.news.crawler:fetch_naver_news:165 - news relevance filter: 3 → 1 (제외 2건) [123330]
2026-08-30 06:00:01.612 | INFO     | stock_bot.news.crawler:fetch_naver_news:170 - fetched 1 news items for 123330
2026-08-30 06:00:01.617 | DEBUG    | stock_bot.live.runner:_news_tick:769 - news 123330 new=0/1 (모두 중복)
2026-08-30 07:00:00.435 | INFO     | stock_bot.news.crawler:fetch_naver_news:165 - news relevance filter: 8 → 5 (제외 3건) [034020]
2026-08-30 07:00:00.436 | INFO     | stock_bot.news.crawler:fetch_naver_news:170 - fetched 5 news items for 034020
2026-08-30 07:00:00.486 | DEBUG    | stock_bot.live.runner:_news_tick:769 - news 034020 new=0/5 (모두 중복)
2026-08-30 07:00:00.743 | INFO     | stock_bot.news.crawler:fetch_naver_news:165 - news relevance filter: 9 → 1 (제외 8건) [241560]
2026-08-30 07:00:00.743 | INFO     | stock_bot.news.crawler:fetch_naver_news:170 - fetched 1 news items for 241560
2026-08-30 07:00:00.748 | DEBUG    | stock_bot.live.runner:_news_tick:769 - news 241560 new=0/1 (모두 중복)
2026-08-30 07:00:00.949 | INFO     | stock_bot.news.crawler:fetch_naver_news:165 - news relevance filter: 3 → 1 (제외 2건) [123330]
2026-08-30 07:00:00.949 | INFO     | stock_bot.news.crawler:fetch_naver_news:170 - fetched 1 news items for 123330
2026-08-30 07:00:00.955 | DEBUG    | stock_bot.live.runner:_news_tick:769 - news 123330 new=0/1 (모두 중복)
2026-08-30 08:00:00.456 | INFO     | stock_bot.news.crawler:fetch_naver_news:165 - news relevance filter: 8 → 5 (제외 3건) [034020]
2026-08-30 08:00:00.457 | INFO     | stock_bot.news.crawler:fetch_naver_news:170 - fetched 5 news items for 034020
2026-08-30 08:00:00.505 | DEBUG    | stock_bot.live.runner:_news_tick:769 - news 034020 new=0/5 (모두 중복)
2026-08-30 08:00:00.741 | INFO     | stock_bot.news.crawler:fetch_naver_news:165 - news relevance filter: 9 → 1 (제외 8건) [241560]
2026-08-30 08:00:00.742 | INFO     | stock_bot.news.crawler:fetch_naver_news:170 - fetched 1 news items for 241560
2026-08-30 08:00:00.747 | DEBUG    | stock_bot.live.runner:_news_tick:769 - news 241560 new=0/1 (모두 중복)
2026-08-30 08:00:00.956 | INFO     | stock_bot.news.crawler:fetch_naver_news:165 - news relevance filter: 3 → 1 (제외 2건) [123330]
2026-08-30 08:00:00.957 | INFO     | stock_bot.news.crawler:fetch_naver_news:170 - fetched 1 news items for 123330
2026-08-30 08:00:00.962 | DEBUG    | stock_bot.live.runner:_news_tick:769 - news 123330 new=0/1 (모두 중복)
2026-08-30 09:00:00.474 | INFO     | stock_bot.news.crawler:fetch_naver_news:165 - news relevance filter: 8 → 5 (제외 3건) [034020]
2026-08-30 09:00:00.476 | INFO     | stock_bot.news.crawler:fetch_naver_news:170 - fetched 5 news items for 034020
2026-08-30 09:00:08.035 | INFO     | stock_bot.live.runner:_news_tick:808 - news 034020 new=1/5 critical=0 llm_batch=1
2026-08-30 09:00:08.320 | INFO     | stock_bot.news.crawler:fetch_naver_news:165 - news relevance filter: 9 → 1 (제외 8건) [241560]
2026-08-30 09:00:08.321 | INFO     | stock_bot.news.crawler:fetch_naver_news:170 - fetched 1 news items for 241560
2026-08-30 09:00:08.326 | DEBUG    | stock_bot.live.runner:_news_tick:769 - news 241560 new=0/1 (모두 중복)
2026-08-30 09:00:08.530 | INFO     | stock_bot.news.crawler:fetch_naver_news:165 - news relevance filter: 3 → 1 (제외 2건) [123330]
2026-08-30 09:00:08.531 | INFO     | stock_bot.news.crawler:fetch_naver_news:170 - fetched 1 news items for 123330
2026-08-30 09:00:08.536 | DEBUG    | stock_bot.live.runner:_news_tick:769 - news 123330 new=0/1 (모두 중복)
2026-08-30 10:00:00.457 | INFO     | stock_bot.news.crawler:fetch_naver_news:165 - news relevance filter: 6 → 3 (제외 3건) [034020]
2026-08-30 10:00:00.457 | INFO     | stock_bot.news.crawler:fetch_naver_news:170 - fetched 3 news items for 034020
2026-08-30 10:00:00.486 | DEBUG    | stock_bot.live.runner:_news_tick:769 - news 034020 new=0/3 (모두 중복)
2026-08-30 10:00:00.713 | INFO     | stock_bot.news.crawler:fetch_naver_news:165 - news relevance filter: 9 → 1 (제외 8건) [241560]
2026-08-30 10:00:00.713 | INFO     | stock_bot.news.crawler:fetch_naver_news:170 - fetched 1 news items for 241560
2026-08-30 10:00:00.719 | DEBUG    | stock_bot.live.runner:_news_tick:769 - news 241560 new=0/1 (모두 중복)
2026-08-30 10:00:00.921 | INFO     | stock_bot.news.crawler:fetch_naver_news:165 - news relevance filter: 3 → 1 (제외 2건) [123330]
2026-08-30 10:00:00.922 | INFO     | stock_bot.news.crawler:fetch_naver_news:170 - fetched 1 news items for 123330
2026-08-30 10:00:00.927 | DEBUG    | stock_bot.live.runner:_news_tick:769 - news 123330 new=0/1 (모두 중복)
2026-08-30 11:00:00.407 | INFO     | stock_bot.news.crawler:fetch_naver_news:165 - news relevance filter: 11 → 4 (제외 7건) [034020]
2026-08-30 11:00:00.408 | INFO     | stock_bot.news.crawler:fetch_naver_news:170 - fetched 4 news items for 034020
2026-08-30 11:00:00.447 | DEBUG    | stock_bot.live.runner:_news_tick:769 - news 034020 new=0/4 (모두 중복)
2026-08-30 11:00:00.682 | INFO     | stock_bot.news.crawler:fetch_naver_news:165 - news relevance filter: 9 → 1 (제외 8건) [241560]
2026-08-30 11:00:00.683 | INFO     | stock_bot.news.crawler:fetch_naver_news:170 - fetched 1 news items for 241560
2026-08-30 11:00:00.688 | DEBUG    | stock_bot.live.runner:_news_tick:769 - news 241560 new=0/1 (모두 중복)
2026-08-30 11:00:00.893 | INFO     | stock_bot.news.crawler:fetch_naver_news:165 - news relevance filter: 3 → 1 (제외 2건) [123330]
2026-08-30 11:00:00.894 | INFO     | stock_bot.news.crawler:fetch_naver_news:170 - fetched 1 news items for 123330
2026-08-30 11:00:00.900 | DEBUG    | stock_bot.live.runner:_news_tick:769 - news 123330 new=0/1 (모두 중복)
2026-08-30 12:00:00.375 | INFO     | stock_bot.news.crawler:fetch_naver_news:165 - news relevance filter: 19 → 5 (제외 14건) [034020]
2026-08-30 12:00:00.376 | INFO     | stock_bot.news.crawler:fetch_naver_news:170 - fetched 5 news items for 034020
2026-08-30 12:00:00.425 | DEBUG    | stock_bot.live.runner:_news_tick:769 - news 034020 new=0/5 (모두 중복)
2026-08-30 12:00:00.663 | INFO     | stock_bot.news.crawler:fetch_naver_news:165 - news relevance filter: 9 → 1 (제외 8건) [241560]
2026-08-30 12:00:00.664 | INFO     | stock_bot.news.crawler:fetch_naver_news:170 - fetched 1 news items for 241560
2026-08-30 12:00:00.669 | DEBUG    | stock_bot.live.runner:_news_tick:769 - news 241560 new=0/1 (모두 중복)
2026-08-30 12:00:00.873 | INFO     | stock_bot.news.crawler:fetch_naver_news:165 - news relevance filter: 3 → 1 (제외 2건) [123330]
2026-08-30 12:00:00.874 | INFO     | stock_bot.news.crawler:fetch_naver_news:170 - fetched 1 news items for 123330
2026-08-30 12:00:00.879 | DEBUG    | stock_bot.live.runner:_news_tick:769 - news 123330 new=0/1 (모두 중복)
2026-08-30 13:00:01.172 | INFO     | stock_bot.news.crawler:fetch_naver_news:165 - news relevance filter: 23 → 5 (제외 18건) [034020]
2026-08-30 13:00:01.173 | INFO     | stock_bot.news.crawler:fetch_naver_news:170 - fetched 5 news items for 034020
2026-08-30 13:00:01.222 | DEBUG    | stock_bot.live.runner:_news_tick:769 - news 034020 new=0/5 (모두 중복)
2026-08-30 13:00:01.476 | INFO     | stock_bot.news.crawler:fetch_naver_news:165 - news relevance filter: 9 → 1 (제외 8건) [241560]
2026-08-30 13:00:01.477 | INFO     | stock_bot.news.crawler:fetch_naver_news:170 - fetched 1 news items for 241560
2026-08-30 13:00:01.483 | DEBUG    | stock_bot.live.runner:_news_tick:769 - news 241560 new=0/1 (모두 중복)
2026-08-30 13:00:01.724 | INFO     | stock_bot.news.crawler:fetch_naver_news:165 - news relevance filter: 3 → 1 (제외 2건) [123330]
2026-08-30 13:00:01.725 | INFO     | stock_bot.news.crawler:fetch_naver_news:170 - fetched 1 news items for 123330
2026-08-30 13:00:01.731 | DEBUG    | stock_bot.live.runner:_news_tick:769 - news 123330 new=0/1 (모두 중복)
2026-08-30 14:00:01.252 | INFO     | stock_bot.news.crawler:fetch_naver_news:165 - news relevance filter: 26 → 6 (제외 20건) [034020]
2026-08-30 14:00:01.253 | INFO     | stock_bot.news.crawler:fetch_naver_news:170 - fetched 6 news items for 034020
2026-08-30 14:00:01.313 | DEBUG    | stock_bot.live.runner:_news_tick:769 - news 034020 new=0/6 (모두 중복)
2026-08-30 14:00:01.557 | INFO     | stock_bot.news.crawler:fetch_naver_news:165 - news relevance filter: 9 → 1 (제외 8건) [241560]
2026-08-30 14:00:01.558 | INFO     | stock_bot.news.crawler:fetch_naver_news:170 - fetched 1 news items for 241560
2026-08-30 14:00:01.563 | DEBUG    | stock_bot.live.runner:_news_tick:769 - news 241560 new=0/1 (모두 중복)
2026-08-30 14:00:01.797 | INFO     | stock_bot.news.crawler:fetch_naver_news:165 - news relevance filter: 3 → 1 (제외 2건) [123330]
2026-08-30 14:00:01.800 | INFO     | stock_bot.news.crawler:fetch_naver_news:170 - fetched 1 news items for 123330
2026-08-30 14:00:01.806 | DEBUG    | stock_bot.live.runner:_news_tick:769 - news 123330 new=0/1 (모두 중복)
2026-08-30 15:00:01.197 | INFO     | stock_bot.news.crawler:fetch_naver_news:165 - news relevance filter: 33 → 7 (제외 26건) [034020]
2026-08-30 15:00:01.198 | INFO     | stock_bot.news.crawler:fetch_naver_news:170 - fetched 7 news items for 034020
2026-08-30 15:00:09.594 | INFO     | stock_bot.live.runner:_news_tick:808 - news 034020 new=1/7 critical=0 llm_batch=1
2026-08-30 15:00:09.836 | INFO     | stock_bot.news.crawler:fetch_naver_news:165 - news relevance filter: 9 → 1 (제외 8건) [241560]
2026-08-30 15:00:09.837 | INFO     | stock_bot.news.crawler:fetch_naver_news:170 - fetched 1 news items for 241560
2026-08-30 15:00:09.842 | DEBUG    | stock_bot.live.runner:_news_tick:769 - news 241560 new=0/1 (모두 중복)
2026-08-30 15:00:10.050 | INFO     | stock_bot.news.crawler:fetch_naver_news:165 - news relevance filter: 3 → 1 (제외 2건) [123330]
2026-08-30 15:00:10.051 | INFO     | stock_bot.news.crawler:fetch_naver_news:170 - fetched 1 news items for 123330
2026-08-30 15:00:10.056 | DEBUG    | stock_bot.live.runner:_news_tick:769 - news 123330 new=0/1 (모두 중복)
2026-08-30 16:00:00.360 | INFO     | stock_bot.news.crawler:fetch_naver_news:170 - fetched 3 news items for 034020
2026-08-30 16:00:07.234 | INFO     | stock_bot.live.runner:_news_tick:808 - news 034020 new=1/3 critical=0 llm_batch=1
2026-08-30 16:00:07.517 | INFO     | stock_bot.news.crawler:fetch_naver_news:165 - news relevance filter: 9 → 1 (제외 8건) [241560]
2026-08-30 16:00:07.518 | INFO     | stock_bot.news.crawler:fetch_naver_news:170 - fetched 1 news items for 241560
2026-08-30 16:00:07.523 | DEBUG    | stock_bot.live.runner:_news_tick:769 - news 241560 new=0/1 (모두 중복)
2026-08-30 16:00:07.729 | INFO     | stock_bot.news.crawler:fetch_naver_news:165 - news relevance filter: 3 → 1 (제외 2건) [123330]
2026-08-30 16:00:07.730 | INFO     | stock_bot.news.crawler:fetch_naver_news:170 - fetched 1 news items for 123330
2026-08-30 16:00:07.734 | DEBUG    | stock_bot.live.runner:_news_tick:769 - news 123330 new=0/1 (모두 중복)
2026-08-30 17:00:00.384 | INFO     | stock_bot.news.crawler:fetch_naver_news:165 - news relevance filter: 1 → 0 (제외 1건) [034020]
2026-08-30 17:00:00.385 | INFO     | stock_bot.news.crawler:fetch_naver_news:170 - fetched 0 news items for 034020
2026-08-30 17:00:00.387 | DEBUG    | stock_bot.live.runner:_news_tick:769 - news 034020 new=0/0 (모두 중복)
2026-08-30 17:00:00.629 | INFO     | stock_bot.news.crawler:fetch_naver_news:165 - news relevance filter: 9 → 1 (제외 8건) [241560]
2026-08-30 17:00:00.629 | INFO     | stock_bot.news.crawler:fetch_naver_news:170 - fetched 1 news items for 241560
2026-08-30 17:00:00.635 | DEBUG    | stock_bot.live.runner:_news_tick:769 - news 241560 new=0/1 (모두 중복)
2026-08-30 17:00:00.855 | INFO     | stock_bot.news.crawler:fetch_naver_news:165 - news relevance filter: 3 → 1 (제외 2건) [123330]
2026-08-30 17:00:00.855 | INFO     | stock_bot.news.crawler:fetch_naver_news:170 - fetched 1 news items for 123330
2026-08-30 17:00:00.860 | DEBUG    | stock_bot.live.runner:_news_tick:769 - news 123330 new=0/1 (모두 중복)
2026-08-30 18:00:00.423 | INFO     | stock_bot.news.crawler:fetch_naver_news:165 - news relevance filter: 2 → 0 (제외 2건) [034020]
2026-08-30 18:00:00.423 | INFO     | stock_bot.news.crawler:fetch_naver_news:170 - fetched 0 news items for 034020
2026-08-30 18:00:00.425 | DEBUG    | stock_bot.live.runner:_news_tick:769 - news 034020 new=0/0 (모두 중복)
2026-08-30 18:00:00.663 | INFO     | stock_bot.news.crawler:fetch_naver_news:165 - news relevance filter: 9 → 1 (제외 8건) [241560]
2026-08-30 18:00:00.664 | INFO     | stock_bot.news.crawler:fetch_naver_news:170 - fetched 1 news items for 241560
2026-08-30 18:00:00.669 | DEBUG    | stock_bot.live.runner:_news_tick:769 - news 241560 new=0/1 (모두 중복)
2026-08-30 18:00:00.885 | INFO     | stock_bot.news.crawler:fetch_naver_news:165 - news relevance filter: 3 → 1 (제외 2건) [123330]
2026-08-30 18:00:00.885 | INFO     | stock_bot.news.crawler:fetch_naver_news:170 - fetched 1 news items for 123330
2026-08-30 18:00:00.890 | DEBUG    | stock_bot.live.runner:_news_tick:769 - news 123330 new=0/1 (모두 중복)
2026-08-30 19:00:00.390 | INFO     | stock_bot.news.crawler:fetch_naver_news:165 - news relevance filter: 4 → 0 (제외 4건) [034020]
2026-08-30 19:00:00.391 | INFO     | stock_bot.news.crawler:fetch_naver_news:170 - fetched 0 news items for 034020
2026-08-30 19:00:00.392 | DEBUG    | stock_bot.live.runner:_news_tick:769 - news 034020 new=0/0 (모두 중복)
2026-08-30 19:00:00.633 | INFO     | stock_bot.news.crawler:fetch_naver_news:165 - news relevance filter: 9 → 1 (제외 8건) [241560]
2026-08-30 19:00:00.633 | INFO     | stock_bot.news.crawler:fetch_naver_news:170 - fetched 1 news items for 241560
2026-08-30 19:00:00.638 | DEBUG    | stock_bot.live.runner:_news_tick:769 - news 241560 new=0/1 (모두 중복)
2026-08-30 19:00:00.884 | INFO     | stock_bot.news.crawler:fetch_naver_news:165 - news relevance filter: 3 → 1 (제외 2건) [123330]
2026-08-30 19:00:00.885 | INFO     | stock_bot.news.crawler:fetch_naver_news:170 - fetched 1 news items for 123330
2026-08-30 19:00:00.890 | DEBUG    | stock_bot.live.runner:_news_tick:769 - news 123330 new=0/1 (모두 중복)
2026-08-30 20:00:00.406 | INFO     | stock_bot.news.crawler:fetch_naver_news:165 - news relevance filter: 6 → 3 (제외 3건) [034020]
2026-08-30 20:00:00.407 | INFO     | stock_bot.news.crawler:fetch_naver_news:170 - fetched 3 news items for 034020
2026-08-30 20:00:07.042 | INFO     | stock_bot.live.runner:_news_tick:808 - news 034020 new=1/3 critical=0 llm_batch=1
2026-08-30 20:00:07.297 | INFO     | stock_bot.news.crawler:fetch_naver_news:165 - news relevance filter: 9 → 1 (제외 8건) [241560]
2026-08-30 20:00:07.297 | INFO     | stock_bot.news.crawler:fetch_naver_news:170 - fetched 1 news items for 241560
2026-08-30 20:00:07.303 | DEBUG    | stock_bot.live.runner:_news_tick:769 - news 241560 new=0/1 (모두 중복)
2026-08-30 20:00:07.512 | INFO     | stock_bot.news.crawler:fetch_naver_news:165 - news relevance filter: 3 → 1 (제외 2건) [123330]
2026-08-30 20:00:07.513 | INFO     | stock_bot.news.crawler:fetch_naver_news:170 - fetched 1 news items for 123330
2026-08-30 20:00:07.518 | DEBUG    | stock_bot.live.runner:_news_tick:769 - news 123330 new=0/1 (모두 중복)
2026-08-30 21:00:00.421 | INFO     | stock_bot.news.crawler:fetch_naver_news:170 - fetched 0 news items for 034020
2026-08-30 21:00:00.423 | DEBUG    | stock_bot.live.runner:_news_tick:769 - news 034020 new=0/0 (모두 중복)
2026-08-30 21:00:00.665 | INFO     | stock_bot.news.crawler:fetch_naver_news:165 - news relevance filter: 9 → 1 (제외 8건) [241560]
2026-08-30 21:00:00.666 | INFO     | stock_bot.news.crawler:fetch_naver_news:170 - fetched 1 news items for 241560
2026-08-30 21:00:00.671 | DEBUG    | stock_bot.live.runner:_news_tick:769 - news 241560 new=0/1 (모두 중복)
2026-08-30 21:00:00.880 | INFO     | stock_bot.news.crawler:fetch_naver_news:165 - news relevance filter: 3 → 1 (제외 2건) [123330]
2026-08-30 21:00:00.881 | INFO     | stock_bot.news.crawler:fetch_naver_news:170 - fetched 1 news items for 123330
2026-08-30 21:00:00.886 | DEBUG    | stock_bot.live.runner:_news_tick:769 - news 123330 new=0/1 (모두 중복)
2026-08-30 22:00:00.342 | INFO     | stock_bot.news.crawler:fetch_naver_news:170 - fetched 0 news items for 034020
2026-08-30 22:00:00.343 | DEBUG    | stock_bot.live.runner:_news_tick:769 - news 034020 new=0/0 (모두 중복)
2026-08-30 22:00:00.591 | INFO     | stock_bot.news.crawler:fetch_naver_news:165 - news relevance filter: 9 → 1 (제외 8건) [241560]
2026-08-30 22:00:00.592 | INFO     | stock_bot.news.crawler:fetch_naver_news:170 - fetched 1 news items for 241560
2026-08-30 22:00:00.597 | DEBUG    | stock_bot.live.runner:_news_tick:769 - news 241560 new=0/1 (모두 중복)
2026-08-30 22:00:00.818 | INFO     | stock_bot.news.crawler:fetch_naver_news:165 - news relevance filter: 3 → 1 (제외 2건) [123330]
2026-08-30 22:00:00.818 | INFO     | stock_bot.news.crawler:fetch_naver_news:170 - fetched 1 news items for 123330
2026-08-30 22:00:00.823 | DEBUG    | stock_bot.live.runner:_news_tick:769 - news 123330 new=0/1 (모두 중복)
2026-08-30 23:00:01.323 | INFO     | stock_bot.news.crawler:fetch_naver_news:165 - news relevance filter: 2 → 0 (제외 2건) [034020]
2026-08-30 23:00:01.324 | INFO     | stock_bot.news.crawler:fetch_naver_news:170 - fetched 0 news items for 034020
2026-08-30 23:00:01.325 | DEBUG    | stock_bot.live.runner:_news_tick:769 - news 034020 new=0/0 (모두 중복)
2026-08-30 23:00:01.595 | INFO     | stock_bot.news.crawler:fetch_naver_news:165 - news relevance filter: 9 → 1 (제외 8건) [241560]
2026-08-30 23:00:01.596 | INFO     | stock_bot.news.crawler:fetch_naver_news:170 - fetched 1 news items for 241560
2026-08-30 23:00:01.603 | DEBUG    | stock_bot.live.runner:_news_tick:769 - news 241560 new=0/1 (모두 중복)
2026-08-30 23:00:01.820 | INFO     | stock_bot.news.crawler:fetch_naver_news:165 - news relevance filter: 3 → 1 (제외 2건) [123330]
2026-08-30 23:00:01.820 | INFO     | stock_bot.news.crawler:fetch_naver_news:170 - fetched 1 news items for 123330
2026-08-30 23:00:01.826 | DEBUG    | stock_bot.live.runner:_news_tick:769 - news 123330 new=0/1 (모두 중복)
