2026-07-25 00:00:00.166 | DEBUG    | stock_bot.live.runner:_send_cost_report:445 - claude_code 백엔드 — API 비용 리포트 생략
2026-07-25 00:00:01.869 | INFO     | stock_bot.news.crawler:fetch_naver_news:170 - fetched 0 news items for 078930
2026-07-25 00:00:01.872 | DEBUG    | stock_bot.live.runner:_news_tick:624 - news 078930 new=0/0 (모두 중복)
2026-07-25 00:00:06.023 | DEBUG    | stock_bot.names:_fetch_from_naver:45 - name lookup failed for 010950: [Errno -2] Name or service not known
2026-07-25 00:00:06.553 | INFO     | stock_bot.news.crawler:fetch_naver_news:165 - news relevance filter: 14 → 0 (제외 14건) [010950]
2026-07-25 00:00:06.554 | INFO     | stock_bot.news.crawler:fetch_naver_news:170 - fetched 0 news items for 010950
2026-07-25 00:00:06.557 | DEBUG    | stock_bot.live.runner:_news_tick:624 - news 010950 new=0/0 (모두 중복)
2026-07-25 00:05:00.753 | DEBUG    | stock_bot.live.backup:_export_logs:182 - backup: bot 로그 2026-07-24 추출 163KB
2026-07-25 00:05:05.837 | DEBUG    | stock_bot.live.backup:_export_logs:182 - backup: web 로그 2026-07-24 추출 127KB
2026-07-25 00:05:05.866 | DEBUG    | stock_bot.live.backup:_export_logs:182 - backup: leader 로그 2026-07-24 추출 28KB
2026-07-25 00:05:09.655 | DEBUG    | stock_bot.live.backup:_git_push:265 - backup: origin 정렬됨(behind=0) → reset 생략, 바로 push
2026-07-25 00:05:12.120 | INFO     | stock_bot.live.backup:run_backup:344 - backup 완료: trades=61 reviews=65 news=5 log=319KB → git push
2026-07-25 01:00:00.291 | INFO     | stock_bot.news.crawler:fetch_naver_news:170 - fetched 0 news items for 078930
2026-07-25 01:00:00.294 | DEBUG    | stock_bot.live.runner:_news_tick:624 - news 078930 new=0/0 (모두 중복)
2026-07-25 01:00:00.597 | INFO     | stock_bot.news.crawler:fetch_naver_news:165 - news relevance filter: 14 → 0 (제외 14건) [010950]
2026-07-25 01:00:00.597 | INFO     | stock_bot.news.crawler:fetch_naver_news:170 - fetched 0 news items for 010950
2026-07-25 01:00:00.599 | DEBUG    | stock_bot.live.runner:_news_tick:624 - news 010950 new=0/0 (모두 중복)
2026-07-25 02:00:00.327 | INFO     | stock_bot.news.crawler:fetch_naver_news:170 - fetched 0 news items for 078930
2026-07-25 02:00:00.329 | DEBUG    | stock_bot.live.runner:_news_tick:624 - news 078930 new=0/0 (모두 중복)
2026-07-25 02:00:00.601 | INFO     | stock_bot.news.crawler:fetch_naver_news:165 - news relevance filter: 14 → 0 (제외 14건) [010950]
2026-07-25 02:00:00.602 | INFO     | stock_bot.news.crawler:fetch_naver_news:170 - fetched 0 news items for 010950
2026-07-25 02:00:00.604 | DEBUG    | stock_bot.live.runner:_news_tick:624 - news 010950 new=0/0 (모두 중복)
2026-07-25 03:00:00.289 | INFO     | stock_bot.news.crawler:fetch_naver_news:170 - fetched 0 news items for 078930
2026-07-25 03:00:00.291 | DEBUG    | stock_bot.live.runner:_news_tick:624 - news 078930 new=0/0 (모두 중복)
2026-07-25 03:00:00.589 | INFO     | stock_bot.news.crawler:fetch_naver_news:165 - news relevance filter: 14 → 0 (제외 14건) [010950]
2026-07-25 03:00:00.590 | INFO     | stock_bot.news.crawler:fetch_naver_news:170 - fetched 0 news items for 010950
2026-07-25 03:00:00.592 | DEBUG    | stock_bot.live.runner:_news_tick:624 - news 010950 new=0/0 (모두 중복)
2026-07-25 04:00:00.301 | INFO     | stock_bot.news.crawler:fetch_naver_news:170 - fetched 0 news items for 078930
2026-07-25 04:00:00.303 | DEBUG    | stock_bot.live.runner:_news_tick:624 - news 078930 new=0/0 (모두 중복)
2026-07-25 04:00:00.565 | INFO     | stock_bot.news.crawler:fetch_naver_news:165 - news relevance filter: 14 → 0 (제외 14건) [010950]
2026-07-25 04:00:00.566 | INFO     | stock_bot.news.crawler:fetch_naver_news:170 - fetched 0 news items for 010950
2026-07-25 04:00:00.567 | DEBUG    | stock_bot.live.runner:_news_tick:624 - news 010950 new=0/0 (모두 중복)
2026-07-25 05:00:00.288 | INFO     | stock_bot.news.crawler:fetch_naver_news:170 - fetched 0 news items for 078930
2026-07-25 05:00:00.289 | DEBUG    | stock_bot.live.runner:_news_tick:624 - news 078930 new=0/0 (모두 중복)
2026-07-25 05:00:00.546 | INFO     | stock_bot.news.crawler:fetch_naver_news:165 - news relevance filter: 14 → 0 (제외 14건) [010950]
2026-07-25 05:00:00.547 | INFO     | stock_bot.news.crawler:fetch_naver_news:170 - fetched 0 news items for 010950
2026-07-25 05:00:00.548 | DEBUG    | stock_bot.live.runner:_news_tick:624 - news 010950 new=0/0 (모두 중복)
2026-07-25 06:00:00.286 | INFO     | stock_bot.news.crawler:fetch_naver_news:170 - fetched 0 news items for 078930
2026-07-25 06:00:00.288 | DEBUG    | stock_bot.live.runner:_news_tick:624 - news 078930 new=0/0 (모두 중복)
2026-07-25 06:00:00.608 | INFO     | stock_bot.news.crawler:fetch_naver_news:165 - news relevance filter: 14 → 0 (제외 14건) [010950]
2026-07-25 06:00:00.608 | INFO     | stock_bot.news.crawler:fetch_naver_news:170 - fetched 0 news items for 010950
2026-07-25 06:00:00.610 | DEBUG    | stock_bot.live.runner:_news_tick:624 - news 010950 new=0/0 (모두 중복)
2026-07-25 07:00:00.243 | INFO     | stock_bot.news.crawler:fetch_naver_news:170 - fetched 0 news items for 078930
2026-07-25 07:00:00.245 | DEBUG    | stock_bot.live.runner:_news_tick:624 - news 078930 new=0/0 (모두 중복)
2026-07-25 07:00:00.520 | INFO     | stock_bot.news.crawler:fetch_naver_news:165 - news relevance filter: 15 → 0 (제외 15건) [010950]
2026-07-25 07:00:00.521 | INFO     | stock_bot.news.crawler:fetch_naver_news:170 - fetched 0 news items for 010950
2026-07-25 07:00:00.523 | DEBUG    | stock_bot.live.runner:_news_tick:624 - news 010950 new=0/0 (모두 중복)
2026-07-25 08:00:00.294 | INFO     | stock_bot.news.crawler:fetch_naver_news:170 - fetched 0 news items for 078930
2026-07-25 08:00:00.296 | DEBUG    | stock_bot.live.runner:_news_tick:624 - news 078930 new=0/0 (모두 중복)
2026-07-25 08:00:00.592 | INFO     | stock_bot.news.crawler:fetch_naver_news:165 - news relevance filter: 15 → 0 (제외 15건) [010950]
2026-07-25 08:00:00.593 | INFO     | stock_bot.news.crawler:fetch_naver_news:170 - fetched 0 news items for 010950
2026-07-25 08:00:00.594 | DEBUG    | stock_bot.live.runner:_news_tick:624 - news 010950 new=0/0 (모두 중복)
2026-07-25 09:00:00.298 | INFO     | stock_bot.news.crawler:fetch_naver_news:170 - fetched 0 news items for 078930
2026-07-25 09:00:00.299 | DEBUG    | stock_bot.live.runner:_news_tick:624 - news 078930 new=0/0 (모두 중복)
2026-07-25 09:00:00.568 | INFO     | stock_bot.news.crawler:fetch_naver_news:165 - news relevance filter: 15 → 0 (제외 15건) [010950]
2026-07-25 09:00:00.568 | INFO     | stock_bot.news.crawler:fetch_naver_news:170 - fetched 0 news items for 010950
2026-07-25 09:00:00.570 | DEBUG    | stock_bot.live.runner:_news_tick:624 - news 010950 new=0/0 (모두 중복)
2026-07-25 10:00:00.294 | INFO     | stock_bot.news.crawler:fetch_naver_news:170 - fetched 0 news items for 078930
2026-07-25 10:00:00.296 | DEBUG    | stock_bot.live.runner:_news_tick:624 - news 078930 new=0/0 (모두 중복)
2026-07-25 10:00:00.560 | INFO     | stock_bot.news.crawler:fetch_naver_news:165 - news relevance filter: 15 → 0 (제외 15건) [010950]
2026-07-25 10:00:00.561 | INFO     | stock_bot.news.crawler:fetch_naver_news:170 - fetched 0 news items for 010950
2026-07-25 10:00:00.563 | DEBUG    | stock_bot.live.runner:_news_tick:624 - news 010950 new=0/0 (모두 중복)
2026-07-25 11:00:00.297 | INFO     | stock_bot.news.crawler:fetch_naver_news:165 - news relevance filter: 1 → 0 (제외 1건) [078930]
2026-07-25 11:00:00.298 | INFO     | stock_bot.news.crawler:fetch_naver_news:170 - fetched 0 news items for 078930
2026-07-25 11:00:00.300 | DEBUG    | stock_bot.live.runner:_news_tick:624 - news 078930 new=0/0 (모두 중복)
2026-07-25 11:00:00.626 | INFO     | stock_bot.news.crawler:fetch_naver_news:165 - news relevance filter: 15 → 0 (제외 15건) [010950]
2026-07-25 11:00:00.627 | INFO     | stock_bot.news.crawler:fetch_naver_news:170 - fetched 0 news items for 010950
2026-07-25 11:00:00.628 | DEBUG    | stock_bot.live.runner:_news_tick:624 - news 010950 new=0/0 (모두 중복)
2026-07-25 12:00:00.304 | INFO     | stock_bot.news.crawler:fetch_naver_news:165 - news relevance filter: 1 → 0 (제외 1건) [078930]
2026-07-25 12:00:00.305 | INFO     | stock_bot.news.crawler:fetch_naver_news:170 - fetched 0 news items for 078930
2026-07-25 12:00:00.306 | DEBUG    | stock_bot.live.runner:_news_tick:624 - news 078930 new=0/0 (모두 중복)
2026-07-25 12:00:00.712 | INFO     | stock_bot.news.crawler:fetch_naver_news:165 - news relevance filter: 15 → 0 (제외 15건) [010950]
2026-07-25 12:00:00.712 | INFO     | stock_bot.news.crawler:fetch_naver_news:170 - fetched 0 news items for 010950
2026-07-25 12:00:00.714 | DEBUG    | stock_bot.live.runner:_news_tick:624 - news 010950 new=0/0 (모두 중복)
2026-07-25 13:00:00.306 | INFO     | stock_bot.news.crawler:fetch_naver_news:165 - news relevance filter: 1 → 0 (제외 1건) [078930]
2026-07-25 13:00:00.308 | INFO     | stock_bot.news.crawler:fetch_naver_news:170 - fetched 0 news items for 078930
2026-07-25 13:00:00.309 | DEBUG    | stock_bot.live.runner:_news_tick:624 - news 078930 new=0/0 (모두 중복)
2026-07-25 13:00:00.583 | INFO     | stock_bot.news.crawler:fetch_naver_news:165 - news relevance filter: 15 → 0 (제외 15건) [010950]
2026-07-25 13:00:00.584 | INFO     | stock_bot.news.crawler:fetch_naver_news:170 - fetched 0 news items for 010950
2026-07-25 13:00:00.585 | DEBUG    | stock_bot.live.runner:_news_tick:624 - news 010950 new=0/0 (모두 중복)
2026-07-25 14:00:00.326 | INFO     | stock_bot.news.crawler:fetch_naver_news:165 - news relevance filter: 1 → 0 (제외 1건) [078930]
2026-07-25 14:00:00.326 | INFO     | stock_bot.news.crawler:fetch_naver_news:170 - fetched 0 news items for 078930
2026-07-25 14:00:00.328 | DEBUG    | stock_bot.live.runner:_news_tick:624 - news 078930 new=0/0 (모두 중복)
2026-07-25 14:00:00.633 | INFO     | stock_bot.news.crawler:fetch_naver_news:165 - news relevance filter: 15 → 0 (제외 15건) [010950]
2026-07-25 14:00:00.634 | INFO     | stock_bot.news.crawler:fetch_naver_news:170 - fetched 0 news items for 010950
2026-07-25 14:00:00.635 | DEBUG    | stock_bot.live.runner:_news_tick:624 - news 010950 new=0/0 (모두 중복)
2026-07-25 15:00:00.296 | INFO     | stock_bot.news.crawler:fetch_naver_news:165 - news relevance filter: 1 → 0 (제외 1건) [078930]
2026-07-25 15:00:00.297 | INFO     | stock_bot.news.crawler:fetch_naver_news:170 - fetched 0 news items for 078930
2026-07-25 15:00:00.299 | DEBUG    | stock_bot.live.runner:_news_tick:624 - news 078930 new=0/0 (모두 중복)
2026-07-25 15:00:00.583 | INFO     | stock_bot.news.crawler:fetch_naver_news:165 - news relevance filter: 15 → 0 (제외 15건) [010950]
2026-07-25 15:00:00.584 | INFO     | stock_bot.news.crawler:fetch_naver_news:170 - fetched 0 news items for 010950
2026-07-25 15:00:00.585 | DEBUG    | stock_bot.live.runner:_news_tick:624 - news 010950 new=0/0 (모두 중복)
2026-07-25 16:00:00.321 | INFO     | stock_bot.news.crawler:fetch_naver_news:165 - news relevance filter: 1 → 0 (제외 1건) [078930]
2026-07-25 16:00:00.322 | INFO     | stock_bot.news.crawler:fetch_naver_news:170 - fetched 0 news items for 078930
2026-07-25 16:00:00.323 | DEBUG    | stock_bot.live.runner:_news_tick:624 - news 078930 new=0/0 (모두 중복)
2026-07-25 16:00:00.699 | INFO     | stock_bot.news.crawler:fetch_naver_news:165 - news relevance filter: 15 → 0 (제외 15건) [010950]
2026-07-25 16:00:00.700 | INFO     | stock_bot.news.crawler:fetch_naver_news:170 - fetched 0 news items for 010950
2026-07-25 16:00:00.701 | DEBUG    | stock_bot.live.runner:_news_tick:624 - news 010950 new=0/0 (모두 중복)
2026-07-25 17:00:00.297 | INFO     | stock_bot.news.crawler:fetch_naver_news:165 - news relevance filter: 1 → 0 (제외 1건) [078930]
2026-07-25 17:00:00.298 | INFO     | stock_bot.news.crawler:fetch_naver_news:170 - fetched 0 news items for 078930
2026-07-25 17:00:00.299 | DEBUG    | stock_bot.live.runner:_news_tick:624 - news 078930 new=0/0 (모두 중복)
2026-07-25 17:00:00.600 | INFO     | stock_bot.news.crawler:fetch_naver_news:165 - news relevance filter: 15 → 0 (제외 15건) [010950]
2026-07-25 17:00:00.601 | INFO     | stock_bot.news.crawler:fetch_naver_news:170 - fetched 0 news items for 010950
2026-07-25 17:00:00.603 | DEBUG    | stock_bot.live.runner:_news_tick:624 - news 010950 new=0/0 (모두 중복)
2026-07-25 18:00:00.285 | INFO     | stock_bot.news.crawler:fetch_naver_news:165 - news relevance filter: 1 → 0 (제외 1건) [078930]
2026-07-25 18:00:00.287 | INFO     | stock_bot.news.crawler:fetch_naver_news:170 - fetched 0 news items for 078930
2026-07-25 18:00:00.288 | DEBUG    | stock_bot.live.runner:_news_tick:624 - news 078930 new=0/0 (모두 중복)
2026-07-25 18:00:00.585 | INFO     | stock_bot.news.crawler:fetch_naver_news:165 - news relevance filter: 15 → 0 (제외 15건) [010950]
2026-07-25 18:00:00.586 | INFO     | stock_bot.news.crawler:fetch_naver_news:170 - fetched 0 news items for 010950
2026-07-25 18:00:00.588 | DEBUG    | stock_bot.live.runner:_news_tick:624 - news 010950 new=0/0 (모두 중복)
2026-07-25 19:00:00.346 | INFO     | stock_bot.news.crawler:fetch_naver_news:165 - news relevance filter: 2 → 0 (제외 2건) [078930]
2026-07-25 19:00:00.347 | INFO     | stock_bot.news.crawler:fetch_naver_news:170 - fetched 0 news items for 078930
2026-07-25 19:00:00.349 | DEBUG    | stock_bot.live.runner:_news_tick:624 - news 078930 new=0/0 (모두 중복)
2026-07-25 19:00:00.635 | INFO     | stock_bot.news.crawler:fetch_naver_news:165 - news relevance filter: 16 → 0 (제외 16건) [010950]
2026-07-25 19:00:00.636 | INFO     | stock_bot.news.crawler:fetch_naver_news:170 - fetched 0 news items for 010950
2026-07-25 19:00:00.638 | DEBUG    | stock_bot.live.runner:_news_tick:624 - news 010950 new=0/0 (모두 중복)
2026-07-25 20:00:00.276 | INFO     | stock_bot.news.crawler:fetch_naver_news:165 - news relevance filter: 2 → 0 (제외 2건) [078930]
2026-07-25 20:00:00.277 | INFO     | stock_bot.news.crawler:fetch_naver_news:170 - fetched 0 news items for 078930
2026-07-25 20:00:00.278 | DEBUG    | stock_bot.live.runner:_news_tick:624 - news 078930 new=0/0 (모두 중복)
2026-07-25 20:00:00.546 | INFO     | stock_bot.news.crawler:fetch_naver_news:165 - news relevance filter: 16 → 0 (제외 16건) [010950]
2026-07-25 20:00:00.547 | INFO     | stock_bot.news.crawler:fetch_naver_news:170 - fetched 0 news items for 010950
2026-07-25 20:00:00.549 | DEBUG    | stock_bot.live.runner:_news_tick:624 - news 010950 new=0/0 (모두 중복)
2026-07-25 21:00:00.277 | INFO     | stock_bot.news.crawler:fetch_naver_news:165 - news relevance filter: 1 → 0 (제외 1건) [078930]
2026-07-25 21:00:00.278 | INFO     | stock_bot.news.crawler:fetch_naver_news:170 - fetched 0 news items for 078930
2026-07-25 21:00:00.279 | DEBUG    | stock_bot.live.runner:_news_tick:624 - news 078930 new=0/0 (모두 중복)
2026-07-25 21:00:00.580 | INFO     | stock_bot.news.crawler:fetch_naver_news:165 - news relevance filter: 16 → 0 (제외 16건) [010950]
2026-07-25 21:00:00.581 | INFO     | stock_bot.news.crawler:fetch_naver_news:170 - fetched 0 news items for 010950
2026-07-25 21:00:00.582 | DEBUG    | stock_bot.live.runner:_news_tick:624 - news 010950 new=0/0 (모두 중복)
2026-07-25 22:00:00.305 | INFO     | stock_bot.news.crawler:fetch_naver_news:165 - news relevance filter: 1 → 0 (제외 1건) [078930]
2026-07-25 22:00:00.306 | INFO     | stock_bot.news.crawler:fetch_naver_news:170 - fetched 0 news items for 078930
2026-07-25 22:00:00.307 | DEBUG    | stock_bot.live.runner:_news_tick:624 - news 078930 new=0/0 (모두 중복)
2026-07-25 22:00:00.563 | INFO     | stock_bot.news.crawler:fetch_naver_news:165 - news relevance filter: 16 → 0 (제외 16건) [010950]
2026-07-25 22:00:00.563 | INFO     | stock_bot.news.crawler:fetch_naver_news:170 - fetched 0 news items for 010950
2026-07-25 22:00:00.565 | DEBUG    | stock_bot.live.runner:_news_tick:624 - news 010950 new=0/0 (모두 중복)
2026-07-25 23:00:00.282 | INFO     | stock_bot.news.crawler:fetch_naver_news:165 - news relevance filter: 1 → 0 (제외 1건) [078930]
2026-07-25 23:00:00.283 | INFO     | stock_bot.news.crawler:fetch_naver_news:170 - fetched 0 news items for 078930
2026-07-25 23:00:00.285 | DEBUG    | stock_bot.live.runner:_news_tick:624 - news 078930 new=0/0 (모두 중복)
2026-07-25 23:00:00.527 | INFO     | stock_bot.news.crawler:fetch_naver_news:165 - news relevance filter: 16 → 0 (제외 16건) [010950]
2026-07-25 23:00:00.528 | INFO     | stock_bot.news.crawler:fetch_naver_news:170 - fetched 0 news items for 010950
2026-07-25 23:00:00.529 | DEBUG    | stock_bot.live.runner:_news_tick:624 - news 010950 new=0/0 (모두 중복)
