2026-10-10 00:00:00.006 | DEBUG    | stock_bot.live.runner:_send_cost_report:610 - claude_code 백엔드 — API 비용 리포트 생략
2026-10-10 00:00:00.184 | INFO     | stock_bot.news.crawler:fetch_naver_news:207 - news relevance filter: 2 → 1 (제외 1건) [388790]
2026-10-10 00:00:00.185 | INFO     | stock_bot.news.crawler:fetch_naver_news:212 - fetched 1 news items for 388790
2026-10-10 00:00:00.190 | DEBUG    | stock_bot.live.runner:_news_tick:850 - news 388790 new=0/1 (모두 중복)
2026-10-10 00:00:00.326 | INFO     | stock_bot.news.crawler:fetch_naver_news:207 - news relevance filter: 5 → 1 (제외 4건) [218410]
2026-10-10 00:00:00.327 | INFO     | stock_bot.news.crawler:fetch_naver_news:212 - fetched 1 news items for 218410
2026-10-10 00:00:00.332 | DEBUG    | stock_bot.live.runner:_news_tick:850 - news 218410 new=0/1 (모두 중복)
2026-10-10 00:05:01.294 | DEBUG    | stock_bot.live.backup:_export_logs:185 - backup: bot 로그 2026-10-09 추출 18KB
2026-10-10 00:05:08.104 | DEBUG    | stock_bot.live.backup:_export_logs:185 - backup: web 로그 2026-10-09 추출 31KB
2026-10-10 00:05:08.294 | DEBUG    | stock_bot.live.backup:_export_logs:185 - backup: leader 로그 2026-10-09 추출 0KB
2026-10-10 00:05:08.348 | DEBUG    | stock_bot.live.backup:_export_logs:185 - backup: swing 로그 2026-10-09 추출 0KB
2026-10-10 00:05:12.226 | DEBUG    | stock_bot.live.backup:_git_push:377 - backup: origin 정렬됨(behind=0) → reset 생략, 바로 push
2026-10-10 00:05:14.796 | INFO     | stock_bot.live.backup:run_backup:458 - backup 완료: trades=130 reviews=70 news=0 log=50KB swing=0f/0KB → git push
2026-10-10 01:00:00.134 | INFO     | stock_bot.news.crawler:fetch_naver_news:207 - news relevance filter: 2 → 1 (제외 1건) [388790]
2026-10-10 01:00:00.135 | INFO     | stock_bot.news.crawler:fetch_naver_news:212 - fetched 1 news items for 388790
2026-10-10 01:00:00.140 | DEBUG    | stock_bot.live.runner:_news_tick:850 - news 388790 new=0/1 (모두 중복)
2026-10-10 01:00:00.250 | INFO     | stock_bot.news.crawler:fetch_naver_news:207 - news relevance filter: 5 → 1 (제외 4건) [218410]
2026-10-10 01:00:00.251 | INFO     | stock_bot.news.crawler:fetch_naver_news:212 - fetched 1 news items for 218410
2026-10-10 01:00:00.256 | DEBUG    | stock_bot.live.runner:_news_tick:850 - news 218410 new=0/1 (모두 중복)
2026-10-10 02:00:00.166 | INFO     | stock_bot.news.crawler:fetch_naver_news:207 - news relevance filter: 2 → 1 (제외 1건) [388790]
2026-10-10 02:00:00.167 | INFO     | stock_bot.news.crawler:fetch_naver_news:212 - fetched 1 news items for 388790
2026-10-10 02:00:00.172 | DEBUG    | stock_bot.live.runner:_news_tick:850 - news 388790 new=0/1 (모두 중복)
2026-10-10 02:00:00.285 | INFO     | stock_bot.news.crawler:fetch_naver_news:207 - news relevance filter: 5 → 1 (제외 4건) [218410]
2026-10-10 02:00:00.286 | INFO     | stock_bot.news.crawler:fetch_naver_news:212 - fetched 1 news items for 218410
2026-10-10 02:00:00.291 | DEBUG    | stock_bot.live.runner:_news_tick:850 - news 218410 new=0/1 (모두 중복)
2026-10-10 03:00:00.180 | INFO     | stock_bot.news.crawler:fetch_naver_news:207 - news relevance filter: 2 → 1 (제외 1건) [388790]
2026-10-10 03:00:00.181 | INFO     | stock_bot.news.crawler:fetch_naver_news:212 - fetched 1 news items for 388790
2026-10-10 03:00:00.186 | DEBUG    | stock_bot.live.runner:_news_tick:850 - news 388790 new=0/1 (모두 중복)
2026-10-10 03:00:00.325 | INFO     | stock_bot.news.crawler:fetch_naver_news:207 - news relevance filter: 5 → 1 (제외 4건) [218410]
2026-10-10 03:00:00.326 | INFO     | stock_bot.news.crawler:fetch_naver_news:212 - fetched 1 news items for 218410
2026-10-10 03:00:00.331 | DEBUG    | stock_bot.live.runner:_news_tick:850 - news 218410 new=0/1 (모두 중복)
2026-10-10 04:00:00.183 | INFO     | stock_bot.news.crawler:fetch_naver_news:207 - news relevance filter: 2 → 1 (제외 1건) [388790]
2026-10-10 04:00:00.187 | INFO     | stock_bot.news.crawler:fetch_naver_news:212 - fetched 1 news items for 388790
2026-10-10 04:00:00.192 | DEBUG    | stock_bot.live.runner:_news_tick:850 - news 388790 new=0/1 (모두 중복)
2026-10-10 04:00:00.305 | INFO     | stock_bot.news.crawler:fetch_naver_news:207 - news relevance filter: 5 → 1 (제외 4건) [218410]
2026-10-10 04:00:00.306 | INFO     | stock_bot.news.crawler:fetch_naver_news:212 - fetched 1 news items for 218410
2026-10-10 04:00:00.311 | DEBUG    | stock_bot.live.runner:_news_tick:850 - news 218410 new=0/1 (모두 중복)
2026-10-10 05:00:00.212 | INFO     | stock_bot.news.crawler:fetch_naver_news:207 - news relevance filter: 2 → 1 (제외 1건) [388790]
2026-10-10 05:00:00.213 | INFO     | stock_bot.news.crawler:fetch_naver_news:212 - fetched 1 news items for 388790
2026-10-10 05:00:00.218 | DEBUG    | stock_bot.live.runner:_news_tick:850 - news 388790 new=0/1 (모두 중복)
2026-10-10 05:00:00.422 | INFO     | stock_bot.news.crawler:fetch_naver_news:207 - news relevance filter: 5 → 1 (제외 4건) [218410]
2026-10-10 05:00:00.422 | INFO     | stock_bot.news.crawler:fetch_naver_news:212 - fetched 1 news items for 218410
2026-10-10 05:00:00.428 | DEBUG    | stock_bot.live.runner:_news_tick:850 - news 218410 new=0/1 (모두 중복)
2026-10-10 06:00:00.182 | INFO     | stock_bot.news.crawler:fetch_naver_news:207 - news relevance filter: 2 → 1 (제외 1건) [388790]
2026-10-10 06:00:00.183 | INFO     | stock_bot.news.crawler:fetch_naver_news:212 - fetched 1 news items for 388790
2026-10-10 06:00:00.189 | DEBUG    | stock_bot.live.runner:_news_tick:850 - news 388790 new=0/1 (모두 중복)
2026-10-10 06:00:00.324 | INFO     | stock_bot.news.crawler:fetch_naver_news:207 - news relevance filter: 5 → 1 (제외 4건) [218410]
2026-10-10 06:00:00.325 | INFO     | stock_bot.news.crawler:fetch_naver_news:212 - fetched 1 news items for 218410
2026-10-10 06:00:00.330 | DEBUG    | stock_bot.live.runner:_news_tick:850 - news 218410 new=0/1 (모두 중복)
2026-10-10 07:00:00.187 | INFO     | stock_bot.news.crawler:fetch_naver_news:207 - news relevance filter: 2 → 1 (제외 1건) [388790]
2026-10-10 07:00:00.188 | INFO     | stock_bot.news.crawler:fetch_naver_news:212 - fetched 1 news items for 388790
2026-10-10 07:00:00.193 | DEBUG    | stock_bot.live.runner:_news_tick:850 - news 388790 new=0/1 (모두 중복)
2026-10-10 07:00:00.305 | INFO     | stock_bot.news.crawler:fetch_naver_news:207 - news relevance filter: 5 → 1 (제외 4건) [218410]
2026-10-10 07:00:00.306 | INFO     | stock_bot.news.crawler:fetch_naver_news:212 - fetched 1 news items for 218410
2026-10-10 07:00:00.311 | DEBUG    | stock_bot.live.runner:_news_tick:850 - news 218410 new=0/1 (모두 중복)
2026-10-10 08:00:00.180 | INFO     | stock_bot.news.crawler:fetch_naver_news:207 - news relevance filter: 2 → 1 (제외 1건) [388790]
2026-10-10 08:00:00.181 | INFO     | stock_bot.news.crawler:fetch_naver_news:212 - fetched 1 news items for 388790
2026-10-10 08:00:00.186 | DEBUG    | stock_bot.live.runner:_news_tick:850 - news 388790 new=0/1 (모두 중복)
2026-10-10 08:00:00.294 | INFO     | stock_bot.news.crawler:fetch_naver_news:207 - news relevance filter: 5 → 1 (제외 4건) [218410]
2026-10-10 08:00:00.295 | INFO     | stock_bot.news.crawler:fetch_naver_news:212 - fetched 1 news items for 218410
2026-10-10 08:00:00.300 | DEBUG    | stock_bot.live.runner:_news_tick:850 - news 218410 new=0/1 (모두 중복)
2026-10-10 09:00:00.189 | INFO     | stock_bot.news.crawler:fetch_naver_news:207 - news relevance filter: 2 → 1 (제외 1건) [388790]
2026-10-10 09:00:00.189 | INFO     | stock_bot.news.crawler:fetch_naver_news:212 - fetched 1 news items for 388790
2026-10-10 09:00:00.194 | DEBUG    | stock_bot.live.runner:_news_tick:850 - news 388790 new=0/1 (모두 중복)
2026-10-10 09:00:00.331 | INFO     | stock_bot.news.crawler:fetch_naver_news:207 - news relevance filter: 5 → 1 (제외 4건) [218410]
2026-10-10 09:00:00.331 | INFO     | stock_bot.news.crawler:fetch_naver_news:212 - fetched 1 news items for 218410
2026-10-10 09:00:00.336 | DEBUG    | stock_bot.live.runner:_news_tick:850 - news 218410 new=0/1 (모두 중복)
2026-10-10 10:00:00.185 | INFO     | stock_bot.news.crawler:fetch_naver_news:207 - news relevance filter: 2 → 1 (제외 1건) [388790]
2026-10-10 10:00:00.185 | INFO     | stock_bot.news.crawler:fetch_naver_news:212 - fetched 1 news items for 388790
2026-10-10 10:00:00.191 | DEBUG    | stock_bot.live.runner:_news_tick:850 - news 388790 new=0/1 (모두 중복)
2026-10-10 10:00:00.331 | INFO     | stock_bot.news.crawler:fetch_naver_news:207 - news relevance filter: 5 → 1 (제외 4건) [218410]
2026-10-10 10:00:00.332 | INFO     | stock_bot.news.crawler:fetch_naver_news:212 - fetched 1 news items for 218410
2026-10-10 10:00:00.338 | DEBUG    | stock_bot.live.runner:_news_tick:850 - news 218410 new=0/1 (모두 중복)
2026-10-10 11:00:00.219 | INFO     | stock_bot.news.crawler:fetch_naver_news:207 - news relevance filter: 2 → 1 (제외 1건) [388790]
2026-10-10 11:00:00.220 | INFO     | stock_bot.news.crawler:fetch_naver_news:212 - fetched 1 news items for 388790
2026-10-10 11:00:00.225 | DEBUG    | stock_bot.live.runner:_news_tick:850 - news 388790 new=0/1 (모두 중복)
2026-10-10 11:00:00.343 | INFO     | stock_bot.news.crawler:fetch_naver_news:207 - news relevance filter: 5 → 1 (제외 4건) [218410]
2026-10-10 11:00:00.344 | INFO     | stock_bot.news.crawler:fetch_naver_news:212 - fetched 1 news items for 218410
2026-10-10 11:00:00.349 | DEBUG    | stock_bot.live.runner:_news_tick:850 - news 218410 new=0/1 (모두 중복)
2026-10-10 12:00:00.196 | INFO     | stock_bot.news.crawler:fetch_naver_news:207 - news relevance filter: 2 → 1 (제외 1건) [388790]
2026-10-10 12:00:00.197 | INFO     | stock_bot.news.crawler:fetch_naver_news:212 - fetched 1 news items for 388790
2026-10-10 12:00:00.202 | DEBUG    | stock_bot.live.runner:_news_tick:850 - news 388790 new=0/1 (모두 중복)
2026-10-10 12:00:00.316 | INFO     | stock_bot.news.crawler:fetch_naver_news:207 - news relevance filter: 5 → 1 (제외 4건) [218410]
2026-10-10 12:00:00.317 | INFO     | stock_bot.news.crawler:fetch_naver_news:212 - fetched 1 news items for 218410
2026-10-10 12:00:00.322 | DEBUG    | stock_bot.live.runner:_news_tick:850 - news 218410 new=0/1 (모두 중복)
2026-10-10 13:00:00.183 | INFO     | stock_bot.news.crawler:fetch_naver_news:207 - news relevance filter: 2 → 1 (제외 1건) [388790]
2026-10-10 13:00:00.184 | INFO     | stock_bot.news.crawler:fetch_naver_news:212 - fetched 1 news items for 388790
2026-10-10 13:00:00.189 | DEBUG    | stock_bot.live.runner:_news_tick:850 - news 388790 new=0/1 (모두 중복)
2026-10-10 13:00:00.298 | INFO     | stock_bot.news.crawler:fetch_naver_news:207 - news relevance filter: 5 → 1 (제외 4건) [218410]
2026-10-10 13:00:00.299 | INFO     | stock_bot.news.crawler:fetch_naver_news:212 - fetched 1 news items for 218410
2026-10-10 13:00:00.304 | DEBUG    | stock_bot.live.runner:_news_tick:850 - news 218410 new=0/1 (모두 중복)
2026-10-10 14:00:00.165 | INFO     | stock_bot.news.crawler:fetch_naver_news:207 - news relevance filter: 2 → 1 (제외 1건) [388790]
2026-10-10 14:00:00.166 | INFO     | stock_bot.news.crawler:fetch_naver_news:212 - fetched 1 news items for 388790
2026-10-10 14:00:00.171 | DEBUG    | stock_bot.live.runner:_news_tick:850 - news 388790 new=0/1 (모두 중복)
2026-10-10 14:00:00.290 | INFO     | stock_bot.news.crawler:fetch_naver_news:207 - news relevance filter: 5 → 1 (제외 4건) [218410]
2026-10-10 14:00:00.291 | INFO     | stock_bot.news.crawler:fetch_naver_news:212 - fetched 1 news items for 218410
2026-10-10 14:00:00.296 | DEBUG    | stock_bot.live.runner:_news_tick:850 - news 218410 new=0/1 (모두 중복)
2026-10-10 15:00:00.151 | INFO     | stock_bot.news.crawler:fetch_naver_news:207 - news relevance filter: 2 → 1 (제외 1건) [388790]
2026-10-10 15:00:00.152 | INFO     | stock_bot.news.crawler:fetch_naver_news:212 - fetched 1 news items for 388790
2026-10-10 15:00:00.158 | DEBUG    | stock_bot.live.runner:_news_tick:850 - news 388790 new=0/1 (모두 중복)
2026-10-10 15:00:00.278 | INFO     | stock_bot.news.crawler:fetch_naver_news:207 - news relevance filter: 5 → 1 (제외 4건) [218410]
2026-10-10 15:00:00.279 | INFO     | stock_bot.news.crawler:fetch_naver_news:212 - fetched 1 news items for 218410
2026-10-10 15:00:00.286 | DEBUG    | stock_bot.live.runner:_news_tick:850 - news 218410 new=0/1 (모두 중복)
2026-10-10 16:00:00.168 | INFO     | stock_bot.news.crawler:fetch_naver_news:207 - news relevance filter: 2 → 1 (제외 1건) [388790]
2026-10-10 16:00:00.169 | INFO     | stock_bot.news.crawler:fetch_naver_news:212 - fetched 1 news items for 388790
2026-10-10 16:00:00.174 | DEBUG    | stock_bot.live.runner:_news_tick:850 - news 388790 new=0/1 (모두 중복)
2026-10-10 16:00:00.288 | INFO     | stock_bot.news.crawler:fetch_naver_news:207 - news relevance filter: 5 → 1 (제외 4건) [218410]
2026-10-10 16:00:00.288 | INFO     | stock_bot.news.crawler:fetch_naver_news:212 - fetched 1 news items for 218410
2026-10-10 16:00:00.294 | DEBUG    | stock_bot.live.runner:_news_tick:850 - news 218410 new=0/1 (모두 중복)
2026-10-10 17:00:00.170 | INFO     | stock_bot.news.crawler:fetch_naver_news:207 - news relevance filter: 2 → 1 (제외 1건) [388790]
2026-10-10 17:00:00.171 | INFO     | stock_bot.news.crawler:fetch_naver_news:212 - fetched 1 news items for 388790
2026-10-10 17:00:00.176 | DEBUG    | stock_bot.live.runner:_news_tick:850 - news 388790 new=0/1 (모두 중복)
2026-10-10 17:00:00.408 | INFO     | stock_bot.news.crawler:fetch_naver_news:207 - news relevance filter: 5 → 1 (제외 4건) [218410]
2026-10-10 17:00:00.409 | INFO     | stock_bot.news.crawler:fetch_naver_news:212 - fetched 1 news items for 218410
2026-10-10 17:00:00.414 | DEBUG    | stock_bot.live.runner:_news_tick:850 - news 218410 new=0/1 (모두 중복)
2026-10-10 18:00:00.140 | INFO     | stock_bot.news.crawler:fetch_naver_news:207 - news relevance filter: 2 → 1 (제외 1건) [388790]
2026-10-10 18:00:00.141 | INFO     | stock_bot.news.crawler:fetch_naver_news:212 - fetched 1 news items for 388790
2026-10-10 18:00:00.146 | DEBUG    | stock_bot.live.runner:_news_tick:850 - news 388790 new=0/1 (모두 중복)
2026-10-10 18:00:00.286 | INFO     | stock_bot.news.crawler:fetch_naver_news:207 - news relevance filter: 5 → 1 (제외 4건) [218410]
2026-10-10 18:00:00.286 | INFO     | stock_bot.news.crawler:fetch_naver_news:212 - fetched 1 news items for 218410
2026-10-10 18:00:00.293 | DEBUG    | stock_bot.live.runner:_news_tick:850 - news 218410 new=0/1 (모두 중복)
2026-10-10 19:00:00.183 | INFO     | stock_bot.news.crawler:fetch_naver_news:207 - news relevance filter: 2 → 1 (제외 1건) [388790]
2026-10-10 19:00:00.184 | INFO     | stock_bot.news.crawler:fetch_naver_news:212 - fetched 1 news items for 388790
2026-10-10 19:00:00.189 | DEBUG    | stock_bot.live.runner:_news_tick:850 - news 388790 new=0/1 (모두 중복)
2026-10-10 19:00:00.305 | INFO     | stock_bot.news.crawler:fetch_naver_news:207 - news relevance filter: 5 → 1 (제외 4건) [218410]
2026-10-10 19:00:00.305 | INFO     | stock_bot.news.crawler:fetch_naver_news:212 - fetched 1 news items for 218410
2026-10-10 19:00:00.310 | DEBUG    | stock_bot.live.runner:_news_tick:850 - news 218410 new=0/1 (모두 중복)
2026-10-10 20:00:00.177 | INFO     | stock_bot.news.crawler:fetch_naver_news:207 - news relevance filter: 2 → 1 (제외 1건) [388790]
2026-10-10 20:00:00.178 | INFO     | stock_bot.news.crawler:fetch_naver_news:212 - fetched 1 news items for 388790
2026-10-10 20:00:00.183 | DEBUG    | stock_bot.live.runner:_news_tick:850 - news 388790 new=0/1 (모두 중복)
2026-10-10 20:00:00.303 | INFO     | stock_bot.news.crawler:fetch_naver_news:207 - news relevance filter: 5 → 1 (제외 4건) [218410]
2026-10-10 20:00:00.304 | INFO     | stock_bot.news.crawler:fetch_naver_news:212 - fetched 1 news items for 218410
2026-10-10 20:00:00.309 | DEBUG    | stock_bot.live.runner:_news_tick:850 - news 218410 new=0/1 (모두 중복)
2026-10-10 21:00:04.137 | DEBUG    | stock_bot.news.crawler:fetch_page:109 - naver news api failed for 388790 p1: [Errno -2] Name or service not known → HTML 폴백
2026-10-10 21:00:04.227 | DEBUG    | stock_bot.news.crawler:fetch_naver_news:184 - naver news fetch attempt 1/3 failed for 388790: Client error '410 410' for url 'https://finance.naver.com/item/news_news.naver?code=388790&page=1'
For more information check: https://developer.mozilla.org/en-US/docs/Web/HTTP/Status/410
2026-10-10 21:00:05.797 | INFO     | stock_bot.news.crawler:fetch_naver_news:180 - naver news recovered on attempt 2/3 for 388790
2026-10-10 21:00:05.798 | INFO     | stock_bot.news.crawler:fetch_naver_news:207 - news relevance filter: 2 → 1 (제외 1건) [388790]
2026-10-10 21:00:05.798 | INFO     | stock_bot.news.crawler:fetch_naver_news:212 - fetched 1 news items for 388790
2026-10-10 21:00:05.804 | DEBUG    | stock_bot.live.runner:_news_tick:850 - news 388790 new=0/1 (모두 중복)
2026-10-10 21:00:05.927 | INFO     | stock_bot.news.crawler:fetch_naver_news:207 - news relevance filter: 5 → 1 (제외 4건) [218410]
2026-10-10 21:00:05.928 | INFO     | stock_bot.news.crawler:fetch_naver_news:212 - fetched 1 news items for 218410
2026-10-10 21:00:05.933 | DEBUG    | stock_bot.live.runner:_news_tick:850 - news 218410 new=0/1 (모두 중복)
2026-10-10 22:00:00.235 | INFO     | stock_bot.news.crawler:fetch_naver_news:207 - news relevance filter: 2 → 1 (제외 1건) [388790]
2026-10-10 22:00:00.236 | INFO     | stock_bot.news.crawler:fetch_naver_news:212 - fetched 1 news items for 388790
2026-10-10 22:00:00.241 | DEBUG    | stock_bot.live.runner:_news_tick:850 - news 388790 new=0/1 (모두 중복)
2026-10-10 22:00:00.372 | INFO     | stock_bot.news.crawler:fetch_naver_news:207 - news relevance filter: 5 → 1 (제외 4건) [218410]
2026-10-10 22:00:00.372 | INFO     | stock_bot.news.crawler:fetch_naver_news:212 - fetched 1 news items for 218410
2026-10-10 22:00:00.377 | DEBUG    | stock_bot.live.runner:_news_tick:850 - news 218410 new=0/1 (모두 중복)
2026-10-10 23:00:00.188 | INFO     | stock_bot.news.crawler:fetch_naver_news:207 - news relevance filter: 2 → 1 (제외 1건) [388790]
2026-10-10 23:00:00.189 | INFO     | stock_bot.news.crawler:fetch_naver_news:212 - fetched 1 news items for 388790
2026-10-10 23:00:00.194 | DEBUG    | stock_bot.live.runner:_news_tick:850 - news 388790 new=0/1 (모두 중복)
2026-10-10 23:00:00.344 | INFO     | stock_bot.news.crawler:fetch_naver_news:207 - news relevance filter: 5 → 1 (제외 4건) [218410]
2026-10-10 23:00:00.345 | INFO     | stock_bot.news.crawler:fetch_naver_news:212 - fetched 1 news items for 218410
2026-10-10 23:00:00.350 | DEBUG    | stock_bot.live.runner:_news_tick:850 - news 218410 new=0/1 (모두 중복)
