2026-07-26 00:00:00.005 | DEBUG    | stock_bot.live.runner:_send_cost_report:445 - claude_code 백엔드 — API 비용 리포트 생략
2026-07-26 00:00:00.338 | INFO     | stock_bot.news.crawler:fetch_naver_news:165 - news relevance filter: 1 → 0 (제외 1건) [078930]
2026-07-26 00:00:00.339 | INFO     | stock_bot.news.crawler:fetch_naver_news:170 - fetched 0 news items for 078930
2026-07-26 00:00:00.340 | DEBUG    | stock_bot.live.runner:_news_tick:624 - news 078930 new=0/0 (모두 중복)
2026-07-26 00:00:02.126 | INFO     | stock_bot.news.crawler:fetch_naver_news:165 - news relevance filter: 16 → 0 (제외 16건) [010950]
2026-07-26 00:00:02.127 | INFO     | stock_bot.news.crawler:fetch_naver_news:170 - fetched 0 news items for 010950
2026-07-26 00:00:02.129 | DEBUG    | stock_bot.live.runner:_news_tick:624 - news 010950 new=0/0 (모두 중복)
2026-07-26 00:05:00.699 | DEBUG    | stock_bot.live.backup:_export_logs:182 - backup: bot 로그 2026-07-25 추출 16KB
2026-07-26 00:05:05.684 | DEBUG    | stock_bot.live.backup:_export_logs:182 - backup: web 로그 2026-07-25 추출 5KB
2026-07-26 00:05:07.877 | DEBUG    | stock_bot.live.backup:_git_push:265 - backup: origin 정렬됨(behind=0) → reset 생략, 바로 push
2026-07-26 00:05:10.022 | INFO     | stock_bot.live.backup:run_backup:344 - backup 완료: trades=61 reviews=65 news=0 log=21KB → git push
2026-07-26 01:00:00.297 | INFO     | stock_bot.news.crawler:fetch_naver_news:165 - news relevance filter: 1 → 0 (제외 1건) [078930]
2026-07-26 01:00:00.298 | INFO     | stock_bot.news.crawler:fetch_naver_news:170 - fetched 0 news items for 078930
2026-07-26 01:00:00.299 | DEBUG    | stock_bot.live.runner:_news_tick:624 - news 078930 new=0/0 (모두 중복)
2026-07-26 01:00:00.552 | INFO     | stock_bot.news.crawler:fetch_naver_news:165 - news relevance filter: 16 → 0 (제외 16건) [010950]
2026-07-26 01:00:00.552 | INFO     | stock_bot.news.crawler:fetch_naver_news:170 - fetched 0 news items for 010950
2026-07-26 01:00:00.554 | DEBUG    | stock_bot.live.runner:_news_tick:624 - news 010950 new=0/0 (모두 중복)
2026-07-26 02:00:00.290 | INFO     | stock_bot.news.crawler:fetch_naver_news:165 - news relevance filter: 1 → 0 (제외 1건) [078930]
2026-07-26 02:00:00.291 | INFO     | stock_bot.news.crawler:fetch_naver_news:170 - fetched 0 news items for 078930
2026-07-26 02:00:00.293 | DEBUG    | stock_bot.live.runner:_news_tick:624 - news 078930 new=0/0 (모두 중복)
2026-07-26 02:00:00.576 | INFO     | stock_bot.news.crawler:fetch_naver_news:165 - news relevance filter: 16 → 0 (제외 16건) [010950]
2026-07-26 02:00:00.577 | INFO     | stock_bot.news.crawler:fetch_naver_news:170 - fetched 0 news items for 010950
2026-07-26 02:00:00.578 | DEBUG    | stock_bot.live.runner:_news_tick:624 - news 010950 new=0/0 (모두 중복)
2026-07-26 03:00:00.272 | INFO     | stock_bot.news.crawler:fetch_naver_news:165 - news relevance filter: 1 → 0 (제외 1건) [078930]
2026-07-26 03:00:00.273 | INFO     | stock_bot.news.crawler:fetch_naver_news:170 - fetched 0 news items for 078930
2026-07-26 03:00:00.274 | DEBUG    | stock_bot.live.runner:_news_tick:624 - news 078930 new=0/0 (모두 중복)
2026-07-26 03:00:00.524 | INFO     | stock_bot.news.crawler:fetch_naver_news:165 - news relevance filter: 16 → 0 (제외 16건) [010950]
2026-07-26 03:00:00.525 | INFO     | stock_bot.news.crawler:fetch_naver_news:170 - fetched 0 news items for 010950
2026-07-26 03:00:00.526 | DEBUG    | stock_bot.live.runner:_news_tick:624 - news 010950 new=0/0 (모두 중복)
2026-07-26 04:00:00.282 | INFO     | stock_bot.news.crawler:fetch_naver_news:165 - news relevance filter: 1 → 0 (제외 1건) [078930]
2026-07-26 04:00:00.284 | INFO     | stock_bot.news.crawler:fetch_naver_news:170 - fetched 0 news items for 078930
2026-07-26 04:00:00.286 | DEBUG    | stock_bot.live.runner:_news_tick:624 - news 078930 new=0/0 (모두 중복)
2026-07-26 04:00:00.549 | INFO     | stock_bot.news.crawler:fetch_naver_news:165 - news relevance filter: 16 → 0 (제외 16건) [010950]
2026-07-26 04:00:00.550 | INFO     | stock_bot.news.crawler:fetch_naver_news:170 - fetched 0 news items for 010950
2026-07-26 04:00:00.552 | DEBUG    | stock_bot.live.runner:_news_tick:624 - news 010950 new=0/0 (모두 중복)
2026-07-26 05:00:00.325 | INFO     | stock_bot.news.crawler:fetch_naver_news:165 - news relevance filter: 1 → 0 (제외 1건) [078930]
2026-07-26 05:00:00.326 | INFO     | stock_bot.news.crawler:fetch_naver_news:170 - fetched 0 news items for 078930
2026-07-26 05:00:00.328 | DEBUG    | stock_bot.live.runner:_news_tick:624 - news 078930 new=0/0 (모두 중복)
2026-07-26 05:00:00.586 | INFO     | stock_bot.news.crawler:fetch_naver_news:165 - news relevance filter: 16 → 0 (제외 16건) [010950]
2026-07-26 05:00:00.587 | INFO     | stock_bot.news.crawler:fetch_naver_news:170 - fetched 0 news items for 010950
2026-07-26 05:00:00.588 | DEBUG    | stock_bot.live.runner:_news_tick:624 - news 010950 new=0/0 (모두 중복)
2026-07-26 06:00:00.290 | INFO     | stock_bot.news.crawler:fetch_naver_news:165 - news relevance filter: 1 → 0 (제외 1건) [078930]
2026-07-26 06:00:00.290 | INFO     | stock_bot.news.crawler:fetch_naver_news:170 - fetched 0 news items for 078930
2026-07-26 06:00:00.292 | DEBUG    | stock_bot.live.runner:_news_tick:624 - news 078930 new=0/0 (모두 중복)
2026-07-26 06:00:00.548 | INFO     | stock_bot.news.crawler:fetch_naver_news:165 - news relevance filter: 16 → 0 (제외 16건) [010950]
2026-07-26 06:00:00.549 | INFO     | stock_bot.news.crawler:fetch_naver_news:170 - fetched 0 news items for 010950
2026-07-26 06:00:00.550 | DEBUG    | stock_bot.live.runner:_news_tick:624 - news 010950 new=0/0 (모두 중복)
2026-07-26 07:00:00.291 | INFO     | stock_bot.news.crawler:fetch_naver_news:165 - news relevance filter: 1 → 0 (제외 1건) [078930]
2026-07-26 07:00:00.292 | INFO     | stock_bot.news.crawler:fetch_naver_news:170 - fetched 0 news items for 078930
2026-07-26 07:00:00.294 | DEBUG    | stock_bot.live.runner:_news_tick:624 - news 078930 new=0/0 (모두 중복)
2026-07-26 07:00:00.596 | INFO     | stock_bot.news.crawler:fetch_naver_news:165 - news relevance filter: 18 → 0 (제외 18건) [010950]
2026-07-26 07:00:00.597 | INFO     | stock_bot.news.crawler:fetch_naver_news:170 - fetched 0 news items for 010950
2026-07-26 07:00:00.598 | DEBUG    | stock_bot.live.runner:_news_tick:624 - news 010950 new=0/0 (모두 중복)
2026-07-26 08:00:00.276 | INFO     | stock_bot.news.crawler:fetch_naver_news:165 - news relevance filter: 1 → 0 (제외 1건) [078930]
2026-07-26 08:00:00.277 | INFO     | stock_bot.news.crawler:fetch_naver_news:170 - fetched 0 news items for 078930
2026-07-26 08:00:00.278 | DEBUG    | stock_bot.live.runner:_news_tick:624 - news 078930 new=0/0 (모두 중복)
2026-07-26 08:00:00.556 | INFO     | stock_bot.news.crawler:fetch_naver_news:165 - news relevance filter: 20 → 0 (제외 20건) [010950]
2026-07-26 08:00:00.557 | INFO     | stock_bot.news.crawler:fetch_naver_news:170 - fetched 0 news items for 010950
2026-07-26 08:00:00.558 | DEBUG    | stock_bot.live.runner:_news_tick:624 - news 010950 new=0/0 (모두 중복)
2026-07-26 09:00:00.288 | INFO     | stock_bot.news.crawler:fetch_naver_news:165 - news relevance filter: 1 → 0 (제외 1건) [078930]
2026-07-26 09:00:00.289 | INFO     | stock_bot.news.crawler:fetch_naver_news:170 - fetched 0 news items for 078930
2026-07-26 09:00:00.290 | DEBUG    | stock_bot.live.runner:_news_tick:624 - news 078930 new=0/0 (모두 중복)
2026-07-26 09:00:00.553 | INFO     | stock_bot.news.crawler:fetch_naver_news:165 - news relevance filter: 20 → 0 (제외 20건) [010950]
2026-07-26 09:00:00.554 | INFO     | stock_bot.news.crawler:fetch_naver_news:170 - fetched 0 news items for 010950
2026-07-26 09:00:00.556 | DEBUG    | stock_bot.live.runner:_news_tick:624 - news 010950 new=0/0 (모두 중복)
2026-07-26 10:00:00.328 | INFO     | stock_bot.news.crawler:fetch_naver_news:165 - news relevance filter: 1 → 0 (제외 1건) [078930]
2026-07-26 10:00:00.329 | INFO     | stock_bot.news.crawler:fetch_naver_news:170 - fetched 0 news items for 078930
2026-07-26 10:00:00.330 | DEBUG    | stock_bot.live.runner:_news_tick:624 - news 078930 new=0/0 (모두 중복)
2026-07-26 10:00:00.608 | INFO     | stock_bot.news.crawler:fetch_naver_news:165 - news relevance filter: 26 → 0 (제외 26건) [010950]
2026-07-26 10:00:00.609 | INFO     | stock_bot.news.crawler:fetch_naver_news:170 - fetched 0 news items for 010950
2026-07-26 10:00:00.611 | DEBUG    | stock_bot.live.runner:_news_tick:624 - news 010950 new=0/0 (모두 중복)
2026-07-26 11:00:00.280 | INFO     | stock_bot.news.crawler:fetch_naver_news:165 - news relevance filter: 1 → 0 (제외 1건) [078930]
2026-07-26 11:00:00.281 | INFO     | stock_bot.news.crawler:fetch_naver_news:170 - fetched 0 news items for 078930
2026-07-26 11:00:00.282 | DEBUG    | stock_bot.live.runner:_news_tick:624 - news 078930 new=0/0 (모두 중복)
2026-07-26 11:00:01.344 | INFO     | stock_bot.news.crawler:fetch_naver_news:165 - news relevance filter: 28 → 0 (제외 28건) [010950]
2026-07-26 11:00:01.345 | INFO     | stock_bot.news.crawler:fetch_naver_news:170 - fetched 0 news items for 010950
2026-07-26 11:00:01.347 | DEBUG    | stock_bot.live.runner:_news_tick:624 - news 010950 new=0/0 (모두 중복)
2026-07-26 12:00:00.280 | INFO     | stock_bot.news.crawler:fetch_naver_news:165 - news relevance filter: 1 → 0 (제외 1건) [078930]
2026-07-26 12:00:00.281 | INFO     | stock_bot.news.crawler:fetch_naver_news:170 - fetched 0 news items for 078930
2026-07-26 12:00:00.282 | DEBUG    | stock_bot.live.runner:_news_tick:624 - news 078930 new=0/0 (모두 중복)
2026-07-26 12:00:01.288 | INFO     | stock_bot.news.crawler:fetch_naver_news:165 - news relevance filter: 28 → 0 (제외 28건) [010950]
2026-07-26 12:00:01.288 | INFO     | stock_bot.news.crawler:fetch_naver_news:170 - fetched 0 news items for 010950
2026-07-26 12:00:01.290 | DEBUG    | stock_bot.live.runner:_news_tick:624 - news 010950 new=0/0 (모두 중복)
2026-07-26 13:00:00.292 | INFO     | stock_bot.news.crawler:fetch_naver_news:165 - news relevance filter: 1 → 0 (제외 1건) [078930]
2026-07-26 13:00:00.293 | INFO     | stock_bot.news.crawler:fetch_naver_news:170 - fetched 0 news items for 078930
2026-07-26 13:00:00.295 | DEBUG    | stock_bot.live.runner:_news_tick:624 - news 078930 new=0/0 (모두 중복)
2026-07-26 13:00:01.325 | INFO     | stock_bot.news.crawler:fetch_naver_news:165 - news relevance filter: 30 → 0 (제외 30건) [010950]
2026-07-26 13:00:01.326 | INFO     | stock_bot.news.crawler:fetch_naver_news:170 - fetched 0 news items for 010950
2026-07-26 13:00:01.328 | DEBUG    | stock_bot.live.runner:_news_tick:624 - news 010950 new=0/0 (모두 중복)
2026-07-26 14:00:00.293 | INFO     | stock_bot.news.crawler:fetch_naver_news:165 - news relevance filter: 1 → 0 (제외 1건) [078930]
2026-07-26 14:00:00.294 | INFO     | stock_bot.news.crawler:fetch_naver_news:170 - fetched 0 news items for 078930
2026-07-26 14:00:00.295 | DEBUG    | stock_bot.live.runner:_news_tick:624 - news 078930 new=0/0 (모두 중복)
2026-07-26 14:00:01.353 | INFO     | stock_bot.news.crawler:fetch_naver_news:165 - news relevance filter: 30 → 0 (제외 30건) [010950]
2026-07-26 14:00:01.353 | INFO     | stock_bot.news.crawler:fetch_naver_news:170 - fetched 0 news items for 010950
2026-07-26 14:00:01.355 | DEBUG    | stock_bot.live.runner:_news_tick:624 - news 010950 new=0/0 (모두 중복)
2026-07-26 15:00:00.275 | INFO     | stock_bot.news.crawler:fetch_naver_news:165 - news relevance filter: 1 → 0 (제외 1건) [078930]
2026-07-26 15:00:00.276 | INFO     | stock_bot.news.crawler:fetch_naver_news:170 - fetched 0 news items for 078930
2026-07-26 15:00:00.277 | DEBUG    | stock_bot.live.runner:_news_tick:624 - news 078930 new=0/0 (모두 중복)
2026-07-26 15:00:01.247 | INFO     | stock_bot.news.crawler:fetch_naver_news:165 - news relevance filter: 31 → 0 (제외 31건) [010950]
2026-07-26 15:00:01.248 | INFO     | stock_bot.news.crawler:fetch_naver_news:170 - fetched 0 news items for 010950
2026-07-26 15:00:01.249 | DEBUG    | stock_bot.live.runner:_news_tick:624 - news 010950 new=0/0 (모두 중복)
2026-07-26 16:00:00.290 | INFO     | stock_bot.news.crawler:fetch_naver_news:165 - news relevance filter: 2 → 0 (제외 2건) [078930]
2026-07-26 16:00:00.291 | INFO     | stock_bot.news.crawler:fetch_naver_news:170 - fetched 0 news items for 078930
2026-07-26 16:00:00.293 | DEBUG    | stock_bot.live.runner:_news_tick:624 - news 078930 new=0/0 (모두 중복)
2026-07-26 16:00:01.311 | INFO     | stock_bot.news.crawler:fetch_naver_news:165 - news relevance filter: 32 → 0 (제외 32건) [010950]
2026-07-26 16:00:01.312 | INFO     | stock_bot.news.crawler:fetch_naver_news:170 - fetched 0 news items for 010950
2026-07-26 16:00:01.314 | DEBUG    | stock_bot.live.runner:_news_tick:624 - news 010950 new=0/0 (모두 중복)
2026-07-26 17:00:00.269 | INFO     | stock_bot.news.crawler:fetch_naver_news:165 - news relevance filter: 2 → 0 (제외 2건) [078930]
2026-07-26 17:00:00.270 | INFO     | stock_bot.news.crawler:fetch_naver_news:170 - fetched 0 news items for 078930
2026-07-26 17:00:00.272 | DEBUG    | stock_bot.live.runner:_news_tick:624 - news 078930 new=0/0 (모두 중복)
2026-07-26 17:00:01.275 | INFO     | stock_bot.news.crawler:fetch_naver_news:165 - news relevance filter: 34 → 0 (제외 34건) [010950]
2026-07-26 17:00:01.276 | INFO     | stock_bot.news.crawler:fetch_naver_news:170 - fetched 0 news items for 010950
2026-07-26 17:00:01.277 | DEBUG    | stock_bot.live.runner:_news_tick:624 - news 010950 new=0/0 (모두 중복)
2026-07-26 18:00:00.304 | INFO     | stock_bot.news.crawler:fetch_naver_news:165 - news relevance filter: 2 → 0 (제외 2건) [078930]
2026-07-26 18:00:00.305 | INFO     | stock_bot.news.crawler:fetch_naver_news:170 - fetched 0 news items for 078930
2026-07-26 18:00:00.306 | DEBUG    | stock_bot.live.runner:_news_tick:624 - news 078930 new=0/0 (모두 중복)
2026-07-26 18:00:01.228 | INFO     | stock_bot.news.crawler:fetch_naver_news:165 - news relevance filter: 38 → 0 (제외 38건) [010950]
2026-07-26 18:00:01.228 | INFO     | stock_bot.news.crawler:fetch_naver_news:170 - fetched 0 news items for 010950
2026-07-26 18:00:01.230 | DEBUG    | stock_bot.live.runner:_news_tick:624 - news 010950 new=0/0 (모두 중복)
2026-07-26 19:00:00.281 | INFO     | stock_bot.news.crawler:fetch_naver_news:165 - news relevance filter: 2 → 0 (제외 2건) [078930]
2026-07-26 19:00:00.282 | INFO     | stock_bot.news.crawler:fetch_naver_news:170 - fetched 0 news items for 078930
2026-07-26 19:00:00.284 | DEBUG    | stock_bot.live.runner:_news_tick:624 - news 078930 new=0/0 (모두 중복)
2026-07-26 19:00:01.256 | INFO     | stock_bot.news.crawler:fetch_naver_news:165 - news relevance filter: 38 → 0 (제외 38건) [010950]
2026-07-26 19:00:01.256 | INFO     | stock_bot.news.crawler:fetch_naver_news:170 - fetched 0 news items for 010950
2026-07-26 19:00:01.258 | DEBUG    | stock_bot.live.runner:_news_tick:624 - news 010950 new=0/0 (모두 중복)
2026-07-26 20:00:00.283 | INFO     | stock_bot.news.crawler:fetch_naver_news:165 - news relevance filter: 2 → 0 (제외 2건) [078930]
2026-07-26 20:00:00.284 | INFO     | stock_bot.news.crawler:fetch_naver_news:170 - fetched 0 news items for 078930
2026-07-26 20:00:00.286 | DEBUG    | stock_bot.live.runner:_news_tick:624 - news 078930 new=0/0 (모두 중복)
2026-07-26 20:00:01.246 | INFO     | stock_bot.news.crawler:fetch_naver_news:165 - news relevance filter: 39 → 0 (제외 39건) [010950]
2026-07-26 20:00:01.247 | INFO     | stock_bot.news.crawler:fetch_naver_news:170 - fetched 0 news items for 010950
2026-07-26 20:00:01.248 | DEBUG    | stock_bot.live.runner:_news_tick:624 - news 010950 new=0/0 (모두 중복)
2026-07-26 21:00:00.294 | INFO     | stock_bot.news.crawler:fetch_naver_news:165 - news relevance filter: 2 → 0 (제외 2건) [078930]
2026-07-26 21:00:00.295 | INFO     | stock_bot.news.crawler:fetch_naver_news:170 - fetched 0 news items for 078930
2026-07-26 21:00:00.296 | DEBUG    | stock_bot.live.runner:_news_tick:624 - news 078930 new=0/0 (모두 중복)
2026-07-26 21:00:01.253 | INFO     | stock_bot.news.crawler:fetch_naver_news:165 - news relevance filter: 39 → 0 (제외 39건) [010950]
2026-07-26 21:00:01.254 | INFO     | stock_bot.news.crawler:fetch_naver_news:170 - fetched 0 news items for 010950
2026-07-26 21:00:01.256 | DEBUG    | stock_bot.live.runner:_news_tick:624 - news 010950 new=0/0 (모두 중복)
2026-07-26 22:00:00.290 | INFO     | stock_bot.news.crawler:fetch_naver_news:165 - news relevance filter: 2 → 0 (제외 2건) [078930]
2026-07-26 22:00:00.291 | INFO     | stock_bot.news.crawler:fetch_naver_news:170 - fetched 0 news items for 078930
2026-07-26 22:00:00.293 | DEBUG    | stock_bot.live.runner:_news_tick:624 - news 078930 new=0/0 (모두 중복)
2026-07-26 22:00:01.271 | INFO     | stock_bot.news.crawler:fetch_naver_news:165 - news relevance filter: 39 → 0 (제외 39건) [010950]
2026-07-26 22:00:01.272 | INFO     | stock_bot.news.crawler:fetch_naver_news:170 - fetched 0 news items for 010950
2026-07-26 22:00:01.273 | DEBUG    | stock_bot.live.runner:_news_tick:624 - news 010950 new=0/0 (모두 중복)
2026-07-26 23:00:00.432 | INFO     | stock_bot.news.crawler:fetch_naver_news:165 - news relevance filter: 2 → 0 (제외 2건) [078930]
2026-07-26 23:00:00.433 | INFO     | stock_bot.news.crawler:fetch_naver_news:170 - fetched 0 news items for 078930
2026-07-26 23:00:00.434 | DEBUG    | stock_bot.live.runner:_news_tick:624 - news 078930 new=0/0 (모두 중복)
2026-07-26 23:00:01.387 | INFO     | stock_bot.news.crawler:fetch_naver_news:165 - news relevance filter: 39 → 0 (제외 39건) [010950]
2026-07-26 23:00:01.388 | INFO     | stock_bot.news.crawler:fetch_naver_news:170 - fetched 0 news items for 010950
2026-07-26 23:00:01.390 | DEBUG    | stock_bot.live.runner:_news_tick:624 - news 010950 new=0/0 (모두 중복)
