2026-09-06 00:00:00.005 | DEBUG    | stock_bot.live.runner:_send_cost_report:544 - claude_code 백엔드 — API 비용 리포트 생략
2026-09-06 00:00:00.362 | INFO     | stock_bot.news.crawler:fetch_naver_news:170 - fetched 1 news items for 002380
2026-09-06 00:00:00.367 | DEBUG    | stock_bot.live.runner:_news_tick:772 - news 002380 new=0/1 (모두 중복)
2026-09-06 00:00:00.581 | INFO     | stock_bot.news.crawler:fetch_naver_news:165 - news relevance filter: 9 → 1 (제외 8건) [058730]
2026-09-06 00:00:00.582 | INFO     | stock_bot.news.crawler:fetch_naver_news:170 - fetched 1 news items for 058730
2026-09-06 00:00:00.587 | DEBUG    | stock_bot.live.runner:_news_tick:772 - news 058730 new=0/1 (모두 중복)
2026-09-06 00:05:00.923 | DEBUG    | stock_bot.live.backup:_export_logs:182 - backup: bot 로그 2026-09-05 추출 14KB
2026-09-06 00:05:05.600 | DEBUG    | stock_bot.live.backup:_export_logs:182 - backup: web 로그 2026-09-05 추출 35KB
2026-09-06 00:05:06.721 | DEBUG    | stock_bot.live.backup:_git_push:286 - backup: origin 정렬됨(behind=0) → reset 생략, 바로 push
2026-09-06 00:05:08.949 | INFO     | stock_bot.live.backup:run_backup:365 - backup 완료: trades=51 reviews=28 news=0 log=50KB → git push
2026-09-06 01:00:00.300 | INFO     | stock_bot.news.crawler:fetch_naver_news:170 - fetched 1 news items for 002380
2026-09-06 01:00:00.306 | DEBUG    | stock_bot.live.runner:_news_tick:772 - news 002380 new=0/1 (모두 중복)
2026-09-06 01:00:00.498 | INFO     | stock_bot.news.crawler:fetch_naver_news:165 - news relevance filter: 9 → 1 (제외 8건) [058730]
2026-09-06 01:00:00.499 | INFO     | stock_bot.news.crawler:fetch_naver_news:170 - fetched 1 news items for 058730
2026-09-06 01:00:00.504 | DEBUG    | stock_bot.live.runner:_news_tick:772 - news 058730 new=0/1 (모두 중복)
2026-09-06 02:00:00.288 | INFO     | stock_bot.news.crawler:fetch_naver_news:170 - fetched 1 news items for 002380
2026-09-06 02:00:00.293 | DEBUG    | stock_bot.live.runner:_news_tick:772 - news 002380 new=0/1 (모두 중복)
2026-09-06 02:00:00.494 | INFO     | stock_bot.news.crawler:fetch_naver_news:165 - news relevance filter: 9 → 1 (제외 8건) [058730]
2026-09-06 02:00:00.495 | INFO     | stock_bot.news.crawler:fetch_naver_news:170 - fetched 1 news items for 058730
2026-09-06 02:00:00.500 | DEBUG    | stock_bot.live.runner:_news_tick:772 - news 058730 new=0/1 (모두 중복)
2026-09-06 03:00:00.354 | INFO     | stock_bot.news.crawler:fetch_naver_news:170 - fetched 1 news items for 002380
2026-09-06 03:00:00.360 | DEBUG    | stock_bot.live.runner:_news_tick:772 - news 002380 new=0/1 (모두 중복)
2026-09-06 03:00:00.563 | INFO     | stock_bot.news.crawler:fetch_naver_news:165 - news relevance filter: 9 → 1 (제외 8건) [058730]
2026-09-06 03:00:00.564 | INFO     | stock_bot.news.crawler:fetch_naver_news:170 - fetched 1 news items for 058730
2026-09-06 03:00:00.569 | DEBUG    | stock_bot.live.runner:_news_tick:772 - news 058730 new=0/1 (모두 중복)
2026-09-06 04:00:00.274 | INFO     | stock_bot.news.crawler:fetch_naver_news:170 - fetched 1 news items for 002380
2026-09-06 04:00:00.280 | DEBUG    | stock_bot.live.runner:_news_tick:772 - news 002380 new=0/1 (모두 중복)
2026-09-06 04:00:00.482 | INFO     | stock_bot.news.crawler:fetch_naver_news:165 - news relevance filter: 9 → 1 (제외 8건) [058730]
2026-09-06 04:00:00.482 | INFO     | stock_bot.news.crawler:fetch_naver_news:170 - fetched 1 news items for 058730
2026-09-06 04:00:00.487 | DEBUG    | stock_bot.live.runner:_news_tick:772 - news 058730 new=0/1 (모두 중복)
2026-09-06 05:00:00.271 | INFO     | stock_bot.news.crawler:fetch_naver_news:170 - fetched 1 news items for 002380
2026-09-06 05:00:00.276 | DEBUG    | stock_bot.live.runner:_news_tick:772 - news 002380 new=0/1 (모두 중복)
2026-09-06 05:00:00.472 | INFO     | stock_bot.news.crawler:fetch_naver_news:165 - news relevance filter: 9 → 1 (제외 8건) [058730]
2026-09-06 05:00:00.472 | INFO     | stock_bot.news.crawler:fetch_naver_news:170 - fetched 1 news items for 058730
2026-09-06 05:00:00.478 | DEBUG    | stock_bot.live.runner:_news_tick:772 - news 058730 new=0/1 (모두 중복)
2026-09-06 06:00:00.290 | INFO     | stock_bot.news.crawler:fetch_naver_news:170 - fetched 1 news items for 002380
2026-09-06 06:00:00.295 | DEBUG    | stock_bot.live.runner:_news_tick:772 - news 002380 new=0/1 (모두 중복)
2026-09-06 06:00:00.556 | INFO     | stock_bot.news.crawler:fetch_naver_news:165 - news relevance filter: 9 → 1 (제외 8건) [058730]
2026-09-06 06:00:00.556 | INFO     | stock_bot.news.crawler:fetch_naver_news:170 - fetched 1 news items for 058730
2026-09-06 06:00:00.561 | DEBUG    | stock_bot.live.runner:_news_tick:772 - news 058730 new=0/1 (모두 중복)
2026-09-06 07:00:00.300 | INFO     | stock_bot.news.crawler:fetch_naver_news:170 - fetched 1 news items for 002380
2026-09-06 07:00:00.306 | DEBUG    | stock_bot.live.runner:_news_tick:772 - news 002380 new=0/1 (모두 중복)
2026-09-06 07:00:00.512 | INFO     | stock_bot.news.crawler:fetch_naver_news:165 - news relevance filter: 9 → 1 (제외 8건) [058730]
2026-09-06 07:00:00.513 | INFO     | stock_bot.news.crawler:fetch_naver_news:170 - fetched 1 news items for 058730
2026-09-06 07:00:00.518 | DEBUG    | stock_bot.live.runner:_news_tick:772 - news 058730 new=0/1 (모두 중복)
2026-09-06 08:00:00.292 | INFO     | stock_bot.news.crawler:fetch_naver_news:170 - fetched 1 news items for 002380
2026-09-06 08:00:00.297 | DEBUG    | stock_bot.live.runner:_news_tick:772 - news 002380 new=0/1 (모두 중복)
2026-09-06 08:00:00.486 | INFO     | stock_bot.news.crawler:fetch_naver_news:165 - news relevance filter: 9 → 1 (제외 8건) [058730]
2026-09-06 08:00:00.487 | INFO     | stock_bot.news.crawler:fetch_naver_news:170 - fetched 1 news items for 058730
2026-09-06 08:00:00.492 | DEBUG    | stock_bot.live.runner:_news_tick:772 - news 058730 new=0/1 (모두 중복)
2026-09-06 09:00:00.278 | INFO     | stock_bot.news.crawler:fetch_naver_news:170 - fetched 1 news items for 002380
2026-09-06 09:00:00.283 | DEBUG    | stock_bot.live.runner:_news_tick:772 - news 002380 new=0/1 (모두 중복)
2026-09-06 09:00:00.489 | INFO     | stock_bot.news.crawler:fetch_naver_news:165 - news relevance filter: 9 → 1 (제외 8건) [058730]
2026-09-06 09:00:00.489 | INFO     | stock_bot.news.crawler:fetch_naver_news:170 - fetched 1 news items for 058730
2026-09-06 09:00:00.494 | DEBUG    | stock_bot.live.runner:_news_tick:772 - news 058730 new=0/1 (모두 중복)
2026-09-06 10:00:00.344 | INFO     | stock_bot.news.crawler:fetch_naver_news:170 - fetched 1 news items for 002380
2026-09-06 10:00:00.349 | DEBUG    | stock_bot.live.runner:_news_tick:772 - news 002380 new=0/1 (모두 중복)
2026-09-06 10:00:00.558 | INFO     | stock_bot.news.crawler:fetch_naver_news:165 - news relevance filter: 9 → 1 (제외 8건) [058730]
2026-09-06 10:00:00.559 | INFO     | stock_bot.news.crawler:fetch_naver_news:170 - fetched 1 news items for 058730
2026-09-06 10:00:00.564 | DEBUG    | stock_bot.live.runner:_news_tick:772 - news 058730 new=0/1 (모두 중복)
2026-09-06 11:00:00.288 | INFO     | stock_bot.news.crawler:fetch_naver_news:170 - fetched 1 news items for 002380
2026-09-06 11:00:00.293 | DEBUG    | stock_bot.live.runner:_news_tick:772 - news 002380 new=0/1 (모두 중복)
2026-09-06 11:00:00.483 | INFO     | stock_bot.news.crawler:fetch_naver_news:165 - news relevance filter: 9 → 1 (제외 8건) [058730]
2026-09-06 11:00:00.484 | INFO     | stock_bot.news.crawler:fetch_naver_news:170 - fetched 1 news items for 058730
2026-09-06 11:00:00.489 | DEBUG    | stock_bot.live.runner:_news_tick:772 - news 058730 new=0/1 (모두 중복)
2026-09-06 12:00:00.289 | INFO     | stock_bot.news.crawler:fetch_naver_news:170 - fetched 1 news items for 002380
2026-09-06 12:00:00.294 | DEBUG    | stock_bot.live.runner:_news_tick:772 - news 002380 new=0/1 (모두 중복)
2026-09-06 12:00:00.494 | INFO     | stock_bot.news.crawler:fetch_naver_news:165 - news relevance filter: 9 → 1 (제외 8건) [058730]
2026-09-06 12:00:00.495 | INFO     | stock_bot.news.crawler:fetch_naver_news:170 - fetched 1 news items for 058730
2026-09-06 12:00:00.500 | DEBUG    | stock_bot.live.runner:_news_tick:772 - news 058730 new=0/1 (모두 중복)
2026-09-06 13:00:00.282 | INFO     | stock_bot.news.crawler:fetch_naver_news:170 - fetched 1 news items for 002380
2026-09-06 13:00:00.287 | DEBUG    | stock_bot.live.runner:_news_tick:772 - news 002380 new=0/1 (모두 중복)
2026-09-06 13:00:00.541 | INFO     | stock_bot.news.crawler:fetch_naver_news:165 - news relevance filter: 9 → 1 (제외 8건) [058730]
2026-09-06 13:00:00.542 | INFO     | stock_bot.news.crawler:fetch_naver_news:170 - fetched 1 news items for 058730
2026-09-06 13:00:00.547 | DEBUG    | stock_bot.live.runner:_news_tick:772 - news 058730 new=0/1 (모두 중복)
2026-09-06 14:00:00.297 | INFO     | stock_bot.news.crawler:fetch_naver_news:170 - fetched 1 news items for 002380
2026-09-06 14:00:00.303 | DEBUG    | stock_bot.live.runner:_news_tick:772 - news 002380 new=0/1 (모두 중복)
2026-09-06 14:00:00.504 | INFO     | stock_bot.news.crawler:fetch_naver_news:165 - news relevance filter: 9 → 1 (제외 8건) [058730]
2026-09-06 14:00:00.505 | INFO     | stock_bot.news.crawler:fetch_naver_news:170 - fetched 1 news items for 058730
2026-09-06 14:00:00.510 | DEBUG    | stock_bot.live.runner:_news_tick:772 - news 058730 new=0/1 (모두 중복)
2026-09-06 15:00:00.282 | INFO     | stock_bot.news.crawler:fetch_naver_news:170 - fetched 1 news items for 002380
2026-09-06 15:00:00.288 | DEBUG    | stock_bot.live.runner:_news_tick:772 - news 002380 new=0/1 (모두 중복)
2026-09-06 15:00:00.498 | INFO     | stock_bot.news.crawler:fetch_naver_news:165 - news relevance filter: 9 → 1 (제외 8건) [058730]
2026-09-06 15:00:00.499 | INFO     | stock_bot.news.crawler:fetch_naver_news:170 - fetched 1 news items for 058730
2026-09-06 15:00:00.504 | DEBUG    | stock_bot.live.runner:_news_tick:772 - news 058730 new=0/1 (모두 중복)
2026-09-06 16:00:00.302 | INFO     | stock_bot.news.crawler:fetch_naver_news:170 - fetched 1 news items for 002380
2026-09-06 16:00:00.307 | DEBUG    | stock_bot.live.runner:_news_tick:772 - news 002380 new=0/1 (모두 중복)
2026-09-06 16:00:00.501 | INFO     | stock_bot.news.crawler:fetch_naver_news:165 - news relevance filter: 9 → 1 (제외 8건) [058730]
2026-09-06 16:00:00.502 | INFO     | stock_bot.news.crawler:fetch_naver_news:170 - fetched 1 news items for 058730
2026-09-06 16:00:00.507 | DEBUG    | stock_bot.live.runner:_news_tick:772 - news 058730 new=0/1 (모두 중복)
2026-09-06 17:00:00.341 | INFO     | stock_bot.news.crawler:fetch_naver_news:170 - fetched 1 news items for 002380
2026-09-06 17:00:00.346 | DEBUG    | stock_bot.live.runner:_news_tick:772 - news 002380 new=0/1 (모두 중복)
2026-09-06 17:00:00.567 | INFO     | stock_bot.news.crawler:fetch_naver_news:165 - news relevance filter: 9 → 1 (제외 8건) [058730]
2026-09-06 17:00:00.568 | INFO     | stock_bot.news.crawler:fetch_naver_news:170 - fetched 1 news items for 058730
2026-09-06 17:00:00.573 | DEBUG    | stock_bot.live.runner:_news_tick:772 - news 058730 new=0/1 (모두 중복)
2026-09-06 18:00:00.303 | INFO     | stock_bot.news.crawler:fetch_naver_news:170 - fetched 1 news items for 002380
2026-09-06 18:00:00.309 | DEBUG    | stock_bot.live.runner:_news_tick:772 - news 002380 new=0/1 (모두 중복)
2026-09-06 18:00:00.506 | INFO     | stock_bot.news.crawler:fetch_naver_news:165 - news relevance filter: 9 → 1 (제외 8건) [058730]
2026-09-06 18:00:00.507 | INFO     | stock_bot.news.crawler:fetch_naver_news:170 - fetched 1 news items for 058730
2026-09-06 18:00:00.512 | DEBUG    | stock_bot.live.runner:_news_tick:772 - news 058730 new=0/1 (모두 중복)
2026-09-06 19:00:00.259 | INFO     | stock_bot.news.crawler:fetch_naver_news:170 - fetched 1 news items for 002380
2026-09-06 19:00:00.264 | DEBUG    | stock_bot.live.runner:_news_tick:772 - news 002380 new=0/1 (모두 중복)
2026-09-06 19:00:00.474 | INFO     | stock_bot.news.crawler:fetch_naver_news:165 - news relevance filter: 9 → 1 (제외 8건) [058730]
2026-09-06 19:00:00.475 | INFO     | stock_bot.news.crawler:fetch_naver_news:170 - fetched 1 news items for 058730
2026-09-06 19:00:00.480 | DEBUG    | stock_bot.live.runner:_news_tick:772 - news 058730 new=0/1 (모두 중복)
2026-09-06 20:00:00.291 | INFO     | stock_bot.news.crawler:fetch_naver_news:170 - fetched 1 news items for 002380
2026-09-06 20:00:00.296 | DEBUG    | stock_bot.live.runner:_news_tick:772 - news 002380 new=0/1 (모두 중복)
2026-09-06 20:00:00.579 | INFO     | stock_bot.news.crawler:fetch_naver_news:165 - news relevance filter: 9 → 1 (제외 8건) [058730]
2026-09-06 20:00:00.580 | INFO     | stock_bot.news.crawler:fetch_naver_news:170 - fetched 1 news items for 058730
2026-09-06 20:00:00.585 | DEBUG    | stock_bot.live.runner:_news_tick:772 - news 058730 new=0/1 (모두 중복)
2026-09-06 21:00:00.293 | INFO     | stock_bot.news.crawler:fetch_naver_news:170 - fetched 1 news items for 002380
2026-09-06 21:00:00.298 | DEBUG    | stock_bot.live.runner:_news_tick:772 - news 002380 new=0/1 (모두 중복)
2026-09-06 21:00:00.500 | INFO     | stock_bot.news.crawler:fetch_naver_news:165 - news relevance filter: 9 → 1 (제외 8건) [058730]
2026-09-06 21:00:00.500 | INFO     | stock_bot.news.crawler:fetch_naver_news:170 - fetched 1 news items for 058730
2026-09-06 21:00:00.506 | DEBUG    | stock_bot.live.runner:_news_tick:772 - news 058730 new=0/1 (모두 중복)
2026-09-06 22:00:00.284 | INFO     | stock_bot.news.crawler:fetch_naver_news:170 - fetched 1 news items for 002380
2026-09-06 22:00:00.290 | DEBUG    | stock_bot.live.runner:_news_tick:772 - news 002380 new=0/1 (모두 중복)
2026-09-06 22:00:00.488 | INFO     | stock_bot.news.crawler:fetch_naver_news:165 - news relevance filter: 9 → 1 (제외 8건) [058730]
2026-09-06 22:00:00.489 | INFO     | stock_bot.news.crawler:fetch_naver_news:170 - fetched 1 news items for 058730
2026-09-06 22:00:00.494 | DEBUG    | stock_bot.live.runner:_news_tick:772 - news 058730 new=0/1 (모두 중복)
2026-09-06 23:00:00.299 | INFO     | stock_bot.news.crawler:fetch_naver_news:170 - fetched 1 news items for 002380
2026-09-06 23:00:00.304 | DEBUG    | stock_bot.live.runner:_news_tick:772 - news 002380 new=0/1 (모두 중복)
2026-09-06 23:00:00.532 | INFO     | stock_bot.news.crawler:fetch_naver_news:165 - news relevance filter: 9 → 1 (제외 8건) [058730]
2026-09-06 23:00:00.533 | INFO     | stock_bot.news.crawler:fetch_naver_news:170 - fetched 1 news items for 058730
2026-09-06 23:00:00.538 | DEBUG    | stock_bot.live.runner:_news_tick:772 - news 058730 new=0/1 (모두 중복)
