
======================================================================
  종목 스크리너  [2026-05-25 03:06]  모드: WEEKLY
======================================================================
  kospi 상위200 종목 목록 로딩 중... KRX 로그인 시도...
  로그인 ID: lainwhan6919
KRX 로그인 완료.
  로그인 시간: 2026-05-25 03:07:00
  만료 시간: 2026-05-25 04:07:00
  [시총정렬] KRX API (2878개 종목)
200개
  섹터 필터 적용: Semiconductors, 반도체
  후보 200개 → 재무+기술 분석(병렬 2개) → 상위 1개 저장

  분석 중... 1/200  000660.KS
  분석 중... 2/200  005930.KS
  분석 중... 3/200  402340.KS
  분석 중... 4/200  005380.KS
  분석 중... 5/200  009150.KS
  분석 중... 6/200  373220.KS
  분석 중... 7/200  032830.KS
  분석 중... 8/200  034020.KS
  분석 중... 9/200  329180.KS
  분석 중... 10/200  028260.KS
  분석 중... 11/200  207940.KS
  분석 중... 12/200  012450.KS
  분석 중... 13/200  000270.KS
  분석 중... 14/200  105560.KS
  분석 중... 15/200  012330.KS
  분석 중... 16/200  006400.KS
  분석 중... 17/200  055550.KS
  분석 중... 18/200  034730.KS
  분석 중... 19/200  068270.KS
  분석 중... 20/200  267260.KS
  분석 중... 21/200  010120.KS
  분석 중... 22/200  066570.KS
  분석 중... 23/200  006800.KS
  분석 중... 24/200  042660.KS
  분석 중... 25/200  298040.KS
  분석 중... 26/200  005490.KS
  분석 중... 27/200  086790.KS
  분석 중... 28/200  042700.KS
  분석 중... 29/200  035420.KS
  분석 중... 30/200  009540.KS
  분석 중... 31/200  010130.KS
  분석 중... 32/200  000150.KS
  분석 중... 33/200  010140.KS
  분석 중... 34/200  015760.KS
  분석 중... 35/200  000810.KS
  분석 중... 36/200  316140.KS
  분석 중... 37/200  051910.KS
  분석 중... 38/200  064350.KS
  분석 중... 39/200  267250.KS
  분석 중... 40/200  003670.KS
  분석 중... 41/200  017670.KS
  분석 중... 42/200  096770.KS
  분석 중... 43/200  272210.KS
  분석 중... 44/200  011070.KS
  분석 중... 45/200  079550.KS
  분석 중... 46/200  033780.KS
  분석 중... 47/200  011200.KS
  분석 중... 48/200  035720.KS
  분석 중... 49/200  003550.KS
  분석 중... 50/200  138040.KS
  분석 중... 51/200  086280.KS
  분석 중... 52/200  307950.KS
  분석 중... 53/200  006260.KS
  분석 중... 54/200  024110.KS
  분석 중... 55/200  000720.KS
  분석 중... 56/200  047810.KS
  분석 중... 57/200  018260.KS
  분석 중... 58/200  278470.KS
  분석 중... 59/200  071050.KS
  분석 중... 60/200  030200.KS
  분석 중... 61/200  259960.KS
  분석 중... 62/200  010950.KS
  분석 중... 63/200  047050.KS
  분석 중... 64/200  047040.KS
  분석 중... 65/200  005940.KS
  분석 중... 66/200  016360.KS
  분석 중... 67/200  443060.KS
  분석 중... 68/200  323410.KS
  분석 중... 69/200  001440.KS
  분석 중... 70/200  028050.KS
  분석 중... 71/200  039490.KS
  분석 중... 72/200  005830.KS
  분석 중... 73/200  352820.KS
  분석 중... 74/200  000880.KS
  분석 중... 75/200  003230.KS
  분석 중... 76/200  003490.KS
  분석 중... 77/200  007660.KS
  분석 중... 78/200  062040.KS
  분석 중... 79/200  064400.KS
  분석 중... 80/200  267270.KS
  분석 중... 81/200  000990.KS
  분석 중... 82/200  180640.KS
  분석 중... 83/200  161390.KS
  분석 중... 84/200  326030.KS
  분석 중... 85/200  034220.KS
  분석 중... 86/200  353200.KS
  분석 중... 87/200  009830.KS
  분석 중... 88/200  078930.KS
  분석 중... 89/200  000100.KS
  분석 중... 90/200  090430.KS
  분석 중... 91/200  454910.KS
  분석 중... 92/200  000500.KS
  분석 중... 93/200  032640.KS
  분석 중... 94/200  377300.KS
  분석 중... 95/200  021240.KS
  분석 중... 96/200  241560.KS
  분석 중... 97/200  336260.KS
  분석 중... 98/200  066970.KS
  분석 중... 99/200  082740.KS
  분석 중... 100/200  036570.KS
  분석 중... 101/200  010060.KS
  분석 중... 102/200  128940.KS
  분석 중... 103/200  052690.KS
  분석 중... 104/200  029780.KS
  분석 중... 105/200  004020.KS
  분석 중... 106/200  138930.KS
  분석 중... 107/200  271560.KS
  분석 중... 108/200  011790.KS
{'status': '013', 'message': '조회된 데이타가 없습니다.'}

{'status': '013', 'message': '조회된 데이타가 없습니다.'}

  분석 중... 109/200  088980.KS
  분석 중... 110/200  018880.KS
  분석 중... 111/200  103590.KS
  분석 중... 112/200  001040.KS
  분석 중... 113/200  004170.KS
  분석 중... 114/200  022100.KS
  분석 중... 115/200  088350.KS
  분석 중... 116/200  450080.KS
  분석 중... 117/200  175330.KS
  분석 중... 118/200  023530.KS
  분석 중... 119/200  002380.KS
  분석 중... 120/200  051900.KS
  분석 중... 121/200  111770.KS
  분석 중... 122/200  012510.KS
  분석 중... 123/200  004800.KS
  분석 중... 124/200  489790.KS
  분석 중... 125/200  011780.KS
  분석 중... 126/200  251270.KS
  분석 중... 127/200  011170.KS
  분석 중... 128/200  005850.KS
  분석 중... 129/200  014680.KS
  분석 중... 130/200  036460.KS
  분석 중... 131/200  017800.KS
  분석 중... 132/200  035250.KS
  분석 중... 133/200  001450.KS
  분석 중... 134/200  302440.KS
  분석 중... 135/200  097950.KS
  분석 중... 136/200  028670.KS
  분석 중... 137/200  031210.KS
  분석 중... 138/200  375500.KS
  분석 중... 139/200  020150.KS
  분석 중... 140/200  457190.KS
  분석 중... 141/200  001720.KS
  분석 중... 142/200  139130.KS
  분석 중... 143/200  383220.KS
  분석 중... 144/200  009420.KS
  분석 중... 145/200  204320.KS
  분석 중... 146/200  006360.KS
  분석 중... 147/200  071970.KS
  분석 중... 148/200  009970.KS
  분석 중... 149/200  483650.KS
  분석 중... 150/200  004990.KS
  분석 중... 151/200  007340.KS
  분석 중... 152/200  012750.KS
  분석 중... 153/200  439260.KS
  분석 중... 154/200  026960.KS
  분석 중... 155/200  229640.KS
  분석 중... 156/200  003690.KS
  분석 중... 157/200  139480.KS
  분석 중... 158/200  103140.KS
  분석 중... 159/200  011210.KS
  분석 중... 160/200  051600.KS
  분석 중... 161/200  004370.KS
  분석 중... 162/200  007810.KS
  분석 중... 163/200  018670.KS
  분석 중... 164/200  069960.KS
  분석 중... 165/200  000240.KS
  분석 중... 166/200  120110.KS
  분석 중... 167/200  008930.KS
  분석 중... 168/200  008770.KS
  분석 중... 169/200  007070.KS
  분석 중... 170/200  322000.KS
  분석 중... 171/200  001430.KS
  분석 중... 172/200  282330.KS
  분석 중... 173/200  005440.KS
  분석 중... 174/200  279570.KS
  분석 중... 175/200  112610.KS
  분석 중... 176/200  030000.KS
  분석 중... 177/200  161890.KS
  분석 중... 178/200  192820.KS
  분석 중... 179/200  081660.KS
  분석 중... 180/200  085620.KS
  분석 중... 181/200  000120.KS
  분석 중... 182/200  097230.KS
  분석 중... 183/200  077970.KS
  분석 중... 184/200  017960.KS
  분석 중... 185/200  023590.KS
  분석 중... 186/200  002790.KS
  분석 중... 187/200  298020.KS
  분석 중... 188/200  005070.KS
  분석 중... 189/200  001120.KS
  분석 중... 190/200  462870.KS
  분석 중... 191/200  395400.KS
  분석 중... 192/200  361610.KS
  분석 중... 193/200  001740.KS
  분석 중... 194/200  003540.KS
  분석 중... 195/200  006040.KS
  분석 중... 196/200  006280.KS
  분석 중... 197/200  003570.KS
  분석 중... 198/200  001800.KS
  분석 중... 199/200  069620.KS
  분석 중... 200/200  032350.KS
  분석 완료! (200개)
  산업 필터: 200개 → 5개 (반도체)

──────────────────────────────────────────────────────────────────────
  순위   종목             이름               총점      기술      재무  섹터
──────────────────────────────────────────────────────────────────────
  ★1   005930.KS      삼성전자           9.3   10.0   13.0  반도체와반도체장비
       기술: SMA20=위 (292500 vs 260750)  RSI=71.6  ROC20=+34.5%  거래량=보통 (5일평균 0.97x)
       재무: PER=6.8(fwd)  ROE=10.4%  매출성장=+10.9%  이익성장=+31.2%
       실적: 서프라이즈=EPS YoY +33% (강)  연속비트=2년 연속 EPS 성장  EPS추세=컨센서스 포워드 +555%
   2   000990.KS      DB하이텍          8.7   10.0   11.0  반도체와반도체장비
   3   402340.KS      SK스퀘어          7.8   10.0    8.5  복합기업
   4   000660.KS      SK하이닉스         6.9    9.5    6.5  반도체와반도체장비
   5   042700.KS      한미반도체          5.2    4.0    9.5  반도체와반도체장비
──────────────────────────────────────────────────────────────────────

  주간 풀 1개: 005930.KS

[완료] 주간 풀 저장: screener_weekly_pool.txt  (1개)

