━━━ 새 스크리너 실행  2026-08-04 07:30:12 ━━━
[장전 분석 시작 — 장세 판정 + 섹터 강도 분석 (최대 10분)]
🔎 **장전 분석** · 하락장  (지수평균 -6.7% vs 20일선 · 코스피 -9.0% · 코스닥 -4.4%)

🏅 **섹터 강도 TOP5**  (krx 400종목 · 20일수익률 중앙값)
  (없음)
  ⚠️ 선정 섹터 없음 (상승비율 50% 충족 섹터 없음 → 기본 유지)
  [DART 캐시] 1657개 종목 디스크 캐시 로드
  [업종 캐시] 1648개 종목 디스크 캐시 로드

━━━━━━━━━━━━━━━ 종목 스크리너  [2026-08-04 07:32]  모드: WEEKLY ━━━━━━━━━━━━━━━━
  kospi 상위800 종목 목록 로딩 중...   [유니버스] 원격 800종목 로드(파이 제공) — CI KRX 조회 건너뜀
800개
  섹터 필터 적용: 건설, Engineering & Construction
  후보 800개 → 재무+기술 분석(병렬 8개) → 상위 2개 저장

  분석 중... 1/800  207940.KS  삼성바이오
  분석 중... 2/800  105560.KS  KB금융
  분석 중... 3/800  000660.KS  SK하이닉스
  분석 중... 4/800  005930.KS  삼성전자
  분석 중... 5/800  373220.KS  LG에너지솔
  분석 중... 6/800  028260.KS  삼성물산
  분석 중... 7/800  000270.KS  기아
  분석 중... 8/800  329180.KS  HD현대중공업
  분석 중... 9/800  012450.KS  한화에어로스페이스
  분석 중... 10/800  012330.KS  현대모비스
  분석 중... 11/800  034020.KS  두산에너빌리티
  분석 중... 12/800  055550.KS  신한지주
  분석 중... 13/800  068270.KS  셀트리온
  분석 중... 14/800  034730.KS  SK
  분석 중... 15/800  086790.KS  하나금융
  분석 중... 16/800  035420.KS  NAVER
  분석 중... 17/800  006400.KS  삼성SDI
  분석 중... 18/800  010120.KS  LS ELECTRIC
  분석 중... 19/800  000810.KS  삼성화재
  분석 중... 20/800  009540.KS  HD한국조선해양
  분석 중... 21/800  066570.KS  LG전자
  분석 중... 22/800  042660.KS  한화오션
  분석 중... 23/800  316140.KS  우리금융
  분석 중... 24/800  005490.KS  POSCO홀딩스
  분석 중... 25/800  267260.KS  HD현대일렉트릭
  분석 중... 26/800  298040.KS  효성중공업
  분석 중... 27/800  015760.KS  한국전력
  분석 중... 28/800  138040.KS  메리츠금융지주
  분석 중... 29/800  000150.KS  두산
  분석 중... 30/800  010130.KS  고려아연
  분석 중... 31/800  011200.KS  HMM
  분석 중... 32/800  042700.KS  한미반도체
  분석 중... 33/800  006800.KS  미래에셋증권
  분석 중... 34/800  010140.KS  삼성중공업
  분석 중... 35/800  096770.KS  SK이노베이션
  분석 중... 36/800  033780.KS  KT&G
  분석 중... 37/800  017670.KS  SK텔레콤
  분석 중... 38/800  051910.KS  LG화학
  분석 중... 39/800  035720.KS  카카오
  분석 중... 40/800  024110.KS  기업은행
  분석 중... 41/800  018260.KS  삼성에스디에스
  분석 중... 42/800  267250.KS  HD현대
  분석 중... 43/800  079550.KS  LIG디펜스앤에어로스페이스
  분석 중... 44/800  086280.KS  현대글로비스
  분석 중... 45/800  064350.KS  현대로템
  분석 중... 46/800  010950.KS  S-Oil
  분석 중... 47/800  030200.KS  KT
  분석 중... 48/800  278470.KS  에이피알
  분석 중... 49/800  003550.KS  LG
  분석 중... 50/800  003670.KS  포스코퓨처엠
  분석 중... 51/800  011070.KS  LG이노텍
  분석 중... 52/800  047810.KS  한국항공우주
  분석 중... 53/800  272210.KS  한화시스템
  분석 중... 54/800  259960.KS  크래프톤
  분석 중... 55/800  071050.KS  한국금융지주
  분석 중... 56/800  000720.KS  현대건설
  분석 중... 57/800  307950.KS  현대오토에버
  분석 중... 58/800  323410.KS  카카오뱅크
  분석 중... 59/800  005940.KS  NH투자증권
  분석 중... 60/800  005830.KS  DB손해보험
  [DART 013] corp=00126371 (009150) → 2026년 H1 · 2026년 Q3 데이터없음
  분석 중... 61/800  009150.KS  삼성전기
  분석 중... 62/800  003490.KS  대한항공
  분석 중... 63/800  047050.KS  포스코인터내셔널
  분석 중... 64/800  028050.KS  삼성E&A
  분석 중... 65/800  003230.KS  삼양식품
  분석 중... 66/800  006260.KS  LS
  분석 중... 67/800  016360.KS  삼성증권
  분석 중... 68/800  161390.KS  한국타이어앤테크놀로지
  분석 중... 69/800  443060.KS  HD현대마린솔루션
  분석 중... 70/800  180640.KS  한진칼
  분석 중... 71/800  078930.KS  GS
  분석 중... 72/800  090430.KS  아모레퍼시픽
  분석 중... 73/800  352820.KS  하이브
  분석 중... 74/800  039490.KS  키움증권
  분석 중... 75/800  021240.KS  코웨이
  분석 중... 76/800  032640.KS  LG유플러스
  분석 중... 77/800  326030.KS  SK바이오팜
  분석 중... 78/800  267270.KS  HD건설기계
  분석 중... 79/800  064400.KS  LG씨엔에스
  분석 중... 80/800  000880.KS  한화
  분석 중... 81/800  000100.KS  유한양행
  분석 중... 82/800  377300.KS  카카오페이
  분석 중... 83/800  241560.KS  두산밥캣
  분석 중... 84/800  007660.KS  이수페타시스
  분석 중... 85/800  047040.KS  대우건설
  분석 중... 86/800  029780.KS  삼성카드
  분석 중... 87/800  271560.KS  오리온
  분석 중... 88/800  175330.KS  JB금융지주
  분석 중... 89/800  036570.KS  NC
  분석 중... 90/800  353200.KS  대덕전자
  분석 중... 91/800  001440.KS  대한전선
  분석 중... 92/800  138930.KS  BNK금융지주
  분석 중... 93/800  034220.KS  LG디스플레이
  분석 중... 94/800  062040.KS  산일전기
  분석 중... 95/800  128940.KS  한미약품
  분석 중... 96/800  009830.KS  한화솔루션
  분석 중... 97/800  051900.KS  LG생활건강
  분석 중... 98/800  454910.KS  두산로보틱스
  분석 중... 99/800  000500.KS  가온전선
  분석 중... 100/800  111770.KS  영원무역
  분석 중... 101/800  004170.KS  신세계
  분석 중... 102/800  001040.KS  CJ
  분석 중... 103/800  088350.KS  한화생명
  분석 중... 104/800  010060.KS  OCI홀딩스
  분석 중... 105/800  011790.KS  SKC
  분석 중... 106/800  000990.KS  DB하이텍
  분석 중... 107/800  052690.KS  한전기술
  분석 중... 108/800  018880.KS  한온시스템
  분석 중... 109/800  004020.KS  현대제철
  분석 중... 110/800  023530.KS  롯데쇼핑
  분석 중... 111/800  002380.KS  KCC
  분석 중... 112/800  001450.KS  현대해상
  분석 중... 113/800  082740.KS  한화엔진
  분석 중... 114/800  036460.KS  한국가스공사
  분석 중... 115/800  251270.KS  넷마블
  분석 중... 116/800  035250.KS  강원랜드
  분석 중... 117/800  066970.KS  엘앤에프
  분석 중... 118/800  031210.KS  서울보증보험
  분석 중... 119/800  022100.KS  포스코DX
  분석 중... 120/800  097950.KS  CJ제일제당
  분석 중... 121/800  011780.KS  금호석유화학
  분석 중... 122/800  483650.KS  달바글로벌
  분석 중... 123/800  012750.KS  에스원
  분석 중... 124/800  139130.KS  iM금융지주
  분석 중... 125/800  302440.KS  SK바이오사이언스
  분석 중... 126/800  017800.KS  현대엘리베이터
  분석 중... 127/800  028670.KS  팬오션
  분석 중... 128/800  026960.KS  동서
  분석 중... 129/800  103590.KS  일진전기
  분석 중... 130/800  005850.KS  에스엘
  분석 중... 131/800  069960.KS  현대백화점
  분석 중... 132/800  008930.KS  한미사이언스
  분석 중... 133/800  009970.KS  영원무역홀딩스
  분석 중... 134/800  009420.KS  한올바이오파마
  분석 중... 135/800  003690.KS  코리안리
  분석 중... 136/800  004800.KS  효성
  분석 중... 137/800  007340.KS  DN오토모티브
  분석 중... 138/800  000240.KS  한국앤컴퍼니
  분석 중... 139/800  375500.KS  DL이앤씨
  분석 중... 140/800  011170.KS  롯데케미칼
  분석 중... 141/800  383220.KS  F&F
  분석 중... 142/800  001720.KS  신영증권
  분석 중... 143/800  081660.KS  미스토홀딩스
  분석 중... 144/800  450080.KS  에코프로머티
  분석 중... 145/800  161890.KS  한국콜마
  분석 중... 146/800  279570.KS  케이뱅크
  분석 중... 147/800  004370.KS  농심
  분석 중... 148/800  004990.KS  롯데지주
  분석 중... 149/800  014680.KS  한솔케미칼
  분석 중... 150/800  204320.KS  HL만도
  분석 중... 151/800  489790.KS  한화비전
  분석 중... 152/800  030000.KS  제일기획
  분석 중... 153/800  005440.KS  현대지에프홀딩스
  분석 중... 154/800  139480.KS  이마트
  분석 중... 155/800  282330.KS  BGF리테일
  분석 중... 156/800  192820.KS  코스맥스
  분석 중... 157/800  006360.KS  GS건설
  분석 중... 158/800  007070.KS  GS리테일
  분석 중... 159/800  085620.KS  미래에셋생명
  분석 중... 160/800  051600.KS  한전KPS
  분석 중... 161/800  002790.KS  아모레퍼시픽홀딩스
  분석 중... 162/800  073240.KS  금호타이어
  [DART 013] corp=00435297 (088980) → 2025년 연간 · 2024년 연간 · 2026년 H1 · 2026년 Q3 · 2025년 Q3 데이터없음
  분석 중... 163/800  088980.KS  맥쿼리인프라
  분석 중... 164/800  103140.KS  풍산
  분석 중... 165/800  018670.KS  SK가스
  분석 중... 166/800  462870.KS  시프트업
  분석 중... 167/800  439260.KS  대한조선
  분석 중... 168/800  336260.KS  두산퓨얼셀
  분석 중... 169/800  071970.KS  HD현대마린엔진
  분석 중... 170/800  000120.KS  CJ대한통운
  분석 중... 171/800  457190.KS  이수스페셜티케미컬
  분석 중... 172/800  008770.KS  호텔신라
  분석 중... 173/800  011210.KS  현대위아
  분석 중... 174/800  112610.KS  씨에스윈드
  분석 중... 175/800  395400.KS  SK리츠
  분석 중... 176/800  023590.KS  다우기술
  분석 중... 177/800  475150.KS  SK이터닉스
  분석 중... 178/800  006040.KS  동원산업
  분석 중... 179/800  001800.KS  오리온홀딩스
  분석 중... 180/800  120110.KS  코오롱인더
  분석 중... 181/800  020560.KS  아시아나항공
  분석 중... 182/800  020150.KS  롯데에너지머티리얼즈
  분석 중... 183/800  001740.KS  SK네트웍스
  분석 중... 184/800  089860.KS  롯데렌탈
  분석 중... 185/800  097230.KS  HJ중공업
  분석 중... 186/800  298020.KS  효성티앤씨
  분석 중... 187/800  281820.KS  케이씨텍
  분석 중... 188/800  322000.KS  HD현대에너지솔루션
  분석 중... 189/800  006280.KS  녹십자
  분석 중... 190/800  294870.KS  IPARK현대산업개발
  분석 중... 191/800  069620.KS  대웅제약
  분석 중... 192/800  001120.KS  LX인터내셔널
  분석 중... 193/800  007310.KS  오뚜기
  분석 중... 194/800  082640.KS  동양생명
  분석 중... 195/800  192080.KS  더블유게임즈
  분석 중... 196/800  001430.KS  세아베스틸지주
  분석 중... 197/800  229640.KS  LS에코에너지
  분석 중... 198/800  003540.KS  대신증권
  분석 중... 199/800  181710.KS  NHN
  분석 중... 200/800  012630.KS  HDC
  분석 중... 201/800  004000.KS  롯데정밀화학
  분석 중... 202/800  007810.KS  코리아써키트
  분석 중... 203/800  017960.KS  한국카본
  분석 중... 204/800  361610.KS  SK아이이테크놀로지
  분석 중... 205/800  030610.KS  교보증권
  분석 중... 206/800  005070.KS  코스모신소재
  분석 중... 207/800  000080.KS  하이트진로
  분석 중... 208/800  006340.KS  대원전선
  분석 중... 209/800  093370.KS  후성
  분석 중... 210/800  003570.KS  SNT다이내믹스
  분석 중... 211/800  330590.KS  롯데리츠
  분석 중... 212/800  300720.KS  한일시멘트
  분석 중... 213/800  003240.KS  태광산업
  분석 중... 214/800  000210.KS  DL
  분석 중... 215/800  009450.KS  경동나비엔
  분석 중... 216/800  005300.KS  롯데칠성
  분석 중... 217/800  003090.KS  대웅
  분석 중... 218/800  192400.KS  쿠쿠홀딩스
  분석 중... 219/800  032350.KS  롯데관광개발
  분석 중... 220/800  280360.KS  롯데웰푸드
  분석 중... 221/800  185750.KS  종근당
  분석 중... 222/800  077970.KS  STX엔진
  분석 중... 223/800  003530.KS  한화투자증권
  분석 중... 224/800  009240.KS  한샘
  분석 중... 225/800  034230.KS  파라다이스
  분석 중... 226/800  451800.KS  한화리츠
  분석 중... 227/800  006120.KS  SK디스커버리
  분석 중... 228/800  003470.KS  유안타증권
  분석 중... 229/800  030190.KS  NICE평가정보
  분석 중... 230/800  079160.KS  CJ CGV
  분석 중... 231/800  195870.KS  해성디에스
  분석 중... 232/800  100090.KS  SK오션플랜트
  분석 중... 233/800  137310.KS  에스디바이오센서
  분석 중... 234/800  365550.KS  ESR켄달스퀘어리츠
  분석 중... 235/800  001820.KS  삼화콘덴서
  분석 중... 236/800  036530.KS  SNT홀딩스
  분석 중... 237/800  214320.KS  이노션
  분석 중... 238/800  499790.KS  GS피앤엘
  분석 중... 239/800  071320.KS  지역난방공사
  분석 중... 240/800  298050.KS  HS효성첨단소재
  분석 중... 241/800  064960.KS  SNT모티브
  분석 중... 242/800  004490.KS  세방전지
  분석 중... 243/800  003850.KS  보령
  분석 중... 244/800  285130.KS  SK케미칼
  분석 중... 245/800  000370.KS  한화손해보험
  분석 중... 246/800  248070.KS  솔루엠
  분석 중... 247/800  093050.KS  LF
  분석 중... 248/800  002960.KS  한국쉘석유
  분석 중... 249/800  001570.KS  금양
  분석 중... 250/800  005090.KS  SGC에너지
  분석 중... 251/800  000670.KS  영풍
  분석 중... 252/800  293940.KS  신한알파리츠
  분석 중... 253/800  456040.KS  OCI
  분석 중... 254/800  005180.KS  빙그레
  분석 중... 255/800  005690.KS  파미셀
  분석 중... 256/800  025540.KS  한국단자
  분석 중... 257/800  317450.KS  명인제약
  분석 중... 258/800  006380.KS  카프로
  분석 중... 259/800  001680.KS  대상
  분석 중... 260/800  069260.KS  TKG휴켐스
  분석 중... 261/800  003160.KS  디아이
  분석 중... 262/800  014820.KS  동원시스템즈
  분석 중... 263/800  002350.KS  넥센타이어
  분석 중... 264/800  000400.KS  롯데손해보험
  분석 중... 265/800  005880.KS  대한해운
  분석 중... 266/800  383800.KS  LX홀딩스
  분석 중... 267/800  268280.KS  미원에스씨
  분석 중... 268/800  000640.KS  동아쏘시오홀딩스
  분석 중... 269/800  453340.KS  현대그린푸드
  [DART 013] corp=01880801 (415640) → 2025년 연간 · 2024년 연간 · 2026년 H1 · 2026년 Q3 · 2025년 Q3 데이터없음
  분석 중... 270/800  415640.KS  KB발해인프라
  분석 중... 271/800  114090.KS  GKL
  분석 중... 272/800  017940.KS  E1
  분석 중... 273/800  075580.KS  세진중공업
  분석 중... 274/800  006650.KS  대한유화
  분석 중... 275/800  007700.KS  F&F홀딩스
  분석 중... 276/800  016380.KS  KG스틸
  분석 중... 277/800  003300.KS  한일홀딩스
  분석 중... 278/800  108320.KS  LX세미콘
  [DART 013] corp=01596425 (402340) → 2026년 H1 · 2026년 Q3 데이터없음
  분석 중... 279/800  402340.KS  SK스퀘어
  분석 중... 280/800  003620.KS  KG모빌리티
  분석 중... 281/800  100840.KS  SNT에너지
  분석 중... 282/800  010780.KS  아이에스동서
  분석 중... 283/800  001060.KS  JW중외제약
  분석 중... 284/800  002840.KS  미원상사
  분석 중... 285/800  001270.KS  부국증권
  분석 중... 286/800  006110.KS  삼아알미늄
  분석 중... 287/800  090460.KS  비에이치
  분석 중... 288/800  178920.KS  PI첨단소재
  분석 중... 289/800  033240.KS  자화전자
  분석 중... 290/800  058650.KS  세아홀딩스
  분석 중... 291/800  005810.KS  풍산홀딩스
  분석 중... 292/800  001530.KS  DI동일
  분석 중... 293/800  009410.KS  태영건설
  분석 중... 294/800  034310.KS  NICE
  분석 중... 295/800  001510.KS  SK증권
  분석 중... 296/800  448730.KS  삼성FN리츠
  분석 중... 297/800  284740.KS  쿠쿠홈시스
  분석 중... 298/800  039130.KS  하나투어
  분석 중... 299/800  377740.KS  바이오노트
  분석 중... 300/800  079900.KS  전진건설로봇
  분석 중... 301/800  001500.KS  현대차증권
  분석 중... 302/800  002240.KS  고려제강
  분석 중... 303/800  336370.KS  솔루스첨단소재
  분석 중... 304/800  000070.KS  삼양홀딩스
  분석 중... 305/800  145990.KS  삼양사
  분석 중... 306/800  249420.KS  일동제약
  [DART 013] corp=00126256 (032830) → 2026년 H1 · 2026년 Q3 데이터없음
  분석 중... 307/800  032830.KS  삼성생명
  분석 중... 308/800  005250.KS  녹십자홀딩스
  분석 중... 309/800  003030.KS  세아제강지주
  분석 중... 310/800  460860.KS  동국제강
  분석 중... 311/800  008060.KS  대덕
  분석 중... 312/800  004690.KS  삼천리
  분석 중... 313/800  484870.KS  엠앤씨솔루션
  분석 중... 314/800  004700.KS  조광피혁
  분석 중... 315/800  072710.KS  농심홀딩스
  [DART 013] corp=00164742 (005380) → 2026년 H1 · 2026년 Q3 데이터없음
  분석 중... 316/800  005380.KS  현대차
  분석 중... 317/800  417310.KS  코람코더원리츠
  분석 중... 318/800  002810.KS  삼영무역
  분석 중... 319/800  019170.KS  신풍제약
  분석 중... 320/800  014830.KS  유니드
  분석 중... 321/800  161000.KS  애경케미칼
  분석 중... 322/800  003000.KS  부광약품
  분석 중... 323/800  001200.KS  유진투자증권
  분석 중... 324/800  001940.KS  KISCO홀딩스
  분석 중... 325/800  029530.KS  신도리코
  분석 중... 326/800  194370.KS  제이에스코퍼레이션
  분석 중... 327/800  031430.KS  신세계인터내셔날
  분석 중... 328/800  357120.KS  코람코라이프인프라리츠
  분석 중... 329/800  403550.KS  쏘카
  분석 중... 330/800  002030.KS  아세아
  분석 중... 331/800  027410.KS  BGF
  분석 중... 332/800  016590.KS  신대양제지
  분석 중... 333/800  003280.KS  흥아해운
  분석 중... 334/800  015360.KS  INVENI
  분석 중... 335/800  020000.KS  한섬
  분석 중... 336/800  016610.KS  DB증권
  분석 중... 337/800  306200.KS  세아제강
  분석 중... 338/800  452260.KS  한화갤러리아
  분석 중... 339/800  271940.KS  일진하이솔루스
  분석 중... 340/800  105630.KS  한세실업
  분석 중... 341/800  950210.KS  프레스티지바이오파마
  분석 중... 342/800  007690.KS  국도화학
  분석 중... 343/800  381970.KS  케이카
  분석 중... 344/800  092230.KS  KPX홀딩스
  분석 중... 345/800  344820.KS  KCC글라스
  분석 중... 346/800  126560.KS  현대퓨처넷
  분석 중... 347/800  170900.KS  동아에스티
  분석 중... 348/800  005420.KS  코스모화학
  분석 중... 349/800  009900.KS  명신산업
  분석 중... 350/800  089590.KS  제주항공
  [DART 013] corp=00600013 (094800) → 2025년 연간 · 2024년 연간 · 2026년 H1 · 2026년 Q3 · 2025년 Q3 데이터없음
  분석 중... 351/800  094800.KS  맵스리얼티
  분석 중... 352/800  104700.KS  한국철강
  분석 중... 353/800  060980.KS  HL홀딩스
  분석 중... 354/800  130660.KS  한전산업
  분석 중... 355/800  005610.KS  삼립
  분석 중... 356/800  006220.KS  제주은행
  분석 중... 357/800  011760.KS  현대코퍼레이션
  분석 중... 358/800  017810.KS  풀무원
  분석 중... 359/800  002990.KS  금호건설
  분석 중... 360/800  145720.KS  덴티움
  분석 중... 361/800  183190.KS  아세아시멘트
  분석 중... 362/800  008730.KS  율촌화학
  분석 중... 363/800  005950.KS  이수화학
  분석 중... 364/800  097520.KS  엠씨넥스
  분석 중... 365/800  017900.KS  광전자
  분석 중... 366/800  024720.KS  콜마홀딩스
  분석 중... 367/800  029460.KS  케이씨
  분석 중... 368/800  002020.KS  코오롱
  분석 중... 369/800  009290.KS  광동제약
  분석 중... 370/800  005720.KS  넥센
  분석 중... 371/800  126720.KS  수산인더스트리
  분석 중... 372/800  009160.KS  SIMPAC
  분석 중... 373/800  018250.KS  애경산업
  분석 중... 374/800  011930.KS  신성이엔지
  분석 중... 375/800  026890.KS  스틱인베스트먼트
  분석 중... 376/800  200880.KS  서연이화
  분석 중... 377/800  001750.KS  한양증권
  분석 중... 378/800  016800.KS  퍼시스
  분석 중... 379/800  091810.KS  트리니티항공
  분석 중... 380/800  037710.KS  광주신세계
  분석 중... 381/800  002310.KS  아세아제지
  분석 중... 382/800  108670.KS  LX하우시스
  분석 중... 383/800  012030.KS  DB
  분석 중... 384/800  033270.KS  유나이티드제약
  분석 중... 385/800  004710.KS  한솔테크닉스
  분석 중... 386/800  005430.KS  한국공항
  분석 중... 387/800  192650.KS  드림텍
  분석 중... 388/800  244920.KS  에이플러스에셋
  분석 중... 389/800  034830.KS  한국토지신탁
  분석 중... 390/800  123890.KS  한국자산신탁
  분석 중... 391/800  078520.KS  에이블씨엔씨
  분석 중... 392/800  092790.KS  넥스틸
  분석 중... 393/800  015860.KS  일진홀딩스
  분석 중... 394/800  003960.KS  사조대림
  분석 중... 395/800  096760.KS  JW홀딩스
  분석 중... 396/800  272450.KS  진에어
  분석 중... 397/800  084690.KS  대상홀딩스
  분석 중... 398/800  105840.KS  우진
  분석 중... 399/800  084010.KS  대한제강
  분석 중... 400/800  001390.KS  KG케미칼
  분석 중... 401/800  286940.KS  롯데이노베이트
  분석 중... 402/800  004430.KS  송원산업
  분석 중... 403/800  003120.KS  일성아이에스
  분석 중... 404/800  025860.KS  남해화학
  분석 중... 405/800  017390.KS  서울가스
  분석 중... 406/800  001230.KS  동국홀딩스
  분석 중... 407/800  003920.KS  남양유업
  분석 중... 408/800  005680.KS  삼영전자
  분석 중... 409/800  010820.KS  퍼스텍
  분석 중... 410/800  010690.KS  화신
  분석 중... 411/800  317400.KS  자이에스앤디
  분석 중... 412/800  002900.KS  TYM
  분석 중... 413/800  217590.KS  티엠씨
  분석 중... 414/800  298690.KS  에어부산
  분석 중... 415/800  298000.KS  효성화학
  분석 중... 416/800  058430.KS  포스코스틸리온
  분석 중... 417/800  003650.KS  미창석유
  분석 중... 418/800  004360.KS  세방
  분석 중... 419/800  122900.KS  아이마켓코리아
  분석 중... 420/800  007160.KS  사조산업
  분석 중... 421/800  008490.KS  서흥
  분석 중... 422/800  900140.KS  엘브이엠씨홀딩스
  분석 중... 423/800  005500.KS  삼진제약
  분석 중... 424/800  003200.KS  일신방직
  분석 중... 425/800  028100.KS  동아지질
  분석 중... 426/800  404990.KS  신한서부티엔디리츠
  분석 중... 427/800  002320.KS  한진
  분석 중... 428/800  002710.KS  TCC스틸
  분석 중... 429/800  348950.KS  제이알글로벌리츠
  분석 중... 430/800  001790.KS  대한제당
  분석 중... 431/800  000050.KS  경방
  분석 중... 432/800  136490.KS  선진
  분석 중... 433/800  334890.KS  이지스밸류플러스리츠
  분석 중... 434/800  134380.KS  미원화학
  분석 중... 435/800  044450.KS  KSS해운
  분석 중... 436/800  000430.KS  대원강업
  분석 중... 437/800  000680.KS  LS네트웍스
  분석 중... 438/800  003720.KS  삼영
  분석 중... 439/800  000480.KS  CR홀딩스
  분석 중... 440/800  003070.KS  코오롱글로벌
  분석 중... 441/800  009680.KS  모토닉
  분석 중... 442/800  025000.KS  KPX케미칼
  분석 중... 443/800  033920.KS  무학
  분석 중... 444/800  003520.KS  영진약품
  분석 중... 445/800  030210.KS  다올투자증권
  분석 중... 446/800  001340.KS  PKC
  분석 중... 447/800  034120.KS  SBS
  분석 중... 448/800  001460.KS  BYC
  분석 중... 449/800  000320.KS  노루홀딩스
  분석 중... 450/800  001250.KS  GS글로벌
  분석 중... 451/800  226320.KS  잇츠한불
  분석 중... 452/800  000540.KS  흥국화재
  분석 중... 453/800  037270.KS  YG PLUS
  분석 중... 454/800  000650.KS  천일고속
  분석 중... 455/800  035150.KS  백산
  분석 중... 456/800  475560.KS  더본코리아
  분석 중... 457/800  053210.KS  스카이라이프
  분석 중... 458/800  001630.KS  종근당홀딩스
  분석 중... 459/800  005010.KS  휴스틸
  분석 중... 460/800  044820.KS  코스맥스비티아이
  분석 중... 461/800  432320.KS  KB스타리츠
  분석 중... 462/800  039570.KS  HDC랩스
  분석 중... 463/800  241590.KS  화승엔터프라이즈
  분석 중... 464/800  017860.KS  DS단석
  분석 중... 465/800  001130.KS  대한제분
  분석 중... 466/800  013890.KS  지누스
  분석 중... 467/800  095570.KS  AJ네트웍스
  분석 중... 468/800  000140.KS  하이트진로홀딩스
  분석 중... 469/800  000490.KS  대동
  분석 중... 470/800  016580.KS  환인제약
  분석 중... 471/800  100250.KS  진양홀딩스
  분석 중... 472/800  004980.KS  성신양회
  분석 중... 473/800  102460.KS  이연제약
  분석 중... 474/800  339770.KS  교촌에프앤비
  분석 중... 475/800  117580.KS  대성에너지
  분석 중... 476/800  014710.KS  사조씨푸드
  분석 중... 477/800  088260.KS  이리츠코크렙
  분석 중... 478/800  003350.KS  한국화장품제조
  분석 중... 479/800  011500.KS  한농화성
  분석 중... 480/800  128820.KS  대성산업
  분석 중... 481/800  033530.KS  SJG세종
  분석 중... 482/800  092200.KS  디아이씨
  분석 중... 483/800  002100.KS  경농
  분석 중... 484/800  234080.KS  JW생명과학
  분석 중... 485/800  102260.KS  동성케미컬
  분석 중... 486/800  377190.KS  디앤디플랫폼리츠
  분석 중... 487/800  007860.KS  서연
  분석 중... 488/800  035510.KS  신세계 I&C
  분석 중... 489/800  000300.KS  DH오토넥스
  분석 중... 490/800  016450.KS  한세예스24홀딩스
  분석 중... 491/800  004310.KS  현대약품
  분석 중... 492/800  053690.KS  한미글로벌
  분석 중... 493/800  213500.KS  한솔제지
  분석 중... 494/800  003460.KS  유화증권
  분석 중... 495/800  025560.KS  미래산업
  분석 중... 496/800  003610.KS  방림
  분석 중... 497/800  004380.KS  삼익THK
  분석 중... 498/800  003220.KS  대원제약
  분석 중... 499/800  002210.KS  동성제약
  분석 중... 500/800  002150.KS  도화엔지니어링
  분석 중... 501/800  004560.KS  현대비앤지스틸
  분석 중... 502/800  000700.KS  유수홀딩스
  분석 중... 503/800  462520.KS  조선내화
  분석 중... 504/800  013580.KS  계룡건설
  분석 중... 505/800  010580.KS  에스엠벡셀
  분석 중... 506/800  002170.KS  SYTS
  분석 중... 507/800  101530.KS  해태제과식품
  분석 중... 508/800  001080.KS  만호제강
  분석 중... 509/800  007570.KS  일양약품
  분석 중... 510/800  487570.KS  HS효성
  분석 중... 511/800  000390.KS  SP삼화
  분석 중... 512/800  000860.KS  강남제비스코
  분석 중... 513/800  400760.KS  NH올원리츠
  분석 중... 514/800  293480.KS  하나제약
  분석 중... 515/800  001780.KS  알루코
  분석 중... 516/800  015230.KS  대창단조
  분석 중... 517/800  016880.KS  웅진
  분석 중... 518/800  460850.KS  동국씨엠
  분석 중... 519/800  090350.KS  노루페인트
  분석 중... 520/800  003830.KS  대한화섬
  분석 중... 521/800  000970.KS  한국주철관
  분석 중... 522/800  004970.KS  신라교역
  분석 중... 523/800  031440.KS  신세계푸드
  분석 중... 524/800  071840.KS  롯데하이마트
  분석 중... 525/800  009470.KS  삼화전기
  분석 중... 526/800  271980.KS  제일약품
  분석 중... 527/800  005960.KS  동부건설
  분석 중... 528/800  000520.KS  삼일제약
  분석 중... 529/800  094280.KS  효성ITX
  분석 중... 530/800  006060.KS  화승인더
  분석 중... 531/800  015890.KS  태경산업
  분석 중... 532/800  003480.KS  한진중공업홀딩스
  분석 중... 533/800  272550.KS  삼양패키징
  분석 중... 534/800  000020.KS  동화약품
  분석 중... 535/800  004080.KS  신흥
  분석 중... 536/800  025820.KS  이구산업
  분석 중... 537/800  004090.KS  한국석유
  분석 중... 538/800  013520.KS  화승코퍼레이션
  분석 중... 539/800  004150.KS  한솔홀딩스
  분석 중... 540/800  018470.KS  조일알미늄
  분석 중... 541/800  008350.KS  남선알미늄
  분석 중... 542/800  020120.KS  키다리스튜디오
  분석 중... 543/800  024090.KS  디씨엠
  분석 중... 544/800  002390.KS  한독
  분석 중... 545/800  007540.KS  샘표
  분석 중... 546/800  107590.KS  미원홀딩스
  분석 중... 547/800  037560.KS  LG헬로비전
  분석 중... 548/800  214390.KS  경보제약
  분석 중... 549/800  005800.KS  신영와코루
  분석 중... 550/800  214420.KS  토니모리
  분석 중... 551/800  089470.KS  HDC현대EP
  분석 중... 552/800  081000.KS  일진다이아
  분석 중... 553/800  012610.KS  경인양행
  분석 중... 554/800  014280.KS  금강공업
  분석 중... 555/800  267290.KS  경동도시가스
  분석 중... 556/800  210540.KS  디와이파워
  분석 중... 557/800  350520.KS  이지스레지던스리츠
  분석 중... 558/800  001360.KS  삼성제약
  분석 중... 559/800  011280.KS  태림포장
  분석 중... 560/800  009270.KS  신원
  분석 중... 561/800  009070.KS  KCTC
  분석 중... 562/800  078000.KS  텔코웨어
  분석 중... 563/800  011690.KS  와이투솔루션
  분석 중... 564/800  034590.KS  인천도시가스
  분석 중... 565/800  002460.KS  HS화성
  분석 중... 566/800  004960.KS  한신공영
  분석 중... 567/800  079430.KS  현대리바트
  분석 중... 568/800  227840.KS  현대코퍼레이션홀딩스
  분석 중... 569/800  001520.KS  동양
  분석 중... 570/800  008970.KS  KBI동양철관
  분석 중... 571/800  002620.KS  제일파마홀딩스
  분석 중... 572/800  016710.KS  대성홀딩스
  분석 중... 573/800  083420.KS  그린케미칼
  분석 중... 574/800  002780.KS  진흥기업
  분석 중... 575/800  011810.KS  STX
  분석 중... 576/800  013570.KS  디와이
  분석 중... 577/800  010100.KS  한국무브넥스
  분석 중... 578/800  014530.KS  극동유화
  분석 중... 579/800  077500.KS  유니퀘스트
  분석 중... 580/800  014580.KS  태경비케이
  분석 중... 581/800  120030.KS  조선선재
  분석 중... 582/800  012320.KS  경동인베스트
  분석 중... 583/800  035000.KS  HS애드
  분석 중... 584/800  248170.KS  샘표식품
  분석 중... 585/800  070960.KS  모나용평
  분석 중... 586/800  027970.KS  한국제지
  분석 중... 587/800  019180.KS  티에이치엔
  분석 중... 588/800  021820.KS  세원정공
  분석 중... 589/800  119650.KS  KC코트렐
  분석 중... 590/800  264900.KS  크라운제과
  분석 중... 591/800  008040.KS  사조동아원
  분석 중... 592/800  017550.KS  수산세보틱스
  분석 중... 593/800  267850.KS  아시아나IDT
  분석 중... 594/800  023450.KS  동남합성
  분석 중... 595/800  002450.KS  삼익악기
  분석 중... 596/800  009580.KS  무림P&P
  분석 중... 597/800  012200.KS  계양전기
  분석 중... 598/800  004250.KS  NPC
  분석 중... 599/800  092220.KS  KEC
  분석 중... 600/800  008700.KS  아남전자
  분석 중... 601/800  012800.KS  대창
  분석 중... 602/800  123690.KS  한국화장품
  분석 중... 603/800  016740.KS  두올
  분석 중... 604/800  067830.KS  세이브존I&C
  분석 중... 605/800  007210.KS  벽산
  분석 중... 606/800  058850.KS  KTcs
  분석 중... 607/800  006840.KS  AK홀딩스
  분석 중... 608/800  002220.KS  한일철강
  분석 중... 609/800  008260.KS  NI스틸
  분석 중... 610/800  014440.KS  영보화학
  분석 중... 611/800  006660.KS  삼성공조
  분석 중... 612/800  036580.KS  팜스코
  분석 중... 613/800  014790.KS  HL D&I
  분석 중... 614/800  032560.KS  황금에스티
  분석 중... 615/800  023000.KS  삼원강재
  분석 중... 616/800  058860.KS  KTis
  분석 중... 617/800  013700.KS  까뮤이앤씨
  분석 중... 618/800  004140.KS  동방
  분석 중... 619/800  210980.KS  SK디앤디
  분석 중... 620/800  015590.KS  DKME
  분석 중... 621/800  004100.KS  태양금속
  분석 중... 622/800  139990.KS  아주스틸
  분석 중... 623/800  025620.KS  차AI헬스케어
  분석 중... 624/800  004840.KS  DRB동일
  분석 중... 625/800  004890.KS  동일산업
  분석 중... 626/800  005740.KS  크라운해태홀딩스
  분석 중... 627/800  002600.KS  조흥
  분석 중... 628/800  363280.KS  티와이홀딩스
  분석 중... 629/800  001470.KS  삼부토건
  분석 중... 630/800  023800.KS  인지컨트롤스
  분석 중... 631/800  163560.KS  동일고무벨트
  분석 중... 632/800  006090.KS  사조오양
  분석 중... 633/800  084680.KS  이월드
  분석 중... 634/800  009180.KS  한솔로지스틱스
  분석 중... 635/800  007590.KS  동방아그로
  분석 중... 636/800  002200.KS  한국수출포장
  분석 중... 637/800  007980.KS  TP
  분석 중... 638/800  111380.KS  동인기연
  분석 중... 639/800  002700.KS  신일전자
  분석 중... 640/800  069730.KS  DSR제강
  분석 중... 641/800  004720.KS  팜젠사이언스
  분석 중... 642/800  014160.KS  대영포장
  분석 중... 643/800  000590.KS  CS홀딩스
  분석 중... 644/800  019680.KS  대교
  분석 중... 645/800  109070.KS  주성코퍼레이션
  분석 중... 646/800  001290.KS  상상인증권
  분석 중... 647/800  013870.KS  지엠비코리아
  분석 중... 648/800  013360.KS  일성건설
  분석 중... 649/800  011700.KS  한신기계
  분석 중... 650/800  063160.KS  종근당바이오
  분석 중... 651/800  000180.KS  성창기업지주
  분석 중... 652/800  005750.KS  대림바스
  분석 중... 653/800  000230.KS  일동홀딩스
  분석 중... 654/800  011150.KS  CJ씨푸드
  분석 중... 655/800  017370.KS  우신시스템
  분석 중... 656/800  010960.KS  삼호개발
  분석 중... 657/800  001260.KS  남광토건
  분석 중... 658/800  007610.KS  선도전기
  분석 중... 659/800  000850.KS  화천기공
  분석 중... 660/800  338100.KS  NH프라임리츠
  분석 중... 661/800  155660.KS  DSR
  분석 중... 662/800  079980.KS  휴비스
  분석 중... 663/800  031820.KS  아이티센씨티에스
  분석 중... 664/800  001020.KS  페이퍼코리아
  분석 중... 665/800  009770.KS  삼정펄프
  분석 중... 666/800  095720.KS  웅진씽크빅
  분석 중... 667/800  002720.KS  국제약품
  분석 중... 668/800  006890.KS  태경케미컬
  분석 중... 669/800  009190.KS  대양금속
  분석 중... 670/800  018500.KS  동원모빌리티
  분석 중... 671/800  003580.KS  HLB글로벌
  분석 중... 672/800  016090.KS  대현
  분석 중... 673/800  084670.KS  동양고속
  분석 중... 674/800  001560.KS  제일연마
  분석 중... 675/800  068290.KS  삼성출판사
  분석 중... 676/800  009200.KS  무림페이퍼
  분석 중... 677/800  100220.KS  비상교육
  분석 중... 678/800  085310.KS  엔케이
  분석 중... 679/800  072130.KS  유엔젤
  분석 중... 680/800  058730.KS  다스코
  분석 중... 681/800  396690.KS  미래에셋글로벌리츠
  분석 중... 682/800  004440.KS  삼일씨엔에스
  분석 중... 683/800  111110.KS  호전실업
  분석 중... 684/800  007460.KS  에이프로젠
  분석 중... 685/800  010040.KS  한국내화
  분석 중... 686/800  010660.KS  화천기계
  분석 중... 687/800  002760.KS  보락
  분석 중... 688/800  005870.KS  휴니드
  분석 중... 689/800  004770.KS  써니전자
  분석 중... 690/800  055490.KS  테이팩스
  분석 중... 691/800  071090.KS  하이스틸
  분석 중... 692/800  075180.KS  새론오토모티브
  분석 중... 693/800  007110.KS  일신석재
  분석 중... 694/800  000220.KS  유유제약
  분석 중... 695/800  010770.KS  평화홀딩스
  분석 중... 696/800  024900.KS  디와이덕양
  분석 중... 697/800  129260.KS  인터지스
  분석 중... 698/800  020760.KS  일진디스플
  분석 중... 699/800  090080.KS  평화산업
  분석 중... 700/800  003010.KS  혜인
  분석 중... 701/800  092440.KS  기신정기
  분석 중... 702/800  214330.KS  금호에이치티
  분석 중... 703/800  002410.KS  범양건영
  분석 중... 704/800  004450.KS  삼화왕관
  분석 중... 705/800  025530.KS  SJM홀딩스
  분석 중... 706/800  378850.KS  화승알앤에이
  분석 중... 707/800  123700.KS  SJM
  분석 중... 708/800  002630.KS  오리엔트바이오
  분석 중... 709/800  011230.KS  삼화전자
  분석 중... 710/800  007280.KS  한국특강
  분석 중... 711/800  012690.KS  모나리자
  분석 중... 712/800  006880.KS  신송홀딩스
  분석 중... 713/800  101140.KS  인바이오젠
  분석 중... 714/800  002140.KS  고려산업
  분석 중... 715/800  006370.KS  대구백화점
  분석 중... 716/800  023810.KS  인팩
  분석 중... 717/800  009320.KS  아진전자부품
  분석 중... 718/800  001550.KS  조비
  분석 중... 719/800  004830.KS  덕성
  분석 중... 720/800  004920.KS  씨아이테크
  분석 중... 721/800  011300.KS  우성머티리얼스
  분석 중... 722/800  011000.KS  진원생명과학
  분석 중... 723/800  006980.KS  우성
  분석 중... 724/800  003780.KS  진양산업
  분석 중... 725/800  002920.KS  유성기업
  분석 중... 726/800  372910.KS  한컴라이프케어
  분석 중... 727/800  000950.KS  전방
  분석 중... 728/800  004060.KS  SG세계물산
  분석 중... 729/800  069460.KS  대호에이엘
  분석 중... 730/800  001620.KS  케이비아이동국실업
  분석 중... 731/800  001210.KS  금호전기
  분석 중... 732/800  041650.KS  상신브레이크
  분석 중... 733/800  005030.KS  부산주공
  분석 중... 734/800  074610.KS  이엔플러스
  분석 중... 735/800  003080.KS  SB성보
  분석 중... 736/800  021050.KS  서원
  분석 중... 737/800  023350.KS  한국종합기술
  분석 중... 738/800  004910.KS  조광페인트
  분석 중... 739/800  357250.KS  미래에셋맵스리츠
  분석 중... 740/800  004540.KS  깨끗한나라
  분석 중... 741/800  000910.KS  유니온
  분석 중... 742/800  019490.KS  엑시큐어하이트론
  분석 중... 743/800  092780.KS  DYP
  분석 중... 744/800  008420.KS  문배철강
  분석 중... 745/800  004410.KS  서울식품
  분석 중... 746/800  084870.KS  TBH글로벌
  분석 중... 747/800  481850.KS  신한글로벌액티브리츠
  분석 중... 748/800  017040.KS  광명전기
  분석 중... 749/800  011390.KS  부산산업
  분석 중... 750/800  011420.KS  갤럭시아에스엠
  분석 중... 751/800  012280.KS  영화금속
  분석 중... 752/800  134790.KS  시디즈
  분석 중... 753/800  480370.KS  씨케이솔루션
  분석 중... 754/800  003680.KS  한성기업
  분석 중... 755/800  008870.KS  금비
  분석 중... 756/800  000760.KS  이화산업
  분석 중... 757/800  047400.KS  유니온머티리얼
  분석 중... 758/800  009460.KS  한창제지
  분석 중... 759/800  145270.KS  케이탑리츠
  분석 중... 760/800  012160.KS  영흥
  분석 중... 761/800  026940.KS  부국철강
  분석 중... 762/800  002870.KS  신풍
  분석 중... 763/800  017180.KS  명문제약
  분석 중... 764/800  023960.KS  에쓰씨엔지니어링
  분석 중... 765/800  000890.KS  보해양조
  분석 중... 766/800  002880.KS  디와이에이
  분석 중... 767/800  049800.KS  우진플라임
  분석 중... 768/800  446070.KS  유니드비티플러스
  분석 중... 769/800  013000.KS  세우글로벌
  분석 중... 770/800  133820.KS  화인베스틸
  분석 중... 771/800  014910.KS  성문전자
  분석 중... 772/800  143210.KS  핸즈코퍼레이션
  분석 중... 773/800  027740.KS  마니커
  분석 중... 774/800  007120.KS  미래아이앤지
  분석 중... 775/800  308170.KS  씨티알모빌리티
  분석 중... 776/800  001070.KS  대한방직
  분석 중... 777/800  010400.KS  우진아이엔에스
  분석 중... 778/800  036420.KS  콘텐트리중앙
  분석 중... 779/800  002420.KS  세기상사
  분석 중... 780/800  009140.KS  경인전자
  분석 중... 781/800  003060.KS  에이프로젠바이오로직스
  분석 중... 782/800  005820.KS  원림
  분석 중... 783/800  006570.KS  대림통상
  분석 중... 784/800  024070.KS  WISCOM
  분석 중... 785/800  001380.KS  SG글로벌
  분석 중... 786/800  023150.KS  MH에탄올
  분석 중... 787/800  002690.KS  동일제강
  분석 중... 788/800  009810.KS  플레이그램
  분석 중... 789/800  025750.KS  한솔홈데코
  분석 중... 790/800  011330.KS  유니켐
  분석 중... 791/800  090370.KS  메타랩스
  분석 중... 792/800  005360.KS  모나미
  분석 중... 793/800  014130.KS  한익스프레스
  분석 중... 794/800  088790.KS  진도
  분석 중... 795/800  004870.KS  티웨이홀딩스
  분석 중... 796/800  008250.KS  이건산업
  분석 중... 797/800  014990.KS  인디에프
  분석 중... 798/800  118000.KS  메타케어
  분석 중... 799/800  002820.KS  SUN&L
  분석 중... 800/800  093240.KS  형지엘리트
  분석 완료! (800개)
  산업 필터: 800개 → 32개 (건설)
  자격 필터: 32개 → 14개  (신규<60일 | 거래대금<30억 | 시총<300억)
    - 012630.KS HDC: 거래대금15억<30
    - 010780.KS 아이에스동서: 거래대금12억<30
    - 009410.KS 태영건설: 거래대금6억<30
    - 028100.KS 동아지질: 거래대금5억<30
    - 003070.KS 코오롱글로벌: 거래대금2억<30
    - 039570.KS HDC랩스: 거래대금2억<30
    - 053690.KS 한미글로벌: 거래대금21억<30
    - 002150.KS 도화엔지니어링: 거래대금3억<30
    - 005960.KS 동부건설: 거래대금5억<30
    - 002460.KS HS화성: 거래대금3억<30
    - 004960.KS 한신공영: 거래대금6억<30
    - 014790.KS HL D&I: 거래대금2억<30
    - 013700.KS 까뮤이앤씨: 거래대금15억<30
    - 001470.KS 삼부토건: 거래대금0억<30
    - 002410.KS 범양건영: 거래대금0억<30
    - 023350.KS 한국종합기술: 거래대금1억<30
    - 023960.KS 에쓰씨엔지니어링: 거래대금1억<30
    - 010400.KS 우진아이엔에스: 거래대금2억<30

──────────────────────────────────────────────────────────────────────
  순위   종목             이름               총점      기술      재무  섹터
──────────────────────────────────────────────────────────────────────
  ★1   317400.KS      자이에스앤디         6.3   17.5   15.0  건설
       기술: SMA20=위 (6400 vs 5608, +14.1%)  RSI=58.9  ROC20=+36.9%  거래량=증가 (5일평균 1.12x)
       재무: PER=4.6(fwd)  ROE=5.3%  매출성장=-12.1%  이익성장=+458.7%  부채=71%
       실적: 분기매출=2026 Q1 -13.6%  분기순이익=2026 Q1 +205.5%  서프라이즈=EPS YoY +2038% (폭발)  연속비트=1년 EPS 성장  EPS추세=컨센서스 포워드 +99% (강)
  ★2   002990.KS      금호건설           2.6    1.5   15.5  건설
       기술: SMA20=아래 (9110 vs 11613, -21.6%)  RSI=22.7  ROC20=-22.3%  거래량=보통 (5일평균 0.57x)
       재무: PER=6.1(fwd)  ROE=25.7%  매출성장=+5.4%  이익성장=+127.3%  부채=520%
       실적: 분기매출=2026 Q1 -3.1%  분기순이익=2026 Q1 +1283.2%  서프라이즈=EPS YoY +128% (폭발)  연속비트=EPS 감소  EPS추세=컨센서스 포워드 -14% (하락예상)
   3   294870.KS      IPARK현대산업개발    1.6    3.0    6.0  건설
       기술: SMA20=위 (19850 vs 18938, +4.8%)  RSI=62.0  ROC20=+7.2%  거래량=보통 (5일평균 1.08x)
       재무: PER=3.6(fwd)  ROE=4.9%  매출성장=-2.6%  이익성장=+1.6%  부채=137%
       실적: 분기매출=2026 Q1 -25.6%  분기순이익=2026 Q1 -9.0%  서프라이즈=EPS YoY +2% (미미)  연속비트=1년 EPS 성장  EPS추세=컨센서스 포워드 +131% (폭발)
   4   028050.KS      삼성E&A         -1.4   -6.0    5.0  건설
       기술: SMA20=위 (43800 vs 43532, +0.6%)  RSI=49.5  ROC20=-10.6%  거래량=보통 (5일평균 0.92x)
       재무: PER=7.5(act)  ROE=14.6%  매출성장=-9.4%  이익성장=+1.5%  부채=126%
       실적: 분기매출=2025 Q3 -13.9%  분기순이익=2025 Q3 -0.6%  서프라이즈=EPS YoY -18% (감소)  연속비트=EPS 감소  EPS추세=컨센서스 포워드 +20% (소)
   5   000720.KS      현대건설          -3.3  -14.0   12.5  건설
       기술: SMA20=아래 (94600 vs 100190, -5.6%)  RSI=42.2  ROC20=-17.9%  거래량=증가 (5일평균 1.17x)
       재무: PER=7.3(act)  ROE=5.5%  매출성장=-4.9%  이익성장=+173.0%  부채=175%
       실적: 분기매출=2025 Q3 -5.2%  분기순이익=2025 Q3 +69.1%  서프라이즈=EPS YoY +321% (폭발)  연속비트=EPS 감소  EPS추세=컨센서스 포워드 +39%
   6   375500.KS      DL이앤씨         -3.3  -14.0   14.0  건설
       기술: SMA20=아래 (58500 vs 60800, -3.8%)  RSI=43.9  ROC20=-8.9%  거래량=보통 (5일평균 1.02x)
       재무: PER=5.3(fwd)  ROE=7.1%  매출성장=-11.0%  이익성장=+61.5%  부채=84%
       실적: 분기매출=2025 Q3 -0.6%  분기순이익=2025 Q3 +179.0%  서프라이즈=EPS YoY +61% (강)  연속비트=2년 연속 EPS 성장  EPS추세=컨센서스 포워드 +34%
   7   010960.KS      삼호개발          -3.3  -14.0   11.0  건설
       기술: SMA20=아래 (3000 vs 3514, -14.6%)  RSI=17.0  ROC20=-31.4%  거래량=저조 (5일평균 0.14x)
       재무: PER=5.6(act)  ROE=7.8%  매출성장=+2.0%  이익성장=+284.9%  부채=52%
       실적: 분기매출=2026 Q1 -4.5%  분기순이익=2026 Q1 -57.5%  서프라이즈=EPS YoY +288% (폭발)  연속비트=1년 EPS 성장  EPS추세=N/A
   8   002780.KS      진흥기업          -3.4  -14.5    7.5  건설
       기술: SMA20=아래 (782 vs 816, -4.1%)  RSI=38.3  ROC20=-31.5%  거래량=저조 (5일평균 0.25x)
       재무: PER=3.7(act)  ROE=-11.8%  매출성장=-20.6%  이익성장=-1402.1%  부채=134%
       실적: 분기매출=2026 Q1 +92.5%  분기순이익=2026 Q1 +178.5%  서프라이즈=EPS YoY -1387% (감소)  연속비트=EPS 감소  EPS추세=N/A
   9   001260.KS      남광토건          -3.8  -16.0    4.5  건설
       기술: SMA20=아래 (7230 vs 8453, -14.5%)  RSI=17.3  ROC20=-29.6%  거래량=저조 (5일평균 0.36x)
       재무: PER=12.6(act)  ROE=4.2%  매출성장=-29.1%  이익성장=-14.6%  부채=228%
       실적: 분기매출=2026 Q1 +0.8%  분기순이익=2026 Q1 +64.0%  서프라이즈=EPS YoY -15% (감소)  연속비트=EPS 감소  EPS추세=N/A
   10  047040.KS      대우건설          -4.0  -17.0    0.0  건설
       기술: SMA20=아래 (12780 vs 15334, -16.7%)  RSI=30.9  ROC20=-30.4%  거래량=증가 (5일평균 1.14x)
       재무: PER=3.4(act)  ROE=-26.4%  매출성장=-23.3%  이익성장=-477.2%  부채=284%
       실적: 분기매출=2025 Q3 -21.9%  분기순이익=2025 Q3 -231.3%  서프라이즈=EPS YoY -490% (감소)  연속비트=EPS 감소  EPS추세=N/A
  … 이하 4종목 생략 (상위 10만 표시, 총 14종목 분석)
──────────────────────────────────────────────────────────────────────

  선별 2개: 317400.KS, 002990.KS
  [업종 캐시] 총 1648개 저장 · 신규 0 · 업종변경 0

━━━ 스크리너 종료 · 총 소요 12분 51초 ━━━
